
Compatibility modes selected: hs a


Circuit: * signed small-signal extracted latch diagnostic, no structural mos substitution.

option SCALE: Scale is set to 1e-06 for instance and model parameters
option SCALE: Scale is set to 1e-06 for instance and model parameters
Doing analysis at TEMP = 27.000000 and TNOM = 27.000000

Warning: veval: no DC value, transient time 0 value used
Warning: vreset: no DC value, transient time 0 value used

Initial Transient Solution
--------------------------

Node                                   Voltage
----                                   -------
vdd                                        1.8
vdd_active                                 1.8
vss                                          0
sense_p                               0.899923
sense_n                               0.900076
iso_tail                             -0.672385
latch_sense_p                        -0.623256
latch_sense_n                        -0.623261
reset                                        0
eval                                         0
out_p                                      1.8
out_n                                      1.8
tail                                    1.3896
veval#branch                                 0
vreset#branch                                0
vn#branch                                    0
vp#branch                                    0
vss#branch                        -1.15348e-05
vactive#branch                    -4.84652e-05
vdd#branch                        -1.47978e-11


No. of Data Rows : 1051

  Measurements for Transient Analysis

op_final            =  1.799981e+00
on_final            =  7.223719e-07
lp_before           =  -6.232557e-01
ln_before           =  -6.232608e-01

binary raw file "waveform.raw"
Doing analysis at TEMP = 27.000000 and TNOM = 27.000000

Warning: veval: no DC value, transient time 0 value used
Warning: vreset: no DC value, transient time 0 value used

Initial Transient Solution
--------------------------

Node                                   Voltage
----                                   -------
vdd                                        1.8
vdd_active                                 1.8
vss                                          0
sense_p                               0.899923
sense_n                               0.900076
iso_tail                              0.127686
latch_sense_p                       -0.0895117
latch_sense_n                       -0.0894735
reset                                        0
eval                                         0
out_p                                 0.362316
out_n                                 0.362317
tail                                 0.0170354
veval#branch                      -0.000728278
vreset#branch                       0.00134603
vn#branch                         -0.000506804
vp#branch                          -0.00050673
vss#branch                          0.00405378
vactive#branch                     -0.00173139
vdd#branch                         -0.00198661


No. of Data Rows : 1055

  Measurements for Transient Analysis

op_final            =  1.799985e+00
on_final            =  5.792370e-07
lp_before           =  -6.231796e-01
ln_before           =  -6.231846e-01


Total analysis time (seconds) = 0.262

Total elapsed time (seconds) = 0.631 

Total DRAM available = 7943.234 MB.
DRAM currently available =  388.137 MB.
Maximum ngspice program size =   56.660 MB.
Current ngspice program size =   40.875 MB.

Shared ngspice pages =   10.500 MB.
Text (code) pages =    5.316 MB.
Stack = 0 bytes.
Library pages =   38.711 MB.

