Warning: veval: no DC value, transient time 0 value used
Warning: vreset: no DC value, transient time 0 value used
 Reference value :  2.00000e-13
 Reference value :  6.98268e-09
 Reference value :  1.44456e-08
 Reference value :  1.48856e-08
 Reference value :  1.52256e-08
 Reference value :  1.55456e-08
 Reference value :  1.58456e-08
 Reference value :  1.61056e-08
 Reference value :  1.64056e-08
 Reference value :  1.66856e-08
 Reference value :  1.70456e-08
 Reference value :  1.74056e-08
 Reference value :  1.77656e-08
 Reference value :  1.81256e-08
 Reference value :  1.84456e-08
 Reference value :  1.87856e-08
 Reference value :  1.91056e-08
 Reference value :  1.94256e-08
 Reference value :  1.97456e-08
Warning: veval: no DC value, transient time 0 value used
Warning: vreset: no DC value, transient time 0 value used
 Reference value :  2.00000e-13
 Reference value :  2.85332e-12
 Reference value :  2.54268e-09
 Reference value :  7.48268e-09
 Reference value :  1.34456e-08
Original line no.: 61, new internal line no.: 896:
insertnumber: fails.
  s = ".measure tran decision_diff_v param=   -2.447085616563344e-03   " u=" -2.447085616563344e-03  " id=0
