Warning: veval: no DC value, transient time 0 value used
Warning: vreset: no DC value, transient time 0 value used
 Reference value :  2.00000e-13
 Reference value :  4.10268e-09
 Reference value :  8.90564e-09
 Reference value :  1.35056e-08
 Reference value :  1.87856e-08
Warning: veval: no DC value, transient time 0 value used
Warning: vreset: no DC value, transient time 0 value used
 Reference value :  1.94268e-09
 Reference value :  4.68268e-09
 Reference value :  8.78564e-09
 Reference value :  1.02856e-08
 Reference value :  1.09656e-08
 Reference value :  1.31856e-08
 Reference value :  1.58856e-08
 Reference value :  1.96856e-08
Original line no.: 61, new internal line no.: 891:
insertnumber: fails.
  s = ".measure tran decision_diff_v param=   -1.455220903985902e+00   " u=" -1.455220903985902e+00  " id=0
