
Magic 8.3 revision 682 - Compiled on Sun Aug 30 07:01:46 PDT 2026.
Starting magic under Tcl interpreter
Using the terminal as the console.
WARNING: RLIMIT_NOFILE is above 1024 and Tcl_Version<9 this may cause runtime issues [rlim_cur=1048576]
Using NULL graphics device.
Processing system .magicrc file
Switching to WIRING tool.
Switching to NETLIST tool.
Switching to PICK tool.
Switching to BOX tool.
Loading "extract-active-converter-macro.tcl" from command line.
Cell aimc_converter_macro_active_candidate read from current working directory
Cell aimc_converter_macro_active_candidate has technology "sky130A", but current technology is "minimum"
Will attempt to read cell anyway.
/home/mehtama1/eda-tools/magic/lib/magic/sys/minimum.tech: line 56: section (none):
	Unrecognized layer (type) name "metal1"
/home/mehtama1/eda-tools/magic/lib/magic/sys/minimum.tech: line 56: section (none):
	Unrecognized layer (type) name "metal2"
/home/mehtama1/eda-tools/magic/lib/magic/sys/minimum.tech: line 56: section (none):
	Unrecognized layer (type) name "via1"
/home/mehtama1/eda-tools/magic/lib/magic/sys/minimum.tech: line 56: section (none):
	Unrecognized layer (type) name "via2"
/home/mehtama1/eda-tools/magic/lib/magic/sys/minimum.tech: line 56: section (none):
	Unrecognized layer (type) name "via3"
/home/mehtama1/eda-tools/magic/lib/magic/sys/minimum.tech: line 56: section (none):
	Unrecognized layer (type) name "metal3"
/home/mehtama1/eda-tools/magic/lib/magic/sys/minimum.tech: line 56: section (none):
	Unrecognized layer (type) name "metal4"
/home/mehtama1/eda-tools/magic/lib/magic/sys/minimum.tech: line 56: section (none):
	Unrecognized layer (type) name "via4"
/home/mehtama1/eda-tools/magic/lib/magic/sys/minimum.tech: line 56: section (none):
	Unrecognized layer (type) name "metal5"
Warning: label "preamp_iso_tail_ext" attached to unknown type "metal5"
Warning: label "vss_escape" attached to unknown type "metal1"
Warning: label "vss_escape" attached to unknown type "metal1"
Warning: label "latch_sense_p_ext" attached to unknown type "metal1"
Warning: label "latch_sense_n_ext" attached to unknown type "metal1"
Warning: label "vss" attached to unknown type "metal1"
Warning: label "vdd" attached to unknown type "metal1"
Warning: label "row_drive" attached to unknown type "metal2"
Warning: label "sar_comparator_input" attached to unknown type "metal2"
Warning: label "decision_p" attached to unknown type "metal4"
Warning: label "decision_n" attached to unknown type "metal4"
Warning: label "reset" attached to unknown type "metal4"
Warning: label "eval" attached to unknown type "metal4"
Warning: label "vss_escape" attached to unknown type "metal4"
Warning: label "latch_sense_p_ext" attached to unknown type "metal4"
Warning: label "latch_sense_n_ext" attached to unknown type "metal4"
Warning: label "iso_tail_ext" attached to unknown type "metal4"
Warning: label "tail_ext" attached to unknown type "metal4"
Warning: label "vdd_active_ext" attached to unknown type "metal4"
Warning: label "vdd_ext" attached to unknown type "metal4"
Cell preamp_n_nfet read from current working directory
Cell preamp_n_nfet has technology "sky130A", but current technology is "minimum"
Will attempt to read cell anyway.
/home/mehtama1/eda-tools/magic/lib/magic/sys/minimum.tech: line 56: section (none):
	Unrecognized layer (type) name "ndiffusion"
/home/mehtama1/eda-tools/magic/lib/magic/sys/minimum.tech: line 56: section (none):
	Unrecognized layer (type) name "polysilicon"
/home/mehtama1/eda-tools/magic/lib/magic/sys/minimum.tech: line 56: section (none):
	Unrecognized layer (type) name "ndc"
/home/mehtama1/eda-tools/magic/lib/magic/sys/minimum.tech: line 56: section (none):
	Unrecognized layer (type) name "mcon"
/home/mehtama1/eda-tools/magic/lib/magic/sys/minimum.tech: line 56: section (none):
	Unrecognized layer (type) name "metal1"
/home/mehtama1/eda-tools/magic/lib/magic/sys/minimum.tech: line 56: section (none):
	Unrecognized layer (type) name "metal2"
/home/mehtama1/eda-tools/magic/lib/magic/sys/minimum.tech: line 56: section (none):
	Unrecognized layer (type) name "via1"
/home/mehtama1/eda-tools/magic/lib/magic/sys/minimum.tech: line 56: section (none):
	Unrecognized layer (type) name "pc"
/home/mehtama1/eda-tools/magic/lib/magic/sys/minimum.tech: line 56: section (none):
	Unrecognized layer (type) name "locali"
/home/mehtama1/eda-tools/magic/lib/magic/sys/minimum.tech: line 56: section (none):
	Unrecognized layer (type) name "psubdiff"
/home/mehtama1/eda-tools/magic/lib/magic/sys/minimum.tech: line 56: section (none):
	Unrecognized layer (type) name "psubdiffcont"
/home/mehtama1/eda-tools/magic/lib/magic/sys/minimum.tech: line 56: section (none):
	Unrecognized layer (type) name "viali"
Warning: label "source" attached to unknown type "metal1"
Warning: label "drain" attached to unknown type "metal1"
Warning: label "gate" attached to unknown type "metal2"
Warning: label "body" attached to unknown type "metal1"
Cell preamp_p_nfet read from current working directory
Cell preamp_p_nfet has technology "sky130A", but current technology is "minimum"
Will attempt to read cell anyway.
/home/mehtama1/eda-tools/magic/lib/magic/sys/minimum.tech: line 56: section (none):
	Unrecognized layer (type) name "ndiffusion"
/home/mehtama1/eda-tools/magic/lib/magic/sys/minimum.tech: line 56: section (none):
	Unrecognized layer (type) name "polysilicon"
/home/mehtama1/eda-tools/magic/lib/magic/sys/minimum.tech: line 56: section (none):
	Unrecognized layer (type) name "ndc"
/home/mehtama1/eda-tools/magic/lib/magic/sys/minimum.tech: line 56: section (none):
	Unrecognized layer (type) name "mcon"
/home/mehtama1/eda-tools/magic/lib/magic/sys/minimum.tech: line 56: section (none):
	Unrecognized layer (type) name "metal1"
/home/mehtama1/eda-tools/magic/lib/magic/sys/minimum.tech: line 56: section (none):
	Unrecognized layer (type) name "metal2"
/home/mehtama1/eda-tools/magic/lib/magic/sys/minimum.tech: line 56: section (none):
	Unrecognized layer (type) name "via1"
/home/mehtama1/eda-tools/magic/lib/magic/sys/minimum.tech: line 56: section (none):
	Unrecognized layer (type) name "pc"
/home/mehtama1/eda-tools/magic/lib/magic/sys/minimum.tech: line 56: section (none):
	Unrecognized layer (type) name "locali"
/home/mehtama1/eda-tools/magic/lib/magic/sys/minimum.tech: line 56: section (none):
	Unrecognized layer (type) name "psubdiff"
/home/mehtama1/eda-tools/magic/lib/magic/sys/minimum.tech: line 56: section (none):
	Unrecognized layer (type) name "psubdiffcont"
/home/mehtama1/eda-tools/magic/lib/magic/sys/minimum.tech: line 56: section (none):
	Unrecognized layer (type) name "viali"
Warning: label "source" attached to unknown type "metal1"
Warning: label "drain" attached to unknown type "metal1"
Warning: label "gate" attached to unknown type "metal2"
Warning: label "body" attached to unknown type "metal1"
Cell escaped_input_latch read from current working directory
Cell escaped_input_latch has technology "sky130A", but current technology is "minimum"
Will attempt to read cell anyway.
/home/mehtama1/eda-tools/magic/lib/magic/sys/minimum.tech: line 56: section (none):
	Unrecognized layer (type) name "ndiffusion"
/home/mehtama1/eda-tools/magic/lib/magic/sys/minimum.tech: line 56: section (none):
	Unrecognized layer (type) name "polysilicon"
/home/mehtama1/eda-tools/magic/lib/magic/sys/minimum.tech: line 56: section (none):
	Unrecognized layer (type) name "ndc"
/home/mehtama1/eda-tools/magic/lib/magic/sys/minimum.tech: line 56: section (none):
	Unrecognized layer (type) name "mcon"
/home/mehtama1/eda-tools/magic/lib/magic/sys/minimum.tech: line 56: section (none):
	Unrecognized layer (type) name "metal1"
/home/mehtama1/eda-tools/magic/lib/magic/sys/minimum.tech: line 56: section (none):
	Unrecognized layer (type) name "pc"
/home/mehtama1/eda-tools/magic/lib/magic/sys/minimum.tech: line 56: section (none):
	Unrecognized layer (type) name "locali"
/home/mehtama1/eda-tools/magic/lib/magic/sys/minimum.tech: line 56: section (none):
	Unrecognized layer (type) name "via1"
/home/mehtama1/eda-tools/magic/lib/magic/sys/minimum.tech: line 56: section (none):
	Unrecognized layer (type) name "metal2"
/home/mehtama1/eda-tools/magic/lib/magic/sys/minimum.tech: line 56: section (none):
	Unrecognized layer (type) name "via2"
/home/mehtama1/eda-tools/magic/lib/magic/sys/minimum.tech: line 56: section (none):
	Unrecognized layer (type) name "metal3"
/home/mehtama1/eda-tools/magic/lib/magic/sys/minimum.tech: line 56: section (none):
	Unrecognized layer (type) name "via3"
/home/mehtama1/eda-tools/magic/lib/magic/sys/minimum.tech: line 56: section (none):
	Unrecognized layer (type) name "metal4"
/home/mehtama1/eda-tools/magic/lib/magic/sys/minimum.tech: line 56: section (none):
	Unrecognized layer (type) name "nwell"
/home/mehtama1/eda-tools/magic/lib/magic/sys/minimum.tech: line 56: section (none):
	Unrecognized layer (type) name "pdiffusion"
/home/mehtama1/eda-tools/magic/lib/magic/sys/minimum.tech: line 56: section (none):
	Unrecognized layer (type) name "pdc"
/home/mehtama1/eda-tools/magic/lib/magic/sys/minimum.tech: line 56: section (none):
	Unrecognized layer (type) name "nsubdiff"
/home/mehtama1/eda-tools/magic/lib/magic/sys/minimum.tech: line 56: section (none):
	Unrecognized layer (type) name "nsubdiffcont"
/home/mehtama1/eda-tools/magic/lib/magic/sys/minimum.tech: line 56: section (none):
	Unrecognized layer (type) name "viali"
/home/mehtama1/eda-tools/magic/lib/magic/sys/minimum.tech: line 56: section (none):
	Unrecognized layer (type) name "psubdiff"
/home/mehtama1/eda-tools/magic/lib/magic/sys/minimum.tech: line 56: section (none):
	Unrecognized layer (type) name "psubdiffcont"
Warning: label "out_p" attached to unknown type "metal2"
Warning: label "out_n" attached to unknown type "metal2"
Warning: label "latch_sense_p" attached to unknown type "metal2"
Warning: label "latch_sense_n" attached to unknown type "metal2"
Warning: label "tail" attached to unknown type "metal4"
Warning: label "reset" attached to unknown type "metal3"
Warning: label "vdd" attached to unknown type "metal2"
Warning: label "vss" attached to unknown type "metal4"
Warning: label "eval" attached to unknown type "metal4"
Warning: label "sense_p" attached to unknown type "metal2"
Warning: label "sense_n" attached to unknown type "metal2"
Warning: label "iso_tail" attached to unknown type "metal4"
Warning: label "vdd_active" attached to unknown type "metal2"
Cell shared_converter_mux read from current working directory
Cell shared_converter_mux has technology "sky130A", but current technology is "minimum"
Will attempt to read cell anyway.
/home/mehtama1/eda-tools/magic/lib/magic/sys/minimum.tech: line 56: section (none):
	Unrecognized layer (type) name "metal1"
/home/mehtama1/eda-tools/magic/lib/magic/sys/minimum.tech: line 56: section (none):
	Unrecognized layer (type) name "metal2"
/home/mehtama1/eda-tools/magic/lib/magic/sys/minimum.tech: line 56: section (none):
	Unrecognized layer (type) name "via1"
Warning: label "vss" attached to unknown type "metal1"
Warning: label "mux_bus" attached to unknown type "metal1"
Warning: label "vdd" attached to unknown type "metal1"
Warning: label "column_0" attached to unknown type "metal2"
Warning: label "column_1" attached to unknown type "metal2"
Warning: label "column_2" attached to unknown type "metal2"
Warning: label "column_3" attached to unknown type "metal2"
Warning: label "column_4" attached to unknown type "metal2"
Warning: label "column_5" attached to unknown type "metal2"
Warning: label "column_6" attached to unknown type "metal2"
Warning: label "column_7" attached to unknown type "metal2"
Cell sar_readout_12b read from current working directory
Cell sar_readout_12b has technology "sky130A", but current technology is "minimum"
Will attempt to read cell anyway.
/home/mehtama1/eda-tools/magic/lib/magic/sys/minimum.tech: line 56: section (none):
	Unrecognized layer (type) name "metal1"
/home/mehtama1/eda-tools/magic/lib/magic/sys/minimum.tech: line 56: section (none):
	Unrecognized layer (type) name "metal2"
/home/mehtama1/eda-tools/magic/lib/magic/sys/minimum.tech: line 56: section (none):
	Unrecognized layer (type) name "via1"
Warning: label "vss" attached to unknown type "metal1"
Warning: label "sample_in" attached to unknown type "metal1"
Warning: label "vdd" attached to unknown type "metal1"
Warning: label "comparator_input" attached to unknown type "metal2"
Warning: label "sar_bit_0" attached to unknown type "metal2"
Warning: label "sar_bit_1" attached to unknown type "metal2"
Warning: label "sar_bit_2" attached to unknown type "metal2"
Warning: label "reference_switch" attached to unknown type "metal2"
Warning: label "adc_done" attached to unknown type "metal2"
Cell row_dac_10b read from current working directory
Cell row_dac_10b has technology "sky130A", but current technology is "minimum"
Will attempt to read cell anyway.
/home/mehtama1/eda-tools/magic/lib/magic/sys/minimum.tech: line 56: section (none):
	Unrecognized layer (type) name "metal1"
/home/mehtama1/eda-tools/magic/lib/magic/sys/minimum.tech: line 56: section (none):
	Unrecognized layer (type) name "metal2"
/home/mehtama1/eda-tools/magic/lib/magic/sys/minimum.tech: line 56: section (none):
	Unrecognized layer (type) name "via1"
Warning: label "vss" attached to unknown type "metal1"
Warning: label "row_drive" attached to unknown type "metal1"
Warning: label "vdd" attached to unknown type "metal1"
Warning: label "bit_0_switch_column" attached to unknown type "metal2"
Warning: label "bit_1_switch_column" attached to unknown type "metal2"
Warning: label "bit_2_switch_column" attached to unknown type "metal2"
Warning: label "bit_3_switch_column" attached to unknown type "metal2"
Warning: label "bit_4_switch_column" attached to unknown type "metal2"
Warning: label "bit_5_switch_column" attached to unknown type "metal2"
Processing timestamp mismatches.
Timestamp mismatches found in these cells: escaped_input_latch, shared_converter_mux, sar_readout_12b, row_dac_10b.
Total DRC errors found: 0
Warning:  There is nothing here to extract.
Loading technology sky130A
Could not find file 'sky130A.tech' in any of these directories:
         . $CAD_ROOT/magic/sys $CAD_ROOT/magic/sys/current
Error in loading technology file
Warning:  .ext file style ngspice() is not known in this technology!
Warning:  Ports "vdd_ext" and "vdd_active_ext" are electrically shorted.
