
Compatibility modes selected: hs a


Circuit: * signed small-signal extracted latch diagnostic, no structural mos substitution.

option SCALE: Scale is set to 1e-06 for instance and model parameters
option SCALE: Scale is set to 1e-06 for instance and model parameters
Doing analysis at TEMP = 27.000000 and TNOM = 27.000000

Warning: veval: no DC value, transient time 0 value used
Warning: vreset: no DC value, transient time 0 value used

Initial Transient Solution
--------------------------

Node                                   Voltage
----                                   -------
vdd                                        1.8
vdd_active                                 1.8
vss                                          0
sense_p                                0.89975
sense_n                                0.90025
iso_tail                              0.178804
latch_sense_p                          1.60078
latch_sense_n                           1.5992
reset                                        0
eval                                         0
out_p                                      1.8
out_n                                      1.8
tail                                    1.3753
veval#branch                                 0
vreset#branch                                0
vn#branch                                    0
vp#branch                                    0
vss#branch                         1.49579e-10
vactive#branch                    -4.00013e-06
vdd#branch                         -1.4672e-11


No. of Data Rows : 1050

  Measurements for Transient Analysis

op_final            =  1.188135e-01
on_final            =  1.190061e-01
lp_before           =  1.600783e+00
ln_before           =  1.599204e+00

binary raw file "waveform.raw"
Doing analysis at TEMP = 27.000000 and TNOM = 27.000000

Warning: veval: no DC value, transient time 0 value used
Warning: vreset: no DC value, transient time 0 value used

Initial Transient Solution
--------------------------

Node                                   Voltage
----                                   -------
vdd                                        1.8
vdd_active                                 1.8
vss                                          0
sense_p                                0.89975
sense_n                                0.90025
iso_tail                               0.18645
latch_sense_p                        0.0148693
latch_sense_n                        0.0150117
reset                                        0
eval                                         0
out_p                                 0.639885
out_n                                 0.639887
tail                                 0.0370551
veval#branch                       -0.00140907
vreset#branch                       0.00267849
vn#branch                         -0.000903404
vp#branch                         -0.000902953
vss#branch                          0.00677186
vactive#branch                     -0.00269392
vdd#branch                           -0.003545


No. of Data Rows : 1059

  Measurements for Transient Analysis

op_final            =  1.188086e-01
on_final            =  1.190012e-01
lp_before           =  1.598501e+00
ln_before           =  1.596919e+00


Total analysis time (seconds) = 0.307

Total elapsed time (seconds) = 1.008 

Total DRAM available = 7943.230 MB.
DRAM currently available =  116.676 MB.
Maximum ngspice program size =   56.656 MB.
Current ngspice program size =   40.750 MB.

Shared ngspice pages =   10.375 MB.
Text (code) pages =    5.316 MB.
Stack = 0 bytes.
Library pages =   38.707 MB.

