
Compatibility modes selected: hs a


Circuit: * signed small-signal extracted latch diagnostic, no structural mos substitution.

option SCALE: Scale is set to 1e-06 for instance and model parameters
option SCALE: Scale is set to 1e-06 for instance and model parameters
Doing analysis at TEMP = 27.000000 and TNOM = 27.000000

Warning: veval: no DC value, transient time 0 value used
Warning: vreset: no DC value, transient time 0 value used

Initial Transient Solution
--------------------------

Node                                   Voltage
----                                   -------
vdd                                        1.8
vdd_active                                 1.8
vss                                          0
sense_p                               0.899923
sense_n                               0.900076
iso_tail                             -0.274258
latch_sense_p                        -0.199986
latch_sense_n                        -0.200006
reset                                        0
eval                                         0
out_p                                      1.8
out_n                                      1.8
tail                                    1.3896
veval#branch                                 0
vreset#branch                                0
vn#branch                                    0
vp#branch                                    0
vss#branch                        -5.60609e-11
vactive#branch                    -3.99999e-05
vdd#branch                        -1.47978e-11


No. of Data Rows : 1051

  Measurements for Transient Analysis

op_final            =  1.799987e+00
on_final            =  1.934058e-06
lp_before           =  -1.999864e-01
ln_before           =  -2.000065e-01

binary raw file "waveform.raw"
Doing analysis at TEMP = 27.000000 and TNOM = 27.000000

Warning: veval: no DC value, transient time 0 value used
Warning: vreset: no DC value, transient time 0 value used

Initial Transient Solution
--------------------------

Node                                   Voltage
----                                   -------
vdd                                        1.8
vdd_active                                 1.8
vss                                          0
sense_p                               0.899923
sense_n                               0.900076
iso_tail                              0.141736
latch_sense_p                       -0.0893805
latch_sense_n                       -0.0893421
reset                                        0
eval                                         0
out_p                                 0.362338
out_n                                 0.362339
tail                                 0.0170292
veval#branch                      -0.000727256
vreset#branch                       0.00134411
vn#branch                         -0.000503918
vp#branch                         -0.000503846
vss#branch                          0.00406381
vactive#branch                     -0.00172899
vdd#branch                          -0.0019839


No. of Data Rows : 1053

  Measurements for Transient Analysis

op_final            =  1.799980e+00
on_final            =  -2.418202e-07
lp_before           =  -1.474878e-01
ln_before           =  -1.475130e-01


Total analysis time (seconds) = 0.126

Total elapsed time (seconds) = 0.433 

Total DRAM available = 7943.234 MB.
DRAM currently available =  451.500 MB.
Maximum ngspice program size =   56.656 MB.
Current ngspice program size =   40.750 MB.

Shared ngspice pages =   10.375 MB.
Text (code) pages =    5.316 MB.
Stack = 0 bytes.
Library pages =   38.707 MB.

