Warning: veval: no DC value, transient time 0 value used
Warning: vreset: no DC value, transient time 0 value used
 Reference value :  2.00000e-13
 Reference value :  1.22319e-09
 Reference value :  1.52319e-09
 Reference value :  1.84319e-09
 Reference value :  2.14319e-09
 Reference value :  2.32319e-09
 Reference value :  2.50319e-09
 Reference value :  2.78319e-09
 Reference value :  3.06319e-09
 Reference value :  3.26319e-09
 Reference value :  3.54319e-09
 Reference value :  4.44319e-09
 Reference value :  5.74319e-09
 Reference value :  6.90319e-09
 Reference value :  8.07201e-09
 Reference value :  9.00096e-09
 Reference value :  1.00010e-08
 Reference value :  1.11810e-08
 Reference value :  1.25010e-08
 Reference value :  1.45810e-08
 Reference value :  1.56810e-08
 Reference value :  1.64210e-08
 Reference value :  1.95410e-08
 Reference value :  2.15210e-08
 Reference value :  2.23610e-08
 Reference value :  2.42410e-08
 Reference value :  2.59610e-08
 Reference value :  2.95810e-08
 Reference value :  3.06610e-08
 Reference value :  3.25010e-08
 Reference value :  3.36410e-08
 Reference value :  3.55010e-08
 Reference value :  3.65210e-08
 Reference value :  3.94410e-08
 Reference value :  4.23610e-08
 Reference value :  4.61210e-08
 Reference value :  4.89810e-08
 Reference value :  5.25410e-08
 Reference value :  5.52610e-08
 Reference value :  5.81210e-08
 Reference value :  6.25210e-08
 Reference value :  6.54010e-08
 Reference value :  6.71210e-08
 Reference value :  7.00010e-08
 Reference value :  7.30610e-08
 Reference value :  7.61210e-08
 Reference value :  7.93410e-08
 Reference value :  8.10810e-08
 Reference value :  8.19610e-08
 Reference value :  8.30610e-08
 Reference value :  8.45210e-08
 Reference value :  8.59410e-08
 Reference value :  8.70810e-08
 Reference value :  8.85610e-08
 Reference value :  8.95610e-08
 Reference value :  9.07210e-08
 Reference value :  9.17610e-08
 Reference value :  9.24010e-08
 Reference value :  9.37010e-08
 Reference value :  9.69810e-08
Warning: veval: no DC value, transient time 0 value used
Warning: vreset: no DC value, transient time 0 value used
 Reference value :  2.00000e-13
 Reference value :  1.83194e-10
 Reference value :  1.38319e-09
 Reference value :  2.16319e-09
 Reference value :  3.34319e-09
 Reference value :  4.48319e-09
 Reference value :  5.60319e-09
 Reference value :  7.98319e-09
 Reference value :  8.21770e-09
 Reference value :  8.62096e-09
 Reference value :  9.08096e-09
 Reference value :  9.84096e-09
 Reference value :  1.03610e-08
 Reference value :  1.12810e-08
 Reference value :  1.27410e-08
 Reference value :  1.43010e-08
 Reference value :  1.53410e-08
 Reference value :  1.73010e-08
 Reference value :  1.86010e-08
 Reference value :  1.90810e-08
 Reference value :  1.95810e-08
 Reference value :  2.00010e-08
 Reference value :  2.03010e-08
 Reference value :  2.18810e-08
 Reference value :  2.50410e-08
 Reference value :  2.77210e-08
 Reference value :  3.11610e-08
 Reference value :  3.26210e-08
 Reference value :  3.53210e-08
 Reference value :  3.76810e-08
 Reference value :  3.99810e-08
 Reference value :  4.06810e-08
 Reference value :  4.10010e-08
 Reference value :  4.13210e-08
 Reference value :  4.16410e-08
 Reference value :  4.19010e-08
 Reference value :  4.21810e-08
 Reference value :  4.43610e-08
 Reference value :  4.59410e-08
 Reference value :  4.87610e-08
 Reference value :  5.20610e-08
 Reference value :  5.52610e-08
 Reference value :  5.70010e-08
 Reference value :  5.82610e-08
 Reference value :  5.91410e-08
 Reference value :  6.04610e-08
 Reference value :  6.20610e-08
 Reference value :  6.34810e-08
 Reference value :  6.49810e-08
 Reference value :  6.78210e-08
 Reference value :  7.02010e-08
 Reference value :  7.30410e-08
 Reference value :  7.72810e-08
 Reference value :  7.84410e-08
 Reference value :  7.96810e-08
 Reference value :  8.07010e-08
 Reference value :  8.20010e-08
 Reference value :  8.30010e-08
 Reference value :  8.37410e-08
 Reference value :  8.48010e-08
 Reference value :  8.58210e-08
 Reference value :  8.76810e-08
 Reference value :  8.82210e-08
 Reference value :  8.98010e-08
 Reference value :  9.20810e-08
 Reference value :  9.52810e-08
 Reference value :  9.82810e-08
Original line no.: 61, new internal line no.: 865:
insertnumber: fails.
  s = ".measure tran decision_diff_v param=   -1.588561484525965e+00   " u=" -1.588561484525965e+00  " id=0
