
No compatibility mode selected!


Circuit: * extracted active converter macro decision-boundary transient.

Option cshunt: 22 capacitors added with 1e-15 F each
Doing analysis at TEMP = 27.000000 and TNOM = 27.000000

Using transient initial conditions

No. of Data Rows : 5031

  Measurements for Transient Analysis

decision_p_v        =  1.595641e+00
decision_n_v        =  7.079437e-03
decision_diff_v     =  -1.58856e+00
supply_charge_c     =   -1.90534e-15 from=  2.00000e-13 to=  2.00000e-08
active_supply_charge_c=   -5.77241e-13 from=  2.00000e-13 to=  2.00000e-08
p0_0                =  1.786318e+00
p0_1                =  1.787580e+00
p0_2                =  7.481293e-01
p0_3                =  2.080924e-01
p0_4                =  9.493542e-01
p0_5                =  1.544441e-01
p0_6                =  1.537542e-01
p1_0                =  1.751018e+00
p1_1                =  1.751758e+00
p1_2                =  7.559264e-01
p1_3                =  1.995123e-01
p1_4                =  5.274396e-01
p1_5                =  1.544463e-01
p1_6                =  1.540531e-01
p2_0                =  1.595641e+00
p2_1                =  7.079437e-03
p2_2                =  9.140512e-01
p2_3                =  2.072676e-01
p2_4                =  7.493734e-03
p2_5                =  1.541474e-01
p2_6                =  1.539624e-01
p3_0                =  1.471716e+00
p3_1                =  1.050179e-02
p3_2                =  9.767348e-01
p3_3                =  2.068229e-01
p3_4                =  1.064862e-02
p3_5                =  1.539554e-01
p3_6                =  1.539177e-01
p4_0                =  1.428883e+00
p4_1                =  1.151795e-02
p4_2                =  9.927169e-01
p4_3                =  2.065720e-01
p4_4                =  1.152541e-02
p4_5                =  1.538332e-01
p4_6                =  1.538316e-01
p5_0                =  1.426782e+00
p5_1                =  1.156563e-02
p5_2                =  9.934380e-01
p5_3                =  2.065603e-01
p5_4                =  1.156562e-02
p5_5                =  1.538276e-01
p5_6                =  1.538276e-01

Doing analysis at TEMP = 27.000000 and TNOM = 27.000000

Using transient initial conditions

No. of Data Rows : 5031

  Measurements for Transient Analysis

decision_p_v        =  1.595641e+00
decision_n_v        =  7.079437e-03
decision_diff_v     =  -1.58856e+00
supply_charge_c     =   -1.90534e-15 from=  2.00000e-13 to=  2.00000e-08
active_supply_charge_c=   -5.77241e-13 from=  2.00000e-13 to=  2.00000e-08
p0_0                =  1.786318e+00
p0_1                =  1.787580e+00
p0_2                =  7.481293e-01
p0_3                =  2.080924e-01
p0_4                =  9.493542e-01
p0_5                =  1.544441e-01
p0_6                =  1.537542e-01
p1_0                =  1.751018e+00
p1_1                =  1.751758e+00
p1_2                =  7.559264e-01
p1_3                =  1.995123e-01
p1_4                =  5.274396e-01
p1_5                =  1.544463e-01
p1_6                =  1.540531e-01
p2_0                =  1.595641e+00
p2_1                =  7.079437e-03
p2_2                =  9.140512e-01
p2_3                =  2.072676e-01
p2_4                =  7.493734e-03
p2_5                =  1.541474e-01
p2_6                =  1.539624e-01
p3_0                =  1.471716e+00
p3_1                =  1.050179e-02
p3_2                =  9.767348e-01
p3_3                =  2.068229e-01
p3_4                =  1.064862e-02
p3_5                =  1.539554e-01
p3_6                =  1.539177e-01
p4_0                =  1.428883e+00
p4_1                =  1.151795e-02
p4_2                =  9.927169e-01
p4_3                =  2.065720e-01
p4_4                =  1.152541e-02
p4_5                =  1.538332e-01
p4_6                =  1.538316e-01
p5_0                =  1.426782e+00
p5_1                =  1.156563e-02
p5_2                =  9.934380e-01
p5_3                =  2.065603e-01
p5_4                =  1.156562e-02
p5_5                =  1.538276e-01
p5_6                =  1.538276e-01


Total analysis time (seconds) = 61.09

Total elapsed time (seconds) = 66.615 

Total DRAM available = 7943.238 MB.
DRAM currently available =  368.664 MB.
Maximum ngspice program size =  120.949 MB.
Current ngspice program size =  105.125 MB.

Shared ngspice pages =   10.375 MB.
Text (code) pages =    5.316 MB.
Stack = 0 bytes.
Library pages =  103.000 MB.

