
Compatibility modes selected: hs a


Circuit: * signed small-signal extracted latch diagnostic, no structural mos substitution.

option SCALE: Scale is set to 1e-06 for instance and model parameters
option SCALE: Scale is set to 1e-06 for instance and model parameters
Doing analysis at TEMP = 27.000000 and TNOM = 27.000000

Warning: veval: no DC value, transient time 0 value used
Warning: vreset: no DC value, transient time 0 value used

Initial Transient Solution
--------------------------

Node                                   Voltage
----                                   -------
vdd                                        1.8
vdd_active                                 1.8
vss                                          0
sense_p                                0.90025
sense_n                                0.89975
iso_tail                              0.178804
latch_sense_p                           1.5992
latch_sense_n                          1.60078
reset                                        0
eval                                         0
out_p                                      1.8
out_n                                      1.8
tail                                   1.38965
veval#branch                                 0
vreset#branch                                0
vn#branch                                    0
vp#branch                                    0
vss#branch                         1.49705e-10
vactive#branch                    -4.00013e-06
vdd#branch                        -1.47981e-11


No. of Data Rows : 1051

  Measurements for Transient Analysis

op_final            =  7.755641e-02
on_final            =  7.747982e-02
lp_before           =  1.599204e+00
ln_before           =  1.600783e+00

binary raw file "waveform.raw"
Doing analysis at TEMP = 27.000000 and TNOM = 27.000000

Warning: veval: no DC value, transient time 0 value used
Warning: vreset: no DC value, transient time 0 value used

Initial Transient Solution
--------------------------

Node                                   Voltage
----                                   -------
vdd                                        1.8
vdd_active                                 1.8
vss                                          0
sense_p                                0.90025
sense_n                                0.89975
iso_tail                              0.176906
latch_sense_p                       -0.0932929
latch_sense_n                       -0.0934164
reset                                        0
eval                                         0
out_p                                 0.360341
out_n                                 0.360339
tail                                 0.0181171
veval#branch                      -0.000857442
vreset#branch                       0.00159056
vn#branch                         -0.000592902
vp#branch                         -0.000593173
vss#branch                          0.00481264
vactive#branch                     -0.00203394
vdd#branch                         -0.00232975


No. of Data Rows : 1052

  Measurements for Transient Analysis

op_final            =  7.754493e-02
on_final            =  7.746824e-02
lp_before           =  1.580699e+00
ln_before           =  1.582293e+00


Total analysis time (seconds) = 1.773

Total elapsed time (seconds) = 3.081 

Total DRAM available = 7943.234 MB.
DRAM currently available =  166.820 MB.
Maximum ngspice program size =   56.656 MB.
Current ngspice program size =   40.875 MB.

Shared ngspice pages =   10.375 MB.
Text (code) pages =    5.316 MB.
Stack = 0 bytes.
Library pages =   38.707 MB.

