
Compatibility modes selected: hs a


Circuit: * signed small-signal extracted latch diagnostic, no structural mos substitution.

option SCALE: Scale is set to 1e-06 for instance and model parameters
option SCALE: Scale is set to 1e-06 for instance and model parameters
Doing analysis at TEMP = 27.000000 and TNOM = 27.000000

Warning: veval: no DC value, transient time 0 value used
Warning: vreset: no DC value, transient time 0 value used

Initial Transient Solution
--------------------------

Node                                   Voltage
----                                   -------
vdd                                        1.8
vdd_active                                 1.8
vss                                          0
sense_p                                0.89975
sense_n                                0.90025
iso_tail                              0.174895
latch_sense_p                         0.903235
latch_sense_n                         0.896764
reset                                        0
eval                                         0
out_p                                      1.8
out_n                                      1.8
tail                                   1.37524
veval#branch                                 0
vreset#branch                                0
vn#branch                                    0
vp#branch                                    0
vss#branch                         1.68576e-11
vactive#branch                    -2.55465e-17
vdd#branch                        -4.00002e-06


No. of Data Rows : 1047

  Measurements for Transient Analysis

op_final            =  1.630114e+00
on_final            =  6.255140e-03
lp_before           =  9.032352e-01
ln_before           =  8.967638e-01

binary raw file "waveform.raw"
Doing analysis at TEMP = 27.000000 and TNOM = 27.000000

Warning: veval: no DC value, transient time 0 value used
Warning: vreset: no DC value, transient time 0 value used

Initial Transient Solution
--------------------------

Node                                   Voltage
----                                   -------
vdd                                        1.8
vdd_active                                 1.8
vss                                          0
sense_p                                0.89975
sense_n                                0.90025
iso_tail                              0.175846
latch_sense_p                         0.011376
latch_sense_n                        0.0115235
reset                                        0
eval                                         0
out_p                                 0.646626
out_n                                 0.646628
tail                                 0.0325919
veval#branch                      -0.000871286
vreset#branch                       0.00163059
vn#branch                         -0.000553667
vp#branch                         -0.000553391
vss#branch                          0.00416879
vactive#branch                     -0.00161949
vdd#branch                         -0.00220556


No. of Data Rows : 1050

  Measurements for Transient Analysis

op_final            =  1.699647e+00
on_final            =  3.907150e-03
lp_before           =  6.273780e-01
ln_before           =  6.229175e-01


Total analysis time (seconds) = 0.411

Total elapsed time (seconds) = 1.257 

Total DRAM available = 7943.238 MB.
DRAM currently available =  957.055 MB.
Maximum ngspice program size =   56.656 MB.
Current ngspice program size =   41.000 MB.

Shared ngspice pages =   10.500 MB.
Text (code) pages =    5.316 MB.
Stack = 0 bytes.
Library pages =   38.707 MB.

