
No compatibility mode selected!


Circuit: * extracted active converter macro decision-boundary transient.

Option cshunt: 26 capacitors added with 1e-15 F each
Doing analysis at TEMP = 27.000000 and TNOM = 27.000000

Using transient initial conditions

No. of Data Rows : 1033

  Measurements for Transient Analysis

decision_p_v        =  1.386078e-01
decision_n_v        =  1.380406e-01
decision_diff_v     =  -5.67193e-04
supply_charge_c     =   -1.90506e-15 from=  2.00000e-13 to=  2.00000e-08
active_supply_charge_c=   -1.26363e-12 from=  2.00000e-13 to=  2.00000e-08

Doing analysis at TEMP = 27.000000 and TNOM = 27.000000

Using transient initial conditions

No. of Data Rows : 1033

  Measurements for Transient Analysis

decision_p_v        =  1.386078e-01
decision_n_v        =  1.380406e-01
decision_diff_v     =  -5.67193e-04
supply_charge_c     =   -1.90506e-15 from=  2.00000e-13 to=  2.00000e-08
active_supply_charge_c=   -1.26363e-12 from=  2.00000e-13 to=  2.00000e-08


Total analysis time (seconds) = 0.175

Total elapsed time (seconds) = 0.931 

Total DRAM available = 7943.234 MB.
DRAM currently available =  142.422 MB.
Maximum ngspice program size =  142.117 MB.
Current ngspice program size =  126.500 MB.

Shared ngspice pages =   10.500 MB.
Text (code) pages =    5.316 MB.
Stack = 0 bytes.
Library pages =  124.168 MB.

