Warning: vregen: no DC value, transient time 0 value used
Warning: vsample: no DC value, transient time 0 value used
Warning: vsamplebar: no DC value, transient time 0 value used
Warning: veval: no DC value, transient time 0 value used
Warning: vreset: no DC value, transient time 0 value used
Warning: vcomp: no DC value, transient time 0 value used
Warning: vrow: no DC value, transient time 0 value used
 Reference value :  2.00000e-13
 Reference value :  5.23177e-09
 Reference value :  8.22096e-09
 Reference value :  1.05843e-08
 Reference value :  1.20643e-08
 Reference value :  1.49243e-08
 Reference value :  1.87243e-08
 Reference value :  2.42243e-08
 Reference value :  2.65643e-08
 Reference value :  2.83443e-08
 Reference value :  3.02624e-08
 Reference value :  3.39424e-08
 Reference value :  3.89470e-08
 Reference value :  4.12670e-08
 Reference value :  4.28870e-08
 Reference value :  4.48270e-08
 Reference value :  4.68070e-08
 Reference value :  4.78870e-08
 Reference value :  4.91870e-08
 Reference value :  5.24470e-08
 Reference value :  5.84270e-08
 Reference value :  6.32100e-08
 Reference value :  6.79900e-08
 Reference value :  7.21077e-08
 Reference value :  7.89877e-08
 Reference value :  8.90223e-08
 Reference value :  9.90870e-08
 Reference value :  1.04367e-07
 Reference value :  1.09027e-07
 Reference value :  1.19167e-07
 Reference value :  1.30928e-07
 Reference value :  1.38808e-07
 Reference value :  1.42588e-07
 Reference value :  1.45888e-07
 Reference value :  1.49282e-07
 Reference value :  1.55022e-07
 Reference value :  1.61167e-07
 Reference value :  1.67227e-07
 Reference value :  1.75007e-07
 Reference value :  1.86010e-07
 Reference value :  1.89468e-07
 Reference value :  1.94328e-07
 Reference value :  2.01168e-07
 Reference value :  2.06228e-07
 Reference value :  2.08642e-07
 Reference value :  2.12182e-07
 Reference value :  2.13962e-07
 Reference value :  2.14882e-07
 Reference value :  2.17282e-07
 Reference value :  2.18807e-07
 Reference value :  2.21027e-07
 Reference value :  2.21387e-07
 Reference value :  2.21707e-07
 Reference value :  2.22047e-07
 Reference value :  2.29007e-07
 Reference value :  2.35387e-07
 Reference value :  2.45270e-07
 Reference value :  2.49309e-07
 Reference value :  2.51069e-07
 Reference value :  2.55009e-07
 Reference value :  2.58449e-07
 Reference value :  2.65029e-07
 Reference value :  2.70122e-07
 Reference value :  2.76582e-07
 Reference value :  2.81127e-07
 Reference value :  2.86127e-07
 Reference value :  2.94327e-07
 Reference value :  3.00014e-07
 Reference value :  3.05910e-07
 Reference value :  3.08347e-07
 Reference value :  3.12069e-07
 Reference value :  3.14789e-07
 Reference value :  3.16729e-07
 Reference value :  3.20589e-07
 Reference value :  3.22369e-07
 Reference value :  3.25349e-07
 Reference value :  3.27109e-07
 Reference value :  3.28452e-07
 Reference value :  3.29502e-07
 Reference value :  3.31862e-07
 Reference value :  3.34062e-07
 Reference value :  3.35142e-07
 Reference value :  3.37282e-07
 Reference value :  3.40007e-07
 Reference value :  3.41807e-07
 Reference value :  3.44827e-07
 Reference value :  3.47147e-07
 Reference value :  3.50467e-07
 Reference value :  3.57367e-07
 Reference value :  3.60090e-07
 Reference value :  3.60470e-07
 Reference value :  3.60870e-07
 Reference value :  3.61110e-07
 Reference value :  3.61590e-07
 Reference value :  3.63870e-07
 Reference value :  3.64570e-07
 Reference value :  3.71549e-07
 Reference value :  3.71889e-07
 Reference value :  3.72289e-07
 Reference value :  3.72609e-07
 Reference value :  3.72909e-07
 Reference value :  3.73209e-07
 Reference value :  3.73569e-07
 Reference value :  3.73869e-07
 Reference value :  3.76989e-07
 Reference value :  3.81689e-07
 Reference value :  3.86549e-07
 Reference value :  3.89002e-07
 Reference value :  3.91622e-07
 Reference value :  3.94742e-07
 Reference value :  3.98407e-07
 Reference value :  4.01627e-07
 Reference value :  4.04027e-07
 Reference value :  4.05307e-07
 Reference value :  4.06927e-07
 Reference value :  4.07967e-07
 Reference value :  4.09907e-07
 Reference value :  4.11327e-07
 Reference value :  4.12967e-07
 Reference value :  4.13927e-07
 Reference value :  4.15947e-07
 Reference value :  4.17407e-07
 Reference value :  4.19067e-07
 Reference value :  4.20610e-07
 Reference value :  4.21370e-07
 Reference value :  4.22670e-07
 Reference value :  4.23550e-07
 Reference value :  4.24230e-07
 Reference value :  4.24690e-07
 Reference value :  4.25930e-07
 Reference value :  4.28000e-07
 Reference value :  4.28629e-07
 Reference value :  4.30289e-07
 Reference value :  4.30589e-07
 Reference value :  4.30889e-07
 Reference value :  4.31169e-07
 Reference value :  4.31489e-07
 Reference value :  4.31789e-07
 Reference value :  4.32289e-07
 Reference value :  4.32889e-07
 Reference value :  4.33429e-07
 Reference value :  4.33989e-07
 Reference value :  4.35389e-07
 Reference value :  4.36029e-07
 Reference value :  4.37169e-07
 Reference value :  4.37689e-07
 Reference value :  4.38389e-07
 Reference value :  4.39249e-07
 Reference value :  4.40089e-07
 Reference value :  4.41109e-07
 Reference value :  4.42069e-07
 Reference value :  4.43029e-07
 Reference value :  4.44529e-07
 Reference value :  4.45409e-07
 Reference value :  4.46809e-07
 Reference value :  4.47489e-07
 Reference value :  4.48289e-07
 Reference value :  4.49242e-07
 Reference value :  4.49582e-07
 Reference value :  4.50582e-07
 Reference value :  4.51842e-07
 Reference value :  4.53142e-07
 Reference value :  4.54382e-07
 Reference value :  4.55762e-07
 Reference value :  4.57782e-07
 Reference value :  4.59847e-07
 Reference value :  4.61987e-07
 Reference value :  4.63287e-07
 Reference value :  4.64087e-07
 Reference value :  4.66527e-07
 Reference value :  4.69407e-07
 Reference value :  4.71787e-07
 Reference value :  4.74327e-07
 Reference value :  4.74607e-07
 Reference value :  4.74867e-07
 Reference value :  4.75147e-07
 Reference value :  4.75467e-07
 Reference value :  4.75827e-07
 Reference value :  4.76147e-07
 Reference value :  4.76487e-07
 Reference value :  4.76827e-07
 Reference value :  4.77167e-07
 Reference value :  4.77487e-07
 Reference value :  4.77787e-07
 Reference value :  4.79707e-07
Warning: vregen: no DC value, transient time 0 value used
Warning: vsample: no DC value, transient time 0 value used
Warning: vsamplebar: no DC value, transient time 0 value used
Warning: veval: no DC value, transient time 0 value used
Warning: vreset: no DC value, transient time 0 value used
Warning: vcomp: no DC value, transient time 0 value used
Warning: vrow: no DC value, transient time 0 value used
 Reference value :  2.33600e-13
 Reference value :  1.59177e-09
 Reference value :  4.61177e-09
 Reference value :  8.36594e-09
 Reference value :  1.15843e-08
 Reference value :  1.36443e-08
 Reference value :  1.64243e-08
 Reference value :  1.97443e-08
 Reference value :  2.35443e-08
 Reference value :  2.66643e-08
 Reference value :  2.90024e-08
 Reference value :  3.27624e-08
 Reference value :  3.94870e-08
 Reference value :  4.26870e-08
 Reference value :  4.67470e-08
 Reference value :  5.01270e-08
 Reference value :  5.33670e-08
 Reference value :  5.81470e-08
 Reference value :  6.06700e-08
 Reference value :  6.43100e-08
 Reference value :  6.80275e-08
 Reference value :  7.19677e-08
 Reference value :  7.52677e-08
 Reference value :  7.96677e-08
 Reference value :  8.85823e-08
 Reference value :  9.33423e-08
 Reference value :  1.00067e-07
 Reference value :  1.17207e-07
 Reference value :  1.28688e-07
 Reference value :  1.36388e-07
 Reference value :  1.38388e-07
 Reference value :  1.51882e-07
 Reference value :  1.65427e-07
 Reference value :  1.84090e-07
 Reference value :  1.97408e-07
 Reference value :  2.13862e-07
 Reference value :  2.30327e-07
 Reference value :  2.45790e-07
 Reference value :  2.59809e-07
 Reference value :  2.74502e-07
 Reference value :  2.89407e-07
 Reference value :  3.05270e-07
 Reference value :  3.18189e-07
 Reference value :  3.21549e-07
 Reference value :  3.25289e-07
 Reference value :  3.32802e-07
 Reference value :  3.34142e-07
 Reference value :  3.34522e-07
 Reference value :  3.34802e-07
 Reference value :  3.35222e-07
 Reference value :  3.35562e-07
 Reference value :  3.35882e-07
 Reference value :  3.36182e-07
 Reference value :  3.36482e-07
 Reference value :  3.36782e-07
 Reference value :  3.37102e-07
 Reference value :  3.37442e-07
 Reference value :  3.37742e-07
 Reference value :  3.38046e-07
 Reference value :  3.38267e-07
 Reference value :  3.38607e-07
 Reference value :  3.38927e-07
 Reference value :  3.40207e-07
 Reference value :  3.45487e-07
 Reference value :  3.49067e-07
 Reference value :  3.54507e-07
 Reference value :  3.59907e-07
 Reference value :  3.64090e-07
 Reference value :  3.66310e-07
 Reference value :  3.68909e-07
 Reference value :  3.70529e-07
 Reference value :  3.72349e-07
 Reference value :  3.75029e-07
 Reference value :  3.77469e-07
 Reference value :  3.78689e-07
 Reference value :  3.80629e-07
 Reference value :  3.81509e-07
 Reference value :  3.81849e-07
 Reference value :  3.82209e-07
 Reference value :  3.82549e-07
 Reference value :  3.82929e-07
 Reference value :  3.83249e-07
 Reference value :  3.84489e-07
 Reference value :  3.86529e-07
 Reference value :  3.89042e-07
 Reference value :  3.91302e-07
 Reference value :  3.92702e-07
 Reference value :  3.93802e-07
 Reference value :  3.96222e-07
 Reference value :  3.98026e-07
 Reference value :  4.00607e-07
 Reference value :  4.04467e-07
 Reference value :  4.08887e-07
 Reference value :  4.10367e-07
 Reference value :  4.12567e-07
 Reference value :  4.15347e-07
 Reference value :  4.17107e-07
 Reference value :  4.19607e-07
 Reference value :  4.23350e-07
 Reference value :  4.25550e-07
 Reference value :  4.28428e-07
 Reference value :  4.33269e-07
 Reference value :  4.37869e-07
 Reference value :  4.43729e-07
 Reference value :  4.45769e-07
 Reference value :  4.48420e-07
 Reference value :  4.52742e-07
 Reference value :  4.58347e-07
 Reference value :  4.61067e-07
 Reference value :  4.63287e-07
 Reference value :  4.66287e-07
 Reference value :  4.69447e-07
 Reference value :  4.72807e-07
 Reference value :  4.74547e-07
 Reference value :  4.76327e-07
 Reference value :  4.77587e-07
 Reference value :  4.78847e-07
Original line no.: 64, new internal line no.: 951:
insertnumber: fails.
  s = ".measure tran decision_diff_v param=    1.799999817248234e+00   " u="  1.799999817248234e+00  " id=0
