
No compatibility mode selected!


Circuit: * extracted active converter macro decision-boundary transient.

Option cshunt: 29 capacitors added with 1e-15 F each
Doing analysis at TEMP = 27.000000 and TNOM = 27.000000

Using transient initial conditions

No. of Data Rows : 24438

  Measurements for Transient Analysis

decision_p_v        =  1.756566e-07
decision_n_v        =  1.800000e+00
decision_diff_v     =  1.80000e+00
supply_charge_c     =   -1.90507e-15 from=  2.00000e-13 to=  2.00000e-08
active_supply_charge_c=   -4.85509e-13 from=  2.00000e-13 to=  2.00000e-08
acquired_p          =  1.432938e+00
acquired_n          =  1.442694e+00
cycle0_p            =  1.756566e-07
cycle0_n            =  1.800000e+00
cycle1_p            =  1.800000e+00
cycle1_n            =  1.515075e-07
cycle2_p            =  1.799999e+00
cycle2_n            =  1.077384e-07
cycle3_p            =  1.799930e+00
cycle3_n            =  4.802455e-06
cycle4_p            =  1.799938e+00
cycle4_n            =  4.272755e-06
cycle5_p            =  4.835661e-06
cycle5_n            =  1.799929e+00
cycle6_p            =  1.800000e+00
cycle6_n            =  8.762443e-08
cycle7_p            =  1.244600e-07
cycle7_n            =  1.799999e+00

Doing analysis at TEMP = 27.000000 and TNOM = 27.000000

Using transient initial conditions

No. of Data Rows : 24438

  Measurements for Transient Analysis

decision_p_v        =  1.756566e-07
decision_n_v        =  1.800000e+00
decision_diff_v     =  1.80000e+00
supply_charge_c     =   -1.90507e-15 from=  2.00000e-13 to=  2.00000e-08
active_supply_charge_c=   -4.85509e-13 from=  2.00000e-13 to=  2.00000e-08
acquired_p          =  1.432938e+00
acquired_n          =  1.442694e+00
cycle0_p            =  1.756566e-07
cycle0_n            =  1.800000e+00
cycle1_p            =  1.800000e+00
cycle1_n            =  1.515075e-07
cycle2_p            =  1.799999e+00
cycle2_n            =  1.077384e-07
cycle3_p            =  1.799930e+00
cycle3_n            =  4.802455e-06
cycle4_p            =  1.799938e+00
cycle4_n            =  4.272755e-06
cycle5_p            =  4.835661e-06
cycle5_n            =  1.799929e+00
cycle6_p            =  1.800000e+00
cycle6_n            =  8.762443e-08
cycle7_p            =  1.244600e-07
cycle7_n            =  1.799999e+00


Total analysis time (seconds) = 115.369

Total elapsed time (seconds) = 150.375 

Total DRAM available = 7943.238 MB.
DRAM currently available =   73.711 MB.
Maximum ngspice program size =  167.180 MB.
Current ngspice program size =   87.633 MB.

Shared ngspice pages =    4.125 MB.
Text (code) pages =    5.316 MB.
Stack = 0 bytes.
Library pages =  149.230 MB.

