
Compatibility modes selected: hs a


Circuit: * signed small-signal extracted latch diagnostic, no structural mos substitution.

option SCALE: Scale is set to 1e-06 for instance and model parameters
option SCALE: Scale is set to 1e-06 for instance and model parameters
Doing analysis at TEMP = 27.000000 and TNOM = 27.000000

Warning: veval: no DC value, transient time 0 value used
Warning: vreset: no DC value, transient time 0 value used

Initial Transient Solution
--------------------------

Node                                   Voltage
----                                   -------
vdd                                        1.8
vdd_active                                 1.8
vss                                          0
sense_p                                0.89975
sense_n                                0.90025
iso_tail                              0.176131
latch_sense_p                           1.1026
latch_sense_n                           1.0974
reset                                        0
eval                                         0
out_p                                      1.8
out_n                                      1.8
tail                                   1.37524
veval#branch                                 0
vreset#branch                                0
vn#branch                                    0
vp#branch                                    0
vss#branch                         1.74136e-11
vactive#branch                    -2.55465e-17
vdd#branch                        -4.00002e-06


No. of Data Rows : 1047

  Measurements for Transient Analysis

op_final            =  1.661703e-02
on_final            =  9.655792e-01
lp_before           =  1.102604e+00
ln_before           =  1.097396e+00

binary raw file "waveform.raw"
Doing analysis at TEMP = 27.000000 and TNOM = 27.000000

Warning: veval: no DC value, transient time 0 value used
Warning: vreset: no DC value, transient time 0 value used

Initial Transient Solution
--------------------------

Node                                   Voltage
----                                   -------
vdd                                        1.8
vdd_active                                 1.8
vss                                          0
sense_p                                0.89975
sense_n                                0.90025
iso_tail                              0.169707
latch_sense_p                         0.015116
latch_sense_n                        0.0152664
reset                                        0
eval                                         0
out_p                                 0.652009
out_n                                 0.652011
tail                                  0.031342
veval#branch                      -0.000682639
vreset#branch                       0.00127075
vn#branch                         -0.000431073
vp#branch                         -0.000430856
vss#branch                          0.00327204
vactive#branch                     -0.00125974
vdd#branch                         -0.00174248


No. of Data Rows : 1058

  Measurements for Transient Analysis

op_final            =  1.420683e-02
on_final            =  1.276691e+00
lp_before           =  8.722810e-01
ln_before           =  8.681718e-01


Total analysis time (seconds) = 0.218

Total elapsed time (seconds) = 0.729 

Total DRAM available = 7943.238 MB.
DRAM currently available =  182.199 MB.
Maximum ngspice program size =   56.656 MB.
Current ngspice program size =   40.875 MB.

Shared ngspice pages =   10.500 MB.
Text (code) pages =    5.316 MB.
Stack = 0 bytes.
Library pages =   38.707 MB.

