
Compatibility modes selected: hs a


Circuit: * signed small-signal extracted latch diagnostic, no structural mos substitution.

option SCALE: Scale is set to 1e-06 for instance and model parameters
option SCALE: Scale is set to 1e-06 for instance and model parameters
Doing analysis at TEMP = -40.000000 and TNOM = 27.000000

Warning: veval: no DC value, transient time 0 value used
Warning: vreset: no DC value, transient time 0 value used
Warning: vn: no DC value, transient time 0 value used
Warning: vp: no DC value, transient time 0 value used

Initial Transient Solution
--------------------------

Node                                   Voltage
----                                   -------
vdd                                       1.75
vdd_active                                 1.8
vss                                          0
sense_p                                0.89975
sense_n                                0.90025
iso_tail                              0.142409
latch_sense_p                          1.10298
latch_sense_n                          1.09702
reset                                        0
eval                                         0
out_p                                     1.75
out_n                                     1.75
tail                                   1.23135
veval#branch                                 0
vreset#branch                                0
vn#branch                                    0
vp#branch                                    0
vss#branch                          1.6091e-11
vactive#branch                          -4e-06
vdd#branch                         -1.3058e-11


No. of Data Rows : 10264

  Measurements for Transient Analysis

op_final            =  1.303444e-02
on_final            =  1.535598e+00
lp_before           =  1.102979e+00
ln_before           =  1.097020e+00

binary raw file "waveform.raw"
Doing analysis at TEMP = -40.000000 and TNOM = 27.000000

Warning: veval: no DC value, transient time 0 value used
Warning: vreset: no DC value, transient time 0 value used
Warning: vn: no DC value, transient time 0 value used
Warning: vp: no DC value, transient time 0 value used

Initial Transient Solution
--------------------------

Node                                   Voltage
----                                   -------
vdd                                       1.75
vdd_active                                 1.8
vss                                          0
sense_p                                0.89975
sense_n                                0.90025
iso_tail                              0.163555
latch_sense_p                        0.0159184
latch_sense_n                        0.0160739
reset                                        0
eval                                         0
out_p                                 0.855117
out_n                                 0.855119
tail                                 0.0491557
veval#branch                      -0.000816558
vreset#branch                       0.00147491
vn#branch                         -0.000527679
vp#branch                         -0.000527404
vss#branch                          0.00456403
vactive#branch                     -0.00228968
vdd#branch                         -0.00188162


No. of Data Rows : 10264

  Measurements for Transient Analysis

op_final            =  1.154659e-02
on_final            =  1.575083e+00
lp_before           =  8.847885e-01
ln_before           =  8.799667e-01


Total analysis time (seconds) = 2.444

Total elapsed time (seconds) = 2.931 

Total DRAM available = 7943.238 MB.
DRAM currently available =  536.602 MB.
Maximum ngspice program size =   61.121 MB.
Current ngspice program size =   45.258 MB.

Shared ngspice pages =   10.375 MB.
Text (code) pages =    5.316 MB.
Stack = 0 bytes.
Library pages =   43.172 MB.

