
Compatibility modes selected: hs a


Circuit: * signed small-signal extracted latch diagnostic, no structural mos substitution.

option SCALE: Scale is set to 1e-06 for instance and model parameters
option SCALE: Scale is set to 1e-06 for instance and model parameters
Doing analysis at TEMP = 27.000000 and TNOM = 27.000000

Warning: veval: no DC value, transient time 0 value used
Warning: vreset: no DC value, transient time 0 value used

Initial Transient Solution
--------------------------

Node                                   Voltage
----                                   -------
vdd                                        1.8
vdd_active                                 1.8
vss                                          0
sense_p                               0.899923
sense_n                               0.900076
iso_tail                              0.178804
latch_sense_p                          1.60023
latch_sense_n                          1.59975
reset                                        0
eval                                         0
out_p                                      1.8
out_n                                      1.8
tail                                   1.41277
veval#branch                                 0
vreset#branch                                0
vn#branch                                    0
vp#branch                                    0
vss#branch                         1.49929e-10
vactive#branch                    -4.00013e-06
vdd#branch                        -1.50218e-11


No. of Data Rows : 1051

  Measurements for Transient Analysis

op_final            =  9.780489e-02
on_final            =  9.782686e-02
lp_before           =  1.600235e+00
ln_before           =  1.599752e+00

binary raw file "waveform.raw"
Doing analysis at TEMP = 27.000000 and TNOM = 27.000000

Warning: veval: no DC value, transient time 0 value used
Warning: vreset: no DC value, transient time 0 value used

Initial Transient Solution
--------------------------

Node                                   Voltage
----                                   -------
vdd                                        1.8
vdd_active                                 1.8
vss                                          0
sense_p                               0.899923
sense_n                               0.900076
iso_tail                              0.449735
latch_sense_p                        0.0878619
latch_sense_n                         0.087894
reset                                        0
eval                                         0
out_p                                 0.596097
out_n                                 0.596098
tail                                  0.327393
veval#branch                        -0.0169769
vreset#branch                        0.0857734
vn#branch                            -0.024924
vp#branch                           -0.0249199
vss#branch                            0.175529
vactive#branch                       -0.104529
vdd#branch                           -0.089957


No. of Data Rows : 1069

  Measurements for Transient Analysis

op_final            =  9.774651e-02
on_final            =  9.776722e-02
lp_before           =  1.579825e+00
ln_before           =  1.579552e+00


Total analysis time (seconds) = 0.114

Total elapsed time (seconds) = 0.427 

Total DRAM available = 7943.234 MB.
DRAM currently available =  346.223 MB.
Maximum ngspice program size =   56.660 MB.
Current ngspice program size =   40.875 MB.

Shared ngspice pages =   10.375 MB.
Text (code) pages =    5.316 MB.
Stack = 0 bytes.
Library pages =   38.711 MB.

