Warning: veval: no DC value, transient time 0 value used
Warning: vreset: no DC value, transient time 0 value used
 Reference value :  2.00000e-13
 Reference value :  6.02676e-10
 Reference value :  1.54268e-09
 Reference value :  3.70268e-09
 Reference value :  5.28268e-09
 Reference value :  7.40268e-09
 Reference value :  8.58561e-09
 Reference value :  1.11056e-08
 Reference value :  1.19856e-08
 Reference value :  1.30856e-08
 Reference value :  1.57056e-08
 Reference value :  1.71256e-08
Warning: veval: no DC value, transient time 0 value used
Warning: vreset: no DC value, transient time 0 value used
 Reference value :  8.52240e-12
 Reference value :  2.62268e-09
 Reference value :  4.60268e-09
 Reference value :  6.20268e-09
 Reference value :  6.88268e-09
 Reference value :  8.22283e-09
 Reference value :  9.56561e-09
 Reference value :  1.44256e-08
 Reference value :  1.98856e-08
Original line no.: 61, new internal line no.: 891:
insertnumber: fails.
  s = ".measure tran decision_diff_v param=   -1.799988379002537e+00   " u=" -1.799988379002537e+00  " id=0
