
Compatibility modes selected: hs a


Circuit: * signed small-signal extracted latch diagnostic, no structural mos substitution.

option SCALE: Scale is set to 1e-06 for instance and model parameters
option SCALE: Scale is set to 1e-06 for instance and model parameters
Doing analysis at TEMP = 27.000000 and TNOM = 27.000000

Warning: veval: no DC value, transient time 0 value used
Warning: vreset: no DC value, transient time 0 value used

Initial Transient Solution
--------------------------

Node                                   Voltage
----                                   -------
vdd                                       1.75
vdd_active                                 1.8
vss                                          0
sense_p                                  0.901
sense_n                                  0.899
iso_tail                              0.176135
latch_sense_p                          1.08958
latch_sense_n                          1.11041
reset                                        0
eval                                         0
out_p                                     1.75
out_n                                     1.75
tail                                   1.33263
veval#branch                                 0
vreset#branch                                0
vn#branch                                    0
vp#branch                                    0
vss#branch                         1.70005e-11
vactive#branch                          -4e-06
vdd#branch                        -1.41497e-11


No. of Data Rows : 1052

  Measurements for Transient Analysis

op_final            =  1.172417e+00
on_final            =  1.530966e-02
lp_before           =  1.089584e+00
ln_before           =  1.110415e+00

binary raw file "waveform.raw"
Doing analysis at TEMP = 27.000000 and TNOM = 27.000000

Warning: veval: no DC value, transient time 0 value used
Warning: vreset: no DC value, transient time 0 value used

Initial Transient Solution
--------------------------

Node                                   Voltage
----                                   -------
vdd                                       1.75
vdd_active                                 1.8
vss                                          0
sense_p                                  0.901
sense_n                                  0.899
iso_tail                              0.183785
latch_sense_p                       0.00985364
latch_sense_n                       0.00927791
reset                                        0
eval                                         0
out_p                                 0.637324
out_n                                 0.637317
tail                                 0.0350352
veval#branch                       -0.00122088
vreset#branch                       0.00222475
vn#branch                         -0.000781737
vp#branch                          -0.00078329
vss#branch                          0.00583084
vactive#branch                     -0.00231052
vdd#branch                         -0.00296316


No. of Data Rows : 1052

  Measurements for Transient Analysis

op_final            =  1.321625e+00
on_final            =  1.354490e-02
lp_before           =  8.633011e-01
ln_before           =  8.798028e-01


Total analysis time (seconds) = 0.126

Total elapsed time (seconds) = 0.455 

Total DRAM available = 7943.238 MB.
DRAM currently available = 1051.223 MB.
Maximum ngspice program size =   56.660 MB.
Current ngspice program size =   40.750 MB.

Shared ngspice pages =   10.250 MB.
Text (code) pages =    5.316 MB.
Stack = 0 bytes.
Library pages =   38.711 MB.

