
No compatibility mode selected!


Circuit: * extracted active converter macro decision-boundary transient.

Option cshunt: 28 capacitors added with 1e-15 F each
Doing analysis at TEMP = 27.000000 and TNOM = 27.000000

Using transient initial conditions

No. of Data Rows : 1031

  Measurements for Transient Analysis

decision_p_v        =  1.796820e+00
decision_n_v        =  1.418260e-04
decision_diff_v     =  -1.79668e+00
supply_charge_c     =   -1.90493e-15 from=  2.00000e-13 to=  2.00000e-08
active_supply_charge_c=   -6.30476e-13 from=  2.00000e-13 to=  2.00000e-08

Doing analysis at TEMP = 27.000000 and TNOM = 27.000000

Using transient initial conditions

No. of Data Rows : 1031

  Measurements for Transient Analysis

decision_p_v        =  1.796820e+00
decision_n_v        =  1.418260e-04
decision_diff_v     =  -1.79668e+00
supply_charge_c     =   -1.90493e-15 from=  2.00000e-13 to=  2.00000e-08
active_supply_charge_c=   -6.30476e-13 from=  2.00000e-13 to=  2.00000e-08


Total analysis time (seconds) = 0.14

Total elapsed time (seconds) = 0.694 

Total DRAM available = 7943.234 MB.
DRAM currently available =  346.152 MB.
Maximum ngspice program size =  118.531 MB.
Current ngspice program size =  102.500 MB.

Shared ngspice pages =   10.375 MB.
Text (code) pages =    5.316 MB.
Stack = 0 bytes.
Library pages =  100.582 MB.

