Warning: veval: no DC value, transient time 0 value used
Warning: vreset: no DC value, transient time 0 value used
 Reference value :  2.00000e-13
 Reference value :  5.12319e-09
 Reference value :  1.02409e-08
 Reference value :  1.35209e-08
 Reference value :  1.80809e-08
Warning: veval: no DC value, transient time 0 value used
Warning: vreset: no DC value, transient time 0 value used
 Reference value :  7.23194e-10
 Reference value :  1.02319e-09
 Reference value :  1.28319e-09
 Reference value :  1.56319e-09
 Reference value :  1.90319e-09
 Reference value :  2.26319e-09
 Reference value :  2.58319e-09
 Reference value :  2.88319e-09
 Reference value :  3.28319e-09
 Reference value :  3.60319e-09
 Reference value :  3.92319e-09
 Reference value :  5.50319e-09
 Reference value :  1.08809e-08
 Reference value :  1.11409e-08
 Reference value :  1.14409e-08
 Reference value :  1.17609e-08
 Reference value :  1.37209e-08
 Reference value :  1.67409e-08
 Reference value :  1.86809e-08
Original line no.: 61, new internal line no.: 865:
insertnumber: fails.
  s = ".measure tran decision_diff_v param=    2.224094909487380e-01   " u="  2.224094909487380e-01  " id=0
