Warning: veval: no DC value, transient time 0 value used
Warning: vreset: no DC value, transient time 0 value used
 Reference value :  2.00000e-13
 Reference value :  2.00000e-11
 Reference value :  2.42804e-10
 Reference value :  2.50280e-09
 Reference value :  4.78280e-09
 Reference value :  6.32280e-09
 Reference value :  8.60563e-09
 Reference value :  1.58456e-08
 Reference value :  1.61656e-08
 Reference value :  1.90856e-08
Warning: veval: no DC value, transient time 0 value used
Warning: vreset: no DC value, transient time 0 value used
 Reference value :  1.82804e-10
 Reference value :  2.70280e-09
 Reference value :  1.09856e-08
 Reference value :  1.44456e-08
Original line no.: 61, new internal line no.: 892:
insertnumber: fails.
  s = ".measure tran decision_diff_v param=   -7.999447057747778e-01   " u=" -7.999447057747778e-01  " id=0
