
No compatibility mode selected!


Circuit: * extracted active converter macro decision-boundary transient.

Option cshunt: 23 capacitors added with 1e-15 F each
Doing analysis at TEMP = 27.000000 and TNOM = 27.000000

Using transient initial conditions

No. of Data Rows : 1031

  Measurements for Transient Analysis

decision_p_v        =  8.173726e-01
decision_n_v        =  1.742786e-02
decision_diff_v     =  -7.99945e-01
supply_charge_c     =   -1.90479e-15 from=  2.00000e-13 to=  2.00000e-08
active_supply_charge_c=   -8.77410e-13 from=  2.00000e-13 to=  2.00000e-08

Doing analysis at TEMP = 27.000000 and TNOM = 27.000000

Using transient initial conditions

No. of Data Rows : 1031

  Measurements for Transient Analysis

decision_p_v        =  8.173726e-01
decision_n_v        =  1.742786e-02
decision_diff_v     =  -7.99945e-01
supply_charge_c     =   -1.90479e-15 from=  2.00000e-13 to=  2.00000e-08
active_supply_charge_c=   -8.77410e-13 from=  2.00000e-13 to=  2.00000e-08


Total analysis time (seconds) = 6.572

Total elapsed time (seconds) = 9.865 

Total DRAM available = 7943.238 MB.
DRAM currently available =  114.172 MB.
Maximum ngspice program size =  118.445 MB.
Current ngspice program size =  102.375 MB.

Shared ngspice pages =   10.125 MB.
Text (code) pages =    5.316 MB.
Stack = 0 bytes.
Library pages =  100.496 MB.

