
Compatibility modes selected: hs a


Circuit: * signed small-signal extracted latch diagnostic, no structural mos substitution.

option SCALE: Scale is set to 1e-06 for instance and model parameters
option SCALE: Scale is set to 1e-06 for instance and model parameters
Doing analysis at TEMP = 27.000000 and TNOM = 27.000000

Warning: veval: no DC value, transient time 0 value used
Warning: vreset: no DC value, transient time 0 value used

Initial Transient Solution
--------------------------

Node                                   Voltage
----                                   -------
vdd                                        1.8
vdd_active                                 1.8
vss                                          0
sense_p                                   0.85
sense_n                                   0.95
iso_tail                              0.190843
latch_sense_p                          1.73634
latch_sense_n                          1.46365
reset                                        0
eval                                         0
out_p                                      1.8
out_n                                      1.8
tail                                   1.41458
veval#branch                                 0
vreset#branch                                0
vn#branch                                    0
vp#branch                                    0
vss#branch                         1.08242e-10
vactive#branch                    -4.00009e-06
vdd#branch                         -1.5031e-11


No. of Data Rows : 1050

  Measurements for Transient Analysis

op_final            =  9.198017e-02
on_final            =  1.050759e-01
lp_before           =  1.736344e+00
ln_before           =  1.463647e+00

binary raw file "waveform.raw"
Doing analysis at TEMP = 27.000000 and TNOM = 27.000000

Warning: veval: no DC value, transient time 0 value used
Warning: vreset: no DC value, transient time 0 value used

Initial Transient Solution
--------------------------

Node                                   Voltage
----                                   -------
vdd                                        1.8
vdd_active                                 1.8
vss                                          0
sense_p                                   0.85
sense_n                                   0.95
iso_tail                              0.335697
latch_sense_p                       -0.0768865
latch_sense_n                       -0.0596404
reset                                        0
eval                                         0
out_p                                 0.481828
out_n                                 0.482658
tail                                  0.183521
veval#branch                        -0.0114587
vreset#branch                        0.0324194
vn#branch                           -0.0119898
vp#branch                           -0.0109011
vss#branch                           0.0970301
vactive#branch                      -0.0551888
vdd#branch                           -0.039915


No. of Data Rows : 1065

  Measurements for Transient Analysis

op_final            =  9.190548e-02
on_final            =  1.050011e-01
lp_before           =  1.728037e+00
ln_before           =  1.458020e+00


Total analysis time (seconds) = 0.33

Total elapsed time (seconds) = 0.746 

Total DRAM available = 7943.230 MB.
DRAM currently available =  992.023 MB.
Maximum ngspice program size =   56.656 MB.
Current ngspice program size =   41.125 MB.

Shared ngspice pages =   10.625 MB.
Text (code) pages =    5.316 MB.
Stack = 0 bytes.
Library pages =   38.707 MB.

