
Compatibility modes selected: hs a


Circuit: * signed small-signal extracted latch diagnostic, no structural mos substitution.

option SCALE: Scale is set to 1e-06 for instance and model parameters
option SCALE: Scale is set to 1e-06 for instance and model parameters
Doing analysis at TEMP = 27.000000 and TNOM = 27.000000

Warning: veval: no DC value, transient time 0 value used
Warning: vreset: no DC value, transient time 0 value used

Initial Transient Solution
--------------------------

Node                                   Voltage
----                                   -------
vdd                                        1.8
vdd_active                                 1.8
vss                                          0
sense_p                               0.900076
sense_n                               0.899923
iso_tail                              0.138746
latch_sense_p                          1.39961
latch_sense_n                          1.40039
reset                                        0
eval                                         0
out_p                                      1.8
out_n                                      1.8
tail                                    1.3896
veval#branch                                 0
vreset#branch                                0
vn#branch                                    0
vp#branch                                    0
vss#branch                         5.82341e-11
vactive#branch                    -8.00004e-06
vdd#branch                        -1.47978e-11


No. of Data Rows : 1051

  Measurements for Transient Analysis

op_final            =  8.701157e-02
on_final            =  8.694088e-02
lp_before           =  1.399607e+00
ln_before           =  1.400388e+00

binary raw file "waveform.raw"
Doing analysis at TEMP = 27.000000 and TNOM = 27.000000

Warning: veval: no DC value, transient time 0 value used
Warning: vreset: no DC value, transient time 0 value used

Initial Transient Solution
--------------------------

Node                                   Voltage
----                                   -------
vdd                                        1.8
vdd_active                                 1.8
vss                                          0
sense_p                               0.900076
sense_n                               0.899923
iso_tail                              0.184134
latch_sense_p                       -0.0974303
latch_sense_n                        -0.097467
reset                                        0
eval                                         0
out_p                                 0.358857
out_n                                 0.358857
tail                                  0.019785
veval#branch                       -0.00104579
vreset#branch                       0.00195041
vn#branch                         -0.000728582
vp#branch                         -0.000728683
vss#branch                          0.00585479
vactive#branch                     -0.00247695
vdd#branch                         -0.00283319


No. of Data Rows : 1056

  Measurements for Transient Analysis

op_final            =  8.700014e-02
on_final            =  8.692932e-02
lp_before           =  1.384183e+00
ln_before           =  1.384994e+00


Total analysis time (seconds) = 0.147

Total elapsed time (seconds) = 0.464 

Total DRAM available = 7943.234 MB.
DRAM currently available =  415.445 MB.
Maximum ngspice program size =   56.656 MB.
Current ngspice program size =   40.875 MB.

Shared ngspice pages =   10.500 MB.
Text (code) pages =    5.316 MB.
Stack = 0 bytes.
Library pages =   38.707 MB.

