
Compatibility modes selected: hs a


Circuit: * signed small-signal extracted latch diagnostic, no structural mos substitution.

option SCALE: Scale is set to 1e-06 for instance and model parameters
option SCALE: Scale is set to 1e-06 for instance and model parameters
Doing analysis at TEMP = 27.000000 and TNOM = 27.000000

Warning: veval: no DC value, transient time 0 value used
Warning: vreset: no DC value, transient time 0 value used

Initial Transient Solution
--------------------------

Node                                   Voltage
----                                   -------
vdd                                        1.8
vdd_active                                 1.8
vss                                          0
sense_p                                   0.95
sense_n                                   0.85
iso_tail                              0.190843
latch_sense_p                          1.46365
latch_sense_n                          1.73634
reset                                        0
eval                                         0
out_p                                      1.8
out_n                                      1.8
tail                                   1.39147
veval#branch                                 0
vreset#branch                                0
vn#branch                                    0
vp#branch                                    0
vss#branch                         1.08018e-10
vactive#branch                    -4.00009e-06
vdd#branch                        -1.48073e-11


No. of Data Rows : 1052

  Measurements for Transient Analysis

op_final            =  1.472551e-01
on_final            =  1.178561e-01
lp_before           =  1.463647e+00
ln_before           =  1.736344e+00

binary raw file "waveform.raw"
Doing analysis at TEMP = 27.000000 and TNOM = 27.000000

Warning: veval: no DC value, transient time 0 value used
Warning: vreset: no DC value, transient time 0 value used

Initial Transient Solution
--------------------------

Node                                   Voltage
----                                   -------
vdd                                        1.8
vdd_active                                 1.8
vss                                          0
sense_p                                   0.95
sense_n                                   0.85
iso_tail                               0.15735
latch_sense_p                       -0.0590561
latch_sense_n                       -0.0851856
reset                                        0
eval                                         0
out_p                                 0.563192
out_n                                 0.562809
tail                                 0.0301182
veval#branch                      -0.000559447
vreset#branch                       0.00103622
vn#branch                         -0.000362635
vp#branch                         -0.000398397
vss#branch                          0.00383588
vactive#branch                     -0.00208683
vdd#branch                          -0.0014688


No. of Data Rows : 1050

  Measurements for Transient Analysis

op_final            =  1.472323e-01
on_final            =  1.178318e-01
lp_before           =  1.458706e+00
ln_before           =  1.732144e+00


Total analysis time (seconds) = 0.273

Total elapsed time (seconds) = 0.724 

Total DRAM available = 7943.230 MB.
DRAM currently available = 1271.000 MB.
Maximum ngspice program size =   56.652 MB.
Current ngspice program size =   40.875 MB.

Shared ngspice pages =   10.500 MB.
Text (code) pages =    5.316 MB.
Stack = 0 bytes.
Library pages =   38.703 MB.

