
No compatibility mode selected!


Circuit: * extracted active converter macro decision-boundary transient.

Option cshunt: 28 capacitors added with 1e-15 F each
Doing analysis at TEMP = 27.000000 and TNOM = 27.000000

Using transient initial conditions

No. of Data Rows : 1031

  Measurements for Transient Analysis

decision_p_v        =  1.246115e-01
decision_n_v        =  1.175600e-01
decision_diff_v     =  -7.05147e-03
supply_charge_c     =   -1.90506e-15 from=  2.00000e-13 to=  2.00000e-08
active_supply_charge_c=   -1.15357e-12 from=  2.00000e-13 to=  2.00000e-08

Doing analysis at TEMP = 27.000000 and TNOM = 27.000000

Using transient initial conditions

No. of Data Rows : 1031

  Measurements for Transient Analysis

decision_p_v        =  1.246115e-01
decision_n_v        =  1.175600e-01
decision_diff_v     =  -7.05147e-03
supply_charge_c     =   -1.90506e-15 from=  2.00000e-13 to=  2.00000e-08
active_supply_charge_c=   -1.15357e-12 from=  2.00000e-13 to=  2.00000e-08


Total analysis time (seconds) = 0.142

Total elapsed time (seconds) = 0.625 

Total DRAM available = 7943.234 MB.
DRAM currently available =  383.934 MB.
Maximum ngspice program size =  118.527 MB.
Current ngspice program size =  102.500 MB.

Shared ngspice pages =   10.125 MB.
Text (code) pages =    5.316 MB.
Stack = 0 bytes.
Library pages =  100.578 MB.

