
Compatibility modes selected: hs a


Circuit: * signed small-signal extracted latch diagnostic, no structural mos substitution.

option SCALE: Scale is set to 1e-06 for instance and model parameters
option SCALE: Scale is set to 1e-06 for instance and model parameters
Doing analysis at TEMP = 25.000000 and TNOM = 27.000000

Warning: vcap: no DC value, transient time 0 value used
Warning: veqreset: no DC value, transient time 0 value used
Warning: veval: no DC value, transient time 0 value used
Warning: vreset: no DC value, transient time 0 value used
Warning: vn: no DC value, transient time 0 value used
Warning: vp: no DC value, transient time 0 value used

Initial Transient Solution
--------------------------

Node                                   Voltage
----                                   -------
vdd                                       1.75
vdd_active                                 1.8
vss                                          0
sense_p                                0.89975
sense_n                                0.90025
iso_tail                               0.17521
latch_sense_p                          1.10058
latch_sense_n                          1.09942
reset                                        0
eval                                         0
eq_reset                                     0
rx_p                               7.57342e-08
out_p                                     1.75
vdd_capture                                1.8
out_n                                     1.75
rx_n                               7.57342e-08
captured_q                                 1.8
tail                                   1.32988
capture_clk                                  0
vcap#branch                                  0
vdcap#branch                      -2.90856e-11
veqreset#branch                              0
veval#branch                                 0
vreset#branch                                0
vn#branch                                    0
vp#branch                                    0
vss#branch                         1.25131e-10
vactive#branch                    -4.00008e-06
vdd#branch                        -1.40494e-11


No. of Data Rows : 10357

  Measurements for Transient Analysis

op_final            =  1.632149e-02
on_final            =  1.553623e+00
lp_before           =  1.114730e+00
ln_before           =  1.110982e+00

binary raw file "waveform.raw"
Doing analysis at TEMP = 25.000000 and TNOM = 27.000000

Warning: vcap: no DC value, transient time 0 value used
Warning: veqreset: no DC value, transient time 0 value used
Warning: veval: no DC value, transient time 0 value used
Warning: vreset: no DC value, transient time 0 value used
Warning: vn: no DC value, transient time 0 value used
Warning: vp: no DC value, transient time 0 value used

Initial Transient Solution
--------------------------

Node                                   Voltage
----                                   -------
vdd                                       1.75
vdd_active                                 1.8
vss                                          0
sense_p                                0.89975
sense_n                                0.90025
iso_tail                              0.160939
latch_sense_p                         0.444154
latch_sense_n                         0.444234
reset                                        0
eval                                         0
eq_reset                                     0
rx_p                                  0.780763
out_p                                 0.880668
vdd_capture                                1.8
out_n                                 0.881087
rx_n                                  0.877893
captured_q                            0.788507
tail                                  0.064828
capture_clk                                  0
vcap#branch                        0.000201811
vdcap#branch                       -0.00152319
veqreset#branch                    0.000385469
veval#branch                      -0.000869958
vreset#branch                       0.00158979
vn#branch                          -0.00046064
vp#branch                         -0.000460361
vss#branch                          0.00703915
vactive#branch                     -0.00393057
vdd#branch                          -0.0019755


No. of Data Rows : 10361

  Measurements for Transient Analysis

op_final            =  1.416304e-02
on_final            =  1.593402e+00
lp_before           =  9.269280e-01
ln_before           =  9.248071e-01


Total analysis time (seconds) = 44.14

Total elapsed time (seconds) = 48.461 

Total DRAM available = 7943.238 MB.
DRAM currently available =  413.797 MB.
Maximum ngspice program size =  103.355 MB.
Current ngspice program size =   87.297 MB.

Shared ngspice pages =   10.125 MB.
Text (code) pages =    5.316 MB.
Stack = 0 bytes.
Library pages =   85.406 MB.

