
Compatibility modes selected: hs a


Circuit: * signed small-signal extracted latch diagnostic, no structural mos substitution.

option SCALE: Scale is set to 1e-06 for instance and model parameters
option SCALE: Scale is set to 1e-06 for instance and model parameters
Doing analysis at TEMP = 25.000000 and TNOM = 27.000000

Warning: vd: no DC value, transient time 0 value used
Warning: vclk: no DC value, transient time 0 value used

Initial Transient Solution
--------------------------

Node                                   Voltage
----                                   -------
vdd                                        1.8
clk                                          0
d                                            0
q                                  2.67658e-09
vd#branch                                    0
vclk#branch                                  0
vdd#branch                        -3.16101e-11


No. of Data Rows : 10105

  Measurements for Transient Analysis

capture_q           =  2.679200e-09

binary raw file "waveform.raw"
Doing analysis at TEMP = 25.000000 and TNOM = 27.000000

Warning: vd: no DC value, transient time 0 value used
Warning: vclk: no DC value, transient time 0 value used

Initial Transient Solution
--------------------------

Node                                   Voltage
----                                   -------
vdd                                        1.8
clk                                          0
d                                            0
q                                     0.753807
vd#branch                           8.7213e-05
vclk#branch                        0.000142441
vdd#branch                         -0.00103098


No. of Data Rows : 10119

  Measurements for Transient Analysis

capture_q           =  5.113570e-09


Total analysis time (seconds) = 4.895

Total elapsed time (seconds) = 6.363 

Total DRAM available = 7943.238 MB.
DRAM currently available =  795.781 MB.
Maximum ngspice program size =   96.148 MB.
Current ngspice program size =   79.281 MB.

Shared ngspice pages =    9.250 MB.
Text (code) pages =    5.316 MB.
Stack = 0 bytes.
Library pages =   78.199 MB.

