{
  "status": "repeated_diagnostic_pass",
  "waveform_legal": true,
  "waveform_legality_scope": [
    "v(out_p)",
    "v(out_n)"
  ],
  "node_voltage_extrema_v": {
    "v(out_p)": [
      0.003568497906345676,
      1.7850559078349135
    ],
    "v(out_n)": [
      0.003577069576339867,
      1.7850599512707122
    ],
    "v(latch_sense_p)": [
      0.9717885575454789,
      1.241190965834438
    ],
    "v(latch_sense_n)": [
      0.9678658350915696,
      1.241180563807927
    ],
    "v(iso_tail)": [
      0.1453720590396833,
      0.14671568372453958
    ],
    "v(tail)": [
      0.0062893806340630805,
      1.3881586875375078
    ],
    "v(sense_p)": [
      0.89975,
      0.9002500000000001
    ],
    "v(sense_n)": [
      0.89975,
      0.9002500000000001
    ]
  },
  "rows": [
    {
      "cycle": 0,
      "input_diff_mv": -0.5,
      "sample_outputs_v": [
        0.014029988193656742,
        1.57543791865115
      ],
      "applied_input_diff_mv": -0.5,
      "sample_polarity_pass": true,
      "hold_min_signed_diff_v": 1.5546666241909302,
      "hold_margin_pass": true,
      "reset_outputs_v": [
        1.749999923034826,
        1.7499999230348267
      ],
      "reset_pass": true,
      "pass": true
    },
    {
      "cycle": 1,
      "input_diff_mv": 0.5,
      "sample_outputs_v": [
        1.5714777888349871,
        0.014229749651138341
      ],
      "applied_input_diff_mv": 0.5,
      "sample_polarity_pass": true,
      "hold_min_signed_diff_v": 1.551670542882545,
      "hold_margin_pass": true,
      "reset_outputs_v": [
        1.7486485855059728,
        1.7486522980707664
      ],
      "reset_pass": true,
      "pass": true
    },
    {
      "cycle": 2,
      "input_diff_mv": -0.5,
      "sample_outputs_v": [
        0.014214035373388582,
        1.5717812511937213
      ],
      "applied_input_diff_mv": -0.5,
      "sample_polarity_pass": true,
      "hold_min_signed_diff_v": 1.551894932793162,
      "hold_margin_pass": true,
      "reset_outputs_v": [
        1.7486522745475346,
        1.7486485232419722
      ],
      "reset_pass": true,
      "pass": true
    },
    {
      "cycle": 3,
      "input_diff_mv": 0.5,
      "sample_outputs_v": [
        1.5714782489763257,
        0.014229725215063143
      ],
      "applied_input_diff_mv": 0.5,
      "sample_polarity_pass": true,
      "hold_min_signed_diff_v": 1.5516708769058936,
      "hold_margin_pass": true,
      "reset_outputs_v": [
        1.7486486064632663,
        1.7486523177399937
      ],
      "reset_pass": true,
      "pass": true
    }
  ],
  "accepted_converter": false,
  "boundary": "Nominal TT ideal-source sub-block simulation; see contract for receiver view and physical integration limits."
}
/home/mehtama1/git-repo/ai-hardware-analysis/analog-digital-chip-design-eda/evidence/aimc-simulator-adapters/latch-repeated-readout/20260910T055431112635Z
