{
  "status": "repeated_diagnostic_pass",
  "waveform_legal": true,
  "waveform_legality_scope": [
    "v(out_p)",
    "v(out_n)"
  ],
  "node_voltage_extrema_v": {
    "v(out_p)": [
      0.0071109563968888845,
      1.78263735012418
    ],
    "v(out_n)": [
      0.007116115100019733,
      1.7826404654285468
    ],
    "v(latch_sense_p)": [
      0.9637184133258724,
      1.259758269156932
    ],
    "v(latch_sense_n)": [
      0.9592811196327835,
      1.2597513232699993
    ],
    "v(iso_tail)": [
      0.14164761424261937,
      0.14313227060748787
    ],
    "v(tail)": [
      0.008260291654168656,
      1.3079550413378507
    ],
    "v(sense_p)": [
      0.89975,
      0.9002500000000001
    ],
    "v(sense_n)": [
      0.89975,
      0.9002500000000001
    ]
  },
  "rows": [
    {
      "cycle": 0,
      "input_diff_mv": -0.5,
      "sample_outputs_v": [
        0.013034436494595649,
        1.5355979276253484
      ],
      "applied_input_diff_mv": -0.5,
      "sample_polarity_pass": true,
      "hold_min_signed_diff_v": 1.512646812717322,
      "hold_margin_pass": true,
      "reset_outputs_v": [
        1.7499999431113098,
        1.7499999431113213
      ],
      "reset_pass": true,
      "pass": true
    },
    {
      "cycle": 1,
      "input_diff_mv": 0.5,
      "sample_outputs_v": [
        1.5321881319807464,
        0.01315657302512669
      ],
      "applied_input_diff_mv": 0.5,
      "sample_polarity_pass": true,
      "hold_min_signed_diff_v": 1.5100237236345622,
      "hold_margin_pass": true,
      "reset_outputs_v": [
        1.7492211918752798,
        1.7492235188083272
      ],
      "reset_pass": true,
      "pass": true
    },
    {
      "cycle": 2,
      "input_diff_mv": -0.5,
      "sample_outputs_v": [
        0.01315041489961702,
        1.532357852257883
      ],
      "applied_input_diff_mv": -0.5,
      "sample_polarity_pass": true,
      "hold_min_signed_diff_v": 1.5101496326442505,
      "hold_margin_pass": true,
      "reset_outputs_v": [
        1.7492235029242988,
        1.7492211602418575
      ],
      "reset_pass": true,
      "pass": true
    },
    {
      "cycle": 3,
      "input_diff_mv": 0.5,
      "sample_outputs_v": [
        1.5321880706226763,
        0.013156575053190421
      ],
      "applied_input_diff_mv": 0.5,
      "sample_polarity_pass": true,
      "hold_min_signed_diff_v": 1.5100236749372504,
      "hold_margin_pass": true,
      "reset_outputs_v": [
        1.7492211974388503,
        1.7492235240614264
      ],
      "reset_pass": true,
      "pass": true
    }
  ],
  "accepted_converter": false,
  "boundary": "Nominal TT ideal-source sub-block simulation; see contract for receiver view and physical integration limits."
}
/home/mehtama1/git-repo/ai-hardware-analysis/analog-digital-chip-design-eda/evidence/aimc-simulator-adapters/latch-repeated-readout/20260910T055439356240Z
