
Compatibility modes selected: hs a


Circuit: * signed small-signal extracted latch diagnostic, no structural mos substitution.

option SCALE: Scale is set to 1e-06 for instance and model parameters
option SCALE: Scale is set to 1e-06 for instance and model parameters
Doing analysis at TEMP = 27.000000 and TNOM = 27.000000

Warning: veval: no DC value, transient time 0 value used
Warning: vreset: no DC value, transient time 0 value used
Warning: vn: no DC value, transient time 0 value used
Warning: vp: no DC value, transient time 0 value used

Initial Transient Solution
--------------------------

Node                                   Voltage
----                                   -------
vdd                                       1.75
vdd_active                                 1.8
vss                                          0
sense_p                                0.89975
sense_n                                0.90025
iso_tail                              0.177077
latch_sense_p                          1.05571
latch_sense_n                          1.14429
reset                                        0
eval                                         0
rx_p                               7.43619e-08
out_p                                     1.75
out_n                                     1.75
rx_n                                3.6623e-08
tail                                   1.33053
veval#branch                                 0
vreset#branch                                0
vn#branch                                    0
vp#branch                                    0
vss#branch                         7.43855e-11
vactive#branch                    -4.00006e-06
vdd#branch                        -1.40484e-11


No. of Data Rows : 10248

  Measurements for Transient Analysis

op_final            =  1.595915e+00
on_final            =  1.423189e-02
lp_before           =  1.055712e+00
ln_before           =  1.144287e+00

binary raw file "waveform.raw"
Doing analysis at TEMP = 27.000000 and TNOM = 27.000000

Warning: veval: no DC value, transient time 0 value used
Warning: vreset: no DC value, transient time 0 value used
Warning: vn: no DC value, transient time 0 value used
Warning: vp: no DC value, transient time 0 value used

Initial Transient Solution
--------------------------

Node                                   Voltage
----                                   -------
vdd                                       1.75
vdd_active                                 1.8
vss                                          0
sense_p                                0.89975
sense_n                                0.90025
iso_tail                              0.176478
latch_sense_p                        0.0204643
latch_sense_n                        0.0189275
reset                                        0
eval                                         0
rx_p                                  0.783297
out_p                                 0.870562
out_n                                 0.872218
rx_n                                  0.800086
tail                                 0.0561412
veval#branch                      -0.000870526
vreset#branch                       0.00159481
vn#branch                         -0.000554385
vp#branch                         -0.000558176
vss#branch                          0.00500909
vactive#branch                     -0.00263792
vdd#branch                         -0.00198689


No. of Data Rows : 10251

  Measurements for Transient Analysis

op_final            =  1.624367e+00
on_final            =  1.254833e-02
lp_before           =  8.355033e-01
ln_before           =  9.053560e-01


Total analysis time (seconds) = 6.809

Total elapsed time (seconds) = 7.822 

Total DRAM available = 7943.238 MB.
DRAM currently available =  156.113 MB.
Maximum ngspice program size =   62.711 MB.
Current ngspice program size =   46.719 MB.

Shared ngspice pages =   10.250 MB.
Text (code) pages =    5.316 MB.
Stack = 0 bytes.
Library pages =   44.762 MB.

