
Compatibility modes selected: hs a


Circuit: * signed small-signal extracted latch diagnostic, no structural mos substitution.

option SCALE: Scale is set to 1e-06 for instance and model parameters
option SCALE: Scale is set to 1e-06 for instance and model parameters
Doing analysis at TEMP = 27.000000 and TNOM = 27.000000

Warning: veval: no DC value, transient time 0 value used
Warning: vreset: no DC value, transient time 0 value used

Initial Transient Solution
--------------------------

Node                                   Voltage
----                                   -------
vdd                                        1.8
vdd_active                                 1.8
vss                                          0
sense_p                               0.900076
sense_n                               0.899924
iso_tail                              0.178804
latch_sense_p                          1.59975
latch_sense_n                          1.60023
reset                                        0
eval                                         0
out_p                                      1.8
out_n                                      1.8
tail                                    1.3753
veval#branch                                 0
vreset#branch                                0
vn#branch                                    0
vp#branch                                    0
vss#branch                         1.49579e-10
vactive#branch                    -4.00013e-06
vdd#branch                         -1.4672e-11


No. of Data Rows : 1050

  Measurements for Transient Analysis

op_final            =  1.190515e-01
on_final            =  1.189921e-01
lp_before           =  1.599752e+00
ln_before           =  1.600235e+00

binary raw file "waveform.raw"
Doing analysis at TEMP = 27.000000 and TNOM = 27.000000

Warning: veval: no DC value, transient time 0 value used
Warning: vreset: no DC value, transient time 0 value used

Initial Transient Solution
--------------------------

Node                                   Voltage
----                                   -------
vdd                                        1.8
vdd_active                                 1.8
vss                                          0
sense_p                               0.900076
sense_n                               0.899924
iso_tail                              0.187628
latch_sense_p                        0.0145488
latch_sense_n                        0.0145053
reset                                        0
eval                                         0
out_p                                 0.639381
out_n                                  0.63938
tail                                 0.0376985
veval#branch                       -0.00148465
vreset#branch                       0.00282838
vn#branch                         -0.000953592
vp#branch                         -0.000953738
vss#branch                          0.00713798
vactive#branch                     -0.00284153
vdd#branch                         -0.00373684


No. of Data Rows : 1058

  Measurements for Transient Analysis

op_final            =  1.190465e-01
on_final            =  1.189870e-01
lp_before           =  1.587312e+00
ln_before           =  1.587791e+00


Total analysis time (seconds) = 0.289

Total elapsed time (seconds) = 0.747 

Total DRAM available = 7943.230 MB.
DRAM currently available = 1249.418 MB.
Maximum ngspice program size =   56.656 MB.
Current ngspice program size =   39.875 MB.

Shared ngspice pages =    9.500 MB.
Text (code) pages =    5.316 MB.
Stack = 0 bytes.
Library pages =   38.707 MB.

