
No compatibility mode selected!


Circuit: * candidate 8-bit reference dac: ideal resistors, sky130 transmission gates.

Doing analysis at TEMP = 27.000000 and TNOM = 27.000000


No. of Data Rows : 1
REF_CODE_0
v(n0) = 2.410871275213501e-10
i(vref) = -2.46331269042374e-11
i(vdd) = -1.01541192121246e-10
Doing analysis at TEMP = 27.000000 and TNOM = 27.000000


No. of Data Rows : 1
REF_CODE_1
v(n0) = 4.631355558919169e-03
i(vref) = -3.98160760644289e-05
i(vdd) = -9.91335694089379e-11
Doing analysis at TEMP = 27.000000 and TNOM = 27.000000


No. of Data Rows : 1
REF_CODE_2
v(n0) = 9.260496678375961e-03
i(vref) = -3.98127259895719e-05
i(vdd) = -9.91244725190299e-11
Doing analysis at TEMP = 27.000000 and TNOM = 27.000000


No. of Data Rows : 1
REF_CODE_3
v(n0) = 1.390548937556177e-02
i(vref) = -5.97862506682631e-05
i(vdd) = -9.67296936993378e-11
Doing analysis at TEMP = 27.000000 and TNOM = 27.000000


No. of Data Rows : 1
REF_CODE_4
v(n0) = 1.851546425126231e-02
i(vref) = -3.98052655025629e-05
i(vdd) = -9.91201704048095e-11
Doing analysis at TEMP = 27.000000 and TNOM = 27.000000


No. of Data Rows : 1
REF_CODE_5
v(n0) = 2.315819857725299e-02
i(vref) = -6.96982470328612e-05
i(vdd) = -9.67197641421613e-11
Doing analysis at TEMP = 27.000000 and TNOM = 27.000000


No. of Data Rows : 1
REF_CODE_6
v(n0) = 2.780323991555497e-02
i(vref) = -5.97667508627849e-05
i(vdd) = -9.67163779619362e-11
Doing analysis at TEMP = 27.000000 and TNOM = 27.000000


No. of Data Rows : 1
REF_CODE_7
v(n0) = 3.245955028341802e-02
i(vref) = -6.97779783811157e-05
i(vdd) = -9.43284131360578e-11
Doing analysis at TEMP = 27.000000 and TNOM = 27.000000


No. of Data Rows : 1
REF_CODE_8
v(n0) = 3.701939599766969e-02
i(vref) = -3.97769260740492e-05
i(vdd) = -9.91180540421688e-11
Doing analysis at TEMP = 27.000000 and TNOM = 27.000000


No. of Data Rows : 1
REF_CODE_9
v(n0) = 4.166101151712082e-02
i(vref) = -7.46240042485084e-05
i(vdd) = -9.67142685381894e-11
Doing analysis at TEMP = 27.000000 and TNOM = 27.000000


No. of Data Rows : 1
REF_CODE_10
v(n0) = 4.630267784816251e-02
i(vref) = -6.96515899472490e-05
i(vdd) = -9.67088631398383e-11
Doing analysis at TEMP = 27.000000 and TNOM = 27.000000


No. of Data Rows : 1
REF_CODE_11
v(n0) = 5.095791163794817e-02
i(vref) = -8.46389296895542e-05
i(vdd) = -9.43172415168725e-11
Doing analysis at TEMP = 27.000000 and TNOM = 27.000000


No. of Data Rows : 1
REF_CODE_12
v(n0) = 5.558948010691210e-02
i(vref) = -5.97021776421667e-05
i(vdd) = -9.67092586567908e-11
Doing analysis at TEMP = 27.000000 and TNOM = 27.000000


No. of Data Rows : 1
REF_CODE_13
v(n0) = 6.024241172984499e-02
i(vref) = -8.46089650639054e-05
i(vdd) = -9.43128145025618e-11
Doing analysis at TEMP = 27.000000 and TNOM = 27.000000


No. of Data Rows : 1
REF_CODE_14
v(n0) = 6.489991823551580e-02
i(vref) = -6.96863133811628e-05
i(vdd) = -9.43132655306655e-11
Doing analysis at TEMP = 27.000000 and TNOM = 27.000000


No. of Data Rows : 1
REF_CODE_15
v(n0) = 6.956640703384681e-02
i(vref) = -7.46942483232302e-05
i(vdd) = -9.19276946231840e-11
Doing analysis at TEMP = 27.000000 and TNOM = 27.000000


No. of Data Rows : 1
REF_CODE_16
v(n0) = 7.401607820274678e-02
i(vref) = -3.96640102393400e-05
i(vdd) = -9.91168605524173e-11
Doing analysis at TEMP = 27.000000 and TNOM = 27.000000


No. of Data Rows : 1
REF_CODE_17
v(n0) = 7.865718048361331e-02
i(vref) = -7.69809308634878e-05
i(vdd) = -9.67114374694766e-11
Doing analysis at TEMP = 27.000000 and TNOM = 27.000000


No. of Data Rows : 1
REF_CODE_18
v(n0) = 8.329720633949983e-02
i(vref) = -7.44790203292962e-05
i(vdd) = -9.67039989752116e-11
Doing analysis at TEMP = 27.000000 and TNOM = 27.000000


No. of Data Rows : 1
REF_CODE_19
v(n0) = 8.795194937568682e-02
i(vref) = -9.19453697149804e-05
i(vdd) = -9.43113295792664e-11
Doing analysis at TEMP = 27.000000 and TNOM = 27.000000


No. of Data Rows : 1
REF_CODE_20
v(n0) = 9.257735722932846e-02
i(vref) = -6.94743579077422e-05
i(vdd) = -9.67030691634285e-11
Doing analysis at TEMP = 27.000000 and TNOM = 27.000000


No. of Data Rows : 1
REF_CODE_21
v(n0) = 9.722981651227669e-02
i(vref) = -9.68607691642781e-05
i(vdd) = -9.43042033352270e-11
Doing analysis at TEMP = 27.000000 and TNOM = 27.000000


No. of Data Rows : 1
REF_CODE_22
v(n0) = 1.018857259245231e-01
i(vref) = -8.44208210353455e-05
i(vdd) = -9.43019273780266e-11
Doing analysis at TEMP = 27.000000 and TNOM = 27.000000


No. of Data Rows : 1
REF_CODE_23
v(n0) = 1.065517646427554e-01
i(vref) = -9.19174906920082e-05
i(vdd) = -9.19157666645631e-11
Doing analysis at TEMP = 27.000000 and TNOM = 27.000000


No. of Data Rows : 1
REF_CODE_24
v(n0) = 1.111452975556354e-01
i(vref) = -5.94473907511144e-05
i(vdd) = -9.67064830992292e-11
Doing analysis at TEMP = 27.000000 and TNOM = 27.000000


No. of Data Rows : 1
REF_CODE_25
v(n0) = 1.157965936033934e-01
i(vref) = -9.17872699008893e-05
i(vdd) = -9.43044878298771e-11
Doing analysis at TEMP = 27.000000 and TNOM = 27.000000


No. of Data Rows : 1
REF_CODE_26
v(n0) = 1.204490840932251e-01
i(vref) = -8.43069976995328e-05
i(vdd) = -9.42999359154761e-11
Doing analysis at TEMP = 27.000000 and TNOM = 27.000000


No. of Data Rows : 1
REF_CODE_27
v(n0) = 1.251140017761318e-01
i(vref) = -9.67791129584082e-05
i(vdd) = -9.19106943331194e-11
Doing analysis at TEMP = 27.000000 and TNOM = 27.000000


No. of Data Rows : 1
REF_CODE_28
v(n0) = 1.297609484476834e-01
i(vref) = -6.93381150832586e-05
i(vdd) = -9.43052927415700e-11
Doing analysis at TEMP = 27.000000 and TNOM = 27.000000


No. of Data Rows : 1
REF_CODE_29
v(n0) = 1.344235389096664e-01
i(vref) = -9.17303211071963e-05
i(vdd) = -9.19087791984019e-11
Doing analysis at TEMP = 27.000000 and TNOM = 27.000000


No. of Data Rows : 1
REF_CODE_30
v(n0) = 1.390918530857048e-01
i(vref) = -7.42899771192328e-05
i(vdd) = -9.19108678054670e-11
Doing analysis at TEMP = 27.000000 and TNOM = 27.000000


No. of Data Rows : 1
REF_CODE_31
v(n0) = 1.437680041047961e-01
i(vref) = -7.67753617751353e-05
i(vdd) = -8.95277671442152e-11
Doing analysis at TEMP = 27.000000 and TNOM = 27.000000


No. of Data Rows : 1
REF_CODE_32
v(n0) = 1.479915703087160e-01
i(vref) = -3.92127025765162e-05
i(vdd) = -9.91169438191442e-11
Doing analysis at TEMP = 27.000000 and TNOM = 27.000000


No. of Data Rows : 1
REF_CODE_33
v(n0) = 1.526325989695548e-01
i(vref) = -7.77505596450609e-05
i(vdd) = -9.67099386683934e-11
Doing analysis at TEMP = 27.000000 and TNOM = 27.000000


No. of Data Rows : 1
REF_CODE_34
v(n0) = 1.572719932744433e-01
i(vref) = -7.64694628933806e-05
i(vdd) = -9.67020977182820e-11
Doing analysis at TEMP = 27.000000 and TNOM = 27.000000


No. of Data Rows : 1
REF_CODE_35
v(n0) = 1.619266745972107e-01
i(vref) = -9.51608338996789e-05
i(vdd) = -9.43085470828109e-11
Doing analysis at TEMP = 27.000000 and TNOM = 27.000000


No. of Data Rows : 1
REF_CODE_36
v(n0) = 1.665492110524990e-01
i(vref) = -7.39069344819704e-05
i(vdd) = -9.66996274720522e-11
Doing analysis at TEMP = 27.000000 and TNOM = 27.000000


No. of Data Rows : 1
REF_CODE_37
v(n0) = 1.712016183343242e-01
i(vref) = -1.02518226572612e-04
i(vdd) = -9.42995612152053e-11
Doing analysis at TEMP = 27.000000 and TNOM = 27.000000


No. of Data Rows : 1
REF_CODE_38
v(n0) = 1.758569196340917e-01
i(vref) = -9.13042342510940e-05
i(vdd) = -9.42972644413231e-11
Doing analysis at TEMP = 27.000000 and TNOM = 27.000000


No. of Data Rows : 1
REF_CODE_39
v(n0) = 1.805229181739470e-01
i(vref) = -1.00029843002513e-04
i(vdd) = -9.19095077822618e-11
Doing analysis at TEMP = 27.000000 and TNOM = 27.000000


No. of Data Rows : 1
REF_CODE_40
v(n0) = 1.851046236951177e-01
i(vref) = -6.87681611324561e-05
i(vdd) = -9.67007932062280e-11
Doing analysis at TEMP = 27.000000 and TNOM = 27.000000


No. of Data Rows : 1
REF_CODE_41
v(n0) = 1.897558870556173e-01
i(vref) = -1.02333536546685e-04
i(vdd) = -9.42977362861086e-11
Doing analysis at TEMP = 27.000000 and TNOM = 27.000000


No. of Data Rows : 1
REF_CODE_42
v(n0) = 1.944077860706107e-01
i(vref) = -9.60792380730612e-05
i(vdd) = -9.42927333436039e-11
Doing analysis at TEMP = 27.000000 and TNOM = 27.000000


No. of Data Rows : 1
REF_CODE_43
v(n0) = 1.990726829328481e-01
i(vref) = -1.09780926244958e-04
i(vdd) = -9.19012851929857e-11
Doing analysis at TEMP = 27.000000 and TNOM = 27.000000


No. of Data Rows : 1
REF_CODE_44
v(n0) = 2.037168034958727e-01
i(vref) = -8.35646019162749e-05
i(vdd) = -9.42956407401496e-11
Doing analysis at TEMP = 27.000000 and TNOM = 27.000000


No. of Data Rows : 1
REF_CODE_45
v(n0) = 2.083793826256511e-01
i(vref) = -1.07186220269537e-04
i(vdd) = -9.18988635190132e-11
Doing analysis at TEMP = 27.000000 and TNOM = 27.000000


No. of Data Rows : 1
REF_CODE_46
v(n0) = 2.130471285737057e-01
i(vref) = -9.09769644535235e-05
i(vdd) = -9.18998696586293e-11
Doing analysis at TEMP = 27.000000 and TNOM = 27.000000


No. of Data Rows : 1
REF_CODE_47
v(n0) = 2.177232800436998e-01
i(vref) = -9.46958112990337e-05
i(vdd) = -8.95157420410797e-11
Doing analysis at TEMP = 27.000000 and TNOM = 27.000000


No. of Data Rows : 1
REF_CODE_48
v(n0) = 2.222321556945464e-01
i(vref) = -5.84296592699450e-05
i(vdd) = -9.67052618539022e-11
Doing analysis at TEMP = 27.000000 and TNOM = 27.000000


No. of Data Rows : 1
REF_CODE_49
v(n0) = 2.268828602237045e-01
i(vref) = -9.44643734433689e-05
i(vdd) = -9.43009628717739e-11
Doing analysis at TEMP = 27.000000 and TNOM = 27.000000


No. of Data Rows : 1
REF_CODE_50
v(n0) = 2.315330723482222e-01
i(vref) = -9.06803883126793e-05
i(vdd) = -9.42941211223847e-11
Doing analysis at TEMP = 27.000000 and TNOM = 27.000000


No. of Data Rows : 1
REF_CODE_51
v(n0) = 2.361974327938264e-01
i(vref) = -1.06860571339918e-04
i(vdd) = -9.19020554102090e-11
Doing analysis at TEMP = 27.000000 and TNOM = 27.000000


No. of Data Rows : 1
REF_CODE_52
v(n0) = 2.408353475289294e-01
i(vref) = -8.31110548879003e-05
i(vdd) = -9.42951203231068e-11
Doing analysis at TEMP = 27.000000 and TNOM = 27.000000


No. of Data Rows : 1
REF_CODE_53
v(n0) = 2.454974087133351e-01
i(vref) = -1.09211775283119e-04
i(vdd) = -9.18968165453116e-11
Doing analysis at TEMP = 27.000000 and TNOM = 27.000000


No. of Data Rows : 1
REF_CODE_54
v(n0) = 2.501635111109030e-01
i(vref) = -9.54850120915416e-05
i(vdd) = -9.18962406171175e-11
Doing analysis at TEMP = 27.000000 and TNOM = 27.000000


No. of Data Rows : 1
REF_CODE_55
v(n0) = 2.548391668270695e-01
i(vref) = -1.01692060946361e-04
i(vdd) = -8.95103019482590e-11
Doing analysis at TEMP = 27.000000 and TNOM = 27.000000


No. of Data Rows : 1
REF_CODE_56
v(n0) = 2.594545168879963e-01
i(vref) = -6.79506696153539e-05
i(vdd) = -9.43022673838279e-11
Doing analysis at TEMP = 27.000000 and TNOM = 27.000000


No. of Data Rows : 1
REF_CODE_57
v(n0) = 2.641153900479084e-01
i(vref) = -9.90048643881181e-05
i(vdd) = -9.19009174316088e-11
Doing analysis at TEMP = 27.000000 and TNOM = 27.000000


No. of Data Rows : 1
REF_CODE_58
v(n0) = 2.687780466022027e-01
i(vref) = -9.02384087015928e-05
i(vdd) = -9.18975659458532e-11
Doing analysis at TEMP = 27.000000 and TNOM = 27.000000


No. of Data Rows : 1
REF_CODE_59
v(n0) = 2.734525565073341e-01
i(vref) = -1.01420890159369e-04
i(vdd) = -8.95080259910586e-11
Doing analysis at TEMP = 27.000000 and TNOM = 27.000000


No. of Data Rows : 1
REF_CODE_60
v(n0) = 2.781120005756938e-01
i(vref) = -7.26947581696289e-05
i(vdd) = -9.19037276836399e-11
Doing analysis at TEMP = 27.000000 and TNOM = 27.000000


No. of Data Rows : 1
REF_CODE_61
v(n0) = 2.827841678549814e-01
i(vref) = -9.37978239723882e-05
i(vdd) = -8.95082064023001e-11
Doing analysis at TEMP = 27.000000 and TNOM = 27.000000


No. of Data Rows : 1
REF_CODE_62
v(n0) = 2.874626547944379e-01
i(vref) = -7.50665854122296e-05
i(vdd) = -8.95117729937667e-11
Doing analysis at TEMP = 27.000000 and TNOM = 27.000000


No. of Data Rows : 1
REF_CODE_63
v(n0) = 2.921483976760726e-01
i(vref) = -7.62589101906113e-05
i(vdd) = -8.71297201054944e-11
Doing analysis at TEMP = 27.000000 and TNOM = 27.000000


No. of Data Rows : 1
REF_CODE_64
v(n0) = 2.959415879274233e-01
i(vref) = -3.74082404033547e-05
i(vdd) = -9.91176862807919e-11
Doing analysis at TEMP = 27.000000 and TNOM = 27.000000


No. of Data Rows : 1
REF_CODE_65
v(n0) = 3.005833043826519e-01
i(vref) = -7.65284036706448e-05
i(vdd) = -9.67110697080997e-11
Doing analysis at TEMP = 27.000000 and TNOM = 27.000000


No. of Data Rows : 1
REF_CODE_66
v(n0) = 3.052231198522878e-01
i(vref) = -7.58294497114392e-05
i(vdd) = -9.67030414078529e-11
Doing analysis at TEMP = 27.000000 and TNOM = 27.000000


No. of Data Rows : 1
REF_CODE_67
v(n0) = 3.098784966880251e-01
i(vref) = -9.51049710055940e-05
i(vdd) = -9.43084846327658e-11
Doing analysis at TEMP = 27.000000 and TNOM = 27.000000


No. of Data Rows : 1
REF_CODE_68
v(n0) = 3.145003819441054e-01
i(vref) = -7.44311345005708e-05
i(vdd) = -9.66989266437679e-11
Doing analysis at TEMP = 27.000000 and TNOM = 27.000000


No. of Data Rows : 1
REF_CODE_69
v(n0) = 3.191534890333755e-01
i(vref) = -1.03626405702269e-04
i(vdd) = -9.42987493646186e-11
Doing analysis at TEMP = 27.000000 and TNOM = 27.000000


No. of Data Rows : 1
REF_CODE_70
v(n0) = 3.238092251817342e-01
i(vref) = -9.29968005174678e-05
i(vdd) = -9.42961889127680e-11
Doing analysis at TEMP = 27.000000 and TNOM = 27.000000


No. of Data Rows : 1
REF_CODE_71
v(n0) = 3.284759312042212e-01
i(vref) = -1.02308219153673e-04
i(vdd) = -9.19089596096434e-11
Doing analysis at TEMP = 27.000000 and TNOM = 27.000000


No. of Data Rows : 1
REF_CODE_72
v(n0) = 3.330526980039485e-01
i(vref) = -7.16214081816045e-05
i(vdd) = -9.66983160211043e-11
Doing analysis at TEMP = 27.000000 and TNOM = 27.000000


No. of Data Rows : 1
REF_CODE_73
v(n0) = 3.377046705434351e-01
i(vref) = -1.05770849180821e-04
i(vdd) = -9.42953562454996e-11
Doing analysis at TEMP = 27.000000 and TNOM = 27.000000


No. of Data Rows : 1
REF_CODE_74
v(n0) = 3.423570122456313e-01
i(vref) = -1.00100739462345e-04
i(vdd) = -9.42893818578483e-11
Doing analysis at TEMP = 27.000000 and TNOM = 27.000000


No. of Data Rows : 1
REF_CODE_75
v(n0) = 3.470226259968534e-01
i(vref) = -1.14388332952235e-04
i(vdd) = -9.18989953579974e-11
Doing analysis at TEMP = 27.000000 and TNOM = 27.000000


No. of Data Rows : 1
REF_CODE_76
v(n0) = 3.516661215438370e-01
i(vref) = -8.87552650332512e-05
i(vdd) = -9.42923100710757e-11
Doing analysis at TEMP = 27.000000 and TNOM = 27.000000


No. of Data Rows : 1
REF_CODE_77
v(n0) = 3.563294217554809e-01
i(vref) = -1.12962609117835e-04
i(vdd) = -9.18954426443186e-11
Doing analysis at TEMP = 27.000000 and TNOM = 27.000000


No. of Data Rows : 1
REF_CODE_78
v(n0) = 3.609976239981813e-01
i(vref) = -9.73397734902235e-05
i(vdd) = -9.18959700002553e-11
Doing analysis at TEMP = 27.000000 and TNOM = 27.000000


No. of Data Rows : 1
REF_CODE_79
v(n0) = 3.656745042169271e-01
i(vref) = -1.01646172567688e-04
i(vdd) = -8.95116689103581e-11
Doing analysis at TEMP = 27.000000 and TNOM = 27.000000


No. of Data Rows : 1
REF_CODE_80
v(n0) = 3.701613352699282e-01
i(vref) = -6.59450835740252e-05
i(vdd) = -9.67010499453025e-11
Doing analysis at TEMP = 27.000000 and TNOM = 27.000000


No. of Data Rows : 1
REF_CODE_81
v(n0) = 3.748127670348392e-01
i(vref) = -1.02564252980610e-04
i(vdd) = -9.42960015626326e-11
Doing analysis at TEMP = 27.000000 and TNOM = 27.000000


No. of Data Rows : 1
REF_CODE_82
v(n0) = 3.794634389647599e-01
i(vref) = -9.93647034202250e-05
i(vdd) = -9.42882924515054e-11
Doing analysis at TEMP = 27.000000 and TNOM = 27.000000


No. of Data Rows : 1
REF_CODE_83
v(n0) = 3.841285344023611e-01
i(vref) = -1.16131186683023e-04
i(vdd) = -9.18963932727834e-11
Doing analysis at TEMP = 27.000000 and TNOM = 27.000000


No. of Data Rows : 1
REF_CODE_84
v(n0) = 3.887658354395934e-01
i(vref) = -9.29645999200581e-05
i(vdd) = -9.42884451071713e-11
Doing analysis at TEMP = 27.000000 and TNOM = 27.000000


No. of Data Rows : 1
REF_CODE_85
v(n0) = 3.934286357996568e-01
i(vref) = -1.19651443795171e-04
i(vdd) = -9.18898707125138e-11
Doing analysis at TEMP = 27.000000 and TNOM = 27.000000


No. of Data Rows : 1
REF_CODE_86
v(n0) = 3.980952116615487e-01
i(vref) = -1.06511356939685e-04
i(vdd) = -9.18891074341843e-11
Doing analysis at TEMP = 27.000000 and TNOM = 27.000000


No. of Data Rows : 1
REF_CODE_87
v(n0) = 4.027716142653787e-01
i(vref) = -1.13306360956430e-04
i(vdd) = -8.95027316150099e-11
Doing analysis at TEMP = 27.000000 and TNOM = 27.000000


No. of Data Rows : 1
REF_CODE_88
v(n0) = 4.073820753852873e-01
i(vref) = -8.01450141100011e-05
i(vdd) = -9.42946415394275e-11
Doing analysis at TEMP = 27.000000 and TNOM = 27.000000


No. of Data Rows : 1
REF_CODE_89
v(n0) = 4.120436968753874e-01
i(vref) = -1.11785409220645e-04
i(vdd) = -9.18931111759669e-11
Doing analysis at TEMP = 27.000000 and TNOM = 27.000000


No. of Data Rows : 1
REF_CODE_90
v(n0) = 4.167068345030852e-01
i(vref) = -1.03605421830134e-04
i(vdd) = -9.18884898726269e-11
Doing analysis at TEMP = 27.000000 and TNOM = 27.000000


No. of Data Rows : 1
REF_CODE_91
v(n0) = 4.213821004859101e-01
i(vref) = -1.15375944270227e-04
i(vdd) = -8.94997617684190e-11
Doing analysis at TEMP = 27.000000 and TNOM = 27.000000


No. of Data Rows : 1
REF_CODE_92
v(n0) = 4.260409569215268e-01
i(vref) = -8.72359230354655e-05
i(vdd) = -9.18945752825806e-11
Doing analysis at TEMP = 27.000000 and TNOM = 27.000000


No. of Data Rows : 1
REF_CODE_93
v(n0) = 4.307138843614812e-01
i(vref) = -1.08926844732992e-04
i(vdd) = -8.94982907229114e-11
Doing analysis at TEMP = 27.000000 and TNOM = 27.000000


No. of Data Rows : 1
REF_CODE_94
v(n0) = 4.353928659570183e-01
i(vref) = -9.07843023669174e-05
i(vdd) = -8.95010454637912e-11
Doing analysis at TEMP = 27.000000 and TNOM = 27.000000


No. of Data Rows : 1
REF_CODE_95
v(n0) = 4.400793767028783e-01
i(vref) = -9.25663104469308e-05
i(vdd) = -8.71188052253835e-11
Doing analysis at TEMP = 27.000000 and TNOM = 27.000000


No. of Data Rows : 1
REF_CODE_96
v(n0) = 4.444213856894396e-01
i(vref) = -5.43604017483632e-05
i(vdd) = -9.67077945501771e-11
Doing analysis at TEMP = 27.000000 and TNOM = 27.000000


No. of Data Rows : 1
REF_CODE_97
v(n0) = 4.490726919970378e-01
i(vref) = -9.22001365244052e-05
i(vdd) = -9.43019967669656e-11
Doing analysis at TEMP = 27.000000 and TNOM = 27.000000


No. of Data Rows : 1
REF_CODE_98
v(n0) = 4.537226798472597e-01
i(vref) = -9.02211142804241e-05
i(vdd) = -9.42940378556578e-11
Doing analysis at TEMP = 27.000000 and TNOM = 27.000000


No. of Data Rows : 1
REF_CODE_99
v(n0) = 4.583876616234458e-01
i(vref) = -1.08212244386584e-04
i(vdd) = -9.19006537536404e-11
Doing analysis at TEMP = 27.000000 and TNOM = 27.000000


No. of Data Rows : 1
REF_CODE_100
v(n0) = 4.630220372512360e-01
i(vref) = -8.62628244857701e-05
i(vdd) = -9.42922476210306e-11
Doing analysis at TEMP = 27.000000 and TNOM = 27.000000


No. of Data Rows : 1
REF_CODE_101
v(n0) = 4.676847337193821e-01
i(vref) = -1.14174172549553e-04
i(vdd) = -9.18927989257412e-11
Doing analysis at TEMP = 27.000000 and TNOM = 27.000000


No. of Data Rows : 1
REF_CODE_102
v(n0) = 4.723506488421801e-01
i(vref) = -1.02259748511589e-04
i(vdd) = -9.18914319636421e-11
Doing analysis at TEMP = 27.000000 and TNOM = 27.000000


No. of Data Rows : 1
REF_CODE_103
v(n0) = 4.770269592672999e-01
i(vref) = -1.10283311322571e-04
i(vdd) = -8.95044247051224e-11
Doing analysis at TEMP = 27.000000 and TNOM = 27.000000


No. of Data Rows : 1
REF_CODE_104
v(n0) = 4.816255422791415e-01
i(vref) = -7.83317965449060e-05
i(vdd) = -9.42950925675312e-11
Doing analysis at TEMP = 27.000000 and TNOM = 27.000000


No. of Data Rows : 1
REF_CODE_105
v(n0) = 4.862870792507915e-01
i(vref) = -1.11197307246265e-04
i(vdd) = -9.18926185144997e-11
Doing analysis at TEMP = 27.000000 and TNOM = 27.000000


No. of Data Rows : 1
REF_CODE_106
v(n0) = 4.909495728633685e-01
i(vref) = -1.04242997334549e-04
i(vdd) = -9.18884829337330e-11
Doing analysis at TEMP = 27.000000 and TNOM = 27.000000


No. of Data Rows : 1
REF_CODE_107
v(n0) = 4.956247660847465e-01
i(vref) = -1.17242708343250e-04
i(vdd) = -8.94980478616247e-11
Doing analysis at TEMP = 27.000000 and TNOM = 27.000000


No. of Data Rows : 1
REF_CODE_108
v(n0) = 5.002807423188089e-01
i(vref) = -9.03274026255398e-05
i(vdd) = -9.18926948423326e-11
Doing analysis at TEMP = 27.000000 and TNOM = 27.000000


No. of Data Rows : 1
REF_CODE_109
v(n0) = 5.049536065440039e-01
i(vref) = -1.13247350517421e-04
i(vdd) = -8.94961327269073e-11
Doing analysis at TEMP = 27.000000 and TNOM = 27.000000


No. of Data Rows : 1
REF_CODE_110
v(n0) = 5.096319672755429e-01
i(vref) = -9.63355936452560e-05
i(vdd) = -8.94974580556429e-11
Doing analysis at TEMP = 27.000000 and TNOM = 27.000000


No. of Data Rows : 1
REF_CODE_111
v(n0) = 5.143184264813235e-01
i(vref) = -9.93506741559288e-05
i(vdd) = -8.71132194157909e-11
Doing analysis at TEMP = 27.000000 and TNOM = 27.000000


No. of Data Rows : 1
REF_CODE_112
v(n0) = 5.188644463404819e-01
i(vref) = -6.24039470551255e-05
i(vdd) = -9.43040714962429e-11
Doing analysis at TEMP = 27.000000 and TNOM = 27.000000


No. of Data Rows : 1
REF_CODE_113
v(n0) = 5.235253973164433e-01
i(vref) = -9.77386936752457e-05
i(vdd) = -9.19003692589904e-11
Doing analysis at TEMP = 27.000000 and TNOM = 27.000000


No. of Data Rows : 1
REF_CODE_114
v(n0) = 5.281861751286462e-01
i(vref) = -9.32547648997962e-05
i(vdd) = -9.18939577210232e-11
Doing analysis at TEMP = 27.000000 and TNOM = 27.000000


No. of Data Rows : 1
REF_CODE_115
v(n0) = 5.328608047445961e-01
i(vref) = -1.08732862107400e-04
i(vdd) = -8.95022805869061e-11
Doing analysis at TEMP = 27.000000 and TNOM = 27.000000


No. of Data Rows : 1
REF_CODE_116
v(n0) = 5.375105417151325e-01
i(vref) = -8.42851163639089e-05
i(vdd) = -9.18945267103233e-11
Doing analysis at TEMP = 27.000000 and TNOM = 27.000000


No. of Data Rows : 1
REF_CODE_117
v(n0) = 5.421828608529440e-01
i(vref) = -1.09684053450604e-04
i(vdd) = -8.94970000886453e-11
Doing analysis at TEMP = 27.000000 and TNOM = 27.000000


No. of Data Rows : 1
REF_CODE_118
v(n0) = 5.468595491321016e-01
i(vref) = -9.52548458252464e-05
i(vdd) = -8.94964449771329e-11
Doing analysis at TEMP = 27.000000 and TNOM = 27.000000


No. of Data Rows : 1
REF_CODE_119
v(n0) = 5.515454854184041e-01
i(vref) = -1.00758009778591e-04
i(vdd) = -8.71114985701027e-11
Doing analysis at TEMP = 27.000000 and TNOM = 27.000000


No. of Data Rows : 1
REF_CODE_120
v(n0) = 5.561777196677770e-01
i(vref) = -6.63213118198842e-05
i(vdd) = -9.19031031831885e-11
Doing analysis at TEMP = 27.000000 and TNOM = 27.000000


No. of Data Rows : 1
REF_CODE_121
v(n0) = 5.608488353132758e-01
i(vref) = -9.66738126863837e-05
i(vdd) = -8.95031063152807e-11
Doing analysis at TEMP = 27.000000 and TNOM = 27.000000


No. of Data Rows : 1
REF_CODE_122
v(n0) = 5.655220586494001e-01
i(vref) = -8.72053426753437e-05
i(vdd) = -8.94991095123920e-11
Doing analysis at TEMP = 27.000000 and TNOM = 27.000000


No. of Data Rows : 1
REF_CODE_123
v(n0) = 5.702068337049447e-01
i(vref) = -9.76840181002390e-05
i(vdd) = -8.71115471423600e-11
Doing analysis at TEMP = 27.000000 and TNOM = 27.000000


No. of Data Rows : 1
REF_CODE_124
v(n0) = 5.748781163911530e-01
i(vref) = -6.82562120147997e-05
i(vdd) = -8.95073529183499e-11
Doing analysis at TEMP = 27.000000 and TNOM = 27.000000


No. of Data Rows : 1
REF_CODE_125
v(n0) = 5.795605376070826e-01
i(vref) = -8.86557840165097e-05
i(vdd) = -8.71121369483419e-11
Doing analysis at TEMP = 27.000000 and TNOM = 27.000000


No. of Data Rows : 1
REF_CODE_126
v(n0) = 5.842496114304833e-01
i(vref) = -6.92200468578092e-05
i(vdd) = -8.71160366067159e-11
Doing analysis at TEMP = 27.000000 and TNOM = 27.000000


No. of Data Rows : 1
REF_CODE_127
v(n0) = 5.889456308068659e-01
i(vref) = -6.97067822651547e-05
i(vdd) = -8.47338310627777e-11
Doing analysis at TEMP = 27.000000 and TNOM = 27.000000


No. of Data Rows : 1
REF_CODE_128
v(n0) = 5.921164694289087e-01
i(vref) = -3.01885087515940e-05
i(vdd) = -9.91224741175856e-11
Doing analysis at TEMP = 27.000000 and TNOM = 27.000000


No. of Data Rows : 1
REF_CODE_129
v(n0) = 5.967614011137938e-01
i(vref) = -6.95432345112646e-05
i(vdd) = -9.67156979503336e-11
Doing analysis at TEMP = 27.000000 and TNOM = 27.000000


No. of Data Rows : 1
REF_CODE_130
v(n0) = 6.014043228141119e-01
i(vref) = -6.90787580996419e-05
i(vdd) = -9.67070104551659e-11
Doing analysis at TEMP = 27.000000 and TNOM = 27.000000


No. of Data Rows : 1
REF_CODE_131
v(n0) = 6.060629261048885e-01
i(vref) = -8.85895657355088e-05
i(vdd) = -9.43125230690178e-11
Doing analysis at TEMP = 27.000000 and TNOM = 27.000000


No. of Data Rows : 1
REF_CODE_132
v(n0) = 6.106874731542737e-01
i(vref) = -6.81493115671124e-05
i(vdd) = -9.67033605969725e-11
Doing analysis at TEMP = 27.000000 and TNOM = 27.000000


No. of Data Rows : 1
REF_CODE_133
v(n0) = 6.153438064810307e-01
i(vref) = -9.75797811991422e-05
i(vdd) = -9.43026767785682e-11
Doing analysis at TEMP = 27.000000 and TNOM = 27.000000


No. of Data Rows : 1
REF_CODE_134
v(n0) = 6.200026634245966e-01
i(vref) = -8.71855197032640e-05
i(vdd) = -9.42996444819322e-11
Doing analysis at TEMP = 27.000000 and TNOM = 27.000000


No. of Data Rows : 1
REF_CODE_135
v(n0) = 6.246726068493591e-01
i(vref) = -9.67328551078409e-05
i(vdd) = -9.19122555842478e-11
Doing analysis at TEMP = 27.000000 and TNOM = 27.000000


No. of Data Rows : 1
REF_CODE_136
v(n0) = 6.292502756477508e-01
i(vref) = -6.62773440393023e-05
i(vdd) = -9.67020560849186e-11
Doing analysis at TEMP = 27.000000 and TNOM = 27.000000


No. of Data Rows : 1
REF_CODE_137
v(n0) = 6.339054765173917e-01
i(vref) = -1.00661980504386e-04
i(vdd) = -9.42983122143026e-11
Doing analysis at TEMP = 27.000000 and TNOM = 27.000000


No. of Data Rows : 1
REF_CODE_138
v(n0) = 6.385609390775351e-01
i(vref) = -9.52270967651397e-05
i(vdd) = -9.42926500768770e-11
Doing analysis at TEMP = 27.000000 and TNOM = 27.000000


No. of Data Rows : 1
REF_CODE_139
v(n0) = 6.432297923637128e-01
i(vref) = -1.09750607642605e-04
i(vdd) = -9.19014656042272e-11
Doing analysis at TEMP = 27.000000 and TNOM = 27.000000


No. of Data Rows : 1
REF_CODE_140
v(n0) = 6.478759720999535e-01
i(vref) = -8.43523331022870e-05
i(vdd) = -9.42949954230166e-11
Doing analysis at TEMP = 27.000000 and TNOM = 27.000000


No. of Data Rows : 1
REF_CODE_141
v(n0) = 6.525425115617177e-01
i(vref) = -1.08795503344179e-04
i(vdd) = -9.18976630903678e-11
Doing analysis at TEMP = 27.000000 and TNOM = 27.000000


No. of Data Rows : 1
REF_CODE_142
v(n0) = 6.572138491518070e-01
i(vref) = -9.34087544409151e-05
i(vdd) = -9.18984749409546e-11
Doing analysis at TEMP = 27.000000 and TNOM = 27.000000


No. of Data Rows : 1
REF_CODE_143
v(n0) = 6.618939797652261e-01
i(vref) = -9.79516961235934e-05
i(vdd) = -8.95140142564976e-11
Doing analysis at TEMP = 27.000000 and TNOM = 27.000000


No. of Data Rows : 1
REF_CODE_144
v(n0) = 6.663747449115101e-01
i(vref) = -6.24772706461087e-05
i(vdd) = -9.67034785581689e-11
Doing analysis at TEMP = 27.000000 and TNOM = 27.000000


No. of Data Rows : 1
REF_CODE_145
v(n0) = 6.710294102332157e-01
i(vref) = -9.93317172364155e-05
i(vdd) = -9.42981318030611e-11
Doing analysis at TEMP = 27.000000 and TNOM = 27.000000


No. of Data Rows : 1
REF_CODE_146
v(n0) = 6.756832071912209e-01
i(vref) = -9.63674179033579e-05
i(vdd) = -9.42913039314597e-11
Doing analysis at TEMP = 27.000000 and TNOM = 27.000000


No. of Data Rows : 1
REF_CODE_147
v(n0) = 6.803515474214427e-01
i(vref) = -1.13369902321563e-04
i(vdd) = -9.18978851349728e-11
Doing analysis at TEMP = 27.000000 and TNOM = 27.000000


No. of Data Rows : 1
REF_CODE_148
v(n0) = 6.849915317613127e-01
i(vref) = -9.04379023562481e-05
i(vdd) = -9.42901451361777e-11
Doing analysis at TEMP = 27.000000 and TNOM = 27.000000


No. of Data Rows : 1
REF_CODE_149
v(n0) = 6.896575766415094e-01
i(vref) = -1.17360657493602e-04
i(vdd) = -9.18908421576603e-11
Doing analysis at TEMP = 27.000000 and TNOM = 27.000000


No. of Data Rows : 1
REF_CODE_150
v(n0) = 6.943272920700694e-01
i(vref) = -1.04456685429454e-04
i(vdd) = -9.18908976688115e-11
Doing analysis at TEMP = 27.000000 and TNOM = 27.000000


No. of Data Rows : 1
REF_CODE_151
v(n0) = 6.990069503690363e-01
i(vref) = -1.11488319172681e-04
i(vdd) = -8.95034601988698e-11
Doing analysis at TEMP = 27.000000 and TNOM = 27.000000


No. of Data Rows : 1
REF_CODE_152
v(n0) = 7.036183526252777e-01
i(vref) = -7.85602075962074e-05
i(vdd) = -9.42954256344386e-11
Doing analysis at TEMP = 27.000000 and TNOM = 27.000000


No. of Data Rows : 1
REF_CODE_153
v(n0) = 7.082832206197944e-01
i(vref) = -1.10436507520420e-04
i(vdd) = -9.18939993543866e-11
Doing analysis at TEMP = 27.000000 and TNOM = 27.000000


No. of Data Rows : 1
REF_CODE_154
v(n0) = 7.129494977655584e-01
i(vref) = -1.02492513774224e-04
i(vdd) = -9.18901066349065e-11
Doing analysis at TEMP = 27.000000 and TNOM = 27.000000


No. of Data Rows : 1
REF_CODE_155
v(n0) = 7.176280214680411e-01
i(vref) = -1.14499663075692e-04
i(vdd) = -8.95005319856423e-11
Doing analysis at TEMP = 27.000000 and TNOM = 27.000000


No. of Data Rows : 1
REF_CODE_156
v(n0) = 7.222895835122976e-01
i(vref) = -8.65954346220481e-05
i(vdd) = -9.18951095774112e-11
Doing analysis at TEMP = 27.000000 and TNOM = 27.000000


No. of Data Rows : 1
REF_CODE_157
v(n0) = 7.269657683327604e-01
i(vref) = -1.08522890003187e-04
i(vdd) = -8.94987486899090e-11
Doing analysis at TEMP = 27.000000 and TNOM = 27.000000


No. of Data Rows : 1
REF_CODE_158
v(n0) = 7.316479039101664e-01
i(vref) = -9.06172004752788e-05
i(vdd) = -8.95016977198182e-11
Doing analysis at TEMP = 27.000000 and TNOM = 27.000000


No. of Data Rows : 1
REF_CODE_159
v(n0) = 7.363376831912989e-01
i(vref) = -9.26364588167104e-05
i(vdd) = -8.71191729867604e-11
Doing analysis at TEMP = 27.000000 and TNOM = 27.000000


No. of Data Rows : 1
REF_CODE_160
v(n0) = 7.406459882209039e-01
i(vref) = -5.46493725564497e-05
i(vdd) = -9.67081900671296e-11
Doing analysis at TEMP = 27.000000 and TNOM = 27.000000


No. of Data Rows : 1
REF_CODE_161
v(n0) = 7.453005383357950e-01
i(vref) = -9.27245957652052e-05
i(vdd) = -9.43015596166497e-11
Doing analysis at TEMP = 27.000000 and TNOM = 27.000000


No. of Data Rows : 1
REF_CODE_162
v(n0) = 7.499536608540682e-01
i(vref) = -9.09810064164180e-05
i(vdd) = -9.42935174386150e-11
Doing analysis at TEMP = 27.000000 and TNOM = 27.000000


No. of Data Rows : 1
REF_CODE_163
v(n0) = 7.546218977071055e-01
i(vref) = -1.09208350352054e-04
i(vdd) = -9.19004941590806e-11
Doing analysis at TEMP = 27.000000 and TNOM = 27.000000


No. of Data Rows : 1
REF_CODE_164
v(n0) = 7.592589634086309e-01
i(vref) = -8.74935846560350e-05
i(vdd) = -9.42917133262000e-11
Doing analysis at TEMP = 27.000000 and TNOM = 27.000000


No. of Data Rows : 1
REF_CODE_165
v(n0) = 7.639249146795917e-01
i(vref) = -1.15641057162340e-04
i(vdd) = -9.18919176862154e-11
Doing analysis at TEMP = 27.000000 and TNOM = 27.000000


No. of Data Rows : 1
REF_CODE_166
v(n0) = 7.685939790522507e-01
i(vref) = -1.03962932917937e-04
i(vdd) = -9.18903148017236e-11
Doing analysis at TEMP = 27.000000 and TNOM = 27.000000


No. of Data Rows : 1
REF_CODE_167
v(n0) = 7.732735554884895e-01
i(vref) = -1.12223340042340e-04
i(vdd) = -8.95035504044905e-11
Doing analysis at TEMP = 27.000000 and TNOM = 27.000000


No. of Data Rows : 1
REF_CODE_168
v(n0) = 7.778730718030430e-01
i(vref) = -8.05046691692943e-05
i(vdd) = -9.42942113280054e-11
Doing analysis at TEMP = 27.000000 and TNOM = 27.000000


No. of Data Rows : 1
REF_CODE_169
v(n0) = 7.825378655724077e-01
i(vref) = -1.13606299030820e-04
i(vdd) = -9.18912307357189e-11
Doing analysis at TEMP = 27.000000 and TNOM = 27.000000


No. of Data Rows : 1
REF_CODE_170
v(n0) = 7.872035083875288e-01
i(vref) = -1.06888168628330e-04
i(vdd) = -9.18867551491509e-11
Doing analysis at TEMP = 27.000000 and TNOM = 27.000000


No. of Data Rows : 1
REF_CODE_171
v(n0) = 7.918819696551866e-01
i(vref) = -1.20124722258268e-04
i(vdd) = -8.94960910935438e-11
Doing analysis at TEMP = 27.000000 and TNOM = 27.000000


No. of Data Rows : 1
REF_CODE_172
v(n0) = 7.965406583332231e-01
i(vref) = -9.34452809917932e-05
i(vdd) = -9.18905299074346e-11
Doing analysis at TEMP = 27.000000 and TNOM = 27.000000


No. of Data Rows : 1
REF_CODE_173
v(n0) = 8.012167902633898e-01
i(vref) = -1.16601978806587e-04
i(vdd) = -8.94942800422349e-11
Doing analysis at TEMP = 27.000000 and TNOM = 27.000000


No. of Data Rows : 1
REF_CODE_174
v(n0) = 8.058983147035725e-01
i(vref) = -9.99272629377147e-05
i(vdd) = -8.94956886376974e-11
Doing analysis at TEMP = 27.000000 and TNOM = 27.000000


No. of Data Rows : 1
REF_CODE_175
v(n0) = 8.105880528019864e-01
i(vref) = -1.03179811344029e-04
i(vdd) = -8.71116512257686e-11
Doing analysis at TEMP = 27.000000 and TNOM = 27.000000


No. of Data Rows : 1
REF_CODE_176
v(n0) = 8.151280778661704e-01
i(vref) = -6.64631924328858e-05
i(vdd) = -9.43017539056790e-11
Doing analysis at TEMP = 27.000000 and TNOM = 27.000000


No. of Data Rows : 1
REF_CODE_177
v(n0) = 8.197922906601403e-01
i(vref) = -1.02034135773067e-04
i(vdd) = -9.18979684016996e-11
Doing analysis at TEMP = 27.000000 and TNOM = 27.000000


No. of Data Rows : 1
REF_CODE_178
v(n0) = 8.244562216350331e-01
i(vref) = -9.77864064927841e-05
i(vdd) = -9.18909462410689e-11
Doing analysis at TEMP = 27.000000 and TNOM = 27.000000


No. of Data Rows : 1
REF_CODE_179
v(n0) = 8.291341243485556e-01
i(vref) = -1.13501425927628e-04
i(vdd) = -8.94992552291640e-11
Doing analysis at TEMP = 27.000000 and TNOM = 27.000000


No. of Data Rows : 1
REF_CODE_180
v(n0) = 8.337865726547542e-01
i(vref) = -8.92893337208431e-05
i(vdd) = -9.18912584912945e-11
Doing analysis at TEMP = 27.000000 and TNOM = 27.000000


No. of Data Rows : 1
REF_CODE_181
v(n0) = 8.384621645618231e-01
i(vref) = -1.14925101680643e-04
i(vdd) = -8.94936555417836e-11
Doing analysis at TEMP = 27.000000 and TNOM = 27.000000


No. of Data Rows : 1
REF_CODE_182
v(n0) = 8.431420205593583e-01
i(vref) = -1.00732958864337e-04
i(vdd) = -8.94933502304518e-11
Doing analysis at TEMP = 27.000000 and TNOM = 27.000000


No. of Data Rows : 1
REF_CODE_183
v(n0) = 8.478312408330100e-01
i(vref) = -1.06473673676217e-04
i(vdd) = -8.71076127895165e-11
Doing analysis at TEMP = 27.000000 and TNOM = 27.000000


No. of Data Rows : 1
REF_CODE_184
v(n0) = 8.524644474653396e-01
i(vref) = -7.22717508122932e-05
i(vdd) = -9.19000847643403e-11
Doing analysis at TEMP = 27.000000 and TNOM = 27.000000


No. of Data Rows : 1
REF_CODE_185
v(n0) = 8.571388377676945e-01
i(vref) = -1.02861073815713e-04
i(vdd) = -8.94991442068616e-11
Doing analysis at TEMP = 27.000000 and TNOM = 27.000000


No. of Data Rows : 1
REF_CODE_186
v(n0) = 8.618152286647833e-01
i(vref) = -9.36295449256676e-05
i(vdd) = -8.94951959762302e-11
Doing analysis at TEMP = 27.000000 and TNOM = 27.000000


No. of Data Rows : 1
REF_CODE_187
v(n0) = 8.665032896357555e-01
i(vref) = -1.04345766062755e-04
i(vdd) = -8.71073074781847e-11
Doing analysis at TEMP = 27.000000 and TNOM = 27.000000


No. of Data Rows : 1
REF_CODE_188
v(n0) = 8.711773059377980e-01
i(vref) = -7.51548186995908e-05
i(vdd) = -8.95028912095697e-11
Doing analysis at TEMP = 27.000000 and TNOM = 27.000000


No. of Data Rows : 1
REF_CODE_189
v(n0) = 8.758630126741906e-01
i(vref) = -9.57918417821505e-05
i(vdd) = -8.71077029951373e-11
Doing analysis at TEMP = 27.000000 and TNOM = 27.000000


No. of Data Rows : 1
REF_CODE_190
v(n0) = 8.805552685388456e-01
i(vref) = -7.65939056801382e-05
i(vdd) = -8.71118802092674e-11
Doing analysis at TEMP = 27.000000 and TNOM = 27.000000


No. of Data Rows : 1
REF_CODE_191
v(n0) = 8.852545846331408e-01
i(vref) = -7.73188102592710e-05
i(vdd) = -8.47289183258937e-11
Doing analysis at TEMP = 27.000000 and TNOM = 27.000000


No. of Data Rows : 1
REF_CODE_192
v(n0) = 8.893477287236460e-01
i(vref) = -3.80756410307409e-05
i(vdd) = -9.67182861577598e-11
Doing analysis at TEMP = 27.000000 and TNOM = 27.000000


No. of Data Rows : 1
REF_CODE_193
v(n0) = 8.940028845352141e-01
i(vref) = -7.67327685273298e-05
i(vdd) = -9.43118361185213e-11
Doing analysis at TEMP = 27.000000 and TNOM = 27.000000


No. of Data Rows : 1
REF_CODE_194
v(n0) = 8.986563457191596e-01
i(vref) = -7.55709469927983e-05
i(vdd) = -9.43033845457464e-11
Doing analysis at TEMP = 27.000000 and TNOM = 27.000000


No. of Data Rows : 1
REF_CODE_195
v(n0) = 9.033251957870529e-01
i(vref) = -9.43820373520993e-05
i(vdd) = -9.19099241158960e-11
Doing analysis at TEMP = 27.000000 and TNOM = 27.000000


No. of Data Rows : 1
REF_CODE_196
v(n0) = 9.079615267109398e-01
i(vref) = -7.32470687838379e-05
i(vdd) = -9.43005881715031e-11
Doing analysis at TEMP = 27.000000 and TNOM = 27.000000


No. of Data Rows : 1
REF_CODE_197
v(n0) = 9.126280955685060e-01
i(vref) = -1.01978116135602e-04
i(vdd) = -9.19004455868233e-11
Doing analysis at TEMP = 27.000000 and TNOM = 27.000000


No. of Data Rows : 1
REF_CODE_198
v(n0) = 9.172975120903959e-01
i(vref) = -9.08840011030536e-05
i(vdd) = -9.18981835074106e-11
Doing analysis at TEMP = 27.000000 and TNOM = 27.000000


No. of Data Rows : 1
REF_CODE_199
v(n0) = 9.219777135894727e-01
i(vref) = -9.97298119145510e-05
i(vdd) = -8.95108501208774e-11
Doing analysis at TEMP = 27.000000 and TNOM = 27.000000


No. of Data Rows : 1
REF_CODE_200
v(n0) = 9.265722057967598e-01
i(vref) = -6.85861806113873e-05
i(vdd) = -9.43015526777558e-11
Doing analysis at TEMP = 27.000000 and TNOM = 27.000000


No. of Data Rows : 1
REF_CODE_201
v(n0) = 9.312376266132332e-01
i(vref) = -1.02271470649850e-04
i(vdd) = -9.18986622910900e-11
Doing analysis at TEMP = 27.000000 and TNOM = 27.000000


No. of Data Rows : 1
REF_CODE_202
v(n0) = 9.359036295447012e-01
i(vref) = -9.61371503064733e-05
i(vdd) = -9.18929030091498e-11
Doing analysis at TEMP = 27.000000 and TNOM = 27.000000


No. of Data Rows : 1
REF_CODE_203
v(n0) = 9.405827253700245e-01
i(vref) = -1.09959201903834e-04
i(vdd) = -8.95022458924366e-11
Doing analysis at TEMP = 27.000000 and TNOM = 27.000000


No. of Data Rows : 1
REF_CODE_204
v(n0) = 9.452407052343204e-01
i(vref) = -8.38627460348982e-05
i(vdd) = -9.18960463280882e-11
Doing analysis at TEMP = 27.000000 and TNOM = 27.000000


No. of Data Rows : 1
REF_CODE_205
v(n0) = 9.499174759932206e-01
i(vref) = -1.07604761855153e-04
i(vdd) = -8.94994009459360e-11
Doing analysis at TEMP = 27.000000 and TNOM = 27.000000


No. of Data Rows : 1
REF_CODE_206
v(n0) = 9.545993739588943e-01
i(vref) = -9.15160845651705e-05
i(vdd) = -8.95005319856423e-11
Doing analysis at TEMP = 27.000000 and TNOM = 27.000000


No. of Data Rows : 1
REF_CODE_207
v(n0) = 9.592897583549265e-01
i(vref) = -9.53557755560535e-05
i(vdd) = -8.71159117066256e-11
Doing analysis at TEMP = 27.000000 and TNOM = 27.000000


No. of Data Rows : 1
REF_CODE_208
v(n0) = 9.638076686832346e-01
i(vref) = -5.92061116455922e-05
i(vdd) = -9.43058339752945e-11
Doing analysis at TEMP = 27.000000 and TNOM = 27.000000


No. of Data Rows : 1
REF_CODE_209
v(n0) = 9.684725267057304e-01
i(vref) = -9.53611024951829e-05
i(vdd) = -9.19013129485613e-11
Doing analysis at TEMP = 27.000000 and TNOM = 27.000000


No. of Data Rows : 1
REF_CODE_210
v(n0) = 9.731368350612135e-01
i(vref) = -9.16974279809150e-05
i(vdd) = -9.18943948713391e-11
Doing analysis at TEMP = 27.000000 and TNOM = 27.000000


No. of Data Rows : 1
REF_CODE_211
v(n0) = 9.778153905601188e-01
i(vref) = -1.07998337976539e-04
i(vdd) = -8.95016977198182e-11
Doing analysis at TEMP = 27.000000 and TNOM = 27.000000


No. of Data Rows : 1
REF_CODE_212
v(n0) = 9.824671416019821e-01
i(vref) = -8.43689034761958e-05
i(vdd) = -9.18951720274563e-11
Doing analysis at TEMP = 27.000000 and TNOM = 27.000000


No. of Data Rows : 1
REF_CODE_213
v(n0) = 9.871433905559841e-01
i(vref) = -1.10590384864214e-04
i(vdd) = -8.94963547715122e-11
Doing analysis at TEMP = 27.000000 and TNOM = 27.000000


No. of Data Rows : 1
REF_CODE_214
v(n0) = 9.918236373945294e-01
i(vref) = -9.69845346533259e-05
i(vdd) = -8.94962368103158e-11
Doing analysis at TEMP = 27.000000 and TNOM = 27.000000


No. of Data Rows : 1
REF_CODE_215
v(n0) = 9.965135222291746e-01
i(vref) = -1.03312792645647e-04
i(vdd) = -8.71096875187938e-11
Doing analysis at TEMP = 27.000000 and TNOM = 27.000000


No. of Data Rows : 1
REF_CODE_216
v(n0) = 1.001141754294924e+00
i(vref) = -6.96910727091831e-05
i(vdd) = -9.19020692879968e-11
Doing analysis at TEMP = 27.000000 and TNOM = 27.000000


No. of Data Rows : 1
REF_CODE_217
v(n0) = 1.005816810889091e+00
i(vref) = -1.00866184907136e-04
i(vdd) = -8.95004001466582e-11
Doing analysis at TEMP = 27.000000 and TNOM = 27.000000


No. of Data Rows : 1
REF_CODE_218
v(n0) = 1.010493600366040e+00
i(vref) = -9.22207398631870e-05
i(vdd) = -8.94968266162977e-11
Doing analysis at TEMP = 27.000000 and TNOM = 27.000000


No. of Data Rows : 1
REF_CODE_219
v(n0) = 1.015182335177896e+00
i(vref) = -1.03524588898873e-04
i(vdd) = -8.71072242114579e-11
Doing analysis at TEMP = 27.000000 and TNOM = 27.000000


No. of Data Rows : 1
REF_CODE_220
v(n0) = 1.019855680064848e+00
i(vref) = -7.49194751362816e-05
i(vdd) = -8.95033422376734e-11
Doing analysis at TEMP = 27.000000 and TNOM = 27.000000


No. of Data Rows : 1
REF_CODE_221
v(n0) = 1.024542064803885e+00
i(vref) = -9.61439406787501e-05
i(vdd) = -8.71071825780945e-11
Doing analysis at TEMP = 27.000000 and TNOM = 27.000000


No. of Data Rows : 1
REF_CODE_222
v(n0) = 1.029234732634543e+00
i(vref) = -7.75343134273356e-05
i(vdd) = -8.71109434585904e-11
Doing analysis at TEMP = 27.000000 and TNOM = 27.000000


No. of Data Rows : 1
REF_CODE_223
v(n0) = 1.033934734238043e+00
i(vref) = -7.88484859539085e-05
i(vdd) = -8.47283007643362e-11
Doing analysis at TEMP = 27.000000 and TNOM = 27.000000


No. of Data Rows : 1
REF_CODE_224
v(n0) = 1.038361559564331e+00
i(vref) = -4.02056150964197e-05
i(vdd) = -9.43180464285653e-11
Doing analysis at TEMP = 27.000000 and TNOM = 27.000000


No. of Data Rows : 1
REF_CODE_225
v(n0) = 1.043026251184148e+00
i(vref) = -7.75810203654734e-05
i(vdd) = -9.19125955900491e-11
Doing analysis at TEMP = 27.000000 and TNOM = 27.000000


No. of Data Rows : 1
REF_CODE_226
v(n0) = 1.047689833223398e+00
i(vref) = -7.51377783671759e-05
i(vdd) = -9.19047962733011e-11
Doing analysis at TEMP = 27.000000 and TNOM = 27.000000


No. of Data Rows : 1
REF_CODE_227
v(n0) = 1.052368234039169e+00
i(vref) = -9.26631819954584e-05
i(vdd) = -8.95115787047374e-11
Doing analysis at TEMP = 27.000000 and TNOM = 27.000000


No. of Data Rows : 1
REF_CODE_228
v(n0) = 1.057017013132047e+00
i(vref) = -7.02510455276987e-05
i(vdd) = -9.19036721724886e-11
Doing analysis at TEMP = 27.000000 and TNOM = 27.000000


No. of Data Rows : 1
REF_CODE_229
v(n0) = 1.061693117226504e+00
i(vref) = -9.76968765199378e-05
i(vdd) = -8.95041263326846e-11
Doing analysis at TEMP = 27.000000 and TNOM = 27.000000


No. of Data Rows : 1
REF_CODE_230
v(n0) = 1.066372661034386e+00
i(vref) = -8.53165901486346e-05
i(vdd) = -8.95029536596148e-11
Doing analysis at TEMP = 27.000000 and TNOM = 27.000000


No. of Data Rows : 1
REF_CODE_231
v(n0) = 1.071062412647066e+00
i(vref) = -9.28732501185824e-05
i(vdd) = -8.71165015126074e-11
Doing analysis at TEMP = 27.000000 and TNOM = 27.000000


No. of Data Rows : 1
REF_CODE_232
v(n0) = 1.075678708979289e+00
i(vref) = -6.04623939578962e-05
i(vdd) = -9.19070999860772e-11
Doing analysis at TEMP = 27.000000 and TNOM = 27.000000


No. of Data Rows : 1
REF_CODE_233
v(n0) = 1.080353640154932e+00
i(vref) = -9.28624642866638e-05
i(vdd) = -8.95045842996822e-11
Doing analysis at TEMP = 27.000000 and TNOM = 27.000000


No. of Data Rows : 1
REF_CODE_234
v(n0) = 1.085029743409899e+00
i(vref) = -8.54425953294697e-05
i(vdd) = -8.95005042300667e-11
Doing analysis at TEMP = 27.000000 and TNOM = 27.000000


No. of Data Rows : 1
REF_CODE_235
v(n0) = 1.089718364484589e+00
i(vref) = -9.79754732327049e-05
i(vdd) = -8.71109434585904e-11
Doing analysis at TEMP = 27.000000 and TNOM = 27.000000


No. of Data Rows : 1
REF_CODE_236
v(n0) = 1.094388782610623e+00
i(vref) = -7.05951979238405e-05
i(vdd) = -8.95054169669507e-11
Doing analysis at TEMP = 27.000000 and TNOM = 27.000000


No. of Data Rows : 1
REF_CODE_237
v(n0) = 1.099075063213691e+00
i(vref) = -9.30485286364628e-05
i(vdd) = -8.71092087351144e-11
Doing analysis at TEMP = 27.000000 and TNOM = 27.000000


No. of Data Rows : 1
REF_CODE_238
v(n0) = 1.103767067919700e+00
i(vref) = -7.56695813694401e-05
i(vdd) = -8.71111377476197e-11
Doing analysis at TEMP = 27.000000 and TNOM = 27.000000


No. of Data Rows : 1
REF_CODE_239
v(n0) = 1.108466976986985e+00
i(vref) = -7.82166630895302e-05
i(vdd) = -8.47280579030496e-11
Doing analysis at TEMP = 27.000000 and TNOM = 27.000000


No. of Data Rows : 1
REF_CODE_240
v(n0) = 1.113044129525844e+00
i(vref) = -4.08150890024493e-05
i(vdd) = -9.19182507885807e-11
Doing analysis at TEMP = 27.000000 and TNOM = 27.000000


No. of Data Rows : 1
REF_CODE_241
v(n0) = 1.117718452849676e+00
i(vref) = -7.56843746226397e-05
i(vdd) = -8.95141114010123e-11
Doing analysis at TEMP = 27.000000 and TNOM = 27.000000


No. of Data Rows : 1
REF_CODE_242
v(n0) = 1.122392815675549e+00
i(vref) = -7.07349795349008e-05
i(vdd) = -8.95084700802684e-11
Doing analysis at TEMP = 27.000000 and TNOM = 27.000000


No. of Data Rows : 1
REF_CODE_243
v(n0) = 1.127080851294859e+00
i(vref) = -8.57462192397317e-05
i(vdd) = -8.71166958016367e-11
Doing analysis at TEMP = 27.000000 and TNOM = 27.000000


No. of Data Rows : 1
REF_CODE_244
v(n0) = 1.131744996078438e+00
i(vref) = -6.08340508741503e-05
i(vdd) = -8.95098231645797e-11
Doing analysis at TEMP = 27.000000 and TNOM = 27.000000


No. of Data Rows : 1
REF_CODE_245
v(n0) = 1.136430709802666e+00
i(vref) = -8.57663435267515e-05
i(vdd) = -8.71125740986578e-11
Doing analysis at TEMP = 27.000000 and TNOM = 27.000000


No. of Data Rows : 1
REF_CODE_246
v(n0) = 1.141121017483694e+00
i(vref) = -7.08700308788508e-05
i(vdd) = -8.71134553381836e-11
Doing analysis at TEMP = 27.000000 and TNOM = 27.000000


No. of Data Rows : 1
REF_CODE_247
v(n0) = 1.145820381846457e+00
i(vref) = -7.59051650796663e-05
i(vdd) = -8.47278497362325e-11
Doing analysis at TEMP = 27.000000 and TNOM = 27.000000


No. of Data Rows : 1
REF_CODE_248
v(n0) = 1.150470374479273e+00
i(vref) = -4.10055833871980e-05
i(vdd) = -8.95203147721624e-11
Doing analysis at TEMP = 27.000000 and TNOM = 27.000000


No. of Data Rows : 1
REF_CODE_249
v(n0) = 1.155154871290252e+00
i(vref) = -7.08915231337412e-05
i(vdd) = -8.71193603368958e-11
Doing analysis at TEMP = 27.000000 and TNOM = 27.000000


No. of Data Rows : 1
REF_CODE_250
v(n0) = 1.159841695002202e+00
i(vref) = -6.09562577922205e-05
i(vdd) = -8.71168207017270e-11
Doing analysis at TEMP = 27.000000 and TNOM = 27.000000


No. of Data Rows : 1
REF_CODE_251
v(n0) = 1.164539884800613e+00
i(vref) = -7.09669798184438e-05
i(vdd) = -8.47288419980607e-11
Doing analysis at TEMP = 27.000000 and TNOM = 27.000000


No. of Data Rows : 1
REF_CODE_252
v(n0) = 1.169225613524831e+00
i(vref) = -4.10725091539903e-05
i(vdd) = -8.71252098244568e-11
Doing analysis at TEMP = 27.000000 and TNOM = 27.000000


No. of Data Rows : 1
REF_CODE_253
v(n0) = 1.173921438004912e+00
i(vref) = -6.10043472718674e-05
i(vdd) = -8.47302644713110e-11
Doing analysis at TEMP = 27.000000 and TNOM = 27.000000


No. of Data Rows : 1
REF_CODE_254
v(n0) = 1.178624146428654e+00
i(vref) = -4.11001872370305e-05
i(vdd) = -8.47341849463668e-11
Doing analysis at TEMP = 27.000000 and TNOM = 27.000000


No. of Data Rows : 1
REF_CODE_255
v(n0) = 1.183333602490834e+00
i(vref) = -4.11178075872456e-05
i(vdd) = -8.23522777748664e-11
ngspice-36 done
