Warning: vregen: no DC value, transient time 0 value used
Warning: vsample: no DC value, transient time 0 value used
Warning: veval: no DC value, transient time 0 value used
Warning: vreset: no DC value, transient time 0 value used
 Reference value :  2.00000e-13
 Reference value :  2.00000e-11
 Reference value :  3.25205e-10
 Reference value :  4.36520e-09
 Reference value :  9.89821e-09
 Reference value :  1.51182e-08
Warning: vregen: no DC value, transient time 0 value used
Warning: vsample: no DC value, transient time 0 value used
Warning: veval: no DC value, transient time 0 value used
Warning: vreset: no DC value, transient time 0 value used
 Reference value :  2.33600e-13
 Reference value :  3.17622e-11
 Reference value :  4.05205e-10
 Reference value :  7.05205e-10
 Reference value :  1.16520e-09
 Reference value :  1.54520e-09
 Reference value :  1.88520e-09
 Reference value :  2.22520e-09
 Reference value :  2.58520e-09
 Reference value :  3.00520e-09
 Reference value :  3.30520e-09
 Reference value :  3.62520e-09
 Reference value :  4.04520e-09
 Reference value :  4.34520e-09
 Reference value :  4.66520e-09
 Reference value :  4.96520e-09
 Reference value :  5.26520e-09
 Reference value :  5.64520e-09
 Reference value :  6.00520e-09
 Reference value :  6.54520e-09
 Reference value :  1.78582e-08
Original line no.: 63, new internal line no.: 870:
insertnumber: fails.
  s = ".measure tran decision_diff_v param=    5.824381367228022e-01   " u="  5.824381367228022e-01  " id=0
