
Compatibility modes selected: hs a


Circuit: * signed small-signal extracted latch diagnostic, no structural mos substitution.

option SCALE: Scale is set to 1e-06 for instance and model parameters
option SCALE: Scale is set to 1e-06 for instance and model parameters
Doing analysis at TEMP = 27.000000 and TNOM = 27.000000

Warning: veval: no DC value, transient time 0 value used
Warning: vreset: no DC value, transient time 0 value used

Initial Transient Solution
--------------------------

Node                                   Voltage
----                                   -------
vdd                                        1.8
vdd_active                                 1.8
vss                                          0
sense_p                               0.900076
sense_n                               0.899923
iso_tail                              0.295698
latch_sense_p                          1.78748
latch_sense_n                          1.78752
reset                                        0
eval                                         0
out_p                                      1.8
out_n                                      1.8
tail                                   1.40388
veval#branch                                 0
vreset#branch                                0
vn#branch                                    0
vp#branch                                    0
vss#branch                          3.9725e-11
vactive#branch                    -2.50025e-07
vdd#branch                        -1.48702e-11


No. of Data Rows : 1051

  Measurements for Transient Analysis

op_final            =  7.213253e-02
on_final            =  7.213115e-02
lp_before           =  1.787477e+00
ln_before           =  1.787520e+00

binary raw file "waveform.raw"
Doing analysis at TEMP = 27.000000 and TNOM = 27.000000

Warning: veval: no DC value, transient time 0 value used
Warning: vreset: no DC value, transient time 0 value used

Initial Transient Solution
--------------------------

Node                                   Voltage
----                                   -------
vdd                                        1.8
vdd_active                                 1.8
vss                                          0
sense_p                               0.900076
sense_n                               0.899923
iso_tail                              0.207399
latch_sense_p                        -0.102943
latch_sense_n                        -0.102978
reset                                        0
eval                                         0
out_p                                 0.359106
out_n                                 0.359105
tail                                 0.0253649
veval#branch                       -0.00163673
vreset#branch                       0.00310514
vn#branch                          -0.00116027
vp#branch                          -0.00116043
vss#branch                          0.00917038
vactive#branch                     -0.00388176
vdd#branch                         -0.00443657


No. of Data Rows : 1053

  Measurements for Transient Analysis

op_final            =  7.214503e-02
on_final            =  7.214350e-02
lp_before           =  1.754471e+00
ln_before           =  1.754584e+00


Total analysis time (seconds) = 0.131

Total elapsed time (seconds) = 0.420 

Total DRAM available = 7943.234 MB.
DRAM currently available =  210.062 MB.
Maximum ngspice program size =   56.660 MB.
Current ngspice program size =   41.125 MB.

Shared ngspice pages =   10.625 MB.
Text (code) pages =    5.316 MB.
Stack = 0 bytes.
Library pages =   38.711 MB.

