
Compatibility modes selected: hs a


Circuit: * signed small-signal extracted latch diagnostic, no structural mos substitution.

option SCALE: Scale is set to 1e-06 for instance and model parameters
option SCALE: Scale is set to 1e-06 for instance and model parameters
Doing analysis at TEMP = 25.000000 and TNOM = 27.000000

Warning: vd: no DC value, transient time 0 value used
Warning: vclk: no DC value, transient time 0 value used

Initial Transient Solution
--------------------------

Node                                   Voltage
----                                   -------
vdd                                        1.8
clk                                          0
d                                            0
q                                  2.67658e-09
vd#branch                                    0
vclk#branch                                  0
vdd#branch                        -3.16101e-11


No. of Data Rows : 10105
binary raw file "waveform.raw"
Note: No ".plot", ".print", or ".fourier" lines; no simulations run
