Warning: vregen: no DC value, transient time 0 value used
Warning: vsample: no DC value, transient time 0 value used
Warning: vsamplebar: no DC value, transient time 0 value used
Warning: veval: no DC value, transient time 0 value used
Warning: vreset: no DC value, transient time 0 value used
 Reference value :  2.00000e-13
 Reference value :  2.14957e-11
 Reference value :  4.22435e-10
 Reference value :  7.82435e-10
 Reference value :  1.16243e-09
 Reference value :  1.56243e-09
 Reference value :  1.90243e-09
 Reference value :  2.28243e-09
 Reference value :  2.62243e-09
 Reference value :  2.94243e-09
 Reference value :  7.52243e-09
 Reference value :  1.47300e-08
Warning: vregen: no DC value, transient time 0 value used
Warning: vsample: no DC value, transient time 0 value used
Warning: vsamplebar: no DC value, transient time 0 value used
Warning: veval: no DC value, transient time 0 value used
Warning: vreset: no DC value, transient time 0 value used
 Reference value :  2.82435e-10
 Reference value :  6.02435e-10
 Reference value :  9.22435e-10
 Reference value :  1.24243e-09
 Reference value :  6.28243e-09
 Reference value :  1.01700e-08
 Reference value :  1.61700e-08
Original line no.: 64, new internal line no.: 875:
insertnumber: fails.
  s = ".measure tran decision_diff_v param=   -1.800000967697351e+00   " u=" -1.800000967697351e+00  " id=0
