
No compatibility mode selected!


Circuit: * extracted active converter macro decision-boundary transient.

Option cshunt: 29 capacitors added with 1e-15 F each
Doing analysis at TEMP = 27.000000 and TNOM = 27.000000

Using transient initial conditions

No. of Data Rows : 1049

  Measurements for Transient Analysis

decision_p_v        =  1.800001e+00
decision_n_v        =  2.251746e-08
decision_diff_v     =  -1.80000e+00
supply_charge_c     =   -1.90506e-15 from=  2.00000e-13 to=  2.00000e-08
active_supply_charge_c=   -4.85798e-13 from=  2.00000e-13 to=  2.00000e-08
acquired_p          =  1.476067e+00
acquired_n          =  1.416378e+00

Doing analysis at TEMP = 27.000000 and TNOM = 27.000000

Using transient initial conditions

No. of Data Rows : 1049

  Measurements for Transient Analysis

decision_p_v        =  1.800001e+00
decision_n_v        =  2.251746e-08
decision_diff_v     =  -1.80000e+00
supply_charge_c     =   -1.90506e-15 from=  2.00000e-13 to=  2.00000e-08
active_supply_charge_c=   -4.85798e-13 from=  2.00000e-13 to=  2.00000e-08
acquired_p          =  1.476067e+00
acquired_n          =  1.416378e+00


Total analysis time (seconds) = 6.234

Total elapsed time (seconds) = 8.845 

Total DRAM available = 7943.238 MB.
DRAM currently available =  149.488 MB.
Maximum ngspice program size =  147.328 MB.
Current ngspice program size =  131.250 MB.

Shared ngspice pages =   10.000 MB.
Text (code) pages =    5.316 MB.
Stack = 0 bytes.
Library pages =  129.379 MB.

