
Compatibility modes selected: hs a


Circuit: * signed small-signal extracted latch diagnostic, no structural mos substitution.

option SCALE: Scale is set to 1e-06 for instance and model parameters
option SCALE: Scale is set to 1e-06 for instance and model parameters
Doing analysis at TEMP = 125.000000 and TNOM = 27.000000

Warning: veval: no DC value, transient time 0 value used
Warning: vreset: no DC value, transient time 0 value used
Warning: vn: no DC value, transient time 0 value used
Warning: vp: no DC value, transient time 0 value used

Initial Transient Solution
--------------------------

Node                                   Voltage
----                                   -------
vdd                                       1.75
vdd_active                                 1.8
vss                                          0
sense_p                                0.89975
sense_n                                0.90025
iso_tail                               0.21687
latch_sense_p                          1.10215
latch_sense_n                          1.09771
reset                                        0
eval                                         0
out_p                                  1.74999
out_n                                  1.74999
tail                                   1.30582
veval#branch                                 0
vreset#branch                                0
vn#branch                                    0
vp#branch                                    0
vss#branch                         1.65061e-09
vactive#branch                    -4.00047e-06
vdd#branch                        -1.18218e-09


No. of Data Rows : 10228

  Measurements for Transient Analysis

op_final            =  2.170844e-02
on_final            =  1.572928e+00
lp_before           =  1.102155e+00
ln_before           =  1.097709e+00

binary raw file "waveform.raw"
Doing analysis at TEMP = 125.000000 and TNOM = 27.000000

Warning: veval: no DC value, transient time 0 value used
Warning: vreset: no DC value, transient time 0 value used
Warning: vn: no DC value, transient time 0 value used
Warning: vp: no DC value, transient time 0 value used

Initial Transient Solution
--------------------------

Node                                   Voltage
----                                   -------
vdd                                       1.75
vdd_active                                 1.8
vss                                          0
sense_p                                0.89975
sense_n                                0.90025
iso_tail                              0.194264
latch_sense_p                        0.0234846
latch_sense_n                        0.0236234
reset                                        0
eval                                         0
out_p                                 0.888903
out_n                                 0.888904
tail                                 0.0645562
veval#branch                      -0.000963145
vreset#branch                       0.00176606
vn#branch                         -0.000596042
vp#branch                         -0.000595758
vss#branch                          0.00517584
vactive#branch                     -0.00266223
vdd#branch                         -0.00212873


No. of Data Rows : 10236

  Measurements for Transient Analysis

op_final            =  1.940629e-02
on_final            =  1.600738e+00
lp_before           =  8.566736e-01
ln_before           =  8.532794e-01


Total analysis time (seconds) = 2.869

Total elapsed time (seconds) = 3.339 

Total DRAM available = 7943.238 MB.
DRAM currently available =  508.078 MB.
Maximum ngspice program size =   61.121 MB.
Current ngspice program size =   45.281 MB.

Shared ngspice pages =   10.500 MB.
Text (code) pages =    5.316 MB.
Stack = 0 bytes.
Library pages =   43.172 MB.

