Warning: vregen: no DC value, transient time 0 value used
Warning: vsample: no DC value, transient time 0 value used
Warning: veval: no DC value, transient time 0 value used
Warning: vreset: no DC value, transient time 0 value used
 Reference value :  2.00000e-13
 Reference value :  1.12387e-08
Warning: vregen: no DC value, transient time 0 value used
Warning: vsample: no DC value, transient time 0 value used
Warning: veval: no DC value, transient time 0 value used
Warning: vreset: no DC value, transient time 0 value used
 Reference value :  2.20521e-09
 Reference value :  7.86521e-09
 Reference value :  8.02723e-09
 Reference value :  8.22000e-09
 Reference value :  8.35036e-09
 Reference value :  8.75036e-09
 Reference value :  9.15036e-09
 Reference value :  9.24511e-09
 Reference value :  9.30058e-09
 Reference value :  9.37868e-09
 Reference value :  1.73587e-08
Original line no.: 63, new internal line no.: 870:
insertnumber: fails.
  s = ".measure tran decision_diff_v param=    5.834227835942682e-01   " u="  5.834227835942682e-01  " id=0
