
No compatibility mode selected!


Circuit: * extracted active converter macro decision-boundary transient.

Option cshunt: 26 capacitors added with 1e-15 F each
Doing analysis at TEMP = 27.000000 and TNOM = 27.000000

Using transient initial conditions

No. of Data Rows : 1051

  Measurements for Transient Analysis

decision_p_v        =  3.118554e-01
decision_n_v        =  8.952782e-01
decision_diff_v     =  5.83423e-01
supply_charge_c     =   -1.90507e-15 from=  2.00000e-13 to=  2.00000e-08
active_supply_charge_c=   -6.52607e-13 from=  2.00000e-13 to=  2.00000e-08
acquired_p          =  1.593613e-01
acquired_n          =  1.666075e-02

Doing analysis at TEMP = 27.000000 and TNOM = 27.000000

Using transient initial conditions

No. of Data Rows : 1051

  Measurements for Transient Analysis

decision_p_v        =  3.118554e-01
decision_n_v        =  8.952782e-01
decision_diff_v     =  5.83423e-01
supply_charge_c     =   -1.90507e-15 from=  2.00000e-13 to=  2.00000e-08
active_supply_charge_c=   -6.52607e-13 from=  2.00000e-13 to=  2.00000e-08
acquired_p          =  1.593613e-01
acquired_n          =  1.666075e-02


Total analysis time (seconds) = 4.123

Total elapsed time (seconds) = 5.809 

Total DRAM available = 7943.238 MB.
DRAM currently available =  144.367 MB.
Maximum ngspice program size =  128.109 MB.
Current ngspice program size =  112.250 MB.

Shared ngspice pages =   10.250 MB.
Text (code) pages =    5.316 MB.
Stack = 0 bytes.
Library pages =  110.160 MB.

