
Compatibility modes selected: hs a


Circuit: * signed small-signal extracted latch diagnostic, no structural mos substitution.

option SCALE: Scale is set to 1e-06 for instance and model parameters
option SCALE: Scale is set to 1e-06 for instance and model parameters
Reset re-loads circuit * signed small-signal extracted latch diagnostic, no structural mos substitution.

Circuit: * signed small-signal extracted latch diagnostic, no structural mos substitution.

option SCALE: Scale is set to 1e-06 for instance and model parameters
option SCALE: Scale is set to 1e-06 for instance and model parameters
Doing analysis at TEMP = 27.000000 and TNOM = 27.000000

Warning: veqreset: no DC value, transient time 0 value used
Warning: veval: no DC value, transient time 0 value used
Warning: vreset: no DC value, transient time 0 value used
Warning: vn: no DC value, transient time 0 value used
Warning: vp: no DC value, transient time 0 value used

Initial Transient Solution
--------------------------

Node                                   Voltage
----                                   -------
vdd                                       1.75
vdd_active                                 1.8
vss                                          0
sense_p                                  0.895
sense_n                                  0.905
iso_tail                              0.177025
latch_sense_p                          1.11024
latch_sense_n                          1.08976
reset                                        0
eval                                         0
eq_reset                                     0
rx_p                               8.88229e-08
out_p                                     1.75
out_n                                     1.75
rx_n                               8.87903e-08
tail                                   1.33255
veqreset#branch                              0
veval#branch                                 0
vreset#branch                                0
vn#branch                                    0
vp#branch                                    0
vss#branch                         1.07766e-10
vactive#branch                    -4.00009e-06
vdd#branch                        -1.41183e-11


No. of Data Rows : 30862

  Measurements for Transient Analysis

op_final            =  1.358253e-02
on_final            =  1.604790e+00
lp_before           =  1.148704e+00
ln_before           =  1.077198e+00

binary raw file "waveform.raw"
Doing analysis at TEMP = 27.000000 and TNOM = 27.000000

Warning: veqreset: no DC value, transient time 0 value used
Warning: veval: no DC value, transient time 0 value used
Warning: vreset: no DC value, transient time 0 value used
Warning: vn: no DC value, transient time 0 value used
Warning: vp: no DC value, transient time 0 value used

Initial Transient Solution
--------------------------

Node                                   Voltage
----                                   -------
vdd                                       1.75
vdd_active                                 1.8
vss                                          0
sense_p                                  0.895
sense_n                                  0.905
iso_tail                               0.16139
latch_sense_p                         0.442045
latch_sense_n                         0.445137
reset                                        0
eval                                         0
eq_reset                                     0
rx_p                                  0.793524
out_p                                 0.882246
out_n                                 0.880177
rx_n                                  0.788766
tail                                 0.0650856
veqreset#branch                    0.000385275
veval#branch                       -0.00087225
vreset#branch                       0.00159764
vn#branch                         -0.000463295
vp#branch                         -0.000458769
vss#branch                          0.00572896
vactive#branch                     -0.00393928
vdd#branch                         -0.00198228


No. of Data Rows : 30862

  Measurements for Transient Analysis

op_final            =  1.149602e-02
on_final            =  1.639560e+00
lp_before           =  9.610600e-01
ln_before           =  8.892732e-01


Total analysis time (seconds) = 42.577

Total elapsed time (seconds) = 47.877 

Total DRAM available = 7943.238 MB.
DRAM currently available =  773.004 MB.
Maximum ngspice program size =   58.438 MB.
Current ngspice program size =   42.152 MB.

Shared ngspice pages =    9.875 MB.
Text (code) pages =    5.316 MB.
Stack = 0 bytes.
Library pages =   40.488 MB.

