
Magic 8.3 revision 682 - Compiled on Sun Aug 30 07:01:46 PDT 2026.
Starting magic under Tcl interpreter
Using the terminal as the console.
WARNING: RLIMIT_NOFILE is above 1024 and Tcl_Version<9 this may cause runtime issues [rlim_cur=1048576]
Using NULL graphics device.
Processing system .magicrc file
Switching to WIRING tool.
Switching to NETLIST tool.
Switching to PICK tool.
Switching to BOX tool.
Sourcing design .magicrc for technology sky130A ...
2 Magic internal units = 1 Lambda
Input style sky130(): scaleFactor=2, multiplier=2
The following types are not handled by extraction and will be treated as non-electrical types:
    ubm 
Scaled tech values by 2 / 1 to match internal grid scaling
Loading sky130A Device Generator Menu ...
Loading "/home/mehtama1/git-repo/ai-hardware-analysis/analog-digital-chip-design-eda/evidence/aimc-simulator-adapters/recovery-20260909/drc-original-full-cell/audit.tcl" from command line.
Cell aimc_converter_macro_active_candidate read from current working directory
Scaled magic input cell aimc_converter_macro_active_candidate geometry by factor of 2
Cell sky130_transistor_active_isolation_pair read from current working directory
Scaled magic input cell sky130_transistor_active_isolation_pair geometry by factor of 2
Cell escaped_input_latch read from current working directory
Scaled magic input cell escaped_input_latch geometry by factor of 2
Cell shared_converter_mux read from current working directory
Scaled magic input cell shared_converter_mux geometry by factor of 2
Cell sar_readout_12b read from current working directory
Scaled magic input cell sar_readout_12b geometry by factor of 2
Cell row_dac_10b read from current working directory
Scaled magic input cell row_dac_10b geometry by factor of 2
Processing timestamp mismatches.
Timestamp mismatches found in these cells: sky130_transistor_active_isolation_pair, escaped_input_latch, shared_converter_mux, sar_readout_12b, row_dac_10b.
Loading DRC CIF style.
DRC_RULE	Local interconnect overlap of poly contact < 0.08um in one direction (li.5)	88
DRC_RULE	Metal4 overlap of via3 < 0.005um (met4.3 - via3.4)	124
DRC_RULE	Metal2 spacing < 0.14um (met2.2)	8
DRC_RULE	Metal1 overlap of local interconnect contact < 0.03um (met1.4)	86
DRC_RULE	P-tap overlap of P-tap contact < 0.12um in one direction (licon.7)	8
DRC_RULE	Metal2 overlap of Via1 < 0.03um in one direction (met2.5 - met2.4)	340
DRC_RULE	Local interconnect overlap of diffusion contact < 0.08um in one direction (li.5)	248
DRC_RULE	Metal3 spacing < 0.3um (met3.2)	16
DRC_RULE	Metal4 spacing < 0.3um (met4.2)	15
DRC_RULE	Metal2 overlap of via2 < 0.045um in one direction (via2.4a - via2.4)	490
DRC_RULE	N-tap overlap of N-tap contact < 0.12um in one direction (licon.7)	32
DRC_RULE	Metal3 overlap of via3 in one direction < 0.03um (via3.5 - via3.4)	84
DRC_RULE	Metal1 overlap of Via1 < 0.03um in one direction (via.5a - via.4a)	52
DRC_RULE	poly overlap of poly contact < 0.05um (licon.8)	23
DRC_RULE	Metal3 overlap of via2 < 0.025um (met3.4)	304
DRC_AUDIT_COMPLETE
