
No compatibility mode selected!


Circuit: * extracted active converter macro decision-boundary transient.

Option cshunt: 26 capacitors added with 1e-15 F each
Doing analysis at TEMP = 27.000000 and TNOM = 27.000000

Using transient initial conditions

No. of Data Rows : 1049

  Measurements for Transient Analysis

decision_p_v        =  9.094112e-02
decision_n_v        =  1.362205e+00
decision_diff_v     =  1.27126e+00
supply_charge_c     =   -1.90534e-15 from=  2.00000e-13 to=  2.00000e-08
active_supply_charge_c=   -7.46794e-13 from=  2.00000e-13 to=  2.00000e-08
acquired_p          =  9.923350e-01
acquired_n          =  1.552643e+00

Doing analysis at TEMP = 27.000000 and TNOM = 27.000000

Using transient initial conditions

No. of Data Rows : 1049

  Measurements for Transient Analysis

decision_p_v        =  9.094112e-02
decision_n_v        =  1.362205e+00
decision_diff_v     =  1.27126e+00
supply_charge_c     =   -1.90534e-15 from=  2.00000e-13 to=  2.00000e-08
active_supply_charge_c=   -7.46794e-13 from=  2.00000e-13 to=  2.00000e-08
acquired_p          =  9.923350e-01
acquired_n          =  1.552643e+00


Total analysis time (seconds) = 1.291

Total elapsed time (seconds) = 3.609 

Total DRAM available = 7943.238 MB.
DRAM currently available =  109.539 MB.
Maximum ngspice program size =  128.062 MB.
Current ngspice program size =  112.250 MB.

Shared ngspice pages =   10.250 MB.
Text (code) pages =    5.316 MB.
Stack = 0 bytes.
Library pages =  110.113 MB.

