Warning: vregen: no DC value, transient time 0 value used
Warning: vsample: no DC value, transient time 0 value used
Warning: veval: no DC value, transient time 0 value used
Warning: vreset: no DC value, transient time 0 value used
 Reference value :  2.00000e-13
 Reference value :  3.02062e-12
 Reference value :  3.00590e-09
 Reference value :  6.78590e-09
 Reference value :  9.46906e-09
 Reference value :  1.31291e-08
 Reference value :  1.64491e-08
Warning: vregen: no DC value, transient time 0 value used
Warning: vsample: no DC value, transient time 0 value used
Warning: veval: no DC value, transient time 0 value used
Warning: vreset: no DC value, transient time 0 value used
 Reference value :  2.00000e-13
 Reference value :  8.20165e-09
 Reference value :  1.41291e-08
Original line no.: 63, new internal line no.: 870:
insertnumber: fails.
  s = ".measure tran decision_diff_v param=    1.271325815937245e+00   " u="  1.271325815937245e+00  " id=0
