
No compatibility mode selected!


Circuit: * extracted active converter macro decision-boundary transient.

Option cshunt: 23 capacitors added with 1e-15 F each
Doing analysis at TEMP = 27.000000 and TNOM = 27.000000

Using transient initial conditions

No. of Data Rows : 1031

  Measurements for Transient Analysis

decision_p_v        =  6.312387e-02
decision_n_v        =  3.499310e-01
decision_diff_v     =  2.86807e-01
supply_charge_c     =   -1.90534e-15 from=  2.00000e-13 to=  2.00000e-08
active_supply_charge_c=   -9.84274e-13 from=  2.00000e-13 to=  2.00000e-08

Doing analysis at TEMP = 27.000000 and TNOM = 27.000000

Using transient initial conditions

No. of Data Rows : 1031

  Measurements for Transient Analysis

decision_p_v        =  6.312387e-02
decision_n_v        =  3.499310e-01
decision_diff_v     =  2.86807e-01
supply_charge_c     =   -1.90534e-15 from=  2.00000e-13 to=  2.00000e-08
active_supply_charge_c=   -9.84274e-13 from=  2.00000e-13 to=  2.00000e-08


Total analysis time (seconds) = 2.94

Total elapsed time (seconds) = 10.453 

Total DRAM available = 7943.238 MB.
DRAM currently available =  114.207 MB.
Maximum ngspice program size =  118.445 MB.
Current ngspice program size =  102.250 MB.

Shared ngspice pages =   10.000 MB.
Text (code) pages =    5.316 MB.
Stack = 0 bytes.
Library pages =  100.496 MB.

