
No compatibility mode selected!


Circuit: * extracted active converter macro decision-boundary transient.

Option cshunt: 22 capacitors added with 1e-15 F each
Doing analysis at TEMP = 27.000000 and TNOM = 27.000000

Using transient initial conditions

No. of Data Rows : 1031

  Measurements for Transient Analysis

decision_p_v        =  1.377589e-01
decision_n_v        =  1.365617e-01
decision_diff_v     =  -1.19718e-03
supply_charge_c     =   -1.90506e-15 from=  2.00000e-13 to=  2.00000e-08
active_supply_charge_c=   -1.19851e-12 from=  2.00000e-13 to=  2.00000e-08

Doing analysis at TEMP = 27.000000 and TNOM = 27.000000

Using transient initial conditions

No. of Data Rows : 1031

  Measurements for Transient Analysis

decision_p_v        =  1.377589e-01
decision_n_v        =  1.365617e-01
decision_diff_v     =  -1.19718e-03
supply_charge_c     =   -1.90506e-15 from=  2.00000e-13 to=  2.00000e-08
active_supply_charge_c=   -1.19851e-12 from=  2.00000e-13 to=  2.00000e-08


Total analysis time (seconds) = 3.497

Total elapsed time (seconds) = 6.233 

Total DRAM available = 7943.238 MB.
DRAM currently available =  119.039 MB.
Maximum ngspice program size =  118.438 MB.
Current ngspice program size =  102.875 MB.

Shared ngspice pages =   10.500 MB.
Text (code) pages =    5.316 MB.
Stack = 0 bytes.
Library pages =  100.488 MB.

