
Compatibility modes selected: hs a


Circuit: * signed small-signal extracted latch diagnostic, no structural mos substitution.

option SCALE: Scale is set to 1e-06 for instance and model parameters
option SCALE: Scale is set to 1e-06 for instance and model parameters
Doing analysis at TEMP = 27.000000 and TNOM = 27.000000

Warning: veval: no DC value, transient time 0 value used
Warning: vreset: no DC value, transient time 0 value used
Warning: vn: no DC value, transient time 0 value used
Warning: vp: no DC value, transient time 0 value used

Initial Transient Solution
--------------------------

Node                                   Voltage
----                                   -------
vdd                                       1.75
vdd_active                                 1.8
vss                                          0
sense_p                                0.89975
sense_n                                0.90025
iso_tail                              0.176131
latch_sense_p                           1.1026
latch_sense_n                           1.0974
reset                                        0
eval                                         0
out_p                                     1.75
out_n                                     1.75
tail                                   1.33263
veval#branch                                 0
vreset#branch                                0
vn#branch                                    0
vp#branch                                    0
vss#branch                         1.69974e-11
vactive#branch                          -4e-06
vdd#branch                        -1.41487e-11


No. of Data Rows : 20353

  Measurements for Transient Analysis

op_final            =  1.645398e-02
on_final            =  1.553538e+00
lp_before           =  1.102604e+00
ln_before           =  1.097396e+00

binary raw file "waveform.raw"
Doing analysis at TEMP = 27.000000 and TNOM = 27.000000

Warning: veval: no DC value, transient time 0 value used
Warning: vreset: no DC value, transient time 0 value used
Warning: vn: no DC value, transient time 0 value used
Warning: vp: no DC value, transient time 0 value used

Initial Transient Solution
--------------------------

Node                                   Voltage
----                                   -------
vdd                                       1.75
vdd_active                                 1.8
vss                                          0
sense_p                                0.89975
sense_n                                0.90025
iso_tail                              0.169005
latch_sense_p                        0.0224782
latch_sense_n                        0.0226288
reset                                        0
eval                                         0
out_p                                 0.873038
out_n                                  0.87304
tail                                 0.0544663
veval#branch                      -0.000655948
vreset#branch                        0.0011881
vn#branch                         -0.000414047
vp#branch                         -0.000413838
vss#branch                          0.00361867
vactive#branch                     -0.00182439
vdd#branch                         -0.00150254


No. of Data Rows : 20355

  Measurements for Transient Analysis

op_final            =  1.465419e-02
on_final            =  1.586578e+00
lp_before           =  8.716342e-01
ln_before           =  8.675202e-01


Total analysis time (seconds) = 21.961

Total elapsed time (seconds) = 22.623 

Total DRAM available = 7943.238 MB.
DRAM currently available =  389.977 MB.
Maximum ngspice program size =   66.234 MB.
Current ngspice program size =   50.301 MB.

Shared ngspice pages =   10.375 MB.
Text (code) pages =    5.316 MB.
Stack = 0 bytes.
Library pages =   48.285 MB.

