
Compatibility modes selected: hs a


Circuit: * signed small-signal extracted latch diagnostic, no structural mos substitution.

option SCALE: Scale is set to 1e-06 for instance and model parameters
option SCALE: Scale is set to 1e-06 for instance and model parameters
Doing analysis at TEMP = 27.000000 and TNOM = 27.000000

Warning: veval: no DC value, transient time 0 value used
Warning: vreset: no DC value, transient time 0 value used
Warning: vn: no DC value, transient time 0 value used
Warning: vp: no DC value, transient time 0 value used

Initial Transient Solution
--------------------------

Node                                   Voltage
----                                   -------
vdd                                       1.75
vdd_active                                 1.8
vss                                          0
sense_p                                0.89975
sense_n                                0.90025
iso_tail                              0.177859
latch_sense_p                          1.10092
latch_sense_n                          1.09908
reset                                        0
eval                                         0
rx_p                               7.68245e-08
out_p                                     1.75
out_n                                     1.75
rx_n                               2.06156e-08
tail                                    1.3337
veval#branch                                 0
vreset#branch                                0
vn#branch                                    0
vp#branch                                    0
vss#branch                         6.76958e-11
vactive#branch                    -4.00005e-06
vdd#branch                        -1.41441e-11


No. of Data Rows : 10238

  Measurements for Transient Analysis

op_final            =  1.551546e+00
on_final            =  1.635368e-02
lp_before           =  1.100917e+00
ln_before           =  1.099082e+00

binary raw file "waveform.raw"
Doing analysis at TEMP = 27.000000 and TNOM = 27.000000

Warning: veval: no DC value, transient time 0 value used
Warning: vreset: no DC value, transient time 0 value used
Warning: vn: no DC value, transient time 0 value used
Warning: vp: no DC value, transient time 0 value used

Initial Transient Solution
--------------------------

Node                                   Voltage
----                                   -------
vdd                                       1.75
vdd_active                                 1.8
vss                                          0
sense_p                                0.89975
sense_n                                0.90025
iso_tail                              0.175653
latch_sense_p                        0.0194233
latch_sense_n                        0.0187649
reset                                        0
eval                                         0
rx_p                                  0.779349
out_p                                 0.872421
out_n                                 0.870946
rx_n                                  0.796375
tail                                 0.0559682
veval#branch                        -0.0008738
vreset#branch                       0.00158888
vn#branch                          -0.00055587
vp#branch                          -0.00055401
vss#branch                          0.00500943
vactive#branch                     -0.00263665
vdd#branch                         -0.00198197


No. of Data Rows : 10238

  Measurements for Transient Analysis

op_final            =  1.586708e+00
on_final            =  1.447061e-02
lp_before           =  8.703671e-01
ln_before           =  8.690149e-01


Total analysis time (seconds) = 6.871

Total elapsed time (seconds) = 7.466 

Total DRAM available = 7943.238 MB.
DRAM currently available =  193.859 MB.
Maximum ngspice program size =   62.629 MB.
Current ngspice program size =   46.613 MB.

Shared ngspice pages =   10.250 MB.
Text (code) pages =    5.316 MB.
Stack = 0 bytes.
Library pages =   44.680 MB.

