
Compatibility modes selected: hs a


Circuit: * signed small-signal extracted latch diagnostic, no structural mos substitution.

option SCALE: Scale is set to 1e-06 for instance and model parameters
option SCALE: Scale is set to 1e-06 for instance and model parameters
Doing analysis at TEMP = 27.000000 and TNOM = 27.000000

Warning: veval: no DC value, transient time 0 value used
Warning: vreset: no DC value, transient time 0 value used

Initial Transient Solution
--------------------------

Node                                   Voltage
----                                   -------
vdd                                        1.8
vdd_active                                 1.8
vss                                          0
sense_p                                0.89975
sense_n                                0.90025
iso_tail                              0.173294
latch_sense_p                         0.683796
latch_sense_n                         0.676203
reset                                        0
eval                                         0
out_p                                      1.8
out_n                                      1.8
tail                                   1.37524
veval#branch                                 0
vreset#branch                                0
vn#branch                                    0
vp#branch                                    0
vss#branch                          1.6415e-11
vactive#branch                    -2.55465e-17
vdd#branch                        -4.00002e-06


No. of Data Rows : 1052

  Measurements for Transient Analysis

op_final            =  1.784683e+00
on_final            =  6.583152e-04
lp_before           =  6.837957e-01
ln_before           =  6.762033e-01

binary raw file "waveform.raw"
Doing analysis at TEMP = 27.000000 and TNOM = 27.000000

Warning: veval: no DC value, transient time 0 value used
Warning: vreset: no DC value, transient time 0 value used

Initial Transient Solution
--------------------------

Node                                   Voltage
----                                   -------
vdd                                        1.8
vdd_active                                 1.8
vss                                          0
sense_p                                0.89975
sense_n                                0.90025
iso_tail                              0.173562
latch_sense_p                        0.0116851
latch_sense_n                        0.0118338
reset                                        0
eval                                         0
out_p                                 0.648445
out_n                                 0.648447
tail                                 0.0317128
veval#branch                      -0.000794362
vreset#branch                       0.00148329
vn#branch                         -0.000503926
vp#branch                         -0.000503674
vss#branch                          0.00380086
vactive#branch                     -0.00147248
vdd#branch                         -0.00201371


No. of Data Rows : 1052

  Measurements for Transient Analysis

op_final            =  1.785969e+00
on_final            =  6.112916e-04
lp_before           =  5.959639e-01
ln_before           =  5.895012e-01


Total analysis time (seconds) = 0.61

Total elapsed time (seconds) = 1.232 

Total DRAM available = 7943.238 MB.
DRAM currently available =  322.672 MB.
Maximum ngspice program size =   56.551 MB.
Current ngspice program size =   40.375 MB.

Shared ngspice pages =   10.000 MB.
Text (code) pages =    5.316 MB.
Stack = 0 bytes.
Library pages =   38.602 MB.

