
Compatibility modes selected: hs a


Circuit: * signed small-signal extracted latch diagnostic, no structural mos substitution.

option SCALE: Scale is set to 1e-06 for instance and model parameters
option SCALE: Scale is set to 1e-06 for instance and model parameters
Doing analysis at TEMP = 27.000000 and TNOM = 27.000000

Warning: veval: no DC value, transient time 0 value used
Warning: vreset: no DC value, transient time 0 value used
Warning: vn: no DC value, transient time 0 value used
Warning: vp: no DC value, transient time 0 value used

Initial Transient Solution
--------------------------

Node                                   Voltage
----                                   -------
vdd                                       1.75
vdd_active                                 1.8
vss                                          0
sense_p                                0.89975
sense_n                                0.90025
iso_tail                              0.216543
latch_sense_p                          1.10269
latch_sense_n                          1.09731
reset                                        0
eval                                         0
rx_p                               3.16269e-09
out_p                                     1.75
out_n                                     1.75
rx_n                               3.16269e-09
tail                                   1.37517
veval#branch                                 0
vreset#branch                                0
vn#branch                                    0
vp#branch                                    0
vss#branch                         2.21481e-11
vactive#branch                    -4.00001e-06
vdd#branch                        -1.47398e-11


No. of Data Rows : 10247

  Measurements for Transient Analysis

op_final            =  1.947951e-02
on_final            =  1.339329e+00
lp_before           =  1.102691e+00
ln_before           =  1.097308e+00

binary raw file "waveform.raw"
Doing analysis at TEMP = 27.000000 and TNOM = 27.000000

Warning: veval: no DC value, transient time 0 value used
Warning: vreset: no DC value, transient time 0 value used
Warning: vn: no DC value, transient time 0 value used
Warning: vp: no DC value, transient time 0 value used

Initial Transient Solution
--------------------------

Node                                   Voltage
----                                   -------
vdd                                       1.75
vdd_active                                 1.8
vss                                          0
sense_p                                0.89975
sense_n                                0.90025
iso_tail                              0.222861
latch_sense_p                        0.0408739
latch_sense_n                        0.0410462
reset                                        0
eval                                         0
rx_p                                  0.470214
out_p                                 0.967034
out_n                                 0.967036
rx_n                                  0.470211
tail                                 0.0894685
veval#branch                      -0.000844333
vreset#branch                        0.0015289
vn#branch                          -0.00057174
vp#branch                         -0.000571467
vss#branch                          0.00491696
vactive#branch                     -0.00254581
vdd#branch                         -0.00191651


No. of Data Rows : 10249

  Measurements for Transient Analysis

op_final            =  1.785688e-02
on_final            =  1.408815e+00
lp_before           =  9.007495e-01
ln_before           =  8.964003e-01


Total analysis time (seconds) = 2.522

Total elapsed time (seconds) = 2.956 

Total DRAM available = 7943.238 MB.
DRAM currently available =  766.484 MB.
Maximum ngspice program size =   62.668 MB.
Current ngspice program size =   46.852 MB.

Shared ngspice pages =   10.375 MB.
Text (code) pages =    5.316 MB.
Stack = 0 bytes.
Library pages =   44.719 MB.

