
No compatibility mode selected!


Circuit: * candidate 8-bit reference dac: ideal resistors, sky130 transmission gates.

Doing analysis at TEMP = 27.000000 and TNOM = 27.000000


No. of Data Rows : 1
REF_CODE_0
v(n0) = 1.002392147866081e-09
i(vref) = -2.07316463327185e-11
i(vdd) = -5.49722073417414e-11
Doing analysis at TEMP = 27.000000 and TNOM = 27.000000


No. of Data Rows : 1
REF_CODE_26
v(n0) = 1.189360626878615e-01
i(vref) = -8.22645894912945e-05
i(vdd) = -4.78727057995343e-11
Doing analysis at TEMP = 27.000000 and TNOM = 27.000000


No. of Data Rows : 1
REF_CODE_127
v(n0) = 5.857971962714381e-01
i(vref) = -6.89039724931786e-05
i(vdd) = -3.82860479430924e-11
Doing analysis at TEMP = 27.000000 and TNOM = 27.000000


No. of Data Rows : 1
REF_CODE_128
v(n0) = 5.785450171896667e-01
i(vref) = -2.94299415491203e-05
i(vdd) = -5.26037130521573e-11
Doing analysis at TEMP = 27.000000 and TNOM = 27.000000


No. of Data Rows : 1
REF_CODE_255
v(n0) = 1.182323157875637e+00
i(vref) = -4.07026836800385e-05
i(vdd) = -3.58610224848732e-11
ngspice-36 done
