
Circuit 1 cell sky130_fd_pr__cap_mim_m3_1 and Circuit 2 cell sky130_fd_pr__cap_mim_m3_1 are black boxes.
Warning: Equate pins:  cell sky130_fd_pr__cap_mim_m3_1 is a placeholder, treated as a black box.
Warning: Equate pins:  cell sky130_fd_pr__cap_mim_m3_1 is a placeholder, treated as a black box.

Subcircuit pins:
Circuit 1: sky130_fd_pr__cap_mim_m3_1      |Circuit 2: sky130_fd_pr__cap_mim_m3_1      
-------------------------------------------|-------------------------------------------
1                                          |1                                          
2                                          |2                                          
---------------------------------------------------------------------------------------
Cell pin lists are equivalent.
Device classes sky130_fd_pr__cap_mim_m3_1 and sky130_fd_pr__cap_mim_m3_1 are equivalent.

Subcircuit summary:
Circuit 1: capture_charge_cap              |Circuit 2: capture_charge_cap              
-------------------------------------------|-------------------------------------------
sky130_fd_pr__cap_mim_m3_1 (1)             |sky130_fd_pr__cap_mim_m3_1 (1)             
Number of devices: 1                       |Number of devices: 1                       
Number of nets: 2                          |Number of nets: 2                          
---------------------------------------------------------------------------------------
Netlists match uniquely.

Subcircuit pins:
Circuit 1: capture_charge_cap              |Circuit 2: capture_charge_cap              
-------------------------------------------|-------------------------------------------
top                                        |top                                        
bottom                                     |bottom                                     
---------------------------------------------------------------------------------------
Cell pin lists are equivalent.
Device classes capture_charge_cap and capture_charge_cap are equivalent.

Final result: Circuits match uniquely.
.
