
Compatibility modes selected: hs a


Circuit: * signed small-signal extracted latch diagnostic, no structural mos substitution.

option SCALE: Scale is set to 1e-06 for instance and model parameters
option SCALE: Scale is set to 1e-06 for instance and model parameters
Doing analysis at TEMP = 27.000000 and TNOM = 27.000000

Warning: veval: no DC value, transient time 0 value used
Warning: vreset: no DC value, transient time 0 value used

Initial Transient Solution
--------------------------

Node                                   Voltage
----                                   -------
vdd                                        1.8
vdd_active                                 1.8
vss                                          0
sense_p                                0.90025
sense_n                                0.89975
iso_tail                              0.174895
latch_sense_p                         0.896764
latch_sense_n                         0.903235
reset                                        0
eval                                         0
out_p                                      1.8
out_n                                      1.8
tail                                   1.37524
veval#branch                                 0
vreset#branch                                0
vn#branch                                    0
vp#branch                                    0
vss#branch                         1.68576e-11
vactive#branch                    -2.55465e-17
vdd#branch                        -4.00002e-06


No. of Data Rows : 1047

  Measurements for Transient Analysis

op_final            =  1.643724e+00
on_final            =  5.804321e-03
lp_before           =  8.967638e-01
ln_before           =  9.032352e-01

binary raw file "waveform.raw"
Doing analysis at TEMP = 27.000000 and TNOM = 27.000000

Warning: veval: no DC value, transient time 0 value used
Warning: vreset: no DC value, transient time 0 value used

Initial Transient Solution
--------------------------

Node                                   Voltage
----                                   -------
vdd                                        1.8
vdd_active                                 1.8
vss                                          0
sense_p                                0.90025
sense_n                                0.89975
iso_tail                              0.175845
latch_sense_p                        0.0115236
latch_sense_n                        0.0113761
reset                                        0
eval                                         0
out_p                                 0.646628
out_n                                 0.646626
tail                                 0.0325918
veval#branch                      -0.000871279
vreset#branch                       0.00163058
vn#branch                         -0.000553387
vp#branch                         -0.000553663
vss#branch                          0.00416876
vactive#branch                     -0.00161947
vdd#branch                         -0.00220554


No. of Data Rows : 1050

  Measurements for Transient Analysis

op_final            =  1.704849e+00
on_final            =  3.724881e-03
lp_before           =  6.231935e-01
ln_before           =  6.271018e-01


Total analysis time (seconds) = 0.219

Total elapsed time (seconds) = 0.691 

Total DRAM available = 7943.238 MB.
DRAM currently available =  935.434 MB.
Maximum ngspice program size =   56.656 MB.
Current ngspice program size =   41.000 MB.

Shared ngspice pages =   10.500 MB.
Text (code) pages =    5.316 MB.
Stack = 0 bytes.
Library pages =   38.707 MB.

