
Compatibility modes selected: hs a


Circuit: * signed small-signal extracted latch diagnostic, no structural mos substitution.

option SCALE: Scale is set to 1e-06 for instance and model parameters
option SCALE: Scale is set to 1e-06 for instance and model parameters
Reset re-loads circuit * signed small-signal extracted latch diagnostic, no structural mos substitution.

Circuit: * signed small-signal extracted latch diagnostic, no structural mos substitution.

option SCALE: Scale is set to 1e-06 for instance and model parameters
option SCALE: Scale is set to 1e-06 for instance and model parameters
Doing analysis at TEMP = 27.000000 and TNOM = 27.000000

Warning: veqreset: no DC value, transient time 0 value used
Warning: veval: no DC value, transient time 0 value used
Warning: vreset: no DC value, transient time 0 value used
Warning: vn: no DC value, transient time 0 value used
Warning: vp: no DC value, transient time 0 value used

Initial Transient Solution
--------------------------

Node                                   Voltage
----                                   -------
vdd                                       1.75
vdd_active                                 1.8
vss                                          0
sense_p                               0.900937
sense_n                               0.899062
iso_tail                              0.176946
latch_sense_p                          1.09772
latch_sense_n                          1.10228
reset                                        0
eval                                         0
eq_reset                                     0
rx_p                               8.88229e-08
out_p                                     1.75
out_n                                     1.75
rx_n                               8.87903e-08
tail                                   1.33255
veqreset#branch                              0
veval#branch                                 0
vreset#branch                                0
vn#branch                                    0
vp#branch                                    0
vss#branch                         1.07764e-10
vactive#branch                    -4.00009e-06
vdd#branch                        -1.41183e-11


No. of Data Rows : 40431

  Measurements for Transient Analysis

op_final            =  1.707071e-02
on_final            =  1.540326e+00
lp_before           =  1.105295e+00
ln_before           =  1.121093e+00

binary raw file "waveform.raw"
Doing analysis at TEMP = 27.000000 and TNOM = 27.000000

Warning: veqreset: no DC value, transient time 0 value used
Warning: veval: no DC value, transient time 0 value used
Warning: vreset: no DC value, transient time 0 value used
Warning: vn: no DC value, transient time 0 value used
Warning: vp: no DC value, transient time 0 value used

Initial Transient Solution
--------------------------

Node                                   Voltage
----                                   -------
vdd                                       1.75
vdd_active                                 1.8
vss                                          0
sense_p                               0.900937
sense_n                               0.899062
iso_tail                              0.168389
latch_sense_p                         0.444336
latch_sense_n                         0.445773
reset                                        0
eval                                         0
eq_reset                                     0
rx_p                                  0.826457
out_p                                 0.874915
out_n                                 0.872776
rx_n                                  0.825688
tail                                 0.0743446
veqreset#branch                    0.000862872
veval#branch                       -0.00190485
vreset#branch                       0.00360234
vn#branch                          -0.00102807
vp#branch                           -0.0010328
vss#branch                           0.0125857
vactive#branch                     -0.00874138
vdd#branch                         -0.00434783


No. of Data Rows : 40440

  Measurements for Transient Analysis

op_final            =  1.476574e-02
on_final            =  1.583591e+00
lp_before           =  9.176319e-01
ln_before           =  9.358972e-01


Total analysis time (seconds) = 100.585

Total elapsed time (seconds) = 106.731 

Total DRAM available = 7943.238 MB.
DRAM currently available =  130.223 MB.
Maximum ngspice program size =   63.688 MB.
Current ngspice program size =   46.633 MB.

Shared ngspice pages =    9.250 MB.
Text (code) pages =    5.316 MB.
Stack = 0 bytes.
Library pages =   45.738 MB.

