
Circuit 1 cell sky130_fd_pr__nfet_01v8 and Circuit 2 cell sky130_fd_pr__nfet_01v8 are black boxes.
Warning: Equate pins:  cell sky130_fd_pr__nfet_01v8 is a placeholder, treated as a black box.
Warning: Equate pins:  cell sky130_fd_pr__nfet_01v8 is a placeholder, treated as a black box.

Subcircuit pins:
Circuit 1: sky130_fd_pr__nfet_01v8         |Circuit 2: sky130_fd_pr__nfet_01v8         
-------------------------------------------|-------------------------------------------
1                                          |1                                          
2                                          |2                                          
3                                          |3                                          
4                                          |4                                          
---------------------------------------------------------------------------------------
Cell pin lists are equivalent.
Device classes sky130_fd_pr__nfet_01v8 and sky130_fd_pr__nfet_01v8 are equivalent.

Circuit 1 cell sky130_fd_pr__pfet_01v8 and Circuit 2 cell sky130_fd_pr__pfet_01v8 are black boxes.
Warning: Equate pins:  cell sky130_fd_pr__pfet_01v8 is a placeholder, treated as a black box.
Warning: Equate pins:  cell sky130_fd_pr__pfet_01v8 is a placeholder, treated as a black box.

Subcircuit pins:
Circuit 1: sky130_fd_pr__pfet_01v8         |Circuit 2: sky130_fd_pr__pfet_01v8         
-------------------------------------------|-------------------------------------------
1                                          |1                                          
2                                          |2                                          
3                                          |3                                          
4                                          |4                                          
---------------------------------------------------------------------------------------
Cell pin lists are equivalent.
Device classes sky130_fd_pr__pfet_01v8 and sky130_fd_pr__pfet_01v8 are equivalent.

Subcircuit summary:
Circuit 1: combined_latch_receiver         |Circuit 2: combined_latch_receiver         
-------------------------------------------|-------------------------------------------
sky130_fd_pr__nfet_01v8 (9)                |sky130_fd_pr__nfet_01v8 (9)                
sky130_fd_pr__pfet_01v8 (7)                |sky130_fd_pr__pfet_01v8 (7)                
Number of devices: 16                      |Number of devices: 16                      
Number of nets: 16                         |Number of nets: 16                         
---------------------------------------------------------------------------------------
Resolving symmetries by property value.
Resolving symmetries by pin name.
Netlists match uniquely.

Subcircuit pins:
Circuit 1: combined_latch_receiver         |Circuit 2: combined_latch_receiver         
-------------------------------------------|-------------------------------------------
tail                                       |tail                                       
vdd                                        |vdd                                        
sense_p                                    |sense_p                                    
sense_n                                    |sense_n                                    
eval                                       |eval                                       
eq_reset                                   |eq_reset                                   
latch_sense_p                              |latch_sense_p                              
latch_sense_n                              |latch_sense_n                              
vdd_active                                 |vdd_active                                 
vss                                        |vss                                        
out_n                                      |out_n                                      
out_p                                      |out_p                                      
iso_tail                                   |iso_tail                                   
reset                                      |reset                                      
rx_n                                       |rx_n                                       
rx_p                                       |rx_p                                       
---------------------------------------------------------------------------------------
Cell pin lists are equivalent.
Device classes combined_latch_receiver and combined_latch_receiver are equivalent.

Final result: Circuits match uniquely.
.
