
Compatibility modes selected: hs a


Circuit: * signed small-signal extracted latch diagnostic, no structural mos substitution.

option SCALE: Scale is set to 1e-06 for instance and model parameters
option SCALE: Scale is set to 1e-06 for instance and model parameters
Doing analysis at TEMP = 27.000000 and TNOM = 27.000000

Warning: veval: no DC value, transient time 0 value used
Warning: vreset: no DC value, transient time 0 value used

Initial Transient Solution
--------------------------

Node                                   Voltage
----                                   -------
vdd                                        1.8
vdd_active                                 1.8
vss                                          0
sense_p                               0.899923
sense_n                               0.900076
iso_tail                              0.138746
latch_sense_p                          1.40039
latch_sense_n                          1.39961
reset                                        0
eval                                         0
out_p                                      1.8
out_n                                      1.8
tail                                    1.3896
veval#branch                                 0
vreset#branch                                0
vn#branch                                    0
vp#branch                                    0
vss#branch                         5.82341e-11
vactive#branch                    -8.00004e-06
vdd#branch                        -1.47978e-11


No. of Data Rows : 1051

  Measurements for Transient Analysis

op_final            =  8.694182e-02
on_final            =  8.701062e-02
lp_before           =  1.400388e+00
ln_before           =  1.399607e+00

binary raw file "waveform.raw"
Doing analysis at TEMP = 27.000000 and TNOM = 27.000000

Warning: veval: no DC value, transient time 0 value used
Warning: vreset: no DC value, transient time 0 value used

Initial Transient Solution
--------------------------

Node                                   Voltage
----                                   -------
vdd                                        1.8
vdd_active                                 1.8
vss                                          0
sense_p                               0.899923
sense_n                               0.900076
iso_tail                              0.184125
latch_sense_p                       -0.0974638
latch_sense_n                       -0.0974271
reset                                        0
eval                                         0
out_p                                 0.358857
out_n                                 0.358858
tail                                 0.0197833
veval#branch                        -0.0010456
vreset#branch                       0.00195005
vn#branch                         -0.000728549
vp#branch                         -0.000728448
vss#branch                          0.00585376
vactive#branch                     -0.00247652
vdd#branch                         -0.00283269


No. of Data Rows : 1056

  Measurements for Transient Analysis

op_final            =  8.693042e-02
on_final            =  8.699903e-02
lp_before           =  1.384954e+00
ln_before           =  1.384223e+00


Total analysis time (seconds) = 0.138

Total elapsed time (seconds) = 0.491 

Total DRAM available = 7943.234 MB.
DRAM currently available =  433.742 MB.
Maximum ngspice program size =   56.660 MB.
Current ngspice program size =   41.000 MB.

Shared ngspice pages =   10.500 MB.
Text (code) pages =    5.316 MB.
Stack = 0 bytes.
Library pages =   38.711 MB.

