
 /----------------------------------------------------------------------------\
 |                                                                            |
 |  yosys -- Yosys Open SYnthesis Suite                                       |
 |                                                                            |
 |  Copyright (C) 2012 - 2019  Clifford Wolf <clifford@clifford.at>           |
 |                                                                            |
 |  Permission to use, copy, modify, and/or distribute this software for any  |
 |  purpose with or without fee is hereby granted, provided that the above    |
 |  copyright notice and this permission notice appear in all copies.         |
 |                                                                            |
 |  THE SOFTWARE IS PROVIDED "AS IS" AND THE AUTHOR DISCLAIMS ALL WARRANTIES  |
 |  WITH REGARD TO THIS SOFTWARE INCLUDING ALL IMPLIED WARRANTIES OF          |
 |  MERCHANTABILITY AND FITNESS. IN NO EVENT SHALL THE AUTHOR BE LIABLE FOR   |
 |  ANY SPECIAL, DIRECT, INDIRECT, OR CONSEQUENTIAL DAMAGES OR ANY DAMAGES    |
 |  WHATSOEVER RESULTING FROM LOSS OF USE, DATA OR PROFITS, WHETHER IN AN     |
 |  ACTION OF CONTRACT, NEGLIGENCE OR OTHER TORTIOUS ACTION, ARISING OUT OF   |
 |  OR IN CONNECTION WITH THE USE OR PERFORMANCE OF THIS SOFTWARE.            |
 |                                                                            |
 \----------------------------------------------------------------------------/

 Yosys 0.9 (git sha1 1979e0b)


-- Running command `read_verilog -sv /home/mehtama1/git-repo/ai-hardware-analysis/analog-digital-chip-design-eda/benchmarks/seeded_counter/formal_bad.sv; prep -top formal_bad; sat -seq 2 -prove q 0 -show q' --

1. Executing Verilog-2005 frontend: /home/mehtama1/git-repo/ai-hardware-analysis/analog-digital-chip-design-eda/benchmarks/seeded_counter/formal_bad.sv
Parsing SystemVerilog input from `/home/mehtama1/git-repo/ai-hardware-analysis/analog-digital-chip-design-eda/benchmarks/seeded_counter/formal_bad.sv' to AST representation.
Generating RTLIL representation for module `\formal_bad'.
Successfully finished Verilog frontend.

2. Executing PREP pass.

2.1. Executing HIERARCHY pass (managing design hierarchy).

2.1.1. Analyzing design hierarchy..
Top module:  \formal_bad

2.1.2. Analyzing design hierarchy..
Top module:  \formal_bad
Removed 0 unused modules.

2.2. Executing PROC pass (convert processes to netlists).

2.2.1. Executing PROC_CLEAN pass (remove empty switches from decision trees).
Cleaned up 0 empty switches.

2.2.2. Executing PROC_RMDEAD pass (remove dead branches from decision trees).
Removed a total of 0 dead cases.

2.2.3. Executing PROC_INIT pass (extract init attributes).

2.2.4. Executing PROC_ARST pass (detect async resets in processes).

2.2.5. Executing PROC_MUX pass (convert decision trees to multiplexers).
Creating decoders for process `\formal_bad.$proc$/home/mehtama1/git-repo/ai-hardware-analysis/analog-digital-chip-design-eda/benchmarks/seeded_counter/formal_bad.sv:2$1'.
     1/1: $0\q[0:0]

2.2.6. Executing PROC_DLATCH pass (convert process syncs to latches).

2.2.7. Executing PROC_DFF pass (convert process syncs to FFs).
Creating register for signal `\formal_bad.\q' using process `\formal_bad.$proc$/home/mehtama1/git-repo/ai-hardware-analysis/analog-digital-chip-design-eda/benchmarks/seeded_counter/formal_bad.sv:2$1'.
  created $dff cell `$procdff$2' with positive edge clock.

2.2.8. Executing PROC_CLEAN pass (remove empty switches from decision trees).
Removing empty process `formal_bad.$proc$/home/mehtama1/git-repo/ai-hardware-analysis/analog-digital-chip-design-eda/benchmarks/seeded_counter/formal_bad.sv:2$1'.
Cleaned up 0 empty switches.

2.3. Executing OPT_EXPR pass (perform const folding).
Optimizing module formal_bad.

2.4. Executing OPT_CLEAN pass (remove unused cells and wires).
Finding unused cells or wires in module \formal_bad..
Removed 0 unused cells and 1 unused wires.
<suppressed ~1 debug messages>

2.5. Executing CHECK pass (checking for obvious problems).
checking module formal_bad..
found and reported 0 problems.

2.6. Executing OPT pass (performing simple optimizations).

2.6.1. Executing OPT_EXPR pass (perform const folding).
Optimizing module formal_bad.

2.6.2. Executing OPT_MERGE pass (detect identical cells).
Finding identical cells in module `\formal_bad'.
Removed a total of 0 cells.

2.6.3. Executing OPT_MUXTREE pass (detect dead branches in mux trees).
Running muxtree optimizer on module \formal_bad..
  Creating internal representation of mux trees.
  No muxes found in this module.
Removed 0 multiplexer ports.

2.6.4. Executing OPT_REDUCE pass (consolidate $*mux and $reduce_* inputs).
  Optimizing cells in module \formal_bad.
Performed a total of 0 changes.

2.6.5. Executing OPT_MERGE pass (detect identical cells).
Finding identical cells in module `\formal_bad'.
Removed a total of 0 cells.

2.6.6. Executing OPT_RMDFF pass (remove dff with constant values).

2.6.7. Executing OPT_CLEAN pass (remove unused cells and wires).
Finding unused cells or wires in module \formal_bad..

2.6.8. Executing OPT_EXPR pass (perform const folding).
Optimizing module formal_bad.

2.6.9. Finished OPT passes. (There is nothing left to do.)

2.7. Executing WREDUCE pass (reducing word size of cells).

2.8. Executing MEMORY_DFF pass (merging $dff cells to $memrd and $memwr).

2.9. Executing OPT_CLEAN pass (remove unused cells and wires).
Finding unused cells or wires in module \formal_bad..

2.10. Executing MEMORY_COLLECT pass (generating $mem cells).

2.11. Executing OPT pass (performing simple optimizations).

2.11.1. Executing OPT_EXPR pass (perform const folding).
Optimizing module formal_bad.

2.11.2. Executing OPT_MERGE pass (detect identical cells).
Finding identical cells in module `\formal_bad'.
Removed a total of 0 cells.

2.11.3. Executing OPT_RMDFF pass (remove dff with constant values).

2.11.4. Executing OPT_CLEAN pass (remove unused cells and wires).
Finding unused cells or wires in module \formal_bad..

2.11.5. Finished fast OPT passes.

2.12. Printing statistics.

=== formal_bad ===

   Number of wires:                  2
   Number of wire bits:              2
   Number of public wires:           2
   Number of public wire bits:       2
   Number of memories:               0
   Number of memory bits:            0
   Number of processes:              0
   Number of cells:                  1
     $dff                            1

2.13. Executing CHECK pass (checking for obvious problems).
checking module formal_bad..
found and reported 0 problems.

3. Executing SAT pass (solving SAT problems in the circuit).

Setting up time step 1:
Final constraint equation: { } = { }
Imported 1 cells to SAT database.
No constraints for initial state found.

Import proof-constraint: \q = 1'0
Final proof equation: \q = 1'0

Setting up time step 2:
Final constraint equation: { } = { }
Imported 1 cells to SAT database.
Import proof-constraint: \q = 1'0
Final proof equation: \q = 1'0
Import show expression: \q

Solving problem with 11 variables and 27 clauses..
SAT proof finished - model found: FAIL!

   ______                   ___       ___       _ _            _ _ 
  (_____ \                 / __)     / __)     (_) |          | | |
   _____) )___ ___   ___ _| |__    _| |__ _____ _| | _____  __| | |
  |  ____/ ___) _ \ / _ (_   __)  (_   __|____ | | || ___ |/ _  |_|
  | |   | |  | |_| | |_| || |       | |  / ___ | | || ____( (_| |_ 
  |_|   |_|   \___/ \___/ |_|       |_|  \_____|_|\_)_____)\____|_|


  Time Signal Name             Dec       Hex           Bin
  ---- --------------- ----------- --------- -------------
  init \q                        0         0             0
  ---- --------------- ----------- --------- -------------
     1 \q                        0         0             0
  ---- --------------- ----------- --------- -------------
     2 \q                        1         1             1

End of script. Logfile hash: dbc1b1d162
CPU: user 0.02s system 0.01s, MEM: 15.64 MB total, 9.75 MB resident
Yosys 0.9 (git sha1 1979e0b)
Time spent: 37% 1x sat (0 sec), 18% 4x opt_clean (0 sec), ...
