
Compatibility modes selected: hs a


Circuit: * signed small-signal extracted latch diagnostic, no structural mos substitution.

option SCALE: Scale is set to 1e-06 for instance and model parameters
option SCALE: Scale is set to 1e-06 for instance and model parameters
Doing analysis at TEMP = 27.000000 and TNOM = 27.000000

Warning: veval: no DC value, transient time 0 value used
Warning: vreset: no DC value, transient time 0 value used

Initial Transient Solution
--------------------------

Node                                   Voltage
----                                   -------
vdd                                       1.75
vdd_active                                 1.8
vss                                          0
sense_p                                  0.899
sense_n                                  0.901
iso_tail                              0.176135
latch_sense_p                          1.11041
latch_sense_n                          1.08958
reset                                        0
eval                                         0
out_p                                     1.75
out_n                                     1.75
tail                                   1.33263
veval#branch                                 0
vreset#branch                                0
vn#branch                                    0
vp#branch                                    0
vss#branch                         1.70005e-11
vactive#branch                          -4e-06
vdd#branch                        -1.41497e-11


No. of Data Rows : 1052

  Measurements for Transient Analysis

op_final            =  1.530254e-02
on_final            =  1.173248e+00
lp_before           =  1.110415e+00
ln_before           =  1.089584e+00

binary raw file "waveform.raw"
Doing analysis at TEMP = 27.000000 and TNOM = 27.000000

Warning: veval: no DC value, transient time 0 value used
Warning: vreset: no DC value, transient time 0 value used

Initial Transient Solution
--------------------------

Node                                   Voltage
----                                   -------
vdd                                       1.75
vdd_active                                 1.8
vss                                          0
sense_p                                  0.899
sense_n                                  0.901
iso_tail                              0.183881
latch_sense_p                       0.00925715
latch_sense_n                       0.00983273
reset                                        0
eval                                         0
out_p                                 0.637271
out_n                                 0.637279
tail                                 0.0350782
veval#branch                       -0.00122599
vreset#branch                        0.0022344
vn#branch                         -0.000786676
vp#branch                         -0.000785116
vss#branch                          0.00585543
vactive#branch                     -0.00232045
vdd#branch                         -0.00297559


No. of Data Rows : 1052

  Measurements for Transient Analysis

op_final            =  1.353520e-02
on_final            =  1.322239e+00
lp_before           =  8.798068e-01
ln_before           =  8.633284e-01


Total analysis time (seconds) = 0.423

Total elapsed time (seconds) = 0.819 

Total DRAM available = 7943.238 MB.
DRAM currently available = 1006.398 MB.
Maximum ngspice program size =   56.656 MB.
Current ngspice program size =   41.000 MB.

Shared ngspice pages =   10.500 MB.
Text (code) pages =    5.316 MB.
Stack = 0 bytes.
Library pages =   38.707 MB.

