
No compatibility mode selected!


Circuit: * candidate 8-bit reference dac: ideal resistors, sky130 transmission gates.

Doing analysis at TEMP = 27.000000 and TNOM = 27.000000


No. of Data Rows : 1
REF_CODE_0
v(n0) = 2.434995362968079e-10
i(vref) = -2.46331269042372e-11
i(vdd) = -1.01541192121246e-10
Doing analysis at TEMP = 27.000000 and TNOM = 27.000000


No. of Data Rows : 1
REF_CODE_1
v(n0) = 4.677698664727429e-03
i(vref) = -3.98160580117376e-05
i(vdd) = -9.91335694089379e-11
Doing analysis at TEMP = 27.000000 and TNOM = 27.000000


No. of Data Rows : 1
REF_CODE_2
v(n0) = 9.353160782640164e-03
i(vref) = -3.98126538133396e-05
i(vdd) = -9.91244725190299e-11
Doing analysis at TEMP = 27.000000 and TNOM = 27.000000


No. of Data Rows : 1
REF_CODE_3
v(n0) = 1.404463309576855e-02
i(vref) = -5.97860879239989e-05
i(vdd) = -9.67296936993378e-11
Doing analysis at TEMP = 27.000000 and TNOM = 27.000000


No. of Data Rows : 1
REF_CODE_4
v(n0) = 1.870073753851099e-02
i(vref) = -3.98049769699795e-05
i(vdd) = -9.91199483602045e-11
Doing analysis at TEMP = 27.000000 and TNOM = 27.000000


No. of Data Rows : 1
REF_CODE_5
v(n0) = 2.338992900048820e-02
i(vref) = -6.96977956560676e-05
i(vdd) = -9.67197641421613e-11
Doing analysis at TEMP = 27.000000 and TNOM = 27.000000


No. of Data Rows : 1
REF_CODE_6
v(n0) = 2.808145067687958e-02
i(vref) = -5.97661002479866e-05
i(vdd) = -9.67160448950288e-11
Doing analysis at TEMP = 27.000000 and TNOM = 27.000000


No. of Data Rows : 1
REF_CODE_7
v(n0) = 3.278435407798126e-02
i(vref) = -6.97770915891842e-05
i(vdd) = -9.43284131360578e-11
Doing analysis at TEMP = 27.000000 and TNOM = 27.000000


No. of Data Rows : 1
REF_CODE_8
v(n0) = 3.738983039517010e-02
i(vref) = -3.97757726623710e-05
i(vdd) = -9.91181997589408e-11
Doing analysis at TEMP = 27.000000 and TNOM = 27.000000


No. of Data Rows : 1
REF_CODE_9
v(n0) = 4.207789229047682e-02
i(vref) = -7.46225434597944e-05
i(vdd) = -9.67142962937650e-11
Doing analysis at TEMP = 27.000000 and TNOM = 27.000000


No. of Data Rows : 1
REF_CODE_10
v(n0) = 4.676600568956709e-02
i(vref) = -6.96497855092996e-05
i(vdd) = -9.67082733338565e-11
Doing analysis at TEMP = 27.000000 and TNOM = 27.000000


No. of Data Rows : 1
REF_CODE_11
v(n0) = 5.146782217420759e-02
i(vref) = -8.46367441638459e-05
i(vdd) = -9.43170194722676e-11
Doing analysis at TEMP = 27.000000 and TNOM = 27.000000


No. of Data Rows : 1
REF_CODE_12
v(n0) = 5.614573755185055e-02
i(vref) = -5.96995767735330e-05
i(vdd) = -9.67091476344883e-11
Doing analysis at TEMP = 27.000000 and TNOM = 27.000000


No. of Data Rows : 1
REF_CODE_13
v(n0) = 6.084522894746552e-02
i(vref) = -8.46059105675135e-05
i(vdd) = -9.43128145025618e-11
Doing analysis at TEMP = 27.000000 and TNOM = 27.000000


No. of Data Rows : 1
REF_CODE_14
v(n0) = 6.554934125398833e-02
i(vref) = -6.96827683088520e-05
i(vdd) = -9.43127659303045e-11
Doing analysis at TEMP = 27.000000 and TNOM = 27.000000


No. of Data Rows : 1
REF_CODE_15
v(n0) = 7.026252553116341e-02
i(vref) = -7.46901751047177e-05
i(vdd) = -9.19276946231840e-11
Doing analysis at TEMP = 27.000000 and TNOM = 27.000000


No. of Data Rows : 1
REF_CODE_16
v(n0) = 7.475674539968774e-02
i(vref) = -3.96593994203886e-05
i(vdd) = -9.91168466746295e-11
Doing analysis at TEMP = 27.000000 and TNOM = 27.000000


No. of Data Rows : 1
REF_CODE_17
v(n0) = 7.944429058532525e-02
i(vref) = -7.69757236696207e-05
i(vdd) = -9.67114513472644e-11
Doing analysis at TEMP = 27.000000 and TNOM = 27.000000


No. of Data Rows : 1
REF_CODE_18
v(n0) = 8.413074889099464e-02
i(vref) = -7.44731806513094e-05
i(vdd) = -9.67039989752116e-11
Doing analysis at TEMP = 27.000000 and TNOM = 27.000000


No. of Data Rows : 1
REF_CODE_19
v(n0) = 8.883207137651389e-02
i(vref) = -9.19388591171938e-05
i(vdd) = -9.43113295792664e-11
Doing analysis at TEMP = 27.000000 and TNOM = 27.000000


No. of Data Rows : 1
REF_CODE_20
v(n0) = 9.350376682072278e-02
i(vref) = -6.94671445156462e-05
i(vdd) = -9.67030691634285e-11
Doing analysis at TEMP = 27.000000 and TNOM = 27.000000


No. of Data Rows : 1
REF_CODE_21
v(n0) = 9.820278281065817e-02
i(vref) = -9.68528125128969e-05
i(vdd) = -9.43040923129246e-11
Doing analysis at TEMP = 27.000000 and TNOM = 27.000000


No. of Data Rows : 1
REF_CODE_22
v(n0) = 1.029052838368548e-01
i(vref) = -8.44120840901984e-05
i(vdd) = -9.43019273780266e-11
Doing analysis at TEMP = 27.000000 and TNOM = 27.000000


No. of Data Rows : 1
REF_CODE_23
v(n0) = 1.076180151915173e-01
i(vref) = -9.19079351391853e-05
i(vdd) = -9.19156556422607e-11
Doing analysis at TEMP = 27.000000 and TNOM = 27.000000


No. of Data Rows : 1
REF_CODE_24
v(n0) = 1.122575236381837e-01
i(vref) = -5.94369935688934e-05
i(vdd) = -9.67063304435634e-11
Doing analysis at TEMP = 27.000000 and TNOM = 27.000000


No. of Data Rows : 1
REF_CODE_25
v(n0) = 1.169553651720031e-01
i(vref) = -9.17759842696316e-05
i(vdd) = -9.43044323187259e-11
Doing analysis at TEMP = 27.000000 and TNOM = 27.000000


No. of Data Rows : 1
REF_CODE_26
v(n0) = 1.216544135505607e-01
i(vref) = -8.42947869536095e-05
i(vdd) = -9.42999359154761e-11
Doing analysis at TEMP = 27.000000 and TNOM = 27.000000


No. of Data Rows : 1
REF_CODE_27
v(n0) = 1.263660130704469e-01
i(vref) = -9.67659380296942e-05
i(vdd) = -9.19105694330291e-11
Doing analysis at TEMP = 27.000000 and TNOM = 27.000000


No. of Data Rows : 1
REF_CODE_28
v(n0) = 1.310594641040660e-01
i(vref) = -6.93239432806410e-05
i(vdd) = -9.43052719248882e-11
Doing analysis at TEMP = 27.000000 and TNOM = 27.000000


No. of Data Rows : 1
REF_CODE_29
v(n0) = 1.357687132218822e-01
i(vref) = -9.17151125319742e-05
i(vdd) = -9.19087236872507e-11
Doing analysis at TEMP = 27.000000 and TNOM = 27.000000


No. of Data Rows : 1
REF_CODE_30
v(n0) = 1.404837438458205e-01
i(vref) = -7.42736938269393e-05
i(vdd) = -9.19107012720133e-11
Doing analysis at TEMP = 27.000000 and TNOM = 27.000000


No. of Data Rows : 1
REF_CODE_31
v(n0) = 1.452066892589970e-01
i(vref) = -7.67579651827308e-05
i(vdd) = -8.95277116330639e-11
Doing analysis at TEMP = 27.000000 and TNOM = 27.000000


No. of Data Rows : 1
REF_CODE_32
v(n0) = 1.494727035779895e-01
i(vref) = -3.91942693705930e-05
i(vdd) = -9.91164858521465e-11
Doing analysis at TEMP = 27.000000 and TNOM = 27.000000


No. of Data Rows : 1
REF_CODE_33
v(n0) = 1.541601809092324e-01
i(vref) = -7.77309521529344e-05
i(vdd) = -9.67101052018471e-11
Doing analysis at TEMP = 27.000000 and TNOM = 27.000000


No. of Data Rows : 1
REF_CODE_34
v(n0) = 1.588460081097027e-01
i(vref) = -7.64486452886056e-05
i(vdd) = -9.67020422071307e-11
Doing analysis at TEMP = 27.000000 and TNOM = 27.000000


No. of Data Rows : 1
REF_CODE_35
v(n0) = 1.635472747767837e-01
i(vref) = -9.51387657535281e-05
i(vdd) = -9.43083805493572e-11
Doing analysis at TEMP = 27.000000 and TNOM = 27.000000


No. of Data Rows : 1
REF_CODE_36
v(n0) = 1.682160779017285e-01
i(vref) = -7.38835883914190e-05
i(vdd) = -9.66995164497497e-11
Doing analysis at TEMP = 27.000000 and TNOM = 27.000000


No. of Data Rows : 1
REF_CODE_37
v(n0) = 1.729150478716850e-01
i(vref) = -1.02493557907993e-04
i(vdd) = -9.42994363151151e-11
Doing analysis at TEMP = 27.000000 and TNOM = 27.000000


No. of Data Rows : 1
REF_CODE_38
v(n0) = 1.776169414701832e-01
i(vref) = -9.12782057104663e-05
i(vdd) = -9.42972228079597e-11
Doing analysis at TEMP = 27.000000 and TNOM = 27.000000


No. of Data Rows : 1
REF_CODE_39
v(n0) = 1.823296387560265e-01
i(vref) = -1.00002414841829e-04
i(vdd) = -9.19093412488081e-11
Doing analysis at TEMP = 27.000000 and TNOM = 27.000000


No. of Data Rows : 1
REF_CODE_40
v(n0) = 1.869572135124208e-01
i(vref) = -6.87393231075751e-05
i(vdd) = -9.67006683061378e-11
Doing analysis at TEMP = 27.000000 and TNOM = 27.000000


No. of Data Rows : 1
REF_CODE_41
v(n0) = 1.916550285163709e-01
i(vref) = -1.02303230996479e-04
i(vdd) = -9.42975975082305e-11
Doing analysis at TEMP = 27.000000 and TNOM = 27.000000


No. of Data Rows : 1
REF_CODE_42
v(n0) = 1.963534862522473e-01
i(vref) = -9.60474283644520e-05
i(vdd) = -9.42926639546648e-11
Doing analysis at TEMP = 27.000000 and TNOM = 27.000000


No. of Data Rows : 1
REF_CODE_43
v(n0) = 2.010650712377093e-01
i(vref) = -1.09747571569922e-04
i(vdd) = -9.19012019262588e-11
Doing analysis at TEMP = 27.000000 and TNOM = 27.000000


No. of Data Rows : 1
REF_CODE_44
v(n0) = 2.057556756895506e-01
i(vref) = -8.35296727994075e-05
i(vdd) = -9.42956060456801e-11
Doing analysis at TEMP = 27.000000 and TNOM = 27.000000


No. of Data Rows : 1
REF_CODE_45
v(n0) = 2.104649198453312e-01
i(vref) = -1.07149673908489e-04
i(vdd) = -9.18986414744083e-11
Doing analysis at TEMP = 27.000000 and TNOM = 27.000000


No. of Data Rows : 1
REF_CODE_46
v(n0) = 2.151793833103750e-01
i(vref) = -9.09387623867258e-05
i(vdd) = -9.18998349641598e-11
Doing analysis at TEMP = 27.000000 and TNOM = 27.000000


No. of Data Rows : 1
REF_CODE_47
v(n0) = 2.199023356725486e-01
i(vref) = -9.46559137657652e-05
i(vdd) = -8.95156865299285e-11
Doing analysis at TEMP = 27.000000 and TNOM = 27.000000


No. of Data Rows : 1
REF_CODE_48
v(n0) = 2.244564063377479e-01
i(vref) = -5.83880922992547e-05
i(vdd) = -9.67052340983265e-11
Doing analysis at TEMP = 27.000000 and TNOM = 27.000000


No. of Data Rows : 1
REF_CODE_49
v(n0) = 2.291536585170567e-01
i(vref) = -9.44210484662873e-05
i(vdd) = -9.43009351161983e-11
Doing analysis at TEMP = 27.000000 and TNOM = 27.000000


No. of Data Rows : 1
REF_CODE_50
v(n0) = 2.338504142138633e-01
i(vref) = -9.06352691064573e-05
i(vdd) = -9.42943292892018e-11
Doing analysis at TEMP = 27.000000 and TNOM = 27.000000


No. of Data Rows : 1
REF_CODE_51
v(n0) = 2.385614590141917e-01
i(vref) = -1.06813615841809e-04
i(vdd) = -9.19019998990578e-11
Doing analysis at TEMP = 27.000000 and TNOM = 27.000000


No. of Data Rows : 1
REF_CODE_52
v(n0) = 2.432457978057208e-01
i(vref) = -8.30622372533182e-05
i(vdd) = -9.42950023619105e-11
Doing analysis at TEMP = 27.000000 and TNOM = 27.000000


No. of Data Rows : 1
REF_CODE_53
v(n0) = 2.479545204281806e-01
i(vref) = -1.09161049276224e-04
i(vdd) = -9.18965945007066e-11
Doing analysis at TEMP = 27.000000 and TNOM = 27.000000


No. of Data Rows : 1
REF_CODE_54
v(n0) = 2.526673256251242e-01
i(vref) = -9.54323394088940e-05
i(vdd) = -9.18957410167565e-11
Doing analysis at TEMP = 27.000000 and TNOM = 27.000000


No. of Data Rows : 1
REF_CODE_55
v(n0) = 2.573897788680628e-01
i(vref) = -1.01637400829151e-04
i(vdd) = -8.95100105147151e-11
Doing analysis at TEMP = 27.000000 and TNOM = 27.000000


No. of Data Rows : 1
REF_CODE_56
v(n0) = 2.620513425984679e-01
i(vref) = -6.78940116952976e-05
i(vdd) = -9.43019898280717e-11
Doing analysis at TEMP = 27.000000 and TNOM = 27.000000


No. of Data Rows : 1
REF_CODE_57
v(n0) = 2.667588656947433e-01
i(vref) = -9.89461525150517e-05
i(vdd) = -9.19007508981551e-11
Doing analysis at TEMP = 27.000000 and TNOM = 27.000000


No. of Data Rows : 1
REF_CODE_58
v(n0) = 2.714681910195243e-01
i(vref) = -9.01776054882281e-05
i(vdd) = -9.18968443008872e-11
Doing analysis at TEMP = 27.000000 and TNOM = 27.000000


No. of Data Rows : 1
REF_CODE_59
v(n0) = 2.761894873713633e-01
i(vref) = -1.01357953528058e-04
i(vdd) = -8.95078594576049e-11
Doing analysis at TEMP = 27.000000 and TNOM = 27.000000


No. of Data Rows : 1
REF_CODE_60
v(n0) = 2.808955721453003e-01
i(vref) = -7.26296584164609e-05
i(vdd) = -9.19035958446557e-11
Doing analysis at TEMP = 27.000000 and TNOM = 27.000000


No. of Data Rows : 1
REF_CODE_61
v(n0) = 2.856145025169884e-01
i(vref) = -9.37305184890540e-05
i(vdd) = -8.95080953799976e-11
Doing analysis at TEMP = 27.000000 and TNOM = 27.000000


No. of Data Rows : 1
REF_CODE_62
v(n0) = 2.903398168488110e-01
i(vref) = -7.49970343773346e-05
i(vdd) = -8.95116619714642e-11
Doing analysis at TEMP = 27.000000 and TNOM = 27.000000


No. of Data Rows : 1
REF_CODE_63
v(n0) = 2.950724587197850e-01
i(vref) = -7.61870731934063e-05
i(vdd) = -8.71293870385870e-11
Doing analysis at TEMP = 27.000000 and TNOM = 27.000000


No. of Data Rows : 1
REF_CODE_64
v(n0) = 2.989050748919431e-01
i(vref) = -3.73345276202479e-05
i(vdd) = -9.91173532138845e-11
Doing analysis at TEMP = 27.000000 and TNOM = 27.000000


No. of Data Rows : 1
REF_CODE_65
v(n0) = 3.035932725469944e-01
i(vref) = -7.64523604026793e-05
i(vdd) = -9.67109725635851e-11
Doing analysis at TEMP = 27.000000 and TNOM = 27.000000


No. of Data Rows : 1
REF_CODE_66
v(n0) = 3.082795512932603e-01
i(vref) = -7.57510406649451e-05
i(vdd) = -9.67027222187333e-11
Doing analysis at TEMP = 27.000000 and TNOM = 27.000000


No. of Data Rows : 1
REF_CODE_67
v(n0) = 3.129815461358842e-01
i(vref) = -9.50241517651048e-05
i(vdd) = -9.43082070770096e-11
Doing analysis at TEMP = 27.000000 and TNOM = 27.000000


No. of Data Rows : 1
REF_CODE_68
v(n0) = 3.176497197515283e-01
i(vref) = -7.43478864290666e-05
i(vdd) = -9.66987601103142e-11
Doing analysis at TEMP = 27.000000 and TNOM = 27.000000


No. of Data Rows : 1
REF_CODE_69
v(n0) = 3.223494222043932e-01
i(vref) = -1.03540675959590e-04
i(vdd) = -9.42984718088624e-11
Doing analysis at TEMP = 27.000000 and TNOM = 27.000000


No. of Data Rows : 1
REF_CODE_70
v(n0) = 3.270517812181244e-01
i(vref) = -9.29085512077466e-05
i(vdd) = -9.42961750349802e-11
Doing analysis at TEMP = 27.000000 and TNOM = 27.000000


No. of Data Rows : 1
REF_CODE_71
v(n0) = 3.317652187944107e-01
i(vref) = -1.02217407700408e-04
i(vdd) = -9.19088971595983e-11
Doing analysis at TEMP = 27.000000 and TNOM = 27.000000


No. of Data Rows : 1
REF_CODE_72
v(n0) = 3.363878419519999e-01
i(vref) = -7.15280486298870e-05
i(vdd) = -9.66982605099531e-11
Doing analysis at TEMP = 27.000000 and TNOM = 27.000000


No. of Data Rows : 1
REF_CODE_73
v(n0) = 3.410863988621161e-01
i(vref) = -1.05674863289516e-04
i(vdd) = -9.42951897120459e-11
Doing analysis at TEMP = 27.000000 and TNOM = 27.000000


No. of Data Rows : 1
REF_CODE_74
v(n0) = 3.457853298779520e-01
i(vref) = -1.00002090578376e-04
i(vdd) = -9.42893124689093e-11
Doing analysis at TEMP = 27.000000 and TNOM = 27.000000


No. of Data Rows : 1
REF_CODE_75
v(n0) = 3.504976646123952e-01
i(vref) = -1.14286976843328e-04
i(vdd) = -9.18988288245437e-11
Doing analysis at TEMP = 27.000000 and TNOM = 27.000000


No. of Data Rows : 1
REF_CODE_76
v(n0) = 3.551876660388474e-01
i(vref) = -8.86511782111744e-05
i(vdd) = -9.42919214930171e-11
Doing analysis at TEMP = 27.000000 and TNOM = 27.000000


No. of Data Rows : 1
REF_CODE_77
v(n0) = 3.598976641482629e-01
i(vref) = -1.12855743363546e-04
i(vdd) = -9.18949430439575e-11
Doing analysis at TEMP = 27.000000 and TNOM = 27.000000


No. of Data Rows : 1
REF_CODE_78
v(n0) = 3.646126146850973e-01
i(vref) = -9.72300891967090e-05
i(vdd) = -9.18957687723321e-11
Doing analysis at TEMP = 27.000000 and TNOM = 27.000000


No. of Data Rows : 1
REF_CODE_79
v(n0) = 3.693363287998075e-01
i(vref) = -1.01533627702760e-04
i(vdd) = -8.95115023769044e-11
Doing analysis at TEMP = 27.000000 and TNOM = 27.000000


No. of Data Rows : 1
REF_CODE_80
v(n0) = 3.738682047392473e-01
i(vref) = -6.58297602943731e-05
i(vdd) = -9.67006891228195e-11
Doing analysis at TEMP = 27.000000 and TNOM = 27.000000


No. of Data Rows : 1
REF_CODE_81
v(n0) = 3.785662169905507e-01
i(vref) = -1.02446013110088e-04
i(vdd) = -9.42956684957252e-11
Doing analysis at TEMP = 27.000000 and TNOM = 27.000000


No. of Data Rows : 1
REF_CODE_82
v(n0) = 3.832634631800398e-01
i(vref) = -9.92435110155357e-05
i(vdd) = -9.42881259180517e-11
Doing analysis at TEMP = 27.000000 and TNOM = 27.000000


No. of Data Rows : 1
REF_CODE_83
v(n0) = 3.879752759418068e-01
i(vref) = -1.16006995947660e-04
i(vdd) = -9.18962267393297e-11
Doing analysis at TEMP = 27.000000 and TNOM = 27.000000


No. of Data Rows : 1
REF_CODE_84
v(n0) = 3.926590230464321e-01
i(vref) = -9.28373925095044e-05
i(vdd) = -9.42879455068102e-11
Doing analysis at TEMP = 27.000000 and TNOM = 27.000000


No. of Data Rows : 1
REF_CODE_85
v(n0) = 3.973685178257917e-01
i(vref) = -1.19521166535361e-04
i(vdd) = -9.18893156010014e-11
Doing analysis at TEMP = 27.000000 and TNOM = 27.000000


No. of Data Rows : 1
REF_CODE_86
v(n0) = 4.020818273592452e-01
i(vref) = -1.06377970679507e-04
i(vdd) = -9.18888853895794e-11
Doing analysis at TEMP = 27.000000 and TNOM = 27.000000


No. of Data Rows : 1
REF_CODE_87
v(n0) = 4.068050606034777e-01
i(vref) = -1.13169822357944e-04
i(vdd) = -8.95025095704050e-11
Doing analysis at TEMP = 27.000000 and TNOM = 27.000000


No. of Data Rows : 1
REF_CODE_88
v(n0) = 4.114617230343645e-01
i(vref) = -8.00053317551986e-05
i(vdd) = -9.42944194948225e-11
Doing analysis at TEMP = 27.000000 and TNOM = 27.000000


No. of Data Rows : 1
REF_CODE_89
v(n0) = 4.161700274916254e-01
i(vref) = -1.11642511729900e-04
i(vdd) = -9.18927087201205e-11
Doing analysis at TEMP = 27.000000 and TNOM = 27.000000


No. of Data Rows : 1
REF_CODE_90
v(n0) = 4.208798647858809e-01
i(vref) = -1.03459271541998e-04
i(vdd) = -9.18881012945683e-11
Doing analysis at TEMP = 27.000000 and TNOM = 27.000000


No. of Data Rows : 1
REF_CODE_91
v(n0) = 4.256019503790739e-01
i(vref) = -1.15226495936569e-04
i(vdd) = -8.94994842126628e-11
Doing analysis at TEMP = 27.000000 and TNOM = 27.000000


No. of Data Rows : 1
REF_CODE_92
v(n0) = 4.303074698300740e-01
i(vref) = -8.70831516750084e-05
i(vdd) = -9.18942977268244e-11
Doing analysis at TEMP = 27.000000 and TNOM = 27.000000


No. of Data Rows : 1
REF_CODE_93
v(n0) = 4.350271935367826e-01
i(vref) = -1.08770703591492e-04
i(vdd) = -8.94977911225503e-11
Doing analysis at TEMP = 27.000000 and TNOM = 27.000000


No. of Data Rows : 1
REF_CODE_94
v(n0) = 4.397530336044636e-01
i(vref) = -9.06247502229128e-05
i(vdd) = -8.95008234191863e-11
Doing analysis at TEMP = 27.000000 and TNOM = 27.000000


No. of Data Rows : 1
REF_CODE_95
v(n0) = 4.444864766460722e-01
i(vref) = -9.24033048724342e-05
i(vdd) = -8.71184721584761e-11
Doing analysis at TEMP = 27.000000 and TNOM = 27.000000


No. of Data Rows : 1
REF_CODE_96
v(n0) = 4.488725151258139e-01
i(vref) = -5.41941643277294e-05
i(vdd) = -9.67074476054819e-11
Doing analysis at TEMP = 27.000000 and TNOM = 27.000000


No. of Data Rows : 1
REF_CODE_97
v(n0) = 4.535704068858364e-01
i(vref) = -9.20304011523855e-05
i(vdd) = -9.43017330889973e-11
Doing analysis at TEMP = 27.000000 and TNOM = 27.000000


No. of Data Rows : 1
REF_CODE_98
v(n0) = 4.582669686346617e-01
i(vref) = -9.00478455389931e-05
i(vdd) = -9.42937186665382e-11
Doing analysis at TEMP = 27.000000 and TNOM = 27.000000


No. of Data Rows : 1
REF_CODE_99
v(n0) = 4.629786728287762e-01
i(vref) = -1.08035394228030e-04
i(vdd) = -9.19003206867330e-11
Doing analysis at TEMP = 27.000000 and TNOM = 27.000000


No. of Data Rows : 1
REF_CODE_100
v(n0) = 4.676594727842542e-01
i(vref) = -8.60823802749734e-05
i(vdd) = -9.42921088431525e-11
Doing analysis at TEMP = 27.000000 and TNOM = 27.000000


No. of Data Rows : 1
REF_CODE_101
v(n0) = 4.723688688526254e-01
i(vref) = -1.13990075707761e-04
i(vdd) = -9.18925213699850e-11
Doing analysis at TEMP = 27.000000 and TNOM = 27.000000


No. of Data Rows : 1
REF_CODE_102
v(n0) = 4.770815175236793e-01
i(vref) = -1.02071959857742e-04
i(vdd) = -9.18909878744323e-11
Doing analysis at TEMP = 27.000000 and TNOM = 27.000000


No. of Data Rows : 1
REF_CODE_103
v(n0) = 4.818046638969435e-01
i(vref) = -1.10091785835677e-04
i(vdd) = -8.95042581716687e-11
Doing analysis at TEMP = 27.000000 and TNOM = 27.000000


No. of Data Rows : 1
REF_CODE_104
v(n0) = 4.864493411718313e-01
i(vref) = -7.81365607227028e-05
i(vdd) = -9.42948982785019e-11
Doing analysis at TEMP = 27.000000 and TNOM = 27.000000


No. of Data Rows : 1
REF_CODE_105
v(n0) = 4.911575664690160e-01
i(vref) = -1.10998273738141e-04
i(vdd) = -9.18923409587435e-11
Doing analysis at TEMP = 27.000000 and TNOM = 27.000000


No. of Data Rows : 1
REF_CODE_106
v(n0) = 4.958667597738377e-01
i(vref) = -1.04040128752502e-04
i(vdd) = -9.18880388445231e-11
Doing analysis at TEMP = 27.000000 and TNOM = 27.000000


No. of Data Rows : 1
REF_CODE_107
v(n0) = 5.005887780912123e-01
i(vref) = -1.17035957442828e-04
i(vdd) = -8.94978813281710e-11
Doing analysis at TEMP = 27.000000 and TNOM = 27.000000


No. of Data Rows : 1
REF_CODE_108
v(n0) = 5.052913960477208e-01
i(vref) = -9.01167488652473e-05
i(vdd) = -9.18925838200302e-11
Doing analysis at TEMP = 27.000000 and TNOM = 27.000000


No. of Data Rows : 1
REF_CODE_109
v(n0) = 5.100110621102391e-01
i(vref) = -1.13032743013433e-04
i(vdd) = -8.94959661934536e-11
Doing analysis at TEMP = 27.000000 and TNOM = 27.000000


No. of Data Rows : 1
REF_CODE_110
v(n0) = 5.147362815752513e-01
i(vref) = -9.61169908949555e-05
i(vdd) = -8.94972915221892e-11
Doing analysis at TEMP = 27.000000 and TNOM = 27.000000


No. of Data Rows : 1
REF_CODE_111
v(n0) = 5.194696787736920e-01
i(vref) = -9.91280323024389e-05
i(vdd) = -8.71130528823372e-11
Doing analysis at TEMP = 27.000000 and TNOM = 27.000000


No. of Data Rows : 1
REF_CODE_112
v(n0) = 5.240613895539170e-01
i(vref) = -6.21773521305789e-05
i(vdd) = -9.43038910850014e-11
Doing analysis at TEMP = 27.000000 and TNOM = 27.000000


No. of Data Rows : 1
REF_CODE_113
v(n0) = 5.287690244549904e-01
i(vref) = -9.75080093891748e-05
i(vdd) = -9.19001472143854e-11
Doing analysis at TEMP = 27.000000 and TNOM = 27.000000


No. of Data Rows : 1
REF_CODE_114
v(n0) = 5.334764863813094e-01
i(vref) = -9.30199548223427e-05
i(vdd) = -9.18935622040706e-11
Doing analysis at TEMP = 27.000000 and TNOM = 27.000000


No. of Data Rows : 1
REF_CODE_115
v(n0) = 5.381979369172467e-01
i(vref) = -1.08493877171361e-04
i(vdd) = -8.95019475199987e-11
Doing analysis at TEMP = 27.000000 and TNOM = 27.000000


No. of Data Rows : 1
REF_CODE_116
v(n0) = 5.428942552912420e-01
i(vref) = -8.40419424226635e-05
i(vdd) = -9.18939160876597e-11
Doing analysis at TEMP = 27.000000 and TNOM = 27.000000


No. of Data Rows : 1
REF_CODE_117
v(n0) = 5.476133722716469e-01
i(vref) = -1.09436633410839e-04
i(vdd) = -8.94968890663428e-11
Doing analysis at TEMP = 27.000000 and TNOM = 27.000000


No. of Data Rows : 1
REF_CODE_118
v(n0) = 5.523369041372369e-01
i(vref) = -9.50031388857243e-05
i(vdd) = -8.94961327269073e-11
Doing analysis at TEMP = 27.000000 and TNOM = 27.000000


No. of Data Rows : 1
REF_CODE_119
v(n0) = 5.570697746436357e-01
i(vref) = -1.00501970521189e-04
i(vdd) = -8.71109989697416e-11
Doing analysis at TEMP = 27.000000 and TNOM = 27.000000


No. of Data Rows : 1
REF_CODE_120
v(n0) = 5.617484476065371e-01
i(vref) = -6.60609537060512e-05
i(vdd) = -9.19029574664165e-11
Doing analysis at TEMP = 27.000000 and TNOM = 27.000000


No. of Data Rows : 1
REF_CODE_121
v(n0) = 5.664663493645351e-01
i(vref) = -9.64090628278666e-05
i(vdd) = -8.95026483482830e-11
Doing analysis at TEMP = 27.000000 and TNOM = 27.000000


No. of Data Rows : 1
REF_CODE_122
v(n0) = 5.711863819819286e-01
i(vref) = -8.69361623108127e-05
i(vdd) = -8.94988735899993e-11
Doing analysis at TEMP = 27.000000 and TNOM = 27.000000


No. of Data Rows : 1
REF_CODE_123
v(n0) = 5.759180799497138e-01
i(vref) = -9.74103593337477e-05
i(vdd) = -8.71112071365587e-11
Doing analysis at TEMP = 27.000000 and TNOM = 27.000000


No. of Data Rows : 1
REF_CODE_124
v(n0) = 5.806361608623711e-01
i(vref) = -6.79780510029713e-05
i(vdd) = -8.95071100570632e-11
Doing analysis at TEMP = 27.000000 and TNOM = 27.000000


No. of Data Rows : 1
REF_CODE_125
v(n0) = 5.853654814755793e-01
i(vref) = -8.83730731641719e-05
i(vdd) = -8.71118593925857e-11
Doing analysis at TEMP = 27.000000 and TNOM = 27.000000


No. of Data Rows : 1
REF_CODE_126
v(n0) = 5.901015234459798e-01
i(vref) = -6.89327426804281e-05
i(vdd) = -8.71157382342780e-11
Doing analysis at TEMP = 27.000000 and TNOM = 27.000000


No. of Data Rows : 1
REF_CODE_127
v(n0) = 5.948445784044621e-01
i(vref) = -6.94148408768684e-05
i(vdd) = -8.47331094178116e-11
Doing analysis at TEMP = 27.000000 and TNOM = 27.000000


No. of Data Rows : 1
REF_CODE_128
v(n0) = 5.980588134679111e-01
i(vref) = -2.98934151409292e-05
i(vdd) = -9.91215165502268e-11
Doing analysis at TEMP = 27.000000 and TNOM = 27.000000


No. of Data Rows : 1
REF_CODE_129
v(n0) = 6.027503596880273e-01
i(vref) = -6.92434928791091e-05
i(vdd) = -9.67154620279409e-11
Doing analysis at TEMP = 27.000000 and TNOM = 27.000000


No. of Data Rows : 1
REF_CODE_130
v(n0) = 6.074398779233908e-01
i(vref) = -6.87743341583581e-05
i(vdd) = -9.67067190216220e-11
Doing analysis at TEMP = 27.000000 and TNOM = 27.000000


No. of Data Rows : 1
REF_CODE_131
v(n0) = 6.121452329140417e-01
i(vref) = -8.82804070806448e-05
i(vdd) = -9.43121622465348e-11
Doing analysis at TEMP = 27.000000 and TNOM = 27.000000


No. of Data Rows : 1
REF_CODE_132
v(n0) = 6.168162010126188e-01
i(vref) = -6.78354169028840e-05
i(vdd) = -9.67030344689590e-11
Doing analysis at TEMP = 27.000000 and TNOM = 27.000000


No. of Data Rows : 1
REF_CODE_133
v(n0) = 6.215192632959219e-01
i(vref) = -9.72610813847787e-05
i(vdd) = -9.43022326893583e-11
Doing analysis at TEMP = 27.000000 and TNOM = 27.000000


No. of Data Rows : 1
REF_CODE_134
v(n0) = 6.262248767507337e-01
i(vref) = -8.68619755776476e-05
i(vdd) = -9.42994224373273e-11
Doing analysis at TEMP = 27.000000 and TNOM = 27.000000


No. of Data Rows : 1
REF_CODE_135
v(n0) = 6.309416856776906e-01
i(vref) = -9.64044184325313e-05
i(vdd) = -9.19117559838867e-11
Doing analysis at TEMP = 27.000000 and TNOM = 27.000000


No. of Data Rows : 1
REF_CODE_136
v(n0) = 6.355653420909761e-01
i(vref) = -6.59440763920272e-05
i(vdd) = -9.67014246455733e-11
Doing analysis at TEMP = 27.000000 and TNOM = 27.000000


No. of Data Rows : 1
REF_CODE_137
v(n0) = 6.402672608218105e-01
i(vref) = -1.00323763420975e-04
i(vdd) = -9.42980624141221e-11
Doing analysis at TEMP = 27.000000 and TNOM = 27.000000


No. of Data Rows : 1
REF_CODE_138
v(n0) = 6.449694461740962e-01
i(vref) = -9.48838934643831e-05
i(vdd) = -9.42925390545746e-11
Doing analysis at TEMP = 27.000000 and TNOM = 27.000000


No. of Data Rows : 1
REF_CODE_139
v(n0) = 6.496851542905580e-01
i(vref) = -1.09402367058120e-04
i(vdd) = -9.19009521260783e-11
Doing analysis at TEMP = 27.000000 and TNOM = 27.000000


No. of Data Rows : 1
REF_CODE_140
v(n0) = 6.543779730763035e-01
i(vref) = -8.39990433850244e-05
i(vdd) = -9.42948844007141e-11
Doing analysis at TEMP = 27.000000 and TNOM = 27.000000


No. of Data Rows : 1
REF_CODE_141
v(n0) = 6.590913441815212e-01
i(vref) = -1.08437105708825e-04
i(vdd) = -9.18973300234605e-11
Doing analysis at TEMP = 27.000000 and TNOM = 27.000000


No. of Data Rows : 1
REF_CODE_142
v(n0) = 6.638095639291922e-01
i(vref) = -9.30452068833114e-05
i(vdd) = -9.18981835074106e-11
Doing analysis at TEMP = 27.000000 and TNOM = 27.000000


No. of Data Rows : 1
REF_CODE_143
v(n0) = 6.685366625386293e-01
i(vref) = -9.75829521019204e-05
i(vdd) = -8.95138477230439e-11
Doing analysis at TEMP = 27.000000 and TNOM = 27.000000


No. of Data Rows : 1
REF_CODE_144
v(n0) = 6.730626009134154e-01
i(vref) = -6.21035179745561e-05
i(vdd) = -9.67031871246249e-11
Doing analysis at TEMP = 27.000000 and TNOM = 27.000000


No. of Data Rows : 1
REF_CODE_145
v(n0) = 6.777639800570650e-01
i(vref) = -9.89527248136269e-05
i(vdd) = -9.42978820028806e-11
Doing analysis at TEMP = 27.000000 and TNOM = 27.000000


No. of Data Rows : 1
REF_CODE_146
v(n0) = 6.824644845655259e-01
i(vref) = -9.59831502318283e-05
i(vdd) = -9.42909014756133e-11
Doing analysis at TEMP = 27.000000 and TNOM = 27.000000


No. of Data Rows : 1
REF_CODE_147
v(n0) = 6.871796758122504e-01
i(vref) = -1.12980306177454e-04
i(vdd) = -9.18975243124898e-11
Doing analysis at TEMP = 27.000000 and TNOM = 27.000000


No. of Data Rows : 1
REF_CODE_148
v(n0) = 6.918662390716530e-01
i(vref) = -9.00429739331460e-05
i(vdd) = -9.42897981914825e-11
Doing analysis at TEMP = 27.000000 and TNOM = 27.000000


No. of Data Rows : 1
REF_CODE_149
v(n0) = 6.965791119627684e-01
i(vref) = -1.16960330137424e-04
i(vdd) = -9.18906478686310e-11
Doing analysis at TEMP = 27.000000 and TNOM = 27.000000


No. of Data Rows : 1
REF_CODE_150
v(n0) = 7.012956947396282e-01
i(vref) = -1.04050918162271e-04
i(vdd) = -9.18900650015431e-11
Doing analysis at TEMP = 27.000000 and TNOM = 27.000000


No. of Data Rows : 1
REF_CODE_151
v(n0) = 7.060223176252729e-01
i(vref) = -1.11077063557605e-04
i(vdd) = -8.95034046877186e-11
Doing analysis at TEMP = 27.000000 and TNOM = 27.000000


No. of Data Rows : 1
REF_CODE_152
v(n0) = 7.106800531333850e-01
i(vref) = -7.81435079258594e-05
i(vdd) = -9.42951897120459e-11
Doing analysis at TEMP = 27.000000 and TNOM = 27.000000


No. of Data Rows : 1
REF_CODE_153
v(n0) = 7.153917375828700e-01
i(vref) = -1.10014264044165e-04
i(vdd) = -9.18930279092400e-11
Doing analysis at TEMP = 27.000000 and TNOM = 27.000000


No. of Data Rows : 1
REF_CODE_154
v(n0) = 7.201048479032675e-01
i(vref) = -1.02064688139898e-04
i(vdd) = -9.18896347901210e-11
Doing analysis at TEMP = 27.000000 and TNOM = 27.000000


No. of Data Rows : 1
REF_CODE_155
v(n0) = 7.248303250596320e-01
i(vref) = -1.14066203765079e-04
i(vdd) = -8.95003099410374e-11
Doing analysis at TEMP = 27.000000 and TNOM = 27.000000


No. of Data Rows : 1
REF_CODE_156
v(n0) = 7.295386834484225e-01
i(vref) = -8.61563254910863e-05
i(vdd) = -9.18947626327160e-11
Doing analysis at TEMP = 27.000000 and TNOM = 27.000000


No. of Data Rows : 1
REF_CODE_157
v(n0) = 7.342617982771089e-01
i(vref) = -1.08078076550437e-04
i(vdd) = -8.94984711341529e-11
Doing analysis at TEMP = 27.000000 and TNOM = 27.000000


No. of Data Rows : 1
REF_CODE_158
v(n0) = 7.389909262180845e-01
i(vref) = -9.01666385182250e-05
i(vdd) = -8.95011981194571e-11
Doing analysis at TEMP = 27.000000 and TNOM = 27.000000


No. of Data Rows : 1
REF_CODE_159
v(n0) = 7.437277718900195e-01
i(vref) = -9.21801019828639e-05
i(vdd) = -8.71187288975506e-11
Doing analysis at TEMP = 27.000000 and TNOM = 27.000000


No. of Data Rows : 1
REF_CODE_160
v(n0) = 7.480802302628711e-01
i(vref) = -5.41876609853445e-05
i(vdd) = -9.67076904667685e-11
Doing analysis at TEMP = 27.000000 and TNOM = 27.000000


No. of Data Rows : 1
REF_CODE_161
v(n0) = 7.527814988888673e-01
i(vref) = -9.22570626312631e-05
i(vdd) = -9.43012265497423e-11
Doing analysis at TEMP = 27.000000 and TNOM = 27.000000


No. of Data Rows : 1
REF_CODE_162
v(n0) = 7.574813283032178e-01
i(vref) = -9.05076170419328e-05
i(vdd) = -9.42933717218430e-11
Doing analysis at TEMP = 27.000000 and TNOM = 27.000000


No. of Data Rows : 1
REF_CODE_163
v(n0) = 7.621964209892611e-01
i(vref) = -1.08729048955940e-04
i(vdd) = -9.19002582366879e-11
Doing analysis at TEMP = 27.000000 and TNOM = 27.000000


No. of Data Rows : 1
REF_CODE_164
v(n0) = 7.668800435115788e-01
i(vref) = -8.70083746333907e-05
i(vdd) = -9.42911582146877e-11
Doing analysis at TEMP = 27.000000 and TNOM = 27.000000


No. of Data Rows : 1
REF_CODE_165
v(n0) = 7.715928276976241e-01
i(vref) = -1.15149864954220e-04
i(vdd) = -9.18916401304593e-11
Doing analysis at TEMP = 27.000000 and TNOM = 27.000000


No. of Data Rows : 1
REF_CODE_166
v(n0) = 7.763087590017708e-01
i(vref) = -1.03465717808410e-04
i(vdd) = -9.18899747959223e-11
Doing analysis at TEMP = 27.000000 and TNOM = 27.000000


No. of Data Rows : 1
REF_CODE_167
v(n0) = 7.810353050552805e-01
i(vref) = -1.11720051608121e-04
i(vdd) = -8.95032728487344e-11
Doing analysis at TEMP = 27.000000 and TNOM = 27.000000


No. of Data Rows : 1
REF_CODE_168
v(n0) = 7.856810469526125e-01
i(vref) = -7.99953758690511e-05
i(vdd) = -9.42937741776895e-11
Doing analysis at TEMP = 27.000000 and TNOM = 27.000000


No. of Data Rows : 1
REF_CODE_169
v(n0) = 7.903926622593735e-01
i(vref) = -1.13090878887478e-04
i(vdd) = -9.18909948133262e-11
Doing analysis at TEMP = 27.000000 and TNOM = 27.000000


No. of Data Rows : 1
REF_CODE_170
v(n0) = 7.951051379821885e-01
i(vref) = -1.06366583857382e-04
i(vdd) = -9.18863804488801e-11
Doing analysis at TEMP = 27.000000 and TNOM = 27.000000


No. of Data Rows : 1
REF_CODE_171
v(n0) = 7.998305579130225e-01
i(vref) = -1.19596919039480e-04
i(vdd) = -8.94957996599999e-11
Doing analysis at TEMP = 27.000000 and TNOM = 27.000000


No. of Data Rows : 1
REF_CODE_172
v(n0) = 8.045360212841111e-01
i(vref) = -9.29112491048161e-05
i(vdd) = -9.18903564350870e-11
Doing analysis at TEMP = 27.000000 and TNOM = 27.000000


No. of Data Rows : 1
REF_CODE_173
v(n0) = 8.092590885172295e-01
i(vref) = -1.16061658128646e-04
i(vdd) = -8.94941135087812e-11
Doing analysis at TEMP = 27.000000 and TNOM = 27.000000


No. of Data Rows : 1
REF_CODE_174
v(n0) = 8.139876052895895e-01
i(vref) = -9.93806092968473e-05
i(vdd) = -8.94950780150339e-11
Doing analysis at TEMP = 27.000000 and TNOM = 27.000000


No. of Data Rows : 1
REF_CODE_175
v(n0) = 8.187244151994892e-01
i(vref) = -1.02626776635957e-04
i(vdd) = -8.71113181588612e-11
Doing analysis at TEMP = 27.000000 and TNOM = 27.000000


No. of Data Rows : 1
REF_CODE_176
v(n0) = 8.233102606418403e-01
i(vref) = -6.59039456293192e-05
i(vdd) = -9.43009489939861e-11
Doing analysis at TEMP = 27.000000 and TNOM = 27.000000


No. of Data Rows : 1
REF_CODE_177
v(n0) = 8.280212904163871e-01
i(vref) = -1.01468470413544e-04
i(vdd) = -9.18970385899165e-11
Doing analysis at TEMP = 27.000000 and TNOM = 27.000000


No. of Data Rows : 1
REF_CODE_178
v(n0) = 8.327320385319447e-01
i(vref) = -9.72142863255071e-05
i(vdd) = -9.18907658298274e-11
Doing analysis at TEMP = 27.000000 and TNOM = 27.000000


No. of Data Rows : 1
REF_CODE_179
v(n0) = 8.374568955765219e-01
i(vref) = -1.12922794715852e-04
i(vdd) = -8.94986168509249e-11
Doing analysis at TEMP = 27.000000 and TNOM = 27.000000


No. of Data Rows : 1
REF_CODE_180
v(n0) = 8.421560579381253e-01
i(vref) = -8.87041905374258e-05
i(vdd) = -9.18910850189469e-11
Doing analysis at TEMP = 27.000000 and TNOM = 27.000000


No. of Data Rows : 1
REF_CODE_181
v(n0) = 8.468785809979713e-01
i(vref) = -1.14333377280075e-04
i(vdd) = -8.94933779860274e-11
Doing analysis at TEMP = 27.000000 and TNOM = 27.000000


No. of Data Rows : 1
REF_CODE_182
v(n0) = 8.516054139926463e-01
i(vref) = -1.00134610346990e-04
i(vdd) = -8.94927951189395e-11
Doing analysis at TEMP = 27.000000 and TNOM = 27.000000


No. of Data Rows : 1
REF_CODE_183
v(n0) = 8.563417021500545e-01
i(vref) = -1.05868650786656e-04
i(vdd) = -8.71072797226091e-11
Doing analysis at TEMP = 27.000000 and TNOM = 27.000000


No. of Data Rows : 1
REF_CODE_184
v(n0) = 8.610214794937148e-01
i(vref) = -7.16600971468508e-05
i(vdd) = -9.18997863919024e-11
Doing analysis at TEMP = 27.000000 and TNOM = 27.000000


No. of Data Rows : 1
REF_CODE_185
v(n0) = 8.657427891143509e-01
i(vref) = -1.02242693715438e-04
i(vdd) = -8.94987556288029e-11
Doing analysis at TEMP = 27.000000 and TNOM = 27.000000


No. of Data Rows : 1
REF_CODE_186
v(n0) = 8.704661225343653e-01
i(vref) = -9.30043986681834e-05
i(vdd) = -8.94948351537472e-11
Doing analysis at TEMP = 27.000000 and TNOM = 27.000000


No. of Data Rows : 1
REF_CODE_187
v(n0) = 8.752012399778850e-01
i(vref) = -1.03713799742344e-04
i(vdd) = -8.71069605334895e-11
Doing analysis at TEMP = 27.000000 and TNOM = 27.000000


No. of Data Rows : 1
REF_CODE_188
v(n0) = 8.799221876324484e-01
i(vref) = -7.45160159848254e-05
i(vdd) = -8.95026552871769e-11
Doing analysis at TEMP = 27.000000 and TNOM = 27.000000


No. of Data Rows : 1
REF_CODE_189
v(n0) = 8.846549272242230e-01
i(vref) = -9.51461486651088e-05
i(vdd) = -8.71074809505323e-11
Doing analysis at TEMP = 27.000000 and TNOM = 27.000000


No. of Data Rows : 1
REF_CODE_190
v(n0) = 8.893942848592032e-01
i(vref) = -7.59412754410720e-05
i(vdd) = -8.71113320366490e-11
Doing analysis at TEMP = 27.000000 and TNOM = 27.000000


No. of Data Rows : 1
REF_CODE_191
v(n0) = 8.941407703461116e-01
i(vref) = -7.66591953321114e-05
i(vdd) = -8.47286893423949e-11
Doing analysis at TEMP = 27.000000 and TNOM = 27.000000


No. of Data Rows : 1
REF_CODE_192
v(n0) = 8.982793708714548e-01
i(vref) = -3.74099112961167e-05
i(vdd) = -9.67176200239450e-11
Doing analysis at TEMP = 27.000000 and TNOM = 27.000000


No. of Data Rows : 1
REF_CODE_193
v(n0) = 9.029812755043605e-01
i(vref) = -7.60600511730963e-05
i(vdd) = -9.43116557072798e-11
Doing analysis at TEMP = 27.000000 and TNOM = 27.000000


No. of Data Rows : 1
REF_CODE_194
v(n0) = 9.076814717440410e-01
i(vref) = -7.48912080942573e-05
i(vdd) = -9.43030167843695e-11
Doing analysis at TEMP = 27.000000 and TNOM = 27.000000


No. of Data Rows : 1
REF_CODE_195
v(n0) = 9.123972080832017e-01
i(vref) = -9.36952168893879e-05
i(vdd) = -9.19089526707495e-11
Doing analysis at TEMP = 27.000000 and TNOM = 27.000000


No. of Data Rows : 1
REF_CODE_196
v(n0) = 9.170801152980546e-01
i(vref) = -7.25531800737845e-05
i(vdd) = -9.43002551045957e-11
Doing analysis at TEMP = 27.000000 and TNOM = 27.000000


No. of Data Rows : 1
REF_CODE_197
v(n0) = 9.217935475242872e-01
i(vref) = -1.01277076256522e-04
i(vdd) = -9.19003345645208e-11
Doing analysis at TEMP = 27.000000 and TNOM = 27.000000


No. of Data Rows : 1
REF_CODE_198
v(n0) = 9.265098593180918e-01
i(vref) = -9.01757689541625e-05
i(vdd) = -9.18980863628960e-11
Doing analysis at TEMP = 27.000000 and TNOM = 27.000000


No. of Data Rows : 1
REF_CODE_199
v(n0) = 9.312370610152868e-01
i(vref) = -9.90143339994649e-05
i(vdd) = -8.95107390985750e-11
Doing analysis at TEMP = 27.000000 and TNOM = 27.000000


No. of Data Rows : 1
REF_CODE_200
v(n0) = 9.358777637546510e-01
i(vref) = -6.78635544092435e-05
i(vdd) = -9.43012126719545e-11
Doing analysis at TEMP = 27.000000 and TNOM = 27.000000


No. of Data Rows : 1
REF_CODE_201
v(n0) = 9.405900366169400e-01
i(vref) = -1.01541548903393e-04
i(vdd) = -9.18982737130314e-11
Doing analysis at TEMP = 27.000000 and TNOM = 27.000000


No. of Data Rows : 1
REF_CODE_202
v(n0) = 9.453029008268528e-01
i(vref) = -9.53998954265614e-05
i(vdd) = -9.18925283088790e-11
Doing analysis at TEMP = 27.000000 and TNOM = 27.000000


No. of Data Rows : 1
REF_CODE_203
v(n0) = 9.500289859514928e-01
i(vref) = -1.09214556398986e-04
i(vdd) = -8.95014687363194e-11
Doing analysis at TEMP = 27.000000 and TNOM = 27.000000


No. of Data Rows : 1
REF_CODE_204
v(n0) = 9.547337602749655e-01
i(vref) = -8.31107067976247e-05
i(vdd) = -9.18958312223772e-11
Doing analysis at TEMP = 27.000000 and TNOM = 27.000000


No. of Data Rows : 1
REF_CODE_205
v(n0) = 9.594574969871833e-01
i(vref) = -1.06845262224162e-04
i(vdd) = -8.94990678790286e-11
Doing analysis at TEMP = 27.000000 and TNOM = 27.000000


No. of Data Rows : 1
REF_CODE_206
v(n0) = 9.641864158354077e-01
i(vref) = -9.07490794270884e-05
i(vdd) = -8.94999352407666e-11
Doing analysis at TEMP = 27.000000 and TNOM = 27.000000


No. of Data Rows : 1
REF_CODE_207
v(n0) = 9.689239028202539e-01
i(vref) = -9.45812142997549e-05
i(vdd) = -8.71158006843231e-11
Doing analysis at TEMP = 27.000000 and TNOM = 27.000000


No. of Data Rows : 1
REF_CODE_208
v(n0) = 9.734874817994589e-01
i(vref) = -5.84242380251834e-05
i(vdd) = -9.43055633584322e-11
Doing analysis at TEMP = 27.000000 and TNOM = 27.000000


No. of Data Rows : 1
REF_CODE_209
v(n0) = 9.781991874250022e-01
i(vref) = -9.45716418437308e-05
i(vdd) = -9.19010076372295e-11
Doing analysis at TEMP = 27.000000 and TNOM = 27.000000


No. of Data Rows : 1
REF_CODE_210
v(n0) = 9.829103413919840e-01
i(vref) = -9.09003445446965e-05
i(vdd) = -9.18940340488561e-11
Doing analysis at TEMP = 27.000000 and TNOM = 27.000000


No. of Data Rows : 1
REF_CODE_211
v(n0) = 9.876358819725199e-01
i(vref) = -1.07193571534606e-04
i(vdd) = -8.95015866975157e-11
Doing analysis at TEMP = 27.000000 and TNOM = 27.000000


No. of Data Rows : 1
REF_CODE_212
v(n0) = 9.923343668640916e-01
i(vref) = -8.35564617465653e-05
i(vdd) = -9.18947071215648e-11
Doing analysis at TEMP = 27.000000 and TNOM = 27.000000


No. of Data Rows : 1
REF_CODE_213
v(n0) = 9.970575777356859e-01
i(vref) = -1.09770190521885e-04
i(vdd) = -8.94960217046048e-11
Doing analysis at TEMP = 27.000000 and TNOM = 27.000000


No. of Data Rows : 1
REF_CODE_214
v(n0) = 1.001784830222334e+00
i(vref) = -9.61565441583889e-05
i(vdd) = -8.94955914931828e-11
Doing analysis at TEMP = 27.000000 and TNOM = 27.000000


No. of Data Rows : 1
REF_CODE_215
v(n0) = 1.006521813832888e+00
i(vref) = -1.02476952924762e-04
i(vdd) = -8.71094099630376e-11
Doing analysis at TEMP = 27.000000 and TNOM = 27.000000


No. of Data Rows : 1
REF_CODE_216
v(n0) = 1.011196602073443e+00
i(vref) = -6.88474509716726e-05
i(vdd) = -9.19017362210894e-11
Doing analysis at TEMP = 27.000000 and TNOM = 27.000000


No. of Data Rows : 1
REF_CODE_217
v(n0) = 1.015918608803408e+00
i(vref) = -1.00014665633292e-04
i(vdd) = -8.95000670797508e-11
Doing analysis at TEMP = 27.000000 and TNOM = 27.000000


No. of Data Rows : 1
REF_CODE_218
v(n0) = 1.020642369482362e+00
i(vref) = -9.13612832700800e-05
i(vdd) = -8.94964380382390e-11
Doing analysis at TEMP = 27.000000 and TNOM = 27.000000


No. of Data Rows : 1
REF_CODE_219
v(n0) = 1.025378191712081e+00
i(vref) = -1.02657137665163e-04
i(vdd) = -8.71070160446408e-11
Doing analysis at TEMP = 27.000000 and TNOM = 27.000000


No. of Data Rows : 1
REF_CODE_220
v(n0) = 1.030098488039989e+00
i(vref) = -7.40440187679111e-05
i(vdd) = -8.95030091707660e-11
Doing analysis at TEMP = 27.000000 and TNOM = 27.000000


No. of Data Rows : 1
REF_CODE_221
v(n0) = 1.034831936592878e+00
i(vref) = -9.52604199111369e-05
i(vdd) = -8.71069605334895e-11
Doing analysis at TEMP = 27.000000 and TNOM = 27.000000


No. of Data Rows : 1
REF_CODE_222
v(n0) = 1.039571735051927e+00
i(vref) = -7.66426803430956e-05
i(vdd) = -8.71106103916830e-11
Doing analysis at TEMP = 27.000000 and TNOM = 27.000000


No. of Data Rows : 1
REF_CODE_223
v(n0) = 1.044318937133542e+00
i(vref) = -7.79486907361467e-05
i(vdd) = -8.47280232085801e-11
Doing analysis at TEMP = 27.000000 and TNOM = 27.000000


No. of Data Rows : 1
REF_CODE_224
v(n0) = 1.048791499026493e+00
i(vref) = -3.92980982422756e-05
i(vdd) = -9.43174427447957e-11
Doing analysis at TEMP = 27.000000 and TNOM = 27.000000


No. of Data Rows : 1
REF_CODE_225
v(n0) = 1.053503042159009e+00
i(vref) = -7.66653313754757e-05
i(vdd) = -9.19121098674758e-11
Doing analysis at TEMP = 27.000000 and TNOM = 27.000000


No. of Data Rows : 1
REF_CODE_226
v(n0) = 1.058213468368993e+00
i(vref) = -7.42138825516233e-05
i(vdd) = -9.19042411617887e-11
Doing analysis at TEMP = 27.000000 and TNOM = 27.000000


No. of Data Rows : 1
REF_CODE_227
v(n0) = 1.062938858301790e+00
i(vref) = -9.17310163165552e-05
i(vdd) = -8.95114260490715e-11
Doing analysis at TEMP = 27.000000 and TNOM = 27.000000


No. of Data Rows : 1
REF_CODE_228
v(n0) = 1.067634348348480e+00
i(vref) = -6.93106261489039e-05
i(vdd) = -9.19029921608860e-11
Doing analysis at TEMP = 27.000000 and TNOM = 27.000000


No. of Data Rows : 1
REF_CODE_229
v(n0) = 1.072357418484543e+00
i(vref) = -9.67481179651331e-05
i(vdd) = -8.95037793879894e-11
Doing analysis at TEMP = 27.000000 and TNOM = 27.000000


No. of Data Rows : 1
REF_CODE_230
v(n0) = 1.077083966735998e+00
i(vref) = -8.43594493792725e-05
i(vdd) = -8.95022042590732e-11
Doing analysis at TEMP = 27.000000 and TNOM = 27.000000


No. of Data Rows : 1
REF_CODE_231
v(n0) = 1.081820821373449e+00
i(vref) = -9.19076718203776e-05
i(vdd) = -8.71157174175963e-11
Doing analysis at TEMP = 27.000000 and TNOM = 27.000000


No. of Data Rows : 1
REF_CODE_232
v(n0) = 1.086483565489463e+00
i(vref) = -5.94884746511102e-05
i(vdd) = -9.19064338522624e-11
Doing analysis at TEMP = 27.000000 and TNOM = 27.000000


No. of Data Rows : 1
REF_CODE_233
v(n0) = 1.091205451104301e+00
i(vref) = -9.18800610883279e-05
i(vdd) = -8.95042373549870e-11
Doing analysis at TEMP = 27.000000 and TNOM = 27.000000


No. of Data Rows : 1
REF_CODE_234
v(n0) = 1.095928524508142e+00
i(vref) = -8.44516692670753e-05
i(vdd) = -8.95001711631593e-11
Doing analysis at TEMP = 27.000000 and TNOM = 27.000000


No. of Data Rows : 1
REF_CODE_235
v(n0) = 1.100664237429375e+00
i(vref) = -9.69759644248967e-05
i(vdd) = -8.71106381472586e-11
Doing analysis at TEMP = 27.000000 and TNOM = 27.000000


No. of Data Rows : 1
REF_CODE_236
v(n0) = 1.105381584546771e+00
i(vref) = -6.95871030306464e-05
i(vdd) = -8.95051741056641e-11
Doing analysis at TEMP = 27.000000 and TNOM = 27.000000


No. of Data Rows : 1
REF_CODE_237
v(n0) = 1.110114933478775e+00
i(vref) = -9.20317815396570e-05
i(vdd) = -8.71087091347533e-11
Doing analysis at TEMP = 27.000000 and TNOM = 27.000000


No. of Data Rows : 1
REF_CODE_238
v(n0) = 1.114854067994291e+00
i(vref) = -7.46441343998956e-05
i(vdd) = -8.71108601918635e-11
Doing analysis at TEMP = 27.000000 and TNOM = 27.000000


No. of Data Rows : 1
REF_CODE_239
v(n0) = 1.119601182179168e+00
i(vref) = -7.71824644456524e-05
i(vdd) = -8.47274958526434e-11
Doing analysis at TEMP = 27.000000 and TNOM = 27.000000


No. of Data Rows : 1
REF_CODE_240
v(n0) = 1.124224650186160e+00
i(vref) = -3.97723318167835e-05
i(vdd) = -9.19180148661880e-11
Doing analysis at TEMP = 27.000000 and TNOM = 27.000000


No. of Data Rows : 1
REF_CODE_241
v(n0) = 1.128945922994804e+00
i(vref) = -7.46328407185849e-05
i(vdd) = -8.95137228229537e-11
Doing analysis at TEMP = 27.000000 and TNOM = 27.000000


No. of Data Rows : 1
REF_CODE_242
v(n0) = 1.133667239783448e+00
i(vref) = -6.96746320254038e-05
i(vdd) = -8.95082272189818e-11
Doing analysis at TEMP = 27.000000 and TNOM = 27.000000


No. of Data Rows : 1
REF_CODE_243
v(n0) = 1.138402362519220e+00
i(vref) = -8.46769952539527e-05
i(vdd) = -8.71165709015465e-11
Doing analysis at TEMP = 27.000000 and TNOM = 27.000000


No. of Data Rows : 1
REF_CODE_244
v(n0) = 1.143113375184264e+00
i(vref) = -5.97559591489361e-05
i(vdd) = -8.95096427533382e-11
Doing analysis at TEMP = 27.000000 and TNOM = 27.000000


No. of Data Rows : 1
REF_CODE_245
v(n0) = 1.147846152689982e+00
i(vref) = -8.46793060253256e-05
i(vdd) = -8.71123520540529e-11
Doing analysis at TEMP = 27.000000 and TNOM = 27.000000


No. of Data Rows : 1
REF_CODE_246
v(n0) = 1.152583574426476e+00
i(vref) = -6.97740017526919e-05
i(vdd) = -8.71131639046396e-11
Doing analysis at TEMP = 27.000000 and TNOM = 27.000000


No. of Data Rows : 1
REF_CODE_247
v(n0) = 1.157330139581450e+00
i(vref) = -7.48000898079405e-05
i(vdd) = -8.47275721804763e-11
Doing analysis at TEMP = 27.000000 and TNOM = 27.000000


No. of Data Rows : 1
REF_CODE_248
v(n0) = 1.162026925126493e+00
i(vref) = -3.98915206178086e-05
i(vdd) = -8.95201829331782e-11
Doing analysis at TEMP = 27.000000 and TNOM = 27.000000


No. of Data Rows : 1
REF_CODE_249
v(n0) = 1.166758473661381e+00
i(vref) = -6.97683693505653e-05
i(vdd) = -8.71191382922909e-11
Doing analysis at TEMP = 27.000000 and TNOM = 27.000000


No. of Data Rows : 1
REF_CODE_250
v(n0) = 1.171492376685587e+00
i(vref) = -5.98239714579729e-05
i(vdd) = -8.71164321236684e-11
Doing analysis at TEMP = 27.000000 and TNOM = 27.000000


No. of Data Rows : 1
REF_CODE_251
v(n0) = 1.176237755642491e+00
i(vref) = -6.98255015924992e-05
i(vdd) = -8.47282313753972e-11
Doing analysis at TEMP = 27.000000 and TNOM = 27.000000


No. of Data Rows : 1
REF_CODE_252
v(n0) = 1.180970569708946e+00
i(vref) = -3.99218264780689e-05
i(vdd) = -8.71250849243665e-11
Doing analysis at TEMP = 27.000000 and TNOM = 27.000000


No. of Data Rows : 1
REF_CODE_253
v(n0) = 1.185713559573775e+00
i(vref) = -5.98444032709530e-05
i(vdd) = -8.47301534490086e-11
Doing analysis at TEMP = 27.000000 and TNOM = 27.000000


No. of Data Rows : 1
REF_CODE_254
v(n0) = 1.190463506792112e+00
i(vref) = -3.99309310645125e-05
i(vdd) = -8.47339143295045e-11
Doing analysis at TEMP = 27.000000 and TNOM = 27.000000


No. of Data Rows : 1
REF_CODE_255
v(n0) = 1.195220265055110e+00
i(vref) = -3.99391886087390e-05
i(vdd) = -8.23520557302615e-11
ngspice-36 done
