
Compatibility modes selected: hs a


Circuit: * signed small-signal extracted latch diagnostic, no structural mos substitution.

option SCALE: Scale is set to 1e-06 for instance and model parameters
option SCALE: Scale is set to 1e-06 for instance and model parameters
Doing analysis at TEMP = 27.000000 and TNOM = 27.000000

Warning: veval: no DC value, transient time 0 value used
Warning: vreset: no DC value, transient time 0 value used

Initial Transient Solution
--------------------------

Node                                   Voltage
----                                   -------
vdd                                        1.8
vdd_active                                 1.8
vss                                          0
sense_p                               0.899924
sense_n                               0.900076
iso_tail                              0.178804
latch_sense_p                          1.60023
latch_sense_n                          1.59975
reset                                        0
eval                                         0
out_p                                      1.8
out_n                                      1.8
tail                                    1.3753
veval#branch                                 0
vreset#branch                                0
vn#branch                                    0
vp#branch                                    0
vss#branch                         1.49579e-10
vactive#branch                    -4.00013e-06
vdd#branch                         -1.4672e-11


No. of Data Rows : 1050

  Measurements for Transient Analysis

op_final            =  1.189924e-01
on_final            =  1.190512e-01
lp_before           =  1.600235e+00
ln_before           =  1.599752e+00

binary raw file "waveform.raw"
Doing analysis at TEMP = 27.000000 and TNOM = 27.000000

Warning: veval: no DC value, transient time 0 value used
Warning: vreset: no DC value, transient time 0 value used

Initial Transient Solution
--------------------------

Node                                   Voltage
----                                   -------
vdd                                        1.8
vdd_active                                 1.8
vss                                          0
sense_p                               0.899924
sense_n                               0.900076
iso_tail                              0.187635
latch_sense_p                        0.0145028
latch_sense_n                        0.0145463
reset                                        0
eval                                         0
out_p                                 0.639377
out_n                                 0.639378
tail                                 0.0377028
veval#branch                       -0.00148515
vreset#branch                       0.00282937
vn#branch                         -0.000954073
vp#branch                         -0.000953928
vss#branch                           0.0071404
vactive#branch                     -0.00284251
vdd#branch                         -0.00373812


No. of Data Rows : 1058

  Measurements for Transient Analysis

op_final            =  1.189873e-01
on_final            =  1.190462e-01
lp_before           =  1.587790e+00
ln_before           =  1.587313e+00


Total analysis time (seconds) = 0.145

Total elapsed time (seconds) = 0.580 

Total DRAM available = 7943.230 MB.
DRAM currently available = 1259.273 MB.
Maximum ngspice program size =   56.656 MB.
Current ngspice program size =   40.125 MB.

Shared ngspice pages =    9.625 MB.
Text (code) pages =    5.316 MB.
Stack = 0 bytes.
Library pages =   38.707 MB.

