
1. Executing Verilog-2005 frontend: ../aimc-control-plane-rtl/aimc_error_budget_governor.v
Parsing Verilog input from `../aimc-control-plane-rtl/aimc_error_budget_governor.v' to AST representation.
Generating RTLIL representation for module `\aimc_error_budget_governor'.
Successfully finished Verilog frontend.

2. Executing HIERARCHY pass (managing design hierarchy).

2.1. Analyzing design hierarchy..
Top module:  \aimc_error_budget_governor

2.2. Analyzing design hierarchy..
Top module:  \aimc_error_budget_governor
Removed 0 unused modules.

3. Executing PROC pass (convert processes to netlists).

3.1. Executing PROC_CLEAN pass (remove empty switches from decision trees).
Cleaned up 0 empty switches.

3.2. Executing PROC_RMDEAD pass (remove dead branches from decision trees).
Marked 7 switch rules as full_case in process $proc$../aimc-control-plane-rtl/aimc_error_budget_governor.v:37$7 in module aimc_error_budget_governor.
Removed a total of 0 dead cases.

3.3. Executing PROC_INIT pass (extract init attributes).

3.4. Executing PROC_ARST pass (detect async resets in processes).

3.5. Executing PROC_MUX pass (convert decision trees to multiplexers).
Creating decoders for process `\aimc_error_budget_governor.$proc$../aimc-control-plane-rtl/aimc_error_budget_governor.v:37$7'.
     1/32: $7\next_cumulative_error_q8[7:0]
     2/32: $7\reason[3:0]
     3/32: $7\tile_action[1:0]
     4/32: $7\service_decision[1:0]
     5/32: $6\reason[3:0]
     6/32: $6\tile_action[1:0]
     7/32: $6\next_cumulative_error_q8[7:0]
     8/32: $6\service_decision[1:0]
     9/32: $5\reason[3:0]
    10/32: $5\next_cumulative_error_q8[7:0]
    11/32: $5\tile_action[1:0]
    12/32: $5\service_decision[1:0]
    13/32: $4\reason[3:0]
    14/32: $4\tile_action[1:0]
    15/32: $4\next_cumulative_error_q8[7:0]
    16/32: $4\service_decision[1:0]
    17/32: $3\reason[3:0]
    18/32: $3\tile_action[1:0]
    19/32: $3\next_cumulative_error_q8[7:0]
    20/32: $3\service_decision[1:0]
    21/32: $2\reason[3:0]
    22/32: $2\next_cumulative_error_q8[7:0]
    23/32: $2\tile_action[1:0]
    24/32: $2\service_decision[1:0]
    25/32: $1\reason[3:0]
    26/32: $1\next_cumulative_error_q8[7:0]
    27/32: $1\tile_action[1:0]
    28/32: $1\service_decision[1:0]
    29/32: $0\next_cumulative_error_q8[7:0]
    30/32: $0\reason[3:0]
    31/32: $0\tile_action[1:0]
    32/32: $0\service_decision[1:0]

3.6. Executing PROC_DLATCH pass (convert process syncs to latches).
No latch inferred for signal `\aimc_error_budget_governor.\service_decision' from process `\aimc_error_budget_governor.$proc$../aimc-control-plane-rtl/aimc_error_budget_governor.v:37$7'.
No latch inferred for signal `\aimc_error_budget_governor.\tile_action' from process `\aimc_error_budget_governor.$proc$../aimc-control-plane-rtl/aimc_error_budget_governor.v:37$7'.
No latch inferred for signal `\aimc_error_budget_governor.\reason' from process `\aimc_error_budget_governor.$proc$../aimc-control-plane-rtl/aimc_error_budget_governor.v:37$7'.
No latch inferred for signal `\aimc_error_budget_governor.\next_cumulative_error_q8' from process `\aimc_error_budget_governor.$proc$../aimc-control-plane-rtl/aimc_error_budget_governor.v:37$7'.

3.7. Executing PROC_DFF pass (convert process syncs to FFs).

3.8. Executing PROC_CLEAN pass (remove empty switches from decision trees).
Found and cleaned up 7 empty switches in `\aimc_error_budget_governor.$proc$../aimc-control-plane-rtl/aimc_error_budget_governor.v:37$7'.
Removing empty process `aimc_error_budget_governor.$proc$../aimc-control-plane-rtl/aimc_error_budget_governor.v:37$7'.
Cleaned up 7 empty switches.

4. Executing OPT pass (performing simple optimizations).

4.1. Executing OPT_EXPR pass (perform const folding).
Optimizing module aimc_error_budget_governor.
<suppressed ~53 debug messages>

4.2. Executing OPT_MERGE pass (detect identical cells).
Finding identical cells in module `\aimc_error_budget_governor'.
Removed a total of 0 cells.

4.3. Executing OPT_MUXTREE pass (detect dead branches in mux trees).
Running muxtree optimizer on module \aimc_error_budget_governor..
  Creating internal representation of mux trees.
  Evaluating internal representation of mux trees.
  Analyzing evaluation results.
    dead port 2/2 on $mux $procmux$339.
    dead port 2/2 on $mux $procmux$333.
    dead port 2/2 on $mux $procmux$327.
    dead port 2/2 on $mux $procmux$321.
    dead port 2/2 on $mux $procmux$315.
    dead port 2/2 on $mux $procmux$312.
    dead port 2/2 on $mux $procmux$306.
    dead port 2/2 on $mux $procmux$303.
    dead port 2/2 on $mux $procmux$297.
    dead port 2/2 on $mux $procmux$294.
    dead port 2/2 on $mux $procmux$288.
    dead port 2/2 on $mux $procmux$285.
    dead port 2/2 on $mux $procmux$279.
    dead port 2/2 on $mux $procmux$276.
    dead port 1/2 on $mux $procmux$273.
    dead port 2/2 on $mux $procmux$267.
    dead port 2/2 on $mux $procmux$264.
    dead port 1/2 on $mux $procmux$261.
    dead port 2/2 on $mux $procmux$255.
    dead port 2/2 on $mux $procmux$252.
    dead port 1/2 on $mux $procmux$249.
    dead port 2/2 on $mux $procmux$243.
    dead port 2/2 on $mux $procmux$240.
    dead port 1/2 on $mux $procmux$237.
    dead port 2/2 on $mux $procmux$231.
    dead port 2/2 on $mux $procmux$228.
    dead port 1/2 on $mux $procmux$225.
    dead port 1/2 on $mux $procmux$222.
    dead port 2/2 on $mux $procmux$216.
    dead port 2/2 on $mux $procmux$213.
    dead port 1/2 on $mux $procmux$210.
    dead port 1/2 on $mux $procmux$207.
    dead port 2/2 on $mux $procmux$201.
    dead port 2/2 on $mux $procmux$198.
    dead port 1/2 on $mux $procmux$195.
    dead port 1/2 on $mux $procmux$192.
    dead port 2/2 on $mux $procmux$186.
    dead port 2/2 on $mux $procmux$183.
    dead port 1/2 on $mux $procmux$180.
    dead port 1/2 on $mux $procmux$177.
    dead port 2/2 on $mux $procmux$171.
    dead port 2/2 on $mux $procmux$168.
    dead port 1/2 on $mux $procmux$165.
    dead port 1/2 on $mux $procmux$162.
    dead port 1/2 on $mux $procmux$159.
    dead port 2/2 on $mux $procmux$153.
    dead port 2/2 on $mux $procmux$150.
    dead port 1/2 on $mux $procmux$147.
    dead port 1/2 on $mux $procmux$144.
    dead port 1/2 on $mux $procmux$141.
    dead port 2/2 on $mux $procmux$135.
    dead port 2/2 on $mux $procmux$132.
    dead port 1/2 on $mux $procmux$129.
    dead port 1/2 on $mux $procmux$126.
    dead port 1/2 on $mux $procmux$123.
    dead port 2/2 on $mux $procmux$117.
    dead port 2/2 on $mux $procmux$114.
    dead port 1/2 on $mux $procmux$111.
    dead port 1/2 on $mux $procmux$108.
    dead port 1/2 on $mux $procmux$105.
    dead port 2/2 on $mux $procmux$99.
    dead port 2/2 on $mux $procmux$96.
    dead port 1/2 on $mux $procmux$93.
    dead port 1/2 on $mux $procmux$90.
    dead port 1/2 on $mux $procmux$87.
    dead port 1/2 on $mux $procmux$84.
    dead port 2/2 on $mux $procmux$79.
    dead port 2/2 on $mux $procmux$76.
    dead port 1/2 on $mux $procmux$73.
    dead port 1/2 on $mux $procmux$70.
    dead port 1/2 on $mux $procmux$67.
    dead port 1/2 on $mux $procmux$64.
    dead port 2/2 on $mux $procmux$58.
    dead port 2/2 on $mux $procmux$55.
    dead port 1/2 on $mux $procmux$52.
    dead port 1/2 on $mux $procmux$49.
    dead port 1/2 on $mux $procmux$46.
    dead port 1/2 on $mux $procmux$43.
    dead port 2/2 on $mux $procmux$37.
    dead port 2/2 on $mux $procmux$34.
    dead port 1/2 on $mux $procmux$31.
    dead port 1/2 on $mux $procmux$28.
    dead port 1/2 on $mux $procmux$25.
    dead port 1/2 on $mux $procmux$22.
Removed 84 multiplexer ports.
<suppressed ~5 debug messages>

4.4. Executing OPT_REDUCE pass (consolidate $*mux and $reduce_* inputs).
  Optimizing cells in module \aimc_error_budget_governor.
Performed a total of 0 changes.

4.5. Executing OPT_MERGE pass (detect identical cells).
Finding identical cells in module `\aimc_error_budget_governor'.
Removed a total of 0 cells.

4.6. Executing OPT_RMDFF pass (remove dff with constant values).

4.7. Executing OPT_CLEAN pass (remove unused cells and wires).
Finding unused cells or wires in module \aimc_error_budget_governor..
Removed 2 unused cells and 236 unused wires.
<suppressed ~3 debug messages>

4.8. Executing OPT_EXPR pass (perform const folding).
Optimizing module aimc_error_budget_governor.

4.9. Rerunning OPT passes. (Maybe there is more to do..)

4.10. Executing OPT_MUXTREE pass (detect dead branches in mux trees).
Running muxtree optimizer on module \aimc_error_budget_governor..
  Creating internal representation of mux trees.
  Evaluating internal representation of mux trees.
  Analyzing evaluation results.
Removed 0 multiplexer ports.
<suppressed ~5 debug messages>

4.11. Executing OPT_REDUCE pass (consolidate $*mux and $reduce_* inputs).
  Optimizing cells in module \aimc_error_budget_governor.
Performed a total of 0 changes.

4.12. Executing OPT_MERGE pass (detect identical cells).
Finding identical cells in module `\aimc_error_budget_governor'.
Removed a total of 0 cells.

4.13. Executing OPT_RMDFF pass (remove dff with constant values).

4.14. Executing OPT_CLEAN pass (remove unused cells and wires).
Finding unused cells or wires in module \aimc_error_budget_governor..

4.15. Executing OPT_EXPR pass (perform const folding).
Optimizing module aimc_error_budget_governor.

4.16. Finished OPT passes. (There is nothing left to do.)

5. Executing FSM pass (extract and optimize FSM).

5.1. Executing FSM_DETECT pass (finding FSMs in design).

5.2. Executing FSM_EXTRACT pass (extracting FSM from design).

5.3. Executing FSM_OPT pass (simple optimizations of FSMs).

5.4. Executing OPT_CLEAN pass (remove unused cells and wires).
Finding unused cells or wires in module \aimc_error_budget_governor..

5.5. Executing FSM_OPT pass (simple optimizations of FSMs).

5.6. Executing FSM_RECODE pass (re-assigning FSM state encoding).

5.7. Executing FSM_INFO pass (dumping all available information on FSM cells).

5.8. Executing FSM_MAP pass (mapping FSMs to basic logic).

6. Executing OPT pass (performing simple optimizations).

6.1. Executing OPT_EXPR pass (perform const folding).
Optimizing module aimc_error_budget_governor.

6.2. Executing OPT_MERGE pass (detect identical cells).
Finding identical cells in module `\aimc_error_budget_governor'.
Removed a total of 0 cells.

6.3. Executing OPT_MUXTREE pass (detect dead branches in mux trees).
Running muxtree optimizer on module \aimc_error_budget_governor..
  Creating internal representation of mux trees.
  Evaluating internal representation of mux trees.
  Analyzing evaluation results.
Removed 0 multiplexer ports.
<suppressed ~5 debug messages>

6.4. Executing OPT_REDUCE pass (consolidate $*mux and $reduce_* inputs).
  Optimizing cells in module \aimc_error_budget_governor.
Performed a total of 0 changes.

6.5. Executing OPT_MERGE pass (detect identical cells).
Finding identical cells in module `\aimc_error_budget_governor'.
Removed a total of 0 cells.

6.6. Executing OPT_RMDFF pass (remove dff with constant values).

6.7. Executing OPT_CLEAN pass (remove unused cells and wires).
Finding unused cells or wires in module \aimc_error_budget_governor..

6.8. Executing OPT_EXPR pass (perform const folding).
Optimizing module aimc_error_budget_governor.

6.9. Finished OPT passes. (There is nothing left to do.)

7. Executing MEMORY pass.

7.1. Executing MEMORY_DFF pass (merging $dff cells to $memrd and $memwr).

7.2. Executing OPT_CLEAN pass (remove unused cells and wires).
Finding unused cells or wires in module \aimc_error_budget_governor..

7.3. Executing MEMORY_SHARE pass (consolidating $memrd/$memwr cells).

7.4. Executing OPT_CLEAN pass (remove unused cells and wires).
Finding unused cells or wires in module \aimc_error_budget_governor..

7.5. Executing MEMORY_COLLECT pass (generating $mem cells).

7.6. Executing MEMORY_MAP pass (converting $mem cells to logic and flip-flops).

8. Executing OPT pass (performing simple optimizations).

8.1. Executing OPT_EXPR pass (perform const folding).
Optimizing module aimc_error_budget_governor.

8.2. Executing OPT_MERGE pass (detect identical cells).
Finding identical cells in module `\aimc_error_budget_governor'.
Removed a total of 0 cells.

8.3. Executing OPT_MUXTREE pass (detect dead branches in mux trees).
Running muxtree optimizer on module \aimc_error_budget_governor..
  Creating internal representation of mux trees.
  Evaluating internal representation of mux trees.
  Analyzing evaluation results.
Removed 0 multiplexer ports.
<suppressed ~5 debug messages>

8.4. Executing OPT_REDUCE pass (consolidate $*mux and $reduce_* inputs).
  Optimizing cells in module \aimc_error_budget_governor.
Performed a total of 0 changes.

8.5. Executing OPT_MERGE pass (detect identical cells).
Finding identical cells in module `\aimc_error_budget_governor'.
Removed a total of 0 cells.

8.6. Executing OPT_RMDFF pass (remove dff with constant values).

8.7. Executing OPT_CLEAN pass (remove unused cells and wires).
Finding unused cells or wires in module \aimc_error_budget_governor..

8.8. Executing OPT_EXPR pass (perform const folding).
Optimizing module aimc_error_budget_governor.

8.9. Finished OPT passes. (There is nothing left to do.)

9. Executing TECHMAP pass (map to technology primitives).

9.1. Executing Verilog-2005 frontend: <techmap.v>
Parsing Verilog input from `<techmap.v>' to AST representation.
Generating RTLIL representation for module `\_90_simplemap_bool_ops'.
Generating RTLIL representation for module `\_90_simplemap_reduce_ops'.
Generating RTLIL representation for module `\_90_simplemap_logic_ops'.
Generating RTLIL representation for module `\_90_simplemap_compare_ops'.
Generating RTLIL representation for module `\_90_simplemap_various'.
Generating RTLIL representation for module `\_90_simplemap_registers'.
Generating RTLIL representation for module `\_90_shift_ops_shr_shl_sshl_sshr'.
Generating RTLIL representation for module `\_90_shift_shiftx'.
Generating RTLIL representation for module `\_90_fa'.
Generating RTLIL representation for module `\_90_lcu'.
Generating RTLIL representation for module `\_90_alu'.
Generating RTLIL representation for module `\_90_macc'.
Generating RTLIL representation for module `\_90_alumacc'.
Generating RTLIL representation for module `\$__div_mod_u'.
Generating RTLIL representation for module `\$__div_mod'.
Generating RTLIL representation for module `\_90_div'.
Generating RTLIL representation for module `\_90_mod'.
Generating RTLIL representation for module `\_90_pow'.
Generating RTLIL representation for module `\_90_pmux'.
Generating RTLIL representation for module `\_90_lut'.
Successfully finished Verilog frontend.

9.2. Continuing TECHMAP pass.
Running "alumacc" on wrapper $extern:wrap:$mul:A_SIGNED=0:A_WIDTH=9:B_SIGNED=0:B_WIDTH=9:Y_WIDTH=9:394426c56d1a028ba8fdd5469b163e04011def47.
Using template $extern:wrap:$mul:A_SIGNED=0:A_WIDTH=9:B_SIGNED=0:B_WIDTH=9:Y_WIDTH=9:394426c56d1a028ba8fdd5469b163e04011def47 for cells of type $extern:wrap:$mul:A_SIGNED=0:A_WIDTH=9:B_SIGNED=0:B_WIDTH=9:Y_WIDTH=9:394426c56d1a028ba8fdd5469b163e04011def47.
Running "alumacc" on wrapper $extern:wrap:$add:A_SIGNED=0:A_WIDTH=9:B_SIGNED=0:B_WIDTH=9:Y_WIDTH=9:394426c56d1a028ba8fdd5469b163e04011def47.
Using template $extern:wrap:$add:A_SIGNED=0:A_WIDTH=9:B_SIGNED=0:B_WIDTH=9:Y_WIDTH=9:394426c56d1a028ba8fdd5469b163e04011def47 for cells of type $extern:wrap:$add:A_SIGNED=0:A_WIDTH=9:B_SIGNED=0:B_WIDTH=9:Y_WIDTH=9:394426c56d1a028ba8fdd5469b163e04011def47.
Running "alumacc" on wrapper $extern:wrap:$add:A_SIGNED=0:A_WIDTH=10:B_SIGNED=0:B_WIDTH=10:Y_WIDTH=10:394426c56d1a028ba8fdd5469b163e04011def47.
Using template $extern:wrap:$add:A_SIGNED=0:A_WIDTH=10:B_SIGNED=0:B_WIDTH=10:Y_WIDTH=10:394426c56d1a028ba8fdd5469b163e04011def47 for cells of type $extern:wrap:$add:A_SIGNED=0:A_WIDTH=10:B_SIGNED=0:B_WIDTH=10:Y_WIDTH=10:394426c56d1a028ba8fdd5469b163e04011def47.
Using extmapper simplemap for cells of type $reduce_bool.
Using extmapper simplemap for cells of type $mux.
Using extmapper simplemap for cells of type $logic_and.
Running "alumacc" on wrapper $extern:wrap:$gt:A_SIGNED=0:A_WIDTH=8:B_SIGNED=0:B_WIDTH=8:Y_WIDTH=1:394426c56d1a028ba8fdd5469b163e04011def47.
Using template $extern:wrap:$gt:A_SIGNED=0:A_WIDTH=8:B_SIGNED=0:B_WIDTH=8:Y_WIDTH=1:394426c56d1a028ba8fdd5469b163e04011def47 for cells of type $extern:wrap:$gt:A_SIGNED=0:A_WIDTH=8:B_SIGNED=0:B_WIDTH=8:Y_WIDTH=1:394426c56d1a028ba8fdd5469b163e04011def47.
Running "alumacc" on wrapper $extern:wrap:$gt:A_SIGNED=0:A_WIDTH=4:B_SIGNED=0:B_WIDTH=4:Y_WIDTH=1:394426c56d1a028ba8fdd5469b163e04011def47.
Using template $extern:wrap:$gt:A_SIGNED=0:A_WIDTH=4:B_SIGNED=0:B_WIDTH=4:Y_WIDTH=1:394426c56d1a028ba8fdd5469b163e04011def47 for cells of type $extern:wrap:$gt:A_SIGNED=0:A_WIDTH=4:B_SIGNED=0:B_WIDTH=4:Y_WIDTH=1:394426c56d1a028ba8fdd5469b163e04011def47.
Running "alumacc" on wrapper $extern:wrap:$ge:A_SIGNED=0:A_WIDTH=8:B_SIGNED=0:B_WIDTH=8:Y_WIDTH=1:394426c56d1a028ba8fdd5469b163e04011def47.
Using template $extern:wrap:$ge:A_SIGNED=0:A_WIDTH=8:B_SIGNED=0:B_WIDTH=8:Y_WIDTH=1:394426c56d1a028ba8fdd5469b163e04011def47 for cells of type $extern:wrap:$ge:A_SIGNED=0:A_WIDTH=8:B_SIGNED=0:B_WIDTH=8:Y_WIDTH=1:394426c56d1a028ba8fdd5469b163e04011def47.
Running "alumacc" on wrapper $extern:wrap:$ge:A_SIGNED=0:A_WIDTH=4:B_SIGNED=0:B_WIDTH=4:Y_WIDTH=1:394426c56d1a028ba8fdd5469b163e04011def47.
Using template $extern:wrap:$ge:A_SIGNED=0:A_WIDTH=4:B_SIGNED=0:B_WIDTH=4:Y_WIDTH=1:394426c56d1a028ba8fdd5469b163e04011def47 for cells of type $extern:wrap:$ge:A_SIGNED=0:A_WIDTH=4:B_SIGNED=0:B_WIDTH=4:Y_WIDTH=1:394426c56d1a028ba8fdd5469b163e04011def47.
Using extmapper simplemap for cells of type $logic_or.
Using extmapper simplemap for cells of type $reduce_and.
Using extmapper simplemap for cells of type $not.
Using template $paramod\_90_alu\A_SIGNED=0\B_SIGNED=0\A_WIDTH=8\B_WIDTH=8\Y_WIDTH=8 for cells of type $alu.
Using template $paramod\_90_alu\A_SIGNED=0\B_SIGNED=0\A_WIDTH=4\B_WIDTH=4\Y_WIDTH=4 for cells of type $alu.
Using extmapper simplemap for cells of type $or.
Using template $paramod\_90_alu\A_SIGNED=0\B_SIGNED=0\A_WIDTH=9\B_WIDTH=9\Y_WIDTH=9 for cells of type $alu.
Using template $paramod\_90_alu\A_SIGNED=0\B_SIGNED=0\A_WIDTH=10\B_WIDTH=10\Y_WIDTH=10 for cells of type $alu.
Using extmapper maccmap for cells of type $macc.
  add { 5'00000 \drift_age } * 9'000000011 (9x9 bits, unsigned)
Using extmapper simplemap for cells of type $reduce_or.
Using extmapper simplemap for cells of type $and.
Using extmapper simplemap for cells of type $xor.
Using template $paramod\_90_lcu\WIDTH=8 for cells of type $lcu.
Using extmapper simplemap for cells of type $pos.
Using template $paramod\_90_lcu\WIDTH=4 for cells of type $lcu.
Using template $paramod\_90_lcu\WIDTH=9 for cells of type $lcu.
Using template $paramod\_90_lcu\WIDTH=10 for cells of type $lcu.
Using template $paramod\_90_fa\WIDTH=9 for cells of type $fa.
No more expansions possible.
<suppressed ~1115 debug messages>

10. Executing OPT pass (performing simple optimizations).

10.1. Executing OPT_EXPR pass (perform const folding).
Optimizing module aimc_error_budget_governor.
<suppressed ~819 debug messages>

10.2. Executing OPT_MERGE pass (detect identical cells).
Finding identical cells in module `\aimc_error_budget_governor'.
<suppressed ~207 debug messages>
Removed a total of 69 cells.

10.3. Executing OPT_MUXTREE pass (detect dead branches in mux trees).
Running muxtree optimizer on module \aimc_error_budget_governor..
  Creating internal representation of mux trees.
  No muxes found in this module.
Removed 0 multiplexer ports.

10.4. Executing OPT_REDUCE pass (consolidate $*mux and $reduce_* inputs).
  Optimizing cells in module \aimc_error_budget_governor.
Performed a total of 0 changes.

10.5. Executing OPT_MERGE pass (detect identical cells).
Finding identical cells in module `\aimc_error_budget_governor'.
Removed a total of 0 cells.

10.6. Executing OPT_RMDFF pass (remove dff with constant values).

10.7. Executing OPT_CLEAN pass (remove unused cells and wires).
Finding unused cells or wires in module \aimc_error_budget_governor..
Removed 104 unused cells and 574 unused wires.
<suppressed ~105 debug messages>

10.8. Executing OPT_EXPR pass (perform const folding).
Optimizing module aimc_error_budget_governor.

10.9. Rerunning OPT passes. (Maybe there is more to do..)

10.10. Executing OPT_MUXTREE pass (detect dead branches in mux trees).
Running muxtree optimizer on module \aimc_error_budget_governor..
  Creating internal representation of mux trees.
  No muxes found in this module.
Removed 0 multiplexer ports.

10.11. Executing OPT_REDUCE pass (consolidate $*mux and $reduce_* inputs).
  Optimizing cells in module \aimc_error_budget_governor.
Performed a total of 0 changes.

10.12. Executing OPT_MERGE pass (detect identical cells).
Finding identical cells in module `\aimc_error_budget_governor'.
Removed a total of 0 cells.

10.13. Executing OPT_RMDFF pass (remove dff with constant values).

10.14. Executing OPT_CLEAN pass (remove unused cells and wires).
Finding unused cells or wires in module \aimc_error_budget_governor..

10.15. Executing OPT_EXPR pass (perform const folding).
Optimizing module aimc_error_budget_governor.

10.16. Finished OPT passes. (There is nothing left to do.)

11. Printing statistics.

=== aimc_error_budget_governor ===

   Number of wires:                182
   Number of wire bits:            591
   Number of public wires:          15
   Number of public wire bits:      89
   Number of memories:               0
   Number of memory bits:            0
   Number of processes:              0
   Number of cells:                353
     $_AND_                        131
     $_MUX_                         78
     $_NOT_                         12
     $_OR_                          61
     $_XOR_                         71

