
1. Executing Verilog-2005 frontend: ../aimc-control-plane-rtl/aimc_tile_service_scheduler.v
Parsing Verilog input from `../aimc-control-plane-rtl/aimc_tile_service_scheduler.v' to AST representation.
Generating RTLIL representation for module `\aimc_tile_service_scheduler'.
Successfully finished Verilog frontend.

2. Executing HIERARCHY pass (managing design hierarchy).

2.1. Analyzing design hierarchy..
Top module:  \aimc_tile_service_scheduler

2.2. Analyzing design hierarchy..
Top module:  \aimc_tile_service_scheduler
Removed 0 unused modules.

3. Executing PROC pass (convert processes to netlists).

3.1. Executing PROC_CLEAN pass (remove empty switches from decision trees).
Cleaned up 0 empty switches.

3.2. Executing PROC_RMDEAD pass (remove dead branches from decision trees).
Marked 9 switch rules as full_case in process $proc$../aimc-control-plane-rtl/aimc_tile_service_scheduler.v:88$57 in module aimc_tile_service_scheduler.
Removed a total of 0 dead cases.

3.3. Executing PROC_INIT pass (extract init attributes).

3.4. Executing PROC_ARST pass (detect async resets in processes).

3.5. Executing PROC_MUX pass (convert decision trees to multiplexers).
Creating decoders for process `\aimc_tile_service_scheduler.$proc$../aimc-control-plane-rtl/aimc_tile_service_scheduler.v:88$57'.
     1/38: $7\reason[3:0]
     2/38: $7\selected_tile[1:0]
     3/38: $7\service_decision[1:0]
     4/38: $6\reason[3:0]
     5/38: $6\selected_tile[1:0]
     6/38: $6\service_decision[1:0]
     7/38: $5\reason[3:0]
     8/38: $5\service_decision[1:0]
     9/38: $5\selected_tile[1:0]
    10/38: $4\reason[3:0]
    11/38: $4\selected_tile[1:0]
    12/38: $4\service_decision[1:0]
    13/38: $3\reason[3:0]
    14/38: $3\selected_tile[1:0]
    15/38: $3\service_decision[1:0]
    16/38: $3$func$\tile_action$../aimc-control-plane-rtl/aimc_tile_service_scheduler.v:99$2$\tile_action[1:0]$73
    17/38: $3$func$\tile_is_busy$../aimc-control-plane-rtl/aimc_tile_service_scheduler.v:99$1$\tile_is_busy[0:0]$72
    18/38: $2\reason[3:0]
    19/38: $2\service_decision[1:0]
    20/38: $2$func$\tile_action$../aimc-control-plane-rtl/aimc_tile_service_scheduler.v:99$2$\index[1:0]$71
    21/38: $2$func$\tile_action$../aimc-control-plane-rtl/aimc_tile_service_scheduler.v:99$2$\tile_action[1:0]$70
    22/38: $2$func$\tile_is_busy$../aimc-control-plane-rtl/aimc_tile_service_scheduler.v:99$1$\index[1:0]$69
    23/38: $2$func$\tile_is_busy$../aimc-control-plane-rtl/aimc_tile_service_scheduler.v:99$1$\tile_is_busy[0:0]$68
    24/38: $2\selected_tile[1:0]
    25/38: $1\reason[3:0]
    26/38: $1\service_decision[1:0]
    27/38: $1$func$\tile_action$../aimc-control-plane-rtl/aimc_tile_service_scheduler.v:99$2$\index[1:0]$66
    28/38: $1$func$\tile_action$../aimc-control-plane-rtl/aimc_tile_service_scheduler.v:99$2$\tile_action[1:0]$65
    29/38: $1$func$\tile_is_busy$../aimc-control-plane-rtl/aimc_tile_service_scheduler.v:99$1$\index[1:0]$64
    30/38: $1$func$\tile_is_busy$../aimc-control-plane-rtl/aimc_tile_service_scheduler.v:99$1$\tile_is_busy[0:0]$63
    31/38: $1\selected_tile[1:0]
    32/38: $0$func$\tile_action$../aimc-control-plane-rtl/aimc_tile_service_scheduler.v:99$2$\index[1:0]$61
    33/38: $0$func$\tile_action$../aimc-control-plane-rtl/aimc_tile_service_scheduler.v:99$2$\tile_action[1:0]$60
    34/38: $0$func$\tile_is_busy$../aimc-control-plane-rtl/aimc_tile_service_scheduler.v:99$1$\index[1:0]$59
    35/38: $0$func$\tile_is_busy$../aimc-control-plane-rtl/aimc_tile_service_scheduler.v:99$1$\tile_is_busy[0:0]$58
    36/38: $0\reason[3:0]
    37/38: $0\selected_tile[1:0]
    38/38: $0\service_decision[1:0]

3.6. Executing PROC_DLATCH pass (convert process syncs to latches).
No latch inferred for signal `\aimc_tile_service_scheduler.\service_decision' from process `\aimc_tile_service_scheduler.$proc$../aimc-control-plane-rtl/aimc_tile_service_scheduler.v:88$57'.
No latch inferred for signal `\aimc_tile_service_scheduler.\selected_tile' from process `\aimc_tile_service_scheduler.$proc$../aimc-control-plane-rtl/aimc_tile_service_scheduler.v:88$57'.
No latch inferred for signal `\aimc_tile_service_scheduler.\reason' from process `\aimc_tile_service_scheduler.$proc$../aimc-control-plane-rtl/aimc_tile_service_scheduler.v:88$57'.
No latch inferred for signal `\aimc_tile_service_scheduler.$func$\tile_is_busy$../aimc-control-plane-rtl/aimc_tile_service_scheduler.v:99$1$\tile_is_busy' from process `\aimc_tile_service_scheduler.$proc$../aimc-control-plane-rtl/aimc_tile_service_scheduler.v:88$57'.
No latch inferred for signal `\aimc_tile_service_scheduler.$func$\tile_is_busy$../aimc-control-plane-rtl/aimc_tile_service_scheduler.v:99$1$\index' from process `\aimc_tile_service_scheduler.$proc$../aimc-control-plane-rtl/aimc_tile_service_scheduler.v:88$57'.
No latch inferred for signal `\aimc_tile_service_scheduler.$func$\tile_action$../aimc-control-plane-rtl/aimc_tile_service_scheduler.v:99$2$\tile_action' from process `\aimc_tile_service_scheduler.$proc$../aimc-control-plane-rtl/aimc_tile_service_scheduler.v:88$57'.
No latch inferred for signal `\aimc_tile_service_scheduler.$func$\tile_action$../aimc-control-plane-rtl/aimc_tile_service_scheduler.v:99$2$\index' from process `\aimc_tile_service_scheduler.$proc$../aimc-control-plane-rtl/aimc_tile_service_scheduler.v:88$57'.

3.7. Executing PROC_DFF pass (convert process syncs to FFs).

3.8. Executing PROC_CLEAN pass (remove empty switches from decision trees).
Found and cleaned up 9 empty switches in `\aimc_tile_service_scheduler.$proc$../aimc-control-plane-rtl/aimc_tile_service_scheduler.v:88$57'.
Removing empty process `aimc_tile_service_scheduler.$proc$../aimc-control-plane-rtl/aimc_tile_service_scheduler.v:88$57'.
Cleaned up 9 empty switches.

4. Executing OPT pass (performing simple optimizations).

4.1. Executing OPT_EXPR pass (perform const folding).
Optimizing module aimc_tile_service_scheduler.
<suppressed ~76 debug messages>

4.2. Executing OPT_MERGE pass (detect identical cells).
Finding identical cells in module `\aimc_tile_service_scheduler'.
<suppressed ~33 debug messages>
Removed a total of 11 cells.

4.3. Executing OPT_MUXTREE pass (detect dead branches in mux trees).
Running muxtree optimizer on module \aimc_tile_service_scheduler..
  Creating internal representation of mux trees.
  Evaluating internal representation of mux trees.
  Analyzing evaluation results.
    dead port 1/2 on $mux $procmux$353.
    dead port 2/2 on $mux $procmux$353.
    dead port 1/2 on $mux $procmux$350.
    dead port 2/2 on $mux $procmux$350.
    dead port 1/2 on $mux $procmux$347.
    dead port 2/2 on $mux $procmux$347.
    dead port 1/2 on $mux $procmux$344.
    dead port 2/2 on $mux $procmux$344.
    dead port 1/2 on $mux $procmux$341.
    dead port 2/2 on $mux $procmux$341.
    dead port 1/2 on $mux $procmux$338.
    dead port 2/2 on $mux $procmux$338.
    dead port 2/2 on $mux $procmux$335.
    dead port 2/2 on $mux $procmux$329.
    dead port 1/2 on $mux $procmux$383.
    dead port 2/2 on $mux $procmux$383.
    dead port 1/2 on $mux $procmux$380.
    dead port 2/2 on $mux $procmux$380.
    dead port 2/2 on $mux $procmux$301.
    dead port 2/2 on $mux $procmux$298.
    dead port 2/2 on $mux $procmux$292.
    dead port 2/2 on $mux $procmux$289.
    dead port 2/2 on $mux $procmux$283.
    dead port 2/2 on $mux $procmux$280.
    dead port 2/2 on $mux $procmux$274.
    dead port 2/2 on $mux $procmux$271.
    dead port 1/2 on $mux $procmux$268.
    dead port 2/2 on $mux $procmux$262.
    dead port 2/2 on $mux $procmux$259.
    dead port 1/2 on $mux $procmux$256.
    dead port 2/2 on $mux $procmux$250.
    dead port 2/2 on $mux $procmux$247.
    dead port 1/2 on $mux $procmux$244.
    dead port 2/2 on $mux $procmux$238.
    dead port 2/2 on $mux $procmux$235.
    dead port 1/2 on $mux $procmux$232.
    dead port 1/2 on $mux $procmux$229.
    dead port 2/2 on $mux $procmux$223.
    dead port 2/2 on $mux $procmux$220.
    dead port 1/2 on $mux $procmux$217.
    dead port 1/2 on $mux $procmux$214.
    dead port 2/2 on $mux $procmux$208.
    dead port 2/2 on $mux $procmux$205.
    dead port 1/2 on $mux $procmux$202.
    dead port 1/2 on $mux $procmux$199.
    dead port 2/2 on $mux $procmux$193.
    dead port 2/2 on $mux $procmux$190.
    dead port 1/2 on $mux $procmux$187.
    dead port 1/2 on $mux $procmux$184.
    dead port 1/2 on $mux $procmux$181.
    dead port 2/2 on $mux $procmux$175.
    dead port 2/2 on $mux $procmux$172.
    dead port 1/2 on $mux $procmux$169.
    dead port 1/2 on $mux $procmux$166.
    dead port 1/2 on $mux $procmux$163.
    dead port 2/2 on $mux $procmux$157.
    dead port 2/2 on $mux $procmux$154.
    dead port 1/2 on $mux $procmux$151.
    dead port 1/2 on $mux $procmux$148.
    dead port 1/2 on $mux $procmux$145.
    dead port 2/2 on $mux $procmux$139.
    dead port 2/2 on $mux $procmux$136.
    dead port 1/2 on $mux $procmux$133.
    dead port 1/2 on $mux $procmux$130.
    dead port 1/2 on $mux $procmux$127.
    dead port 1/2 on $mux $procmux$124.
    dead port 2/2 on $mux $procmux$118.
    dead port 2/2 on $mux $procmux$115.
    dead port 1/2 on $mux $procmux$112.
    dead port 1/2 on $mux $procmux$109.
    dead port 1/2 on $mux $procmux$106.
    dead port 1/2 on $mux $procmux$103.
    dead port 2/2 on $mux $procmux$97.
    dead port 2/2 on $mux $procmux$94.
    dead port 1/2 on $mux $procmux$91.
    dead port 1/2 on $mux $procmux$88.
    dead port 1/2 on $mux $procmux$85.
    dead port 1/2 on $mux $procmux$82.
    dead port 1/2 on $mux $procmux$377.
    dead port 2/2 on $mux $procmux$377.
    dead port 1/2 on $mux $procmux$374.
    dead port 2/2 on $mux $procmux$374.
    dead port 2/2 on $mux $procmux$365.
    dead port 1/2 on $mux $procmux$359.
    dead port 2/2 on $mux $procmux$359.
    dead port 1/2 on $mux $procmux$356.
    dead port 2/2 on $mux $procmux$356.
Removed 87 multiplexer ports.
<suppressed ~5 debug messages>

4.4. Executing OPT_REDUCE pass (consolidate $*mux and $reduce_* inputs).
  Optimizing cells in module \aimc_tile_service_scheduler.
Performed a total of 0 changes.

4.5. Executing OPT_MERGE pass (detect identical cells).
Finding identical cells in module `\aimc_tile_service_scheduler'.
Removed a total of 0 cells.

4.6. Executing OPT_RMDFF pass (remove dff with constant values).

4.7. Executing OPT_CLEAN pass (remove unused cells and wires).
Finding unused cells or wires in module \aimc_tile_service_scheduler..
Removed 2 unused cells and 251 unused wires.
<suppressed ~3 debug messages>

4.8. Executing OPT_EXPR pass (perform const folding).
Optimizing module aimc_tile_service_scheduler.

4.9. Rerunning OPT passes. (Maybe there is more to do..)

4.10. Executing OPT_MUXTREE pass (detect dead branches in mux trees).
Running muxtree optimizer on module \aimc_tile_service_scheduler..
  Creating internal representation of mux trees.
  Evaluating internal representation of mux trees.
  Analyzing evaluation results.
Removed 0 multiplexer ports.
<suppressed ~5 debug messages>

4.11. Executing OPT_REDUCE pass (consolidate $*mux and $reduce_* inputs).
  Optimizing cells in module \aimc_tile_service_scheduler.
Performed a total of 0 changes.

4.12. Executing OPT_MERGE pass (detect identical cells).
Finding identical cells in module `\aimc_tile_service_scheduler'.
Removed a total of 0 cells.

4.13. Executing OPT_RMDFF pass (remove dff with constant values).

4.14. Executing OPT_CLEAN pass (remove unused cells and wires).
Finding unused cells or wires in module \aimc_tile_service_scheduler..

4.15. Executing OPT_EXPR pass (perform const folding).
Optimizing module aimc_tile_service_scheduler.

4.16. Finished OPT passes. (There is nothing left to do.)

5. Executing FSM pass (extract and optimize FSM).

5.1. Executing FSM_DETECT pass (finding FSMs in design).

5.2. Executing FSM_EXTRACT pass (extracting FSM from design).

5.3. Executing FSM_OPT pass (simple optimizations of FSMs).

5.4. Executing OPT_CLEAN pass (remove unused cells and wires).
Finding unused cells or wires in module \aimc_tile_service_scheduler..

5.5. Executing FSM_OPT pass (simple optimizations of FSMs).

5.6. Executing FSM_RECODE pass (re-assigning FSM state encoding).

5.7. Executing FSM_INFO pass (dumping all available information on FSM cells).

5.8. Executing FSM_MAP pass (mapping FSMs to basic logic).

6. Executing OPT pass (performing simple optimizations).

6.1. Executing OPT_EXPR pass (perform const folding).
Optimizing module aimc_tile_service_scheduler.

6.2. Executing OPT_MERGE pass (detect identical cells).
Finding identical cells in module `\aimc_tile_service_scheduler'.
Removed a total of 0 cells.

6.3. Executing OPT_MUXTREE pass (detect dead branches in mux trees).
Running muxtree optimizer on module \aimc_tile_service_scheduler..
  Creating internal representation of mux trees.
  Evaluating internal representation of mux trees.
  Analyzing evaluation results.
Removed 0 multiplexer ports.
<suppressed ~5 debug messages>

6.4. Executing OPT_REDUCE pass (consolidate $*mux and $reduce_* inputs).
  Optimizing cells in module \aimc_tile_service_scheduler.
Performed a total of 0 changes.

6.5. Executing OPT_MERGE pass (detect identical cells).
Finding identical cells in module `\aimc_tile_service_scheduler'.
Removed a total of 0 cells.

6.6. Executing OPT_RMDFF pass (remove dff with constant values).

6.7. Executing OPT_CLEAN pass (remove unused cells and wires).
Finding unused cells or wires in module \aimc_tile_service_scheduler..

6.8. Executing OPT_EXPR pass (perform const folding).
Optimizing module aimc_tile_service_scheduler.

6.9. Finished OPT passes. (There is nothing left to do.)

7. Executing MEMORY pass.

7.1. Executing MEMORY_DFF pass (merging $dff cells to $memrd and $memwr).

7.2. Executing OPT_CLEAN pass (remove unused cells and wires).
Finding unused cells or wires in module \aimc_tile_service_scheduler..

7.3. Executing MEMORY_SHARE pass (consolidating $memrd/$memwr cells).

7.4. Executing OPT_CLEAN pass (remove unused cells and wires).
Finding unused cells or wires in module \aimc_tile_service_scheduler..

7.5. Executing MEMORY_COLLECT pass (generating $mem cells).

7.6. Executing MEMORY_MAP pass (converting $mem cells to logic and flip-flops).

8. Executing OPT pass (performing simple optimizations).

8.1. Executing OPT_EXPR pass (perform const folding).
Optimizing module aimc_tile_service_scheduler.

8.2. Executing OPT_MERGE pass (detect identical cells).
Finding identical cells in module `\aimc_tile_service_scheduler'.
Removed a total of 0 cells.

8.3. Executing OPT_MUXTREE pass (detect dead branches in mux trees).
Running muxtree optimizer on module \aimc_tile_service_scheduler..
  Creating internal representation of mux trees.
  Evaluating internal representation of mux trees.
  Analyzing evaluation results.
Removed 0 multiplexer ports.
<suppressed ~5 debug messages>

8.4. Executing OPT_REDUCE pass (consolidate $*mux and $reduce_* inputs).
  Optimizing cells in module \aimc_tile_service_scheduler.
Performed a total of 0 changes.

8.5. Executing OPT_MERGE pass (detect identical cells).
Finding identical cells in module `\aimc_tile_service_scheduler'.
Removed a total of 0 cells.

8.6. Executing OPT_RMDFF pass (remove dff with constant values).

8.7. Executing OPT_CLEAN pass (remove unused cells and wires).
Finding unused cells or wires in module \aimc_tile_service_scheduler..

8.8. Executing OPT_EXPR pass (perform const folding).
Optimizing module aimc_tile_service_scheduler.

8.9. Finished OPT passes. (There is nothing left to do.)

9. Executing TECHMAP pass (map to technology primitives).

9.1. Executing Verilog-2005 frontend: <techmap.v>
Parsing Verilog input from `<techmap.v>' to AST representation.
Generating RTLIL representation for module `\_90_simplemap_bool_ops'.
Generating RTLIL representation for module `\_90_simplemap_reduce_ops'.
Generating RTLIL representation for module `\_90_simplemap_logic_ops'.
Generating RTLIL representation for module `\_90_simplemap_compare_ops'.
Generating RTLIL representation for module `\_90_simplemap_various'.
Generating RTLIL representation for module `\_90_simplemap_registers'.
Generating RTLIL representation for module `\_90_shift_ops_shr_shl_sshl_sshr'.
Generating RTLIL representation for module `\_90_shift_shiftx'.
Generating RTLIL representation for module `\_90_fa'.
Generating RTLIL representation for module `\_90_lcu'.
Generating RTLIL representation for module `\_90_alu'.
Generating RTLIL representation for module `\_90_macc'.
Generating RTLIL representation for module `\_90_alumacc'.
Generating RTLIL representation for module `\$__div_mod_u'.
Generating RTLIL representation for module `\$__div_mod'.
Generating RTLIL representation for module `\_90_div'.
Generating RTLIL representation for module `\_90_mod'.
Generating RTLIL representation for module `\_90_pow'.
Generating RTLIL representation for module `\_90_pmux'.
Generating RTLIL representation for module `\_90_lut'.
Successfully finished Verilog frontend.

9.2. Continuing TECHMAP pass.
Using extmapper simplemap for cells of type $logic_not.
Using extmapper simplemap for cells of type $logic_and.
Using extmapper simplemap for cells of type $eq.
Using extmapper simplemap for cells of type $not.
Using extmapper simplemap for cells of type $logic_or.
Using extmapper simplemap for cells of type $mux.
Using template $paramod\_90_pmux\WIDTH=2\S_WIDTH=3 for cells of type $pmux.
Using template $paramod\_90_pmux\WIDTH=1\S_WIDTH=3 for cells of type $pmux.
Using extmapper simplemap for cells of type $reduce_or.
Using extmapper simplemap for cells of type $and.
No more expansions possible.
<suppressed ~115 debug messages>

10. Executing OPT pass (performing simple optimizations).

10.1. Executing OPT_EXPR pass (perform const folding).
Optimizing module aimc_tile_service_scheduler.
<suppressed ~30 debug messages>

10.2. Executing OPT_MERGE pass (detect identical cells).
Finding identical cells in module `\aimc_tile_service_scheduler'.
<suppressed ~18 debug messages>
Removed a total of 6 cells.

10.3. Executing OPT_MUXTREE pass (detect dead branches in mux trees).
Running muxtree optimizer on module \aimc_tile_service_scheduler..
  Creating internal representation of mux trees.
  No muxes found in this module.
Removed 0 multiplexer ports.

10.4. Executing OPT_REDUCE pass (consolidate $*mux and $reduce_* inputs).
  Optimizing cells in module \aimc_tile_service_scheduler.
Performed a total of 0 changes.

10.5. Executing OPT_MERGE pass (detect identical cells).
Finding identical cells in module `\aimc_tile_service_scheduler'.
Removed a total of 0 cells.

10.6. Executing OPT_RMDFF pass (remove dff with constant values).

10.7. Executing OPT_CLEAN pass (remove unused cells and wires).
Finding unused cells or wires in module \aimc_tile_service_scheduler..
Removed 1 unused cells and 41 unused wires.
<suppressed ~2 debug messages>

10.8. Executing OPT_EXPR pass (perform const folding).
Optimizing module aimc_tile_service_scheduler.

10.9. Rerunning OPT passes. (Maybe there is more to do..)

10.10. Executing OPT_MUXTREE pass (detect dead branches in mux trees).
Running muxtree optimizer on module \aimc_tile_service_scheduler..
  Creating internal representation of mux trees.
  No muxes found in this module.
Removed 0 multiplexer ports.

10.11. Executing OPT_REDUCE pass (consolidate $*mux and $reduce_* inputs).
  Optimizing cells in module \aimc_tile_service_scheduler.
Performed a total of 0 changes.

10.12. Executing OPT_MERGE pass (detect identical cells).
Finding identical cells in module `\aimc_tile_service_scheduler'.
Removed a total of 0 cells.

10.13. Executing OPT_RMDFF pass (remove dff with constant values).

10.14. Executing OPT_CLEAN pass (remove unused cells and wires).
Finding unused cells or wires in module \aimc_tile_service_scheduler..

10.15. Executing OPT_EXPR pass (perform const folding).
Optimizing module aimc_tile_service_scheduler.

10.16. Finished OPT passes. (There is nothing left to do.)

11. Printing statistics.

=== aimc_tile_service_scheduler ===

   Number of wires:                124
   Number of wire bits:            204
   Number of public wires:          31
   Number of public wire bits:      55
   Number of memories:               0
   Number of memory bits:            0
   Number of processes:              0
   Number of cells:                154
     $_AND_                         22
     $_MUX_                         58
     $_NOT_                         30
     $_OR_                          34
     $_XOR_                         10

