
1. Executing Verilog-2005 frontend: ../aimc-control-plane-rtl/aimc_tile_readout.v
Parsing Verilog input from `../aimc-control-plane-rtl/aimc_tile_readout.v' to AST representation.
Generating RTLIL representation for module `\aimc_tile_readout'.
Successfully finished Verilog frontend.

2. Executing HIERARCHY pass (managing design hierarchy).

2.1. Analyzing design hierarchy..
Top module:  \aimc_tile_readout

2.2. Analyzing design hierarchy..
Top module:  \aimc_tile_readout
Removed 0 unused modules.

3. Executing PROC pass (convert processes to netlists).

3.1. Executing PROC_CLEAN pass (remove empty switches from decision trees).
Cleaned up 0 empty switches.

3.2. Executing PROC_RMDEAD pass (remove dead branches from decision trees).
Marked 6 switch rules as full_case in process $proc$../aimc-control-plane-rtl/aimc_tile_readout.v:37$14 in module aimc_tile_readout.
Removed a total of 0 dead cases.

3.3. Executing PROC_INIT pass (extract init attributes).

3.4. Executing PROC_ARST pass (detect async resets in processes).
Found async reset \rst_n in `\aimc_tile_readout.$proc$../aimc-control-plane-rtl/aimc_tile_readout.v:37$14'.

3.5. Executing PROC_MUX pass (convert decision trees to multiplexers).
Creating decoders for process `\aimc_tile_readout.$proc$../aimc-control-plane-rtl/aimc_tile_readout.v:37$14'.
     1/4: $0\reason[3:0]
     2/4: $0\fallback[0:0]
     3/4: $0\output_valid[0:0]
     4/4: $0\corrected_value[15:0]

3.6. Executing PROC_DLATCH pass (convert process syncs to latches).

3.7. Executing PROC_DFF pass (convert process syncs to FFs).
Creating register for signal `\aimc_tile_readout.\corrected_value' using process `\aimc_tile_readout.$proc$../aimc-control-plane-rtl/aimc_tile_readout.v:37$14'.
  created $adff cell `$procdff$47' with positive edge clock and negative level reset.
Creating register for signal `\aimc_tile_readout.\output_valid' using process `\aimc_tile_readout.$proc$../aimc-control-plane-rtl/aimc_tile_readout.v:37$14'.
  created $adff cell `$procdff$48' with positive edge clock and negative level reset.
Creating register for signal `\aimc_tile_readout.\fallback' using process `\aimc_tile_readout.$proc$../aimc-control-plane-rtl/aimc_tile_readout.v:37$14'.
  created $adff cell `$procdff$49' with positive edge clock and negative level reset.
Creating register for signal `\aimc_tile_readout.\reason' using process `\aimc_tile_readout.$proc$../aimc-control-plane-rtl/aimc_tile_readout.v:37$14'.
  created $adff cell `$procdff$50' with positive edge clock and negative level reset.

3.8. Executing PROC_CLEAN pass (remove empty switches from decision trees).
Found and cleaned up 6 empty switches in `\aimc_tile_readout.$proc$../aimc-control-plane-rtl/aimc_tile_readout.v:37$14'.
Removing empty process `aimc_tile_readout.$proc$../aimc-control-plane-rtl/aimc_tile_readout.v:37$14'.
Cleaned up 6 empty switches.

4. Executing OPT pass (performing simple optimizations).

4.1. Executing OPT_EXPR pass (perform const folding).
Optimizing module aimc_tile_readout.
<suppressed ~2 debug messages>

4.2. Executing OPT_MERGE pass (detect identical cells).
Finding identical cells in module `\aimc_tile_readout'.
<suppressed ~3 debug messages>
Removed a total of 1 cells.

4.3. Executing OPT_MUXTREE pass (detect dead branches in mux trees).
Running muxtree optimizer on module \aimc_tile_readout..
  Creating internal representation of mux trees.
  Evaluating internal representation of mux trees.
  Analyzing evaluation results.
Removed 0 multiplexer ports.
<suppressed ~4 debug messages>

4.4. Executing OPT_REDUCE pass (consolidate $*mux and $reduce_* inputs).
  Optimizing cells in module \aimc_tile_readout.
Performed a total of 0 changes.

4.5. Executing OPT_MERGE pass (detect identical cells).
Finding identical cells in module `\aimc_tile_readout'.
Removed a total of 0 cells.

4.6. Executing OPT_RMDFF pass (remove dff with constant values).

4.7. Executing OPT_CLEAN pass (remove unused cells and wires).
Finding unused cells or wires in module \aimc_tile_readout..
Removed 1 unused cells and 26 unused wires.
<suppressed ~2 debug messages>

4.8. Executing OPT_EXPR pass (perform const folding).
Optimizing module aimc_tile_readout.

4.9. Rerunning OPT passes. (Maybe there is more to do..)

4.10. Executing OPT_MUXTREE pass (detect dead branches in mux trees).
Running muxtree optimizer on module \aimc_tile_readout..
  Creating internal representation of mux trees.
  Evaluating internal representation of mux trees.
  Analyzing evaluation results.
Removed 0 multiplexer ports.
<suppressed ~4 debug messages>

4.11. Executing OPT_REDUCE pass (consolidate $*mux and $reduce_* inputs).
  Optimizing cells in module \aimc_tile_readout.
Performed a total of 0 changes.

4.12. Executing OPT_MERGE pass (detect identical cells).
Finding identical cells in module `\aimc_tile_readout'.
Removed a total of 0 cells.

4.13. Executing OPT_RMDFF pass (remove dff with constant values).

4.14. Executing OPT_CLEAN pass (remove unused cells and wires).
Finding unused cells or wires in module \aimc_tile_readout..

4.15. Executing OPT_EXPR pass (perform const folding).
Optimizing module aimc_tile_readout.

4.16. Finished OPT passes. (There is nothing left to do.)

5. Executing FSM pass (extract and optimize FSM).

5.1. Executing FSM_DETECT pass (finding FSMs in design).
Not marking aimc_tile_readout.reason as FSM state register:
    Register is connected to module port.
    Users of register don't seem to benefit from recoding.

5.2. Executing FSM_EXTRACT pass (extracting FSM from design).

5.3. Executing FSM_OPT pass (simple optimizations of FSMs).

5.4. Executing OPT_CLEAN pass (remove unused cells and wires).
Finding unused cells or wires in module \aimc_tile_readout..

5.5. Executing FSM_OPT pass (simple optimizations of FSMs).

5.6. Executing FSM_RECODE pass (re-assigning FSM state encoding).

5.7. Executing FSM_INFO pass (dumping all available information on FSM cells).

5.8. Executing FSM_MAP pass (mapping FSMs to basic logic).

6. Executing OPT pass (performing simple optimizations).

6.1. Executing OPT_EXPR pass (perform const folding).
Optimizing module aimc_tile_readout.

6.2. Executing OPT_MERGE pass (detect identical cells).
Finding identical cells in module `\aimc_tile_readout'.
Removed a total of 0 cells.

6.3. Executing OPT_MUXTREE pass (detect dead branches in mux trees).
Running muxtree optimizer on module \aimc_tile_readout..
  Creating internal representation of mux trees.
  Evaluating internal representation of mux trees.
  Analyzing evaluation results.
Removed 0 multiplexer ports.
<suppressed ~4 debug messages>

6.4. Executing OPT_REDUCE pass (consolidate $*mux and $reduce_* inputs).
  Optimizing cells in module \aimc_tile_readout.
Performed a total of 0 changes.

6.5. Executing OPT_MERGE pass (detect identical cells).
Finding identical cells in module `\aimc_tile_readout'.
Removed a total of 0 cells.

6.6. Executing OPT_RMDFF pass (remove dff with constant values).

6.7. Executing OPT_CLEAN pass (remove unused cells and wires).
Finding unused cells or wires in module \aimc_tile_readout..

6.8. Executing OPT_EXPR pass (perform const folding).
Optimizing module aimc_tile_readout.

6.9. Finished OPT passes. (There is nothing left to do.)

7. Executing MEMORY pass.

7.1. Executing MEMORY_DFF pass (merging $dff cells to $memrd and $memwr).

7.2. Executing OPT_CLEAN pass (remove unused cells and wires).
Finding unused cells or wires in module \aimc_tile_readout..

7.3. Executing MEMORY_SHARE pass (consolidating $memrd/$memwr cells).

7.4. Executing OPT_CLEAN pass (remove unused cells and wires).
Finding unused cells or wires in module \aimc_tile_readout..

7.5. Executing MEMORY_COLLECT pass (generating $mem cells).

7.6. Executing MEMORY_MAP pass (converting $mem cells to logic and flip-flops).

8. Executing OPT pass (performing simple optimizations).

8.1. Executing OPT_EXPR pass (perform const folding).
Optimizing module aimc_tile_readout.

8.2. Executing OPT_MERGE pass (detect identical cells).
Finding identical cells in module `\aimc_tile_readout'.
Removed a total of 0 cells.

8.3. Executing OPT_MUXTREE pass (detect dead branches in mux trees).
Running muxtree optimizer on module \aimc_tile_readout..
  Creating internal representation of mux trees.
  Evaluating internal representation of mux trees.
  Analyzing evaluation results.
Removed 0 multiplexer ports.
<suppressed ~4 debug messages>

8.4. Executing OPT_REDUCE pass (consolidate $*mux and $reduce_* inputs).
  Optimizing cells in module \aimc_tile_readout.
Performed a total of 0 changes.

8.5. Executing OPT_MERGE pass (detect identical cells).
Finding identical cells in module `\aimc_tile_readout'.
Removed a total of 0 cells.

8.6. Executing OPT_RMDFF pass (remove dff with constant values).

8.7. Executing OPT_CLEAN pass (remove unused cells and wires).
Finding unused cells or wires in module \aimc_tile_readout..

8.8. Executing OPT_EXPR pass (perform const folding).
Optimizing module aimc_tile_readout.

8.9. Finished OPT passes. (There is nothing left to do.)

9. Executing TECHMAP pass (map to technology primitives).

9.1. Executing Verilog-2005 frontend: <techmap.v>
Parsing Verilog input from `<techmap.v>' to AST representation.
Generating RTLIL representation for module `\_90_simplemap_bool_ops'.
Generating RTLIL representation for module `\_90_simplemap_reduce_ops'.
Generating RTLIL representation for module `\_90_simplemap_logic_ops'.
Generating RTLIL representation for module `\_90_simplemap_compare_ops'.
Generating RTLIL representation for module `\_90_simplemap_various'.
Generating RTLIL representation for module `\_90_simplemap_registers'.
Generating RTLIL representation for module `\_90_shift_ops_shr_shl_sshl_sshr'.
Generating RTLIL representation for module `\_90_shift_shiftx'.
Generating RTLIL representation for module `\_90_fa'.
Generating RTLIL representation for module `\_90_lcu'.
Generating RTLIL representation for module `\_90_alu'.
Generating RTLIL representation for module `\_90_macc'.
Generating RTLIL representation for module `\_90_alumacc'.
Generating RTLIL representation for module `\$__div_mod_u'.
Generating RTLIL representation for module `\$__div_mod'.
Generating RTLIL representation for module `\_90_div'.
Generating RTLIL representation for module `\_90_mod'.
Generating RTLIL representation for module `\_90_pow'.
Generating RTLIL representation for module `\_90_pmux'.
Generating RTLIL representation for module `\_90_lut'.
Successfully finished Verilog frontend.

9.2. Continuing TECHMAP pass.
Running "alumacc" on wrapper $extern:wrap:$sub:A_SIGNED=0:A_WIDTH=16:B_SIGNED=0:B_WIDTH=16:Y_WIDTH=16:394426c56d1a028ba8fdd5469b163e04011def47.
Using template $extern:wrap:$sub:A_SIGNED=0:A_WIDTH=16:B_SIGNED=0:B_WIDTH=16:Y_WIDTH=16:394426c56d1a028ba8fdd5469b163e04011def47 for cells of type $extern:wrap:$sub:A_SIGNED=0:A_WIDTH=16:B_SIGNED=0:B_WIDTH=16:Y_WIDTH=16:394426c56d1a028ba8fdd5469b163e04011def47.
Running "alumacc" on wrapper $extern:wrap:$mul:A_SIGNED=1:A_WIDTH=16:B_SIGNED=1:B_WIDTH=9:Y_WIDTH=26:394426c56d1a028ba8fdd5469b163e04011def47.
Using template $extern:wrap:$mul:A_SIGNED=1:A_WIDTH=16:B_SIGNED=1:B_WIDTH=9:Y_WIDTH=26:394426c56d1a028ba8fdd5469b163e04011def47 for cells of type $extern:wrap:$mul:A_SIGNED=1:A_WIDTH=16:B_SIGNED=1:B_WIDTH=9:Y_WIDTH=26:394426c56d1a028ba8fdd5469b163e04011def47.
Running "alumacc" on wrapper $extern:wrap:$add:A_SIGNED=0:A_WIDTH=26:B_SIGNED=0:B_WIDTH=26:Y_WIDTH=26:394426c56d1a028ba8fdd5469b163e04011def47.
Using template $extern:wrap:$add:A_SIGNED=0:A_WIDTH=26:B_SIGNED=0:B_WIDTH=26:Y_WIDTH=26:394426c56d1a028ba8fdd5469b163e04011def47 for cells of type $extern:wrap:$add:A_SIGNED=0:A_WIDTH=26:B_SIGNED=0:B_WIDTH=26:Y_WIDTH=26:394426c56d1a028ba8fdd5469b163e04011def47.
Running "alumacc" on wrapper $extern:wrap:$gt:A_SIGNED=1:A_WIDTH=26:B_SIGNED=1:B_WIDTH=26:Y_WIDTH=1:394426c56d1a028ba8fdd5469b163e04011def47.
Using template $extern:wrap:$gt:A_SIGNED=1:A_WIDTH=26:B_SIGNED=1:B_WIDTH=26:Y_WIDTH=1:394426c56d1a028ba8fdd5469b163e04011def47 for cells of type $extern:wrap:$gt:A_SIGNED=1:A_WIDTH=26:B_SIGNED=1:B_WIDTH=26:Y_WIDTH=1:394426c56d1a028ba8fdd5469b163e04011def47.
Running "alumacc" on wrapper $extern:wrap:$lt:A_SIGNED=1:A_WIDTH=26:B_SIGNED=1:B_WIDTH=26:Y_WIDTH=1:394426c56d1a028ba8fdd5469b163e04011def47.
Using template $extern:wrap:$lt:A_SIGNED=1:A_WIDTH=26:B_SIGNED=1:B_WIDTH=26:Y_WIDTH=1:394426c56d1a028ba8fdd5469b163e04011def47 for cells of type $extern:wrap:$lt:A_SIGNED=1:A_WIDTH=26:B_SIGNED=1:B_WIDTH=26:Y_WIDTH=1:394426c56d1a028ba8fdd5469b163e04011def47.
Running "alumacc" on wrapper $extern:wrap:$gt:A_SIGNED=0:A_WIDTH=10:B_SIGNED=0:B_WIDTH=10:Y_WIDTH=1:394426c56d1a028ba8fdd5469b163e04011def47.
Using template $extern:wrap:$gt:A_SIGNED=0:A_WIDTH=10:B_SIGNED=0:B_WIDTH=10:Y_WIDTH=1:394426c56d1a028ba8fdd5469b163e04011def47 for cells of type $extern:wrap:$gt:A_SIGNED=0:A_WIDTH=10:B_SIGNED=0:B_WIDTH=10:Y_WIDTH=1:394426c56d1a028ba8fdd5469b163e04011def47.
Running "alumacc" on wrapper $extern:wrap:$ge:A_SIGNED=0:A_WIDTH=16:B_SIGNED=0:B_WIDTH=16:Y_WIDTH=1:394426c56d1a028ba8fdd5469b163e04011def47.
Using template $extern:wrap:$ge:A_SIGNED=0:A_WIDTH=16:B_SIGNED=0:B_WIDTH=16:Y_WIDTH=1:394426c56d1a028ba8fdd5469b163e04011def47 for cells of type $extern:wrap:$ge:A_SIGNED=0:A_WIDTH=16:B_SIGNED=0:B_WIDTH=16:Y_WIDTH=1:394426c56d1a028ba8fdd5469b163e04011def47.
Using extmapper simplemap for cells of type $logic_or.
Using extmapper simplemap for cells of type $mux.
Using extmapper simplemap for cells of type $logic_not.
Using extmapper simplemap for cells of type $adff.
Using template $paramod\_90_alu\A_SIGNED=0\B_SIGNED=0\A_WIDTH=16\B_WIDTH=16\Y_WIDTH=16 for cells of type $alu.
Using extmapper maccmap for cells of type $macc.
  add \centered_adc * \gain_q6 (16x9 bits, signed)
Using template $paramod\_90_alu\A_SIGNED=0\B_SIGNED=0\A_WIDTH=26\B_WIDTH=26\Y_WIDTH=26 for cells of type $alu.
Using template $paramod\_90_alu\A_SIGNED=1\B_SIGNED=1\A_WIDTH=26\B_WIDTH=26\Y_WIDTH=26 for cells of type $alu.
Using extmapper simplemap for cells of type $or.
Using extmapper simplemap for cells of type $xor.
Using extmapper simplemap for cells of type $reduce_and.
Using extmapper simplemap for cells of type $not.
Using template $paramod\_90_alu\A_SIGNED=0\B_SIGNED=0\A_WIDTH=10\B_WIDTH=10\Y_WIDTH=10 for cells of type $alu.
Using extmapper simplemap for cells of type $reduce_or.
Using extmapper simplemap for cells of type $and.
Using template $paramod\_90_lcu\WIDTH=16 for cells of type $lcu.
Using extmapper simplemap for cells of type $pos.
Using template $paramod\_90_fa\WIDTH=26 for cells of type $fa.
Using template $paramod\_90_lcu\WIDTH=26 for cells of type $lcu.
Using template $paramod\_90_lcu\WIDTH=10 for cells of type $lcu.
No more expansions possible.
<suppressed ~1349 debug messages>

10. Executing OPT pass (performing simple optimizations).

10.1. Executing OPT_EXPR pass (perform const folding).
Optimizing module aimc_tile_readout.
<suppressed ~768 debug messages>

10.2. Executing OPT_MERGE pass (detect identical cells).
Finding identical cells in module `\aimc_tile_readout'.
<suppressed ~753 debug messages>
Removed a total of 251 cells.

10.3. Executing OPT_MUXTREE pass (detect dead branches in mux trees).
Running muxtree optimizer on module \aimc_tile_readout..
  Creating internal representation of mux trees.
  No muxes found in this module.
Removed 0 multiplexer ports.

10.4. Executing OPT_REDUCE pass (consolidate $*mux and $reduce_* inputs).
  Optimizing cells in module \aimc_tile_readout.
Performed a total of 0 changes.

10.5. Executing OPT_MERGE pass (detect identical cells).
Finding identical cells in module `\aimc_tile_readout'.
Removed a total of 0 cells.

10.6. Executing OPT_RMDFF pass (remove dff with constant values).
Removing $auto$simplemap.cc:496:simplemap_adff$251 ($_DFF_PN0_) from module aimc_tile_readout.
Replaced 1 DFF cells.

10.7. Executing OPT_CLEAN pass (remove unused cells and wires).
Finding unused cells or wires in module \aimc_tile_readout..
Removed 224 unused cells and 460 unused wires.
<suppressed ~225 debug messages>

10.8. Executing OPT_EXPR pass (perform const folding).
Optimizing module aimc_tile_readout.
<suppressed ~3 debug messages>

10.9. Rerunning OPT passes. (Maybe there is more to do..)

10.10. Executing OPT_MUXTREE pass (detect dead branches in mux trees).
Running muxtree optimizer on module \aimc_tile_readout..
  Creating internal representation of mux trees.
  No muxes found in this module.
Removed 0 multiplexer ports.

10.11. Executing OPT_REDUCE pass (consolidate $*mux and $reduce_* inputs).
  Optimizing cells in module \aimc_tile_readout.
Performed a total of 0 changes.

10.12. Executing OPT_MERGE pass (detect identical cells).
Finding identical cells in module `\aimc_tile_readout'.
<suppressed ~45 debug messages>
Removed a total of 15 cells.

10.13. Executing OPT_RMDFF pass (remove dff with constant values).

10.14. Executing OPT_CLEAN pass (remove unused cells and wires).
Finding unused cells or wires in module \aimc_tile_readout..
Removed 0 unused cells and 4 unused wires.
<suppressed ~1 debug messages>

10.15. Executing OPT_EXPR pass (perform const folding).
Optimizing module aimc_tile_readout.

10.16. Rerunning OPT passes. (Maybe there is more to do..)

10.17. Executing OPT_MUXTREE pass (detect dead branches in mux trees).
Running muxtree optimizer on module \aimc_tile_readout..
  Creating internal representation of mux trees.
  No muxes found in this module.
Removed 0 multiplexer ports.

10.18. Executing OPT_REDUCE pass (consolidate $*mux and $reduce_* inputs).
  Optimizing cells in module \aimc_tile_readout.
Performed a total of 0 changes.

10.19. Executing OPT_MERGE pass (detect identical cells).
Finding identical cells in module `\aimc_tile_readout'.
Removed a total of 0 cells.

10.20. Executing OPT_RMDFF pass (remove dff with constant values).

10.21. Executing OPT_CLEAN pass (remove unused cells and wires).
Finding unused cells or wires in module \aimc_tile_readout..

10.22. Executing OPT_EXPR pass (perform const folding).
Optimizing module aimc_tile_readout.

10.23. Finished OPT passes. (There is nothing left to do.)

11. Printing statistics.

=== aimc_tile_readout ===

   Number of wires:                405
   Number of wire bits:           2366
   Number of public wires:          23
   Number of public wire bits:     181
   Number of memories:               0
   Number of memory bits:            0
   Number of processes:              0
   Number of cells:               1556
     $_AND_                        718
     $_DFF_PN0_                     21
     $_MUX_                         62
     $_NOT_                         41
     $_OR_                         276
     $_XOR_                        438

