
1. Executing Verilog-2005 frontend: ../aimc-control-plane-rtl/aimc_tile_service_scheduler.v
Parsing Verilog input from `../aimc-control-plane-rtl/aimc_tile_service_scheduler.v' to AST representation.
Generating RTLIL representation for module `\aimc_tile_service_scheduler'.
Successfully finished Verilog frontend.

2. Executing Verilog-2005 frontend: ../aimc-control-plane-rtl/aimc_error_budget_governor.v
Parsing Verilog input from `../aimc-control-plane-rtl/aimc_error_budget_governor.v' to AST representation.
Generating RTLIL representation for module `\aimc_error_budget_governor'.
Successfully finished Verilog frontend.

3. Executing Verilog-2005 frontend: ../aimc-control-plane-rtl/aimc_scheduler_governor.v
Parsing Verilog input from `../aimc-control-plane-rtl/aimc_scheduler_governor.v' to AST representation.
Generating RTLIL representation for module `\aimc_scheduler_governor'.
Successfully finished Verilog frontend.

4. Executing Verilog-2005 frontend: ../aimc-control-plane-rtl/aimc_scheduler_governor_pipelined.v
Parsing Verilog input from `../aimc-control-plane-rtl/aimc_scheduler_governor_pipelined.v' to AST representation.
Generating RTLIL representation for module `\aimc_scheduler_governor_pipelined'.
Successfully finished Verilog frontend.

5. Executing HIERARCHY pass (managing design hierarchy).

5.1. Analyzing design hierarchy..
Top module:  \aimc_scheduler_governor_pipelined
Used module:     \aimc_error_budget_governor
Used module:     \aimc_tile_service_scheduler

5.2. Analyzing design hierarchy..
Top module:  \aimc_scheduler_governor_pipelined
Used module:     \aimc_error_budget_governor
Used module:     \aimc_tile_service_scheduler
Removing unused module `\aimc_scheduler_governor'.
Removed 1 unused modules.

6. Executing PROC pass (convert processes to netlists).

6.1. Executing PROC_CLEAN pass (remove empty switches from decision trees).
Cleaned up 0 empty switches.

6.2. Executing PROC_RMDEAD pass (remove dead branches from decision trees).
Marked 1 switch rules as full_case in process $proc$../aimc-control-plane-rtl/aimc_scheduler_governor_pipelined.v:187$132 in module aimc_scheduler_governor_pipelined.
Marked 13 switch rules as full_case in process $proc$../aimc-control-plane-rtl/aimc_scheduler_governor_pipelined.v:114$113 in module aimc_scheduler_governor_pipelined.
Marked 7 switch rules as full_case in process $proc$../aimc-control-plane-rtl/aimc_error_budget_governor.v:37$84 in module aimc_error_budget_governor.
Marked 9 switch rules as full_case in process $proc$../aimc-control-plane-rtl/aimc_tile_service_scheduler.v:88$57 in module aimc_tile_service_scheduler.
Removed a total of 0 dead cases.

6.3. Executing PROC_INIT pass (extract init attributes).

6.4. Executing PROC_ARST pass (detect async resets in processes).
Found async reset \rst_n in `\aimc_scheduler_governor_pipelined.$proc$../aimc-control-plane-rtl/aimc_scheduler_governor_pipelined.v:187$132'.

6.5. Executing PROC_MUX pass (convert decision trees to multiplexers).
Creating decoders for process `\aimc_scheduler_governor_pipelined.$proc$../aimc-control-plane-rtl/aimc_scheduler_governor_pipelined.v:187$132'.
     1/2: $0\final_reason[3:0]
     2/2: $0\final_decision[1:0]
Creating decoders for process `\aimc_scheduler_governor_pipelined.$proc$../aimc-control-plane-rtl/aimc_scheduler_governor_pipelined.v:162$131'.
     1/22: $0\next_cumulative_error_q8[7:0]
     2/22: $0\selected_tile[1:0]
     3/22: $0\governor_next_cumulative_error_q8_q[7:0]
     4/22: $0\governor_reason_q[3:0]
     5/22: $0\governor_action_q[1:0]
     6/22: $0\governor_decision_q[1:0]
     7/22: $0\scheduler_reason_q[3:0]
     8/22: $0\scheduler_selected_tile_q[1:0]
     9/22: $0\scheduler_decision_q[1:0]
    10/22: $0\stage_cumulative_error_q8[7:0]
    11/22: $0\stage_sensitivity_q8[7:0]
    12/22: $0\stage_drift_age[3:0]
    13/22: $0\stage_residual_q8[7:0]
    14/22: $0\stage_maintenance_budget[1:0]
    15/22: $0\stage_tile_busy[3:0]
    16/22: $0\stage_tile3_health_action[1:0]
    17/22: $0\stage_tile2_health_action[1:0]
    18/22: $0\stage_tile1_health_action[1:0]
    19/22: $0\stage_tile0_health_action[1:0]
    20/22: $0\stage_requested_tile_id[7:0]
    21/22: $0\stage_analog_candidate[0:0]
    22/22: $0\stage_valid[0:0]
Creating decoders for process `\aimc_scheduler_governor_pipelined.$proc$../aimc-control-plane-rtl/aimc_scheduler_governor_pipelined.v:114$113'.
     1/28: $13\final_reason_d[3:0]
     2/28: $13\final_decision_d[1:0]
     3/28: $12\final_reason_d[3:0]
     4/28: $12\final_decision_d[1:0]
     5/28: $11\final_reason_d[3:0]
     6/28: $11\final_decision_d[1:0]
     7/28: $10\final_reason_d[3:0]
     8/28: $10\final_decision_d[1:0]
     9/28: $9\final_reason_d[3:0]
    10/28: $9\final_decision_d[1:0]
    11/28: $8\final_reason_d[3:0]
    12/28: $8\final_decision_d[1:0]
    13/28: $7\final_reason_d[3:0]
    14/28: $7\final_decision_d[1:0]
    15/28: $6\final_reason_d[3:0]
    16/28: $6\final_decision_d[1:0]
    17/28: $5\final_reason_d[3:0]
    18/28: $5\final_decision_d[1:0]
    19/28: $4\final_reason_d[3:0]
    20/28: $4\final_decision_d[1:0]
    21/28: $3\final_reason_d[3:0]
    22/28: $3\final_decision_d[1:0]
    23/28: $2\final_reason_d[3:0]
    24/28: $2\final_decision_d[1:0]
    25/28: $1\final_reason_d[3:0]
    26/28: $1\final_decision_d[1:0]
    27/28: $0\final_reason_d[3:0]
    28/28: $0\final_decision_d[1:0]
Creating decoders for process `\aimc_error_budget_governor.$proc$../aimc-control-plane-rtl/aimc_error_budget_governor.v:37$84'.
     1/32: $7\next_cumulative_error_q8[7:0]
     2/32: $7\reason[3:0]
     3/32: $7\tile_action[1:0]
     4/32: $7\service_decision[1:0]
     5/32: $6\reason[3:0]
     6/32: $6\tile_action[1:0]
     7/32: $6\next_cumulative_error_q8[7:0]
     8/32: $6\service_decision[1:0]
     9/32: $5\reason[3:0]
    10/32: $5\next_cumulative_error_q8[7:0]
    11/32: $5\tile_action[1:0]
    12/32: $5\service_decision[1:0]
    13/32: $4\reason[3:0]
    14/32: $4\tile_action[1:0]
    15/32: $4\next_cumulative_error_q8[7:0]
    16/32: $4\service_decision[1:0]
    17/32: $3\reason[3:0]
    18/32: $3\tile_action[1:0]
    19/32: $3\next_cumulative_error_q8[7:0]
    20/32: $3\service_decision[1:0]
    21/32: $2\reason[3:0]
    22/32: $2\next_cumulative_error_q8[7:0]
    23/32: $2\tile_action[1:0]
    24/32: $2\service_decision[1:0]
    25/32: $1\reason[3:0]
    26/32: $1\next_cumulative_error_q8[7:0]
    27/32: $1\tile_action[1:0]
    28/32: $1\service_decision[1:0]
    29/32: $0\next_cumulative_error_q8[7:0]
    30/32: $0\tile_action[1:0]
    31/32: $0\reason[3:0]
    32/32: $0\service_decision[1:0]
Creating decoders for process `\aimc_tile_service_scheduler.$proc$../aimc-control-plane-rtl/aimc_tile_service_scheduler.v:88$57'.
     1/38: $7\reason[3:0]
     2/38: $7\selected_tile[1:0]
     3/38: $7\service_decision[1:0]
     4/38: $6\reason[3:0]
     5/38: $6\selected_tile[1:0]
     6/38: $6\service_decision[1:0]
     7/38: $5\reason[3:0]
     8/38: $5\service_decision[1:0]
     9/38: $5\selected_tile[1:0]
    10/38: $4\reason[3:0]
    11/38: $4\selected_tile[1:0]
    12/38: $4\service_decision[1:0]
    13/38: $3\reason[3:0]
    14/38: $3\selected_tile[1:0]
    15/38: $3\service_decision[1:0]
    16/38: $3$func$\tile_action$../aimc-control-plane-rtl/aimc_tile_service_scheduler.v:99$2$\tile_action[1:0]$73
    17/38: $3$func$\tile_is_busy$../aimc-control-plane-rtl/aimc_tile_service_scheduler.v:99$1$\tile_is_busy[0:0]$72
    18/38: $2\reason[3:0]
    19/38: $2\service_decision[1:0]
    20/38: $2$func$\tile_action$../aimc-control-plane-rtl/aimc_tile_service_scheduler.v:99$2$\index[1:0]$71
    21/38: $2$func$\tile_action$../aimc-control-plane-rtl/aimc_tile_service_scheduler.v:99$2$\tile_action[1:0]$70
    22/38: $2$func$\tile_is_busy$../aimc-control-plane-rtl/aimc_tile_service_scheduler.v:99$1$\index[1:0]$69
    23/38: $2$func$\tile_is_busy$../aimc-control-plane-rtl/aimc_tile_service_scheduler.v:99$1$\tile_is_busy[0:0]$68
    24/38: $2\selected_tile[1:0]
    25/38: $1\reason[3:0]
    26/38: $1\service_decision[1:0]
    27/38: $1$func$\tile_action$../aimc-control-plane-rtl/aimc_tile_service_scheduler.v:99$2$\index[1:0]$66
    28/38: $1$func$\tile_action$../aimc-control-plane-rtl/aimc_tile_service_scheduler.v:99$2$\tile_action[1:0]$65
    29/38: $1$func$\tile_is_busy$../aimc-control-plane-rtl/aimc_tile_service_scheduler.v:99$1$\index[1:0]$64
    30/38: $1$func$\tile_is_busy$../aimc-control-plane-rtl/aimc_tile_service_scheduler.v:99$1$\tile_is_busy[0:0]$63
    31/38: $1\selected_tile[1:0]
    32/38: $0$func$\tile_action$../aimc-control-plane-rtl/aimc_tile_service_scheduler.v:99$2$\index[1:0]$61
    33/38: $0$func$\tile_action$../aimc-control-plane-rtl/aimc_tile_service_scheduler.v:99$2$\tile_action[1:0]$60
    34/38: $0$func$\tile_is_busy$../aimc-control-plane-rtl/aimc_tile_service_scheduler.v:99$1$\index[1:0]$59
    35/38: $0$func$\tile_is_busy$../aimc-control-plane-rtl/aimc_tile_service_scheduler.v:99$1$\tile_is_busy[0:0]$58
    36/38: $0\reason[3:0]
    37/38: $0\selected_tile[1:0]
    38/38: $0\service_decision[1:0]

6.6. Executing PROC_DLATCH pass (convert process syncs to latches).
No latch inferred for signal `\aimc_scheduler_governor_pipelined.\final_decision_d' from process `\aimc_scheduler_governor_pipelined.$proc$../aimc-control-plane-rtl/aimc_scheduler_governor_pipelined.v:114$113'.
No latch inferred for signal `\aimc_scheduler_governor_pipelined.\final_reason_d' from process `\aimc_scheduler_governor_pipelined.$proc$../aimc-control-plane-rtl/aimc_scheduler_governor_pipelined.v:114$113'.
No latch inferred for signal `\aimc_error_budget_governor.\service_decision' from process `\aimc_error_budget_governor.$proc$../aimc-control-plane-rtl/aimc_error_budget_governor.v:37$84'.
No latch inferred for signal `\aimc_error_budget_governor.\reason' from process `\aimc_error_budget_governor.$proc$../aimc-control-plane-rtl/aimc_error_budget_governor.v:37$84'.
No latch inferred for signal `\aimc_error_budget_governor.\tile_action' from process `\aimc_error_budget_governor.$proc$../aimc-control-plane-rtl/aimc_error_budget_governor.v:37$84'.
No latch inferred for signal `\aimc_error_budget_governor.\next_cumulative_error_q8' from process `\aimc_error_budget_governor.$proc$../aimc-control-plane-rtl/aimc_error_budget_governor.v:37$84'.
No latch inferred for signal `\aimc_tile_service_scheduler.\service_decision' from process `\aimc_tile_service_scheduler.$proc$../aimc-control-plane-rtl/aimc_tile_service_scheduler.v:88$57'.
No latch inferred for signal `\aimc_tile_service_scheduler.\selected_tile' from process `\aimc_tile_service_scheduler.$proc$../aimc-control-plane-rtl/aimc_tile_service_scheduler.v:88$57'.
No latch inferred for signal `\aimc_tile_service_scheduler.\reason' from process `\aimc_tile_service_scheduler.$proc$../aimc-control-plane-rtl/aimc_tile_service_scheduler.v:88$57'.
No latch inferred for signal `\aimc_tile_service_scheduler.$func$\tile_is_busy$../aimc-control-plane-rtl/aimc_tile_service_scheduler.v:99$1$\tile_is_busy' from process `\aimc_tile_service_scheduler.$proc$../aimc-control-plane-rtl/aimc_tile_service_scheduler.v:88$57'.
No latch inferred for signal `\aimc_tile_service_scheduler.$func$\tile_is_busy$../aimc-control-plane-rtl/aimc_tile_service_scheduler.v:99$1$\index' from process `\aimc_tile_service_scheduler.$proc$../aimc-control-plane-rtl/aimc_tile_service_scheduler.v:88$57'.
No latch inferred for signal `\aimc_tile_service_scheduler.$func$\tile_action$../aimc-control-plane-rtl/aimc_tile_service_scheduler.v:99$2$\tile_action' from process `\aimc_tile_service_scheduler.$proc$../aimc-control-plane-rtl/aimc_tile_service_scheduler.v:88$57'.
No latch inferred for signal `\aimc_tile_service_scheduler.$func$\tile_action$../aimc-control-plane-rtl/aimc_tile_service_scheduler.v:99$2$\index' from process `\aimc_tile_service_scheduler.$proc$../aimc-control-plane-rtl/aimc_tile_service_scheduler.v:88$57'.

6.7. Executing PROC_DFF pass (convert process syncs to FFs).
Creating register for signal `\aimc_scheduler_governor_pipelined.\final_decision' using process `\aimc_scheduler_governor_pipelined.$proc$../aimc-control-plane-rtl/aimc_scheduler_governor_pipelined.v:187$132'.
  created $adff cell `$procdff$1250' with positive edge clock and negative level reset.
Creating register for signal `\aimc_scheduler_governor_pipelined.\final_reason' using process `\aimc_scheduler_governor_pipelined.$proc$../aimc-control-plane-rtl/aimc_scheduler_governor_pipelined.v:187$132'.
  created $adff cell `$procdff$1251' with positive edge clock and negative level reset.
Creating register for signal `\aimc_scheduler_governor_pipelined.\selected_tile' using process `\aimc_scheduler_governor_pipelined.$proc$../aimc-control-plane-rtl/aimc_scheduler_governor_pipelined.v:162$131'.
  created $dff cell `$procdff$1252' with positive edge clock.
Creating register for signal `\aimc_scheduler_governor_pipelined.\next_cumulative_error_q8' using process `\aimc_scheduler_governor_pipelined.$proc$../aimc-control-plane-rtl/aimc_scheduler_governor_pipelined.v:162$131'.
  created $dff cell `$procdff$1253' with positive edge clock.
Creating register for signal `\aimc_scheduler_governor_pipelined.\stage_tile3_health_action' using process `\aimc_scheduler_governor_pipelined.$proc$../aimc-control-plane-rtl/aimc_scheduler_governor_pipelined.v:162$131'.
  created $dff cell `$procdff$1254' with positive edge clock.
Creating register for signal `\aimc_scheduler_governor_pipelined.\stage_valid' using process `\aimc_scheduler_governor_pipelined.$proc$../aimc-control-plane-rtl/aimc_scheduler_governor_pipelined.v:162$131'.
  created $dff cell `$procdff$1255' with positive edge clock.
Creating register for signal `\aimc_scheduler_governor_pipelined.\stage_requested_tile_id' using process `\aimc_scheduler_governor_pipelined.$proc$../aimc-control-plane-rtl/aimc_scheduler_governor_pipelined.v:162$131'.
  created $dff cell `$procdff$1256' with positive edge clock.
Creating register for signal `\aimc_scheduler_governor_pipelined.\stage_tile0_health_action' using process `\aimc_scheduler_governor_pipelined.$proc$../aimc-control-plane-rtl/aimc_scheduler_governor_pipelined.v:162$131'.
  created $dff cell `$procdff$1257' with positive edge clock.
Creating register for signal `\aimc_scheduler_governor_pipelined.\stage_tile1_health_action' using process `\aimc_scheduler_governor_pipelined.$proc$../aimc-control-plane-rtl/aimc_scheduler_governor_pipelined.v:162$131'.
  created $dff cell `$procdff$1258' with positive edge clock.
Creating register for signal `\aimc_scheduler_governor_pipelined.\stage_tile2_health_action' using process `\aimc_scheduler_governor_pipelined.$proc$../aimc-control-plane-rtl/aimc_scheduler_governor_pipelined.v:162$131'.
  created $dff cell `$procdff$1259' with positive edge clock.
Creating register for signal `\aimc_scheduler_governor_pipelined.\stage_analog_candidate' using process `\aimc_scheduler_governor_pipelined.$proc$../aimc-control-plane-rtl/aimc_scheduler_governor_pipelined.v:162$131'.
  created $dff cell `$procdff$1260' with positive edge clock.
Creating register for signal `\aimc_scheduler_governor_pipelined.\stage_tile_busy' using process `\aimc_scheduler_governor_pipelined.$proc$../aimc-control-plane-rtl/aimc_scheduler_governor_pipelined.v:162$131'.
  created $dff cell `$procdff$1261' with positive edge clock.
Creating register for signal `\aimc_scheduler_governor_pipelined.\stage_maintenance_budget' using process `\aimc_scheduler_governor_pipelined.$proc$../aimc-control-plane-rtl/aimc_scheduler_governor_pipelined.v:162$131'.
  created $dff cell `$procdff$1262' with positive edge clock.
Creating register for signal `\aimc_scheduler_governor_pipelined.\stage_residual_q8' using process `\aimc_scheduler_governor_pipelined.$proc$../aimc-control-plane-rtl/aimc_scheduler_governor_pipelined.v:162$131'.
  created $dff cell `$procdff$1263' with positive edge clock.
Creating register for signal `\aimc_scheduler_governor_pipelined.\stage_drift_age' using process `\aimc_scheduler_governor_pipelined.$proc$../aimc-control-plane-rtl/aimc_scheduler_governor_pipelined.v:162$131'.
  created $dff cell `$procdff$1264' with positive edge clock.
Creating register for signal `\aimc_scheduler_governor_pipelined.\stage_sensitivity_q8' using process `\aimc_scheduler_governor_pipelined.$proc$../aimc-control-plane-rtl/aimc_scheduler_governor_pipelined.v:162$131'.
  created $dff cell `$procdff$1265' with positive edge clock.
Creating register for signal `\aimc_scheduler_governor_pipelined.\stage_cumulative_error_q8' using process `\aimc_scheduler_governor_pipelined.$proc$../aimc-control-plane-rtl/aimc_scheduler_governor_pipelined.v:162$131'.
  created $dff cell `$procdff$1266' with positive edge clock.
Creating register for signal `\aimc_scheduler_governor_pipelined.\scheduler_decision_q' using process `\aimc_scheduler_governor_pipelined.$proc$../aimc-control-plane-rtl/aimc_scheduler_governor_pipelined.v:162$131'.
  created $dff cell `$procdff$1267' with positive edge clock.
Creating register for signal `\aimc_scheduler_governor_pipelined.\scheduler_selected_tile_q' using process `\aimc_scheduler_governor_pipelined.$proc$../aimc-control-plane-rtl/aimc_scheduler_governor_pipelined.v:162$131'.
  created $dff cell `$procdff$1268' with positive edge clock.
Creating register for signal `\aimc_scheduler_governor_pipelined.\scheduler_reason_q' using process `\aimc_scheduler_governor_pipelined.$proc$../aimc-control-plane-rtl/aimc_scheduler_governor_pipelined.v:162$131'.
  created $dff cell `$procdff$1269' with positive edge clock.
Creating register for signal `\aimc_scheduler_governor_pipelined.\governor_decision_q' using process `\aimc_scheduler_governor_pipelined.$proc$../aimc-control-plane-rtl/aimc_scheduler_governor_pipelined.v:162$131'.
  created $dff cell `$procdff$1270' with positive edge clock.
Creating register for signal `\aimc_scheduler_governor_pipelined.\governor_action_q' using process `\aimc_scheduler_governor_pipelined.$proc$../aimc-control-plane-rtl/aimc_scheduler_governor_pipelined.v:162$131'.
  created $dff cell `$procdff$1271' with positive edge clock.
Creating register for signal `\aimc_scheduler_governor_pipelined.\governor_reason_q' using process `\aimc_scheduler_governor_pipelined.$proc$../aimc-control-plane-rtl/aimc_scheduler_governor_pipelined.v:162$131'.
  created $dff cell `$procdff$1272' with positive edge clock.
Creating register for signal `\aimc_scheduler_governor_pipelined.\governor_next_cumulative_error_q8_q' using process `\aimc_scheduler_governor_pipelined.$proc$../aimc-control-plane-rtl/aimc_scheduler_governor_pipelined.v:162$131'.
  created $dff cell `$procdff$1273' with positive edge clock.

6.8. Executing PROC_CLEAN pass (remove empty switches from decision trees).
Removing empty process `aimc_scheduler_governor_pipelined.$proc$../aimc-control-plane-rtl/aimc_scheduler_governor_pipelined.v:187$132'.
Removing empty process `aimc_scheduler_governor_pipelined.$proc$../aimc-control-plane-rtl/aimc_scheduler_governor_pipelined.v:162$131'.
Found and cleaned up 13 empty switches in `\aimc_scheduler_governor_pipelined.$proc$../aimc-control-plane-rtl/aimc_scheduler_governor_pipelined.v:114$113'.
Removing empty process `aimc_scheduler_governor_pipelined.$proc$../aimc-control-plane-rtl/aimc_scheduler_governor_pipelined.v:114$113'.
Found and cleaned up 7 empty switches in `\aimc_error_budget_governor.$proc$../aimc-control-plane-rtl/aimc_error_budget_governor.v:37$84'.
Removing empty process `aimc_error_budget_governor.$proc$../aimc-control-plane-rtl/aimc_error_budget_governor.v:37$84'.
Found and cleaned up 9 empty switches in `\aimc_tile_service_scheduler.$proc$../aimc-control-plane-rtl/aimc_tile_service_scheduler.v:88$57'.
Removing empty process `aimc_tile_service_scheduler.$proc$../aimc-control-plane-rtl/aimc_tile_service_scheduler.v:88$57'.
Cleaned up 29 empty switches.

7. Executing OPT pass (performing simple optimizations).

7.1. Executing OPT_EXPR pass (perform const folding).
Optimizing module aimc_scheduler_governor_pipelined.
<suppressed ~4 debug messages>
Optimizing module aimc_error_budget_governor.
<suppressed ~53 debug messages>
Optimizing module aimc_tile_service_scheduler.
<suppressed ~76 debug messages>

7.2. Executing OPT_MERGE pass (detect identical cells).
Finding identical cells in module `\aimc_scheduler_governor_pipelined'.
Finding identical cells in module `\aimc_error_budget_governor'.
Finding identical cells in module `\aimc_tile_service_scheduler'.
<suppressed ~33 debug messages>
Removed a total of 11 cells.

7.3. Executing OPT_MUXTREE pass (detect dead branches in mux trees).
Running muxtree optimizer on module \aimc_scheduler_governor_pipelined..
  Creating internal representation of mux trees.
  Evaluating internal representation of mux trees.
  Analyzing evaluation results.
    dead port 1/2 on $mux $procmux$598.
    dead port 1/2 on $mux $procmux$592.
    dead port 1/2 on $mux $procmux$586.
    dead port 1/2 on $mux $procmux$583.
    dead port 1/2 on $mux $procmux$577.
    dead port 1/2 on $mux $procmux$574.
    dead port 1/2 on $mux $procmux$568.
    dead port 1/2 on $mux $procmux$565.
    dead port 1/2 on $mux $procmux$562.
    dead port 1/2 on $mux $procmux$556.
    dead port 1/2 on $mux $procmux$553.
    dead port 1/2 on $mux $procmux$550.
    dead port 1/2 on $mux $procmux$544.
    dead port 1/2 on $mux $procmux$541.
    dead port 1/2 on $mux $procmux$538.
    dead port 1/2 on $mux $procmux$535.
    dead port 1/2 on $mux $procmux$529.
    dead port 1/2 on $mux $procmux$526.
    dead port 1/2 on $mux $procmux$523.
    dead port 1/2 on $mux $procmux$520.
    dead port 1/2 on $mux $procmux$514.
    dead port 1/2 on $mux $procmux$511.
    dead port 1/2 on $mux $procmux$508.
    dead port 1/2 on $mux $procmux$505.
    dead port 1/2 on $mux $procmux$502.
    dead port 1/2 on $mux $procmux$496.
    dead port 1/2 on $mux $procmux$493.
    dead port 1/2 on $mux $procmux$490.
    dead port 1/2 on $mux $procmux$487.
    dead port 1/2 on $mux $procmux$484.
    dead port 1/2 on $mux $procmux$478.
    dead port 1/2 on $mux $procmux$475.
    dead port 1/2 on $mux $procmux$472.
    dead port 1/2 on $mux $procmux$469.
    dead port 1/2 on $mux $procmux$466.
    dead port 2/2 on $mux $procmux$463.
    dead port 1/2 on $mux $procmux$457.
    dead port 1/2 on $mux $procmux$454.
    dead port 1/2 on $mux $procmux$451.
    dead port 1/2 on $mux $procmux$448.
    dead port 1/2 on $mux $procmux$445.
    dead port 2/2 on $mux $procmux$442.
    dead port 1/2 on $mux $procmux$436.
    dead port 1/2 on $mux $procmux$433.
    dead port 1/2 on $mux $procmux$430.
    dead port 1/2 on $mux $procmux$427.
    dead port 1/2 on $mux $procmux$424.
    dead port 2/2 on $mux $procmux$421.
    dead port 1/2 on $mux $procmux$419.
    dead port 1/2 on $mux $procmux$412.
    dead port 1/2 on $mux $procmux$409.
    dead port 1/2 on $mux $procmux$406.
    dead port 1/2 on $mux $procmux$403.
    dead port 1/2 on $mux $procmux$400.
    dead port 2/2 on $mux $procmux$397.
    dead port 1/2 on $mux $procmux$395.
    dead port 1/2 on $mux $procmux$388.
    dead port 1/2 on $mux $procmux$385.
    dead port 1/2 on $mux $procmux$382.
    dead port 1/2 on $mux $procmux$379.
    dead port 1/2 on $mux $procmux$376.
    dead port 2/2 on $mux $procmux$373.
    dead port 1/2 on $mux $procmux$371.
    dead port 1/2 on $mux $procmux$368.
    dead port 1/2 on $mux $procmux$361.
    dead port 1/2 on $mux $procmux$358.
    dead port 1/2 on $mux $procmux$355.
    dead port 1/2 on $mux $procmux$352.
    dead port 1/2 on $mux $procmux$349.
    dead port 2/2 on $mux $procmux$346.
    dead port 1/2 on $mux $procmux$344.
    dead port 1/2 on $mux $procmux$341.
    dead port 1/2 on $mux $procmux$334.
    dead port 1/2 on $mux $procmux$331.
    dead port 1/2 on $mux $procmux$328.
    dead port 1/2 on $mux $procmux$325.
    dead port 1/2 on $mux $procmux$322.
    dead port 2/2 on $mux $procmux$319.
    dead port 1/2 on $mux $procmux$317.
    dead port 1/2 on $mux $procmux$314.
    dead port 1/2 on $mux $procmux$311.
    dead port 1/2 on $mux $procmux$304.
    dead port 1/2 on $mux $procmux$301.
    dead port 1/2 on $mux $procmux$298.
    dead port 1/2 on $mux $procmux$295.
    dead port 1/2 on $mux $procmux$292.
    dead port 2/2 on $mux $procmux$289.
    dead port 1/2 on $mux $procmux$287.
    dead port 1/2 on $mux $procmux$284.
    dead port 1/2 on $mux $procmux$281.
    dead port 1/2 on $mux $procmux$274.
    dead port 1/2 on $mux $procmux$271.
    dead port 1/2 on $mux $procmux$268.
    dead port 1/2 on $mux $procmux$265.
    dead port 1/2 on $mux $procmux$262.
    dead port 1/2 on $mux $procmux$259.
    dead port 1/2 on $mux $procmux$253.
    dead port 1/2 on $mux $procmux$250.
    dead port 1/2 on $mux $procmux$247.
    dead port 1/2 on $mux $procmux$244.
    dead port 1/2 on $mux $procmux$241.
    dead port 1/2 on $mux $procmux$238.
    dead port 1/2 on $mux $procmux$232.
    dead port 1/2 on $mux $procmux$229.
    dead port 1/2 on $mux $procmux$226.
    dead port 1/2 on $mux $procmux$223.
    dead port 1/2 on $mux $procmux$220.
    dead port 1/2 on $mux $procmux$217.
    dead port 1/2 on $mux $procmux$214.
    dead port 1/2 on $mux $procmux$208.
    dead port 1/2 on $mux $procmux$205.
    dead port 1/2 on $mux $procmux$202.
    dead port 1/2 on $mux $procmux$199.
    dead port 1/2 on $mux $procmux$196.
    dead port 1/2 on $mux $procmux$193.
    dead port 1/2 on $mux $procmux$190.
    dead port 1/2 on $mux $procmux$184.
    dead port 1/2 on $mux $procmux$181.
    dead port 1/2 on $mux $procmux$178.
    dead port 1/2 on $mux $procmux$175.
    dead port 1/2 on $mux $procmux$172.
    dead port 1/2 on $mux $procmux$169.
    dead port 1/2 on $mux $procmux$166.
    dead port 1/2 on $mux $procmux$163.
    dead port 1/2 on $mux $procmux$158.
    dead port 1/2 on $mux $procmux$155.
    dead port 1/2 on $mux $procmux$152.
    dead port 1/2 on $mux $procmux$149.
    dead port 1/2 on $mux $procmux$146.
    dead port 1/2 on $mux $procmux$143.
    dead port 1/2 on $mux $procmux$140.
    dead port 1/2 on $mux $procmux$137.
Running muxtree optimizer on module \aimc_error_budget_governor..
  Creating internal representation of mux trees.
  Evaluating internal representation of mux trees.
  Analyzing evaluation results.
    dead port 2/2 on $mux $procmux$926.
    dead port 2/2 on $mux $procmux$920.
    dead port 2/2 on $mux $procmux$914.
    dead port 2/2 on $mux $procmux$908.
    dead port 2/2 on $mux $procmux$902.
    dead port 2/2 on $mux $procmux$899.
    dead port 2/2 on $mux $procmux$893.
    dead port 2/2 on $mux $procmux$890.
    dead port 2/2 on $mux $procmux$884.
    dead port 2/2 on $mux $procmux$881.
    dead port 2/2 on $mux $procmux$875.
    dead port 2/2 on $mux $procmux$872.
    dead port 2/2 on $mux $procmux$866.
    dead port 2/2 on $mux $procmux$863.
    dead port 1/2 on $mux $procmux$860.
    dead port 2/2 on $mux $procmux$854.
    dead port 2/2 on $mux $procmux$851.
    dead port 1/2 on $mux $procmux$848.
    dead port 2/2 on $mux $procmux$842.
    dead port 2/2 on $mux $procmux$839.
    dead port 1/2 on $mux $procmux$836.
    dead port 2/2 on $mux $procmux$830.
    dead port 2/2 on $mux $procmux$827.
    dead port 1/2 on $mux $procmux$824.
    dead port 2/2 on $mux $procmux$818.
    dead port 2/2 on $mux $procmux$815.
    dead port 1/2 on $mux $procmux$812.
    dead port 1/2 on $mux $procmux$809.
    dead port 2/2 on $mux $procmux$803.
    dead port 2/2 on $mux $procmux$800.
    dead port 1/2 on $mux $procmux$797.
    dead port 1/2 on $mux $procmux$794.
    dead port 2/2 on $mux $procmux$788.
    dead port 2/2 on $mux $procmux$785.
    dead port 1/2 on $mux $procmux$782.
    dead port 1/2 on $mux $procmux$779.
    dead port 2/2 on $mux $procmux$773.
    dead port 2/2 on $mux $procmux$770.
    dead port 1/2 on $mux $procmux$767.
    dead port 1/2 on $mux $procmux$764.
    dead port 2/2 on $mux $procmux$758.
    dead port 2/2 on $mux $procmux$755.
    dead port 1/2 on $mux $procmux$752.
    dead port 1/2 on $mux $procmux$749.
    dead port 1/2 on $mux $procmux$746.
    dead port 2/2 on $mux $procmux$740.
    dead port 2/2 on $mux $procmux$737.
    dead port 1/2 on $mux $procmux$734.
    dead port 1/2 on $mux $procmux$731.
    dead port 1/2 on $mux $procmux$728.
    dead port 2/2 on $mux $procmux$722.
    dead port 2/2 on $mux $procmux$719.
    dead port 1/2 on $mux $procmux$716.
    dead port 1/2 on $mux $procmux$713.
    dead port 1/2 on $mux $procmux$710.
    dead port 2/2 on $mux $procmux$704.
    dead port 2/2 on $mux $procmux$701.
    dead port 1/2 on $mux $procmux$698.
    dead port 1/2 on $mux $procmux$695.
    dead port 1/2 on $mux $procmux$692.
    dead port 2/2 on $mux $procmux$686.
    dead port 2/2 on $mux $procmux$683.
    dead port 1/2 on $mux $procmux$680.
    dead port 1/2 on $mux $procmux$677.
    dead port 1/2 on $mux $procmux$674.
    dead port 1/2 on $mux $procmux$671.
    dead port 2/2 on $mux $procmux$666.
    dead port 2/2 on $mux $procmux$663.
    dead port 1/2 on $mux $procmux$660.
    dead port 1/2 on $mux $procmux$657.
    dead port 1/2 on $mux $procmux$654.
    dead port 1/2 on $mux $procmux$651.
    dead port 2/2 on $mux $procmux$645.
    dead port 2/2 on $mux $procmux$642.
    dead port 1/2 on $mux $procmux$639.
    dead port 1/2 on $mux $procmux$636.
    dead port 1/2 on $mux $procmux$633.
    dead port 1/2 on $mux $procmux$630.
    dead port 2/2 on $mux $procmux$624.
    dead port 2/2 on $mux $procmux$621.
    dead port 1/2 on $mux $procmux$618.
    dead port 1/2 on $mux $procmux$615.
    dead port 1/2 on $mux $procmux$612.
    dead port 1/2 on $mux $procmux$609.
Running muxtree optimizer on module \aimc_tile_service_scheduler..
  Creating internal representation of mux trees.
  Evaluating internal representation of mux trees.
  Analyzing evaluation results.
    dead port 1/2 on $mux $procmux$1215.
    dead port 2/2 on $mux $procmux$1215.
    dead port 1/2 on $mux $procmux$1212.
    dead port 2/2 on $mux $procmux$1212.
    dead port 1/2 on $mux $procmux$1209.
    dead port 2/2 on $mux $procmux$1209.
    dead port 1/2 on $mux $procmux$1206.
    dead port 2/2 on $mux $procmux$1206.
    dead port 1/2 on $mux $procmux$1203.
    dead port 2/2 on $mux $procmux$1203.
    dead port 1/2 on $mux $procmux$1200.
    dead port 2/2 on $mux $procmux$1200.
    dead port 2/2 on $mux $procmux$1197.
    dead port 2/2 on $mux $procmux$1191.
    dead port 1/2 on $mux $procmux$1245.
    dead port 2/2 on $mux $procmux$1245.
    dead port 1/2 on $mux $procmux$1242.
    dead port 2/2 on $mux $procmux$1242.
    dead port 2/2 on $mux $procmux$1163.
    dead port 2/2 on $mux $procmux$1160.
    dead port 2/2 on $mux $procmux$1154.
    dead port 2/2 on $mux $procmux$1151.
    dead port 2/2 on $mux $procmux$1145.
    dead port 2/2 on $mux $procmux$1142.
    dead port 2/2 on $mux $procmux$1136.
    dead port 2/2 on $mux $procmux$1133.
    dead port 1/2 on $mux $procmux$1130.
    dead port 2/2 on $mux $procmux$1124.
    dead port 2/2 on $mux $procmux$1121.
    dead port 1/2 on $mux $procmux$1118.
    dead port 2/2 on $mux $procmux$1112.
    dead port 2/2 on $mux $procmux$1109.
    dead port 1/2 on $mux $procmux$1106.
    dead port 2/2 on $mux $procmux$1100.
    dead port 2/2 on $mux $procmux$1097.
    dead port 1/2 on $mux $procmux$1094.
    dead port 1/2 on $mux $procmux$1091.
    dead port 2/2 on $mux $procmux$1085.
    dead port 2/2 on $mux $procmux$1082.
    dead port 1/2 on $mux $procmux$1079.
    dead port 1/2 on $mux $procmux$1076.
    dead port 2/2 on $mux $procmux$1070.
    dead port 2/2 on $mux $procmux$1067.
    dead port 1/2 on $mux $procmux$1064.
    dead port 1/2 on $mux $procmux$1061.
    dead port 2/2 on $mux $procmux$1055.
    dead port 2/2 on $mux $procmux$1052.
    dead port 1/2 on $mux $procmux$1049.
    dead port 1/2 on $mux $procmux$1046.
    dead port 1/2 on $mux $procmux$1043.
    dead port 2/2 on $mux $procmux$1037.
    dead port 2/2 on $mux $procmux$1034.
    dead port 1/2 on $mux $procmux$1031.
    dead port 1/2 on $mux $procmux$1028.
    dead port 1/2 on $mux $procmux$1025.
    dead port 2/2 on $mux $procmux$1019.
    dead port 2/2 on $mux $procmux$1016.
    dead port 1/2 on $mux $procmux$1013.
    dead port 1/2 on $mux $procmux$1010.
    dead port 1/2 on $mux $procmux$1007.
    dead port 2/2 on $mux $procmux$1001.
    dead port 2/2 on $mux $procmux$998.
    dead port 1/2 on $mux $procmux$995.
    dead port 1/2 on $mux $procmux$992.
    dead port 1/2 on $mux $procmux$989.
    dead port 1/2 on $mux $procmux$986.
    dead port 2/2 on $mux $procmux$980.
    dead port 2/2 on $mux $procmux$977.
    dead port 1/2 on $mux $procmux$974.
    dead port 1/2 on $mux $procmux$971.
    dead port 1/2 on $mux $procmux$968.
    dead port 1/2 on $mux $procmux$965.
    dead port 2/2 on $mux $procmux$959.
    dead port 2/2 on $mux $procmux$956.
    dead port 1/2 on $mux $procmux$953.
    dead port 1/2 on $mux $procmux$950.
    dead port 1/2 on $mux $procmux$947.
    dead port 1/2 on $mux $procmux$944.
    dead port 1/2 on $mux $procmux$1239.
    dead port 2/2 on $mux $procmux$1239.
    dead port 1/2 on $mux $procmux$1236.
    dead port 2/2 on $mux $procmux$1236.
    dead port 2/2 on $mux $procmux$1227.
    dead port 1/2 on $mux $procmux$1221.
    dead port 2/2 on $mux $procmux$1221.
    dead port 1/2 on $mux $procmux$1218.
    dead port 2/2 on $mux $procmux$1218.
Removed 303 multiplexer ports.
<suppressed ~12 debug messages>

7.4. Executing OPT_REDUCE pass (consolidate $*mux and $reduce_* inputs).
  Optimizing cells in module \aimc_scheduler_governor_pipelined.
    New ctrl vector for $mux cell $procmux$211: { }
    New ctrl vector for $mux cell $procmux$256: { }
  Optimizing cells in module \aimc_scheduler_governor_pipelined.
  Optimizing cells in module \aimc_error_budget_governor.
  Optimizing cells in module \aimc_tile_service_scheduler.
Performed a total of 2 changes.

7.5. Executing OPT_MERGE pass (detect identical cells).
Finding identical cells in module `\aimc_scheduler_governor_pipelined'.
Finding identical cells in module `\aimc_error_budget_governor'.
Finding identical cells in module `\aimc_tile_service_scheduler'.
Removed a total of 0 cells.

7.6. Executing OPT_RMDFF pass (remove dff with constant values).

7.7. Executing OPT_CLEAN pass (remove unused cells and wires).
Finding unused cells or wires in module \aimc_scheduler_governor_pipelined..
Finding unused cells or wires in module \aimc_error_budget_governor..
Finding unused cells or wires in module \aimc_tile_service_scheduler..
Removed 6 unused cells and 833 unused wires.
<suppressed ~9 debug messages>

7.8. Executing OPT_EXPR pass (perform const folding).
Optimizing module aimc_error_budget_governor.
Optimizing module aimc_scheduler_governor_pipelined.
Optimizing module aimc_tile_service_scheduler.

7.9. Rerunning OPT passes. (Maybe there is more to do..)

7.10. Executing OPT_MUXTREE pass (detect dead branches in mux trees).
Running muxtree optimizer on module \aimc_error_budget_governor..
  Creating internal representation of mux trees.
  Evaluating internal representation of mux trees.
  Analyzing evaluation results.
Running muxtree optimizer on module \aimc_scheduler_governor_pipelined..
  Creating internal representation of mux trees.
  Evaluating internal representation of mux trees.
  Analyzing evaluation results.
Running muxtree optimizer on module \aimc_tile_service_scheduler..
  Creating internal representation of mux trees.
  Evaluating internal representation of mux trees.
  Analyzing evaluation results.
Removed 0 multiplexer ports.
<suppressed ~12 debug messages>

7.11. Executing OPT_REDUCE pass (consolidate $*mux and $reduce_* inputs).
  Optimizing cells in module \aimc_error_budget_governor.
  Optimizing cells in module \aimc_scheduler_governor_pipelined.
  Optimizing cells in module \aimc_tile_service_scheduler.
Performed a total of 0 changes.

7.12. Executing OPT_MERGE pass (detect identical cells).
Finding identical cells in module `\aimc_error_budget_governor'.
Finding identical cells in module `\aimc_scheduler_governor_pipelined'.
Finding identical cells in module `\aimc_tile_service_scheduler'.
Removed a total of 0 cells.

7.13. Executing OPT_RMDFF pass (remove dff with constant values).

7.14. Executing OPT_CLEAN pass (remove unused cells and wires).
Finding unused cells or wires in module \aimc_error_budget_governor..
Finding unused cells or wires in module \aimc_scheduler_governor_pipelined..
Finding unused cells or wires in module \aimc_tile_service_scheduler..

7.15. Executing OPT_EXPR pass (perform const folding).
Optimizing module aimc_error_budget_governor.
Optimizing module aimc_scheduler_governor_pipelined.
Optimizing module aimc_tile_service_scheduler.

7.16. Finished OPT passes. (There is nothing left to do.)

8. Executing FSM pass (extract and optimize FSM).

8.1. Executing FSM_DETECT pass (finding FSMs in design).
Not marking aimc_scheduler_governor_pipelined.final_decision as FSM state register:
    Register is connected to module port.
    Users of register don't seem to benefit from recoding.
Not marking aimc_scheduler_governor_pipelined.final_reason as FSM state register:
    Register is connected to module port.
    Users of register don't seem to benefit from recoding.

8.2. Executing FSM_EXTRACT pass (extracting FSM from design).

8.3. Executing FSM_OPT pass (simple optimizations of FSMs).

8.4. Executing OPT_CLEAN pass (remove unused cells and wires).
Finding unused cells or wires in module \aimc_error_budget_governor..
Finding unused cells or wires in module \aimc_scheduler_governor_pipelined..
Finding unused cells or wires in module \aimc_tile_service_scheduler..

8.5. Executing FSM_OPT pass (simple optimizations of FSMs).

8.6. Executing FSM_RECODE pass (re-assigning FSM state encoding).

8.7. Executing FSM_INFO pass (dumping all available information on FSM cells).

8.8. Executing FSM_MAP pass (mapping FSMs to basic logic).

9. Executing OPT pass (performing simple optimizations).

9.1. Executing OPT_EXPR pass (perform const folding).
Optimizing module aimc_error_budget_governor.
Optimizing module aimc_scheduler_governor_pipelined.
Optimizing module aimc_tile_service_scheduler.

9.2. Executing OPT_MERGE pass (detect identical cells).
Finding identical cells in module `\aimc_error_budget_governor'.
Finding identical cells in module `\aimc_scheduler_governor_pipelined'.
Finding identical cells in module `\aimc_tile_service_scheduler'.
Removed a total of 0 cells.

9.3. Executing OPT_MUXTREE pass (detect dead branches in mux trees).
Running muxtree optimizer on module \aimc_error_budget_governor..
  Creating internal representation of mux trees.
  Evaluating internal representation of mux trees.
  Analyzing evaluation results.
Running muxtree optimizer on module \aimc_scheduler_governor_pipelined..
  Creating internal representation of mux trees.
  Evaluating internal representation of mux trees.
  Analyzing evaluation results.
Running muxtree optimizer on module \aimc_tile_service_scheduler..
  Creating internal representation of mux trees.
  Evaluating internal representation of mux trees.
  Analyzing evaluation results.
Removed 0 multiplexer ports.
<suppressed ~12 debug messages>

9.4. Executing OPT_REDUCE pass (consolidate $*mux and $reduce_* inputs).
  Optimizing cells in module \aimc_error_budget_governor.
  Optimizing cells in module \aimc_scheduler_governor_pipelined.
  Optimizing cells in module \aimc_tile_service_scheduler.
Performed a total of 0 changes.

9.5. Executing OPT_MERGE pass (detect identical cells).
Finding identical cells in module `\aimc_error_budget_governor'.
Finding identical cells in module `\aimc_scheduler_governor_pipelined'.
Finding identical cells in module `\aimc_tile_service_scheduler'.
Removed a total of 0 cells.

9.6. Executing OPT_RMDFF pass (remove dff with constant values).

9.7. Executing OPT_CLEAN pass (remove unused cells and wires).
Finding unused cells or wires in module \aimc_error_budget_governor..
Finding unused cells or wires in module \aimc_scheduler_governor_pipelined..
Finding unused cells or wires in module \aimc_tile_service_scheduler..

9.8. Executing OPT_EXPR pass (perform const folding).
Optimizing module aimc_error_budget_governor.
Optimizing module aimc_scheduler_governor_pipelined.
Optimizing module aimc_tile_service_scheduler.

9.9. Finished OPT passes. (There is nothing left to do.)

10. Executing MEMORY pass.

10.1. Executing MEMORY_DFF pass (merging $dff cells to $memrd and $memwr).

10.2. Executing OPT_CLEAN pass (remove unused cells and wires).
Finding unused cells or wires in module \aimc_error_budget_governor..
Finding unused cells or wires in module \aimc_scheduler_governor_pipelined..
Finding unused cells or wires in module \aimc_tile_service_scheduler..

10.3. Executing MEMORY_SHARE pass (consolidating $memrd/$memwr cells).

10.4. Executing OPT_CLEAN pass (remove unused cells and wires).
Finding unused cells or wires in module \aimc_error_budget_governor..
Finding unused cells or wires in module \aimc_scheduler_governor_pipelined..
Finding unused cells or wires in module \aimc_tile_service_scheduler..

10.5. Executing MEMORY_COLLECT pass (generating $mem cells).

10.6. Executing MEMORY_MAP pass (converting $mem cells to logic and flip-flops).

11. Executing OPT pass (performing simple optimizations).

11.1. Executing OPT_EXPR pass (perform const folding).
Optimizing module aimc_error_budget_governor.
Optimizing module aimc_scheduler_governor_pipelined.
Optimizing module aimc_tile_service_scheduler.

11.2. Executing OPT_MERGE pass (detect identical cells).
Finding identical cells in module `\aimc_error_budget_governor'.
Finding identical cells in module `\aimc_scheduler_governor_pipelined'.
Finding identical cells in module `\aimc_tile_service_scheduler'.
Removed a total of 0 cells.

11.3. Executing OPT_MUXTREE pass (detect dead branches in mux trees).
Running muxtree optimizer on module \aimc_error_budget_governor..
  Creating internal representation of mux trees.
  Evaluating internal representation of mux trees.
  Analyzing evaluation results.
Running muxtree optimizer on module \aimc_scheduler_governor_pipelined..
  Creating internal representation of mux trees.
  Evaluating internal representation of mux trees.
  Analyzing evaluation results.
Running muxtree optimizer on module \aimc_tile_service_scheduler..
  Creating internal representation of mux trees.
  Evaluating internal representation of mux trees.
  Analyzing evaluation results.
Removed 0 multiplexer ports.
<suppressed ~12 debug messages>

11.4. Executing OPT_REDUCE pass (consolidate $*mux and $reduce_* inputs).
  Optimizing cells in module \aimc_error_budget_governor.
  Optimizing cells in module \aimc_scheduler_governor_pipelined.
  Optimizing cells in module \aimc_tile_service_scheduler.
Performed a total of 0 changes.

11.5. Executing OPT_MERGE pass (detect identical cells).
Finding identical cells in module `\aimc_error_budget_governor'.
Finding identical cells in module `\aimc_scheduler_governor_pipelined'.
Finding identical cells in module `\aimc_tile_service_scheduler'.
Removed a total of 0 cells.

11.6. Executing OPT_RMDFF pass (remove dff with constant values).

11.7. Executing OPT_CLEAN pass (remove unused cells and wires).
Finding unused cells or wires in module \aimc_error_budget_governor..
Finding unused cells or wires in module \aimc_scheduler_governor_pipelined..
Finding unused cells or wires in module \aimc_tile_service_scheduler..

11.8. Executing OPT_EXPR pass (perform const folding).
Optimizing module aimc_error_budget_governor.
Optimizing module aimc_scheduler_governor_pipelined.
Optimizing module aimc_tile_service_scheduler.

11.9. Finished OPT passes. (There is nothing left to do.)

12. Executing TECHMAP pass (map to technology primitives).

12.1. Executing Verilog-2005 frontend: <techmap.v>
Parsing Verilog input from `<techmap.v>' to AST representation.
Generating RTLIL representation for module `\_90_simplemap_bool_ops'.
Generating RTLIL representation for module `\_90_simplemap_reduce_ops'.
Generating RTLIL representation for module `\_90_simplemap_logic_ops'.
Generating RTLIL representation for module `\_90_simplemap_compare_ops'.
Generating RTLIL representation for module `\_90_simplemap_various'.
Generating RTLIL representation for module `\_90_simplemap_registers'.
Generating RTLIL representation for module `\_90_shift_ops_shr_shl_sshl_sshr'.
Generating RTLIL representation for module `\_90_shift_shiftx'.
Generating RTLIL representation for module `\_90_fa'.
Generating RTLIL representation for module `\_90_lcu'.
Generating RTLIL representation for module `\_90_alu'.
Generating RTLIL representation for module `\_90_macc'.
Generating RTLIL representation for module `\_90_alumacc'.
Generating RTLIL representation for module `\$__div_mod_u'.
Generating RTLIL representation for module `\$__div_mod'.
Generating RTLIL representation for module `\_90_div'.
Generating RTLIL representation for module `\_90_mod'.
Generating RTLIL representation for module `\_90_pow'.
Generating RTLIL representation for module `\_90_pmux'.
Generating RTLIL representation for module `\_90_lut'.
Successfully finished Verilog frontend.

12.2. Continuing TECHMAP pass.
Using extmapper simplemap for cells of type $logic_not.
Using extmapper simplemap for cells of type $logic_and.
Using extmapper simplemap for cells of type $eq.
Using extmapper simplemap for cells of type $not.
Using extmapper simplemap for cells of type $logic_or.
Using extmapper simplemap for cells of type $mux.
Using template $paramod\_90_pmux\WIDTH=2\S_WIDTH=3 for cells of type $pmux.
Using template $paramod\_90_pmux\WIDTH=1\S_WIDTH=3 for cells of type $pmux.
Using extmapper simplemap for cells of type $reduce_or.
Using extmapper simplemap for cells of type $and.
Running "alumacc" on wrapper $extern:wrap:$mul:A_SIGNED=0:A_WIDTH=9:B_SIGNED=0:B_WIDTH=9:Y_WIDTH=9:394426c56d1a028ba8fdd5469b163e04011def47.
Using template $extern:wrap:$mul:A_SIGNED=0:A_WIDTH=9:B_SIGNED=0:B_WIDTH=9:Y_WIDTH=9:394426c56d1a028ba8fdd5469b163e04011def47 for cells of type $extern:wrap:$mul:A_SIGNED=0:A_WIDTH=9:B_SIGNED=0:B_WIDTH=9:Y_WIDTH=9:394426c56d1a028ba8fdd5469b163e04011def47.
Running "alumacc" on wrapper $extern:wrap:$add:A_SIGNED=0:A_WIDTH=9:B_SIGNED=0:B_WIDTH=9:Y_WIDTH=9:394426c56d1a028ba8fdd5469b163e04011def47.
Using template $extern:wrap:$add:A_SIGNED=0:A_WIDTH=9:B_SIGNED=0:B_WIDTH=9:Y_WIDTH=9:394426c56d1a028ba8fdd5469b163e04011def47 for cells of type $extern:wrap:$add:A_SIGNED=0:A_WIDTH=9:B_SIGNED=0:B_WIDTH=9:Y_WIDTH=9:394426c56d1a028ba8fdd5469b163e04011def47.
Running "alumacc" on wrapper $extern:wrap:$add:A_SIGNED=0:A_WIDTH=10:B_SIGNED=0:B_WIDTH=10:Y_WIDTH=10:394426c56d1a028ba8fdd5469b163e04011def47.
Using template $extern:wrap:$add:A_SIGNED=0:A_WIDTH=10:B_SIGNED=0:B_WIDTH=10:Y_WIDTH=10:394426c56d1a028ba8fdd5469b163e04011def47 for cells of type $extern:wrap:$add:A_SIGNED=0:A_WIDTH=10:B_SIGNED=0:B_WIDTH=10:Y_WIDTH=10:394426c56d1a028ba8fdd5469b163e04011def47.
Using extmapper simplemap for cells of type $reduce_bool.
Running "alumacc" on wrapper $extern:wrap:$gt:A_SIGNED=0:A_WIDTH=8:B_SIGNED=0:B_WIDTH=8:Y_WIDTH=1:394426c56d1a028ba8fdd5469b163e04011def47.
Using template $extern:wrap:$gt:A_SIGNED=0:A_WIDTH=8:B_SIGNED=0:B_WIDTH=8:Y_WIDTH=1:394426c56d1a028ba8fdd5469b163e04011def47 for cells of type $extern:wrap:$gt:A_SIGNED=0:A_WIDTH=8:B_SIGNED=0:B_WIDTH=8:Y_WIDTH=1:394426c56d1a028ba8fdd5469b163e04011def47.
Running "alumacc" on wrapper $extern:wrap:$gt:A_SIGNED=0:A_WIDTH=4:B_SIGNED=0:B_WIDTH=4:Y_WIDTH=1:394426c56d1a028ba8fdd5469b163e04011def47.
Using template $extern:wrap:$gt:A_SIGNED=0:A_WIDTH=4:B_SIGNED=0:B_WIDTH=4:Y_WIDTH=1:394426c56d1a028ba8fdd5469b163e04011def47 for cells of type $extern:wrap:$gt:A_SIGNED=0:A_WIDTH=4:B_SIGNED=0:B_WIDTH=4:Y_WIDTH=1:394426c56d1a028ba8fdd5469b163e04011def47.
Running "alumacc" on wrapper $extern:wrap:$ge:A_SIGNED=0:A_WIDTH=8:B_SIGNED=0:B_WIDTH=8:Y_WIDTH=1:394426c56d1a028ba8fdd5469b163e04011def47.
Using template $extern:wrap:$ge:A_SIGNED=0:A_WIDTH=8:B_SIGNED=0:B_WIDTH=8:Y_WIDTH=1:394426c56d1a028ba8fdd5469b163e04011def47 for cells of type $extern:wrap:$ge:A_SIGNED=0:A_WIDTH=8:B_SIGNED=0:B_WIDTH=8:Y_WIDTH=1:394426c56d1a028ba8fdd5469b163e04011def47.
Running "alumacc" on wrapper $extern:wrap:$ge:A_SIGNED=0:A_WIDTH=4:B_SIGNED=0:B_WIDTH=4:Y_WIDTH=1:394426c56d1a028ba8fdd5469b163e04011def47.
Using template $extern:wrap:$ge:A_SIGNED=0:A_WIDTH=4:B_SIGNED=0:B_WIDTH=4:Y_WIDTH=1:394426c56d1a028ba8fdd5469b163e04011def47 for cells of type $extern:wrap:$ge:A_SIGNED=0:A_WIDTH=4:B_SIGNED=0:B_WIDTH=4:Y_WIDTH=1:394426c56d1a028ba8fdd5469b163e04011def47.
Using extmapper simplemap for cells of type $or.
Using extmapper simplemap for cells of type $reduce_and.
Using template $paramod\_90_alu\A_SIGNED=0\B_SIGNED=0\A_WIDTH=8\B_WIDTH=8\Y_WIDTH=8 for cells of type $alu.
Using template $paramod\_90_alu\A_SIGNED=0\B_SIGNED=0\A_WIDTH=4\B_WIDTH=4\Y_WIDTH=4 for cells of type $alu.
Using template $paramod\_90_alu\A_SIGNED=0\B_SIGNED=0\A_WIDTH=9\B_WIDTH=9\Y_WIDTH=9 for cells of type $alu.
Using template $paramod\_90_alu\A_SIGNED=0\B_SIGNED=0\A_WIDTH=10\B_WIDTH=10\Y_WIDTH=10 for cells of type $alu.
Using extmapper maccmap for cells of type $macc.
  add { 5'00000 \drift_age } * 9'000000011 (9x9 bits, unsigned)
Using extmapper simplemap for cells of type $xor.
Using template $paramod\_90_lcu\WIDTH=8 for cells of type $lcu.
Using extmapper simplemap for cells of type $pos.
Using template $paramod\_90_lcu\WIDTH=4 for cells of type $lcu.
Using template $paramod\_90_fa\WIDTH=9 for cells of type $fa.
Using template $paramod\_90_lcu\WIDTH=9 for cells of type $lcu.
Using template $paramod\_90_lcu\WIDTH=10 for cells of type $lcu.
Using extmapper simplemap for cells of type $adff.
Using extmapper simplemap for cells of type $dff.
No more expansions possible.
<suppressed ~1292 debug messages>

13. Executing OPT pass (performing simple optimizations).

13.1. Executing OPT_EXPR pass (perform const folding).
Optimizing module aimc_error_budget_governor.
<suppressed ~819 debug messages>
Optimizing module aimc_scheduler_governor_pipelined.
<suppressed ~89 debug messages>
Optimizing module aimc_tile_service_scheduler.
<suppressed ~30 debug messages>

13.2. Executing OPT_MERGE pass (detect identical cells).
Finding identical cells in module `\aimc_error_budget_governor'.
<suppressed ~207 debug messages>
Finding identical cells in module `\aimc_scheduler_governor_pipelined'.
<suppressed ~60 debug messages>
Finding identical cells in module `\aimc_tile_service_scheduler'.
<suppressed ~18 debug messages>
Removed a total of 95 cells.

13.3. Executing OPT_MUXTREE pass (detect dead branches in mux trees).
Running muxtree optimizer on module \aimc_error_budget_governor..
  Creating internal representation of mux trees.
  No muxes found in this module.
Running muxtree optimizer on module \aimc_scheduler_governor_pipelined..
  Creating internal representation of mux trees.
  No muxes found in this module.
Running muxtree optimizer on module \aimc_tile_service_scheduler..
  Creating internal representation of mux trees.
  No muxes found in this module.
Removed 0 multiplexer ports.

13.4. Executing OPT_REDUCE pass (consolidate $*mux and $reduce_* inputs).
  Optimizing cells in module \aimc_error_budget_governor.
  Optimizing cells in module \aimc_scheduler_governor_pipelined.
  Optimizing cells in module \aimc_tile_service_scheduler.
Performed a total of 0 changes.

13.5. Executing OPT_MERGE pass (detect identical cells).
Finding identical cells in module `\aimc_error_budget_governor'.
Finding identical cells in module `\aimc_scheduler_governor_pipelined'.
Finding identical cells in module `\aimc_tile_service_scheduler'.
Removed a total of 0 cells.

13.6. Executing OPT_RMDFF pass (remove dff with constant values).

13.7. Executing OPT_CLEAN pass (remove unused cells and wires).
Finding unused cells or wires in module \aimc_error_budget_governor..
Finding unused cells or wires in module \aimc_scheduler_governor_pipelined..
Finding unused cells or wires in module \aimc_tile_service_scheduler..
Removed 112 unused cells and 643 unused wires.
<suppressed ~115 debug messages>

13.8. Executing OPT_EXPR pass (perform const folding).
Optimizing module aimc_error_budget_governor.
Optimizing module aimc_scheduler_governor_pipelined.
Optimizing module aimc_tile_service_scheduler.

13.9. Rerunning OPT passes. (Maybe there is more to do..)

13.10. Executing OPT_MUXTREE pass (detect dead branches in mux trees).
Running muxtree optimizer on module \aimc_error_budget_governor..
  Creating internal representation of mux trees.
  No muxes found in this module.
Running muxtree optimizer on module \aimc_scheduler_governor_pipelined..
  Creating internal representation of mux trees.
  No muxes found in this module.
Running muxtree optimizer on module \aimc_tile_service_scheduler..
  Creating internal representation of mux trees.
  No muxes found in this module.
Removed 0 multiplexer ports.

13.11. Executing OPT_REDUCE pass (consolidate $*mux and $reduce_* inputs).
  Optimizing cells in module \aimc_error_budget_governor.
  Optimizing cells in module \aimc_scheduler_governor_pipelined.
  Optimizing cells in module \aimc_tile_service_scheduler.
Performed a total of 0 changes.

13.12. Executing OPT_MERGE pass (detect identical cells).
Finding identical cells in module `\aimc_error_budget_governor'.
Finding identical cells in module `\aimc_scheduler_governor_pipelined'.
Finding identical cells in module `\aimc_tile_service_scheduler'.
Removed a total of 0 cells.

13.13. Executing OPT_RMDFF pass (remove dff with constant values).

13.14. Executing OPT_CLEAN pass (remove unused cells and wires).
Finding unused cells or wires in module \aimc_error_budget_governor..
Finding unused cells or wires in module \aimc_scheduler_governor_pipelined..
Finding unused cells or wires in module \aimc_tile_service_scheduler..

13.15. Executing OPT_EXPR pass (perform const folding).
Optimizing module aimc_error_budget_governor.
Optimizing module aimc_scheduler_governor_pipelined.
Optimizing module aimc_tile_service_scheduler.

13.16. Finished OPT passes. (There is nothing left to do.)

14. Printing statistics.

=== aimc_error_budget_governor ===

   Number of wires:                181
   Number of wire bits:            589
   Number of public wires:          15
   Number of public wire bits:      89
   Number of memories:               0
   Number of memory bits:            0
   Number of processes:              0
   Number of cells:                353
     $_AND_                        131
     $_MUX_                         78
     $_NOT_                         12
     $_OR_                          61
     $_XOR_                         71

=== aimc_scheduler_governor_pipelined ===

   Number of wires:                100
   Number of wire bits:            295
   Number of public wires:          48
   Number of public wire bits:     176
   Number of memories:               0
   Number of memory bits:            0
   Number of processes:              0
   Number of cells:                184
     $_DFF_PN0_                      6
     $_DFF_P_                       86
     $_MUX_                         49
     $_NOT_                          7
     $_OR_                          26
     $_XOR_                          8
     aimc_error_budget_governor      1
     aimc_tile_service_scheduler      1

=== aimc_tile_service_scheduler ===

   Number of wires:                124
   Number of wire bits:            204
   Number of public wires:          31
   Number of public wire bits:      55
   Number of memories:               0
   Number of memory bits:            0
   Number of processes:              0
   Number of cells:                154
     $_AND_                         22
     $_MUX_                         58
     $_NOT_                         30
     $_OR_                          34
     $_XOR_                         10

=== design hierarchy ===

   aimc_scheduler_governor_pipelined      1
     aimc_error_budget_governor      1
     aimc_tile_service_scheduler      1

   Number of wires:                405
   Number of wire bits:           1088
   Number of public wires:          94
   Number of public wire bits:     320
   Number of memories:               0
   Number of memory bits:            0
   Number of processes:              0
   Number of cells:                689
     $_AND_                        153
     $_DFF_PN0_                      6
     $_DFF_P_                       86
     $_MUX_                        185
     $_NOT_                         49
     $_OR_                         121
     $_XOR_                         89

