
1. Executing Verilog-2005 frontend: ../aimc-control-plane-rtl/aimc_operation_partition.v
Parsing Verilog input from `../aimc-control-plane-rtl/aimc_operation_partition.v' to AST representation.
Generating RTLIL representation for module `\aimc_operation_partition'.
Successfully finished Verilog frontend.

2. Executing Verilog-2005 frontend: ../aimc-control-plane-rtl/aimc_tile_readout.v
Parsing Verilog input from `../aimc-control-plane-rtl/aimc_tile_readout.v' to AST representation.
Generating RTLIL representation for module `\aimc_tile_readout'.
Successfully finished Verilog frontend.

3. Executing Verilog-2005 frontend: ../aimc-control-plane-rtl/aimc_micro_tile_controller.v
Parsing Verilog input from `../aimc-control-plane-rtl/aimc_micro_tile_controller.v' to AST representation.
Generating RTLIL representation for module `\aimc_micro_tile_controller'.
Successfully finished Verilog frontend.

4. Executing HIERARCHY pass (managing design hierarchy).

4.1. Analyzing design hierarchy..
Top module:  \aimc_micro_tile_controller
Used module:     \aimc_tile_readout
Used module:     \aimc_operation_partition

4.2. Analyzing design hierarchy..
Top module:  \aimc_micro_tile_controller
Used module:     \aimc_tile_readout
Used module:     \aimc_operation_partition
Removed 0 unused modules.

5. Executing PROC pass (convert processes to netlists).

5.1. Executing PROC_CLEAN pass (remove empty switches from decision trees).
Cleaned up 0 empty switches.

5.2. Executing PROC_RMDEAD pass (remove dead branches from decision trees).
Marked 10 switch rules as full_case in process $proc$../aimc-control-plane-rtl/aimc_micro_tile_controller.v:97$61 in module aimc_micro_tile_controller.
Marked 6 switch rules as full_case in process $proc$../aimc-control-plane-rtl/aimc_tile_readout.v:37$55 in module aimc_tile_readout.
Marked 8 switch rules as full_case in process $proc$../aimc-control-plane-rtl/aimc_operation_partition.v:50$29 in module aimc_operation_partition.
Removed a total of 0 dead cases.

5.3. Executing PROC_INIT pass (extract init attributes).

5.4. Executing PROC_ARST pass (detect async resets in processes).
Found async reset \rst_n in `\aimc_micro_tile_controller.$proc$../aimc-control-plane-rtl/aimc_micro_tile_controller.v:97$61'.
Found async reset \rst_n in `\aimc_tile_readout.$proc$../aimc-control-plane-rtl/aimc_tile_readout.v:37$55'.

5.5. Executing PROC_MUX pass (convert decision trees to multiplexers).
Creating decoders for process `\aimc_micro_tile_controller.$proc$../aimc-control-plane-rtl/aimc_micro_tile_controller.v:97$61'.
     1/10: $0\pending_tile_id[7:0]
     2/10: $0\analog_read_pending[0:0]
     3/10: $0\tile_health_action[1:0]
     4/10: $0\stale_fallback_count[15:0]
     5/10: $0\residual_fallback_count[15:0]
     6/10: $0\fallback_count[15:0]
     7/10: $0\last_fallback_tile_id[7:0]
     8/10: $0\execution_path[1:0]
     9/10: $0\accepted_count[15:0]
    10/10: $0\reason[3:0]
Creating decoders for process `\aimc_tile_readout.$proc$../aimc-control-plane-rtl/aimc_tile_readout.v:37$55'.
     1/4: $0\fallback[0:0]
     2/4: $0\output_valid[0:0]
     3/4: $0\corrected_value[15:0]
     4/4: $0\reason[3:0]
Creating decoders for process `\aimc_operation_partition.$proc$../aimc-control-plane-rtl/aimc_operation_partition.v:50$29'.
     1/18: $8\reason[3:0]
     2/18: $8\placement[1:0]
     3/18: $7\reason[3:0]
     4/18: $7\placement[1:0]
     5/18: $6\reason[3:0]
     6/18: $6\placement[1:0]
     7/18: $5\reason[3:0]
     8/18: $5\placement[1:0]
     9/18: $4\reason[3:0]
    10/18: $4\placement[1:0]
    11/18: $3\reason[3:0]
    12/18: $3\placement[1:0]
    13/18: $2\reason[3:0]
    14/18: $2\placement[1:0]
    15/18: $1\reason[3:0]
    16/18: $1\placement[1:0]
    17/18: $0\reason[3:0]
    18/18: $0\placement[1:0]

5.6. Executing PROC_DLATCH pass (convert process syncs to latches).
No latch inferred for signal `\aimc_operation_partition.\placement' from process `\aimc_operation_partition.$proc$../aimc-control-plane-rtl/aimc_operation_partition.v:50$29'.
No latch inferred for signal `\aimc_operation_partition.\reason' from process `\aimc_operation_partition.$proc$../aimc-control-plane-rtl/aimc_operation_partition.v:50$29'.

5.7. Executing PROC_DFF pass (convert process syncs to FFs).
Creating register for signal `\aimc_micro_tile_controller.\reason' using process `\aimc_micro_tile_controller.$proc$../aimc-control-plane-rtl/aimc_micro_tile_controller.v:97$61'.
  created $adff cell `$procdff$564' with positive edge clock and negative level reset.
Creating register for signal `\aimc_micro_tile_controller.\accepted_count' using process `\aimc_micro_tile_controller.$proc$../aimc-control-plane-rtl/aimc_micro_tile_controller.v:97$61'.
  created $adff cell `$procdff$565' with positive edge clock and negative level reset.
Creating register for signal `\aimc_micro_tile_controller.\execution_path' using process `\aimc_micro_tile_controller.$proc$../aimc-control-plane-rtl/aimc_micro_tile_controller.v:97$61'.
  created $adff cell `$procdff$566' with positive edge clock and negative level reset.
Creating register for signal `\aimc_micro_tile_controller.\last_fallback_tile_id' using process `\aimc_micro_tile_controller.$proc$../aimc-control-plane-rtl/aimc_micro_tile_controller.v:97$61'.
  created $adff cell `$procdff$567' with positive edge clock and negative level reset.
Creating register for signal `\aimc_micro_tile_controller.\fallback_count' using process `\aimc_micro_tile_controller.$proc$../aimc-control-plane-rtl/aimc_micro_tile_controller.v:97$61'.
  created $adff cell `$procdff$568' with positive edge clock and negative level reset.
Creating register for signal `\aimc_micro_tile_controller.\residual_fallback_count' using process `\aimc_micro_tile_controller.$proc$../aimc-control-plane-rtl/aimc_micro_tile_controller.v:97$61'.
  created $adff cell `$procdff$569' with positive edge clock and negative level reset.
Creating register for signal `\aimc_micro_tile_controller.\stale_fallback_count' using process `\aimc_micro_tile_controller.$proc$../aimc-control-plane-rtl/aimc_micro_tile_controller.v:97$61'.
  created $adff cell `$procdff$570' with positive edge clock and negative level reset.
Creating register for signal `\aimc_micro_tile_controller.\tile_health_action' using process `\aimc_micro_tile_controller.$proc$../aimc-control-plane-rtl/aimc_micro_tile_controller.v:97$61'.
  created $adff cell `$procdff$571' with positive edge clock and negative level reset.
Creating register for signal `\aimc_micro_tile_controller.\analog_read_pending' using process `\aimc_micro_tile_controller.$proc$../aimc-control-plane-rtl/aimc_micro_tile_controller.v:97$61'.
  created $adff cell `$procdff$572' with positive edge clock and negative level reset.
Creating register for signal `\aimc_micro_tile_controller.\pending_tile_id' using process `\aimc_micro_tile_controller.$proc$../aimc-control-plane-rtl/aimc_micro_tile_controller.v:97$61'.
  created $adff cell `$procdff$573' with positive edge clock and negative level reset.
Creating register for signal `\aimc_tile_readout.\reason' using process `\aimc_tile_readout.$proc$../aimc-control-plane-rtl/aimc_tile_readout.v:37$55'.
  created $adff cell `$procdff$574' with positive edge clock and negative level reset.
Creating register for signal `\aimc_tile_readout.\corrected_value' using process `\aimc_tile_readout.$proc$../aimc-control-plane-rtl/aimc_tile_readout.v:37$55'.
  created $adff cell `$procdff$575' with positive edge clock and negative level reset.
Creating register for signal `\aimc_tile_readout.\output_valid' using process `\aimc_tile_readout.$proc$../aimc-control-plane-rtl/aimc_tile_readout.v:37$55'.
  created $adff cell `$procdff$576' with positive edge clock and negative level reset.
Creating register for signal `\aimc_tile_readout.\fallback' using process `\aimc_tile_readout.$proc$../aimc-control-plane-rtl/aimc_tile_readout.v:37$55'.
  created $adff cell `$procdff$577' with positive edge clock and negative level reset.

5.8. Executing PROC_CLEAN pass (remove empty switches from decision trees).
Found and cleaned up 16 empty switches in `\aimc_micro_tile_controller.$proc$../aimc-control-plane-rtl/aimc_micro_tile_controller.v:97$61'.
Removing empty process `aimc_micro_tile_controller.$proc$../aimc-control-plane-rtl/aimc_micro_tile_controller.v:97$61'.
Found and cleaned up 6 empty switches in `\aimc_tile_readout.$proc$../aimc-control-plane-rtl/aimc_tile_readout.v:37$55'.
Removing empty process `aimc_tile_readout.$proc$../aimc-control-plane-rtl/aimc_tile_readout.v:37$55'.
Found and cleaned up 8 empty switches in `\aimc_operation_partition.$proc$../aimc-control-plane-rtl/aimc_operation_partition.v:50$29'.
Removing empty process `aimc_operation_partition.$proc$../aimc-control-plane-rtl/aimc_operation_partition.v:50$29'.
Cleaned up 30 empty switches.

6. Executing OPT pass (performing simple optimizations).

6.1. Executing OPT_EXPR pass (perform const folding).
Optimizing module aimc_micro_tile_controller.
<suppressed ~1 debug messages>
Optimizing module aimc_tile_readout.
<suppressed ~2 debug messages>
Optimizing module aimc_operation_partition.
<suppressed ~1 debug messages>

6.2. Executing OPT_MERGE pass (detect identical cells).
Finding identical cells in module `\aimc_micro_tile_controller'.
<suppressed ~3 debug messages>
Finding identical cells in module `\aimc_tile_readout'.
<suppressed ~3 debug messages>
Finding identical cells in module `\aimc_operation_partition'.
<suppressed ~12 debug messages>
Removed a total of 6 cells.

6.3. Executing OPT_MUXTREE pass (detect dead branches in mux trees).
Running muxtree optimizer on module \aimc_micro_tile_controller..
  Creating internal representation of mux trees.
  Evaluating internal representation of mux trees.
      Replacing known input bits on port A of cell $procmux$117: \analog_read_pending -> 1'0
      Replacing known input bits on port B of cell $procmux$115: \analog_read_pending -> 1'0
      Replacing known input bits on port B of cell $procmux$112: \analog_read_pending -> 1'0
  Analyzing evaluation results.
Running muxtree optimizer on module \aimc_tile_readout..
  Creating internal representation of mux trees.
  Evaluating internal representation of mux trees.
  Analyzing evaluation results.
Running muxtree optimizer on module \aimc_operation_partition..
  Creating internal representation of mux trees.
  Evaluating internal representation of mux trees.
  Analyzing evaluation results.
    dead port 1/2 on $mux $procmux$550.
    dead port 1/2 on $mux $procmux$544.
    dead port 1/2 on $mux $procmux$541.
    dead port 1/2 on $mux $procmux$535.
    dead port 1/2 on $mux $procmux$532.
    dead port 1/2 on $mux $procmux$526.
    dead port 1/2 on $mux $procmux$523.
    dead port 1/2 on $mux $procmux$520.
    dead port 1/2 on $mux $procmux$514.
    dead port 1/2 on $mux $procmux$511.
    dead port 1/2 on $mux $procmux$508.
    dead port 1/2 on $mux $procmux$502.
    dead port 1/2 on $mux $procmux$499.
    dead port 1/2 on $mux $procmux$496.
    dead port 1/2 on $mux $procmux$493.
    dead port 1/2 on $mux $procmux$487.
    dead port 1/2 on $mux $procmux$484.
    dead port 1/2 on $mux $procmux$481.
    dead port 1/2 on $mux $procmux$478.
    dead port 1/2 on $mux $procmux$472.
    dead port 1/2 on $mux $procmux$469.
    dead port 1/2 on $mux $procmux$466.
    dead port 1/2 on $mux $procmux$463.
    dead port 1/2 on $mux $procmux$460.
    dead port 1/2 on $mux $procmux$454.
    dead port 1/2 on $mux $procmux$451.
    dead port 1/2 on $mux $procmux$448.
    dead port 1/2 on $mux $procmux$445.
    dead port 1/2 on $mux $procmux$442.
    dead port 1/2 on $mux $procmux$436.
    dead port 1/2 on $mux $procmux$433.
    dead port 1/2 on $mux $procmux$430.
    dead port 1/2 on $mux $procmux$427.
    dead port 1/2 on $mux $procmux$424.
    dead port 1/2 on $mux $procmux$421.
    dead port 1/2 on $mux $procmux$415.
    dead port 1/2 on $mux $procmux$412.
    dead port 1/2 on $mux $procmux$409.
    dead port 1/2 on $mux $procmux$406.
    dead port 1/2 on $mux $procmux$403.
    dead port 1/2 on $mux $procmux$400.
    dead port 1/2 on $mux $procmux$394.
    dead port 1/2 on $mux $procmux$391.
    dead port 1/2 on $mux $procmux$388.
    dead port 1/2 on $mux $procmux$385.
    dead port 1/2 on $mux $procmux$382.
    dead port 1/2 on $mux $procmux$379.
    dead port 1/2 on $mux $procmux$376.
    dead port 1/2 on $mux $procmux$370.
    dead port 1/2 on $mux $procmux$367.
    dead port 1/2 on $mux $procmux$364.
    dead port 1/2 on $mux $procmux$361.
    dead port 1/2 on $mux $procmux$358.
    dead port 1/2 on $mux $procmux$355.
    dead port 1/2 on $mux $procmux$352.
    dead port 1/2 on $mux $procmux$556.
Removed 56 multiplexer ports.
<suppressed ~17 debug messages>

6.4. Executing OPT_REDUCE pass (consolidate $*mux and $reduce_* inputs).
  Optimizing cells in module \aimc_micro_tile_controller.
  Optimizing cells in module \aimc_tile_readout.
  Optimizing cells in module \aimc_operation_partition.
Performed a total of 0 changes.

6.5. Executing OPT_MERGE pass (detect identical cells).
Finding identical cells in module `\aimc_micro_tile_controller'.
Finding identical cells in module `\aimc_tile_readout'.
Finding identical cells in module `\aimc_operation_partition'.
Removed a total of 0 cells.

6.6. Executing OPT_RMDFF pass (remove dff with constant values).

6.7. Executing OPT_CLEAN pass (remove unused cells and wires).
Finding unused cells or wires in module \aimc_micro_tile_controller..
Finding unused cells or wires in module \aimc_tile_readout..
Finding unused cells or wires in module \aimc_operation_partition..
Removed 2 unused cells and 275 unused wires.
<suppressed ~5 debug messages>

6.8. Executing OPT_EXPR pass (perform const folding).
Optimizing module aimc_micro_tile_controller.
Optimizing module aimc_operation_partition.
Optimizing module aimc_tile_readout.

6.9. Rerunning OPT passes. (Maybe there is more to do..)

6.10. Executing OPT_MUXTREE pass (detect dead branches in mux trees).
Running muxtree optimizer on module \aimc_micro_tile_controller..
  Creating internal representation of mux trees.
  Evaluating internal representation of mux trees.
  Analyzing evaluation results.
Running muxtree optimizer on module \aimc_operation_partition..
  Creating internal representation of mux trees.
  Evaluating internal representation of mux trees.
  Analyzing evaluation results.
Running muxtree optimizer on module \aimc_tile_readout..
  Creating internal representation of mux trees.
  Evaluating internal representation of mux trees.
  Analyzing evaluation results.
Removed 0 multiplexer ports.
<suppressed ~17 debug messages>

6.11. Executing OPT_REDUCE pass (consolidate $*mux and $reduce_* inputs).
  Optimizing cells in module \aimc_micro_tile_controller.
  Optimizing cells in module \aimc_operation_partition.
  Optimizing cells in module \aimc_tile_readout.
Performed a total of 0 changes.

6.12. Executing OPT_MERGE pass (detect identical cells).
Finding identical cells in module `\aimc_micro_tile_controller'.
Finding identical cells in module `\aimc_operation_partition'.
Finding identical cells in module `\aimc_tile_readout'.
Removed a total of 0 cells.

6.13. Executing OPT_RMDFF pass (remove dff with constant values).

6.14. Executing OPT_CLEAN pass (remove unused cells and wires).
Finding unused cells or wires in module \aimc_micro_tile_controller..
Finding unused cells or wires in module \aimc_operation_partition..
Finding unused cells or wires in module \aimc_tile_readout..

6.15. Executing OPT_EXPR pass (perform const folding).
Optimizing module aimc_micro_tile_controller.
Optimizing module aimc_operation_partition.
Optimizing module aimc_tile_readout.

6.16. Finished OPT passes. (There is nothing left to do.)

7. Executing FSM pass (extract and optimize FSM).

7.1. Executing FSM_DETECT pass (finding FSMs in design).
Not marking aimc_micro_tile_controller.execution_path as FSM state register:
    Register is connected to module port.
    Users of register don't seem to benefit from recoding.
Not marking aimc_micro_tile_controller.tile_health_action as FSM state register:
    Register is connected to module port.
    Users of register don't seem to benefit from recoding.
Not marking aimc_tile_readout.reason as FSM state register:
    Register is connected to module port.
    Users of register don't seem to benefit from recoding.

7.2. Executing FSM_EXTRACT pass (extracting FSM from design).

7.3. Executing FSM_OPT pass (simple optimizations of FSMs).

7.4. Executing OPT_CLEAN pass (remove unused cells and wires).
Finding unused cells or wires in module \aimc_micro_tile_controller..
Finding unused cells or wires in module \aimc_operation_partition..
Finding unused cells or wires in module \aimc_tile_readout..

7.5. Executing FSM_OPT pass (simple optimizations of FSMs).

7.6. Executing FSM_RECODE pass (re-assigning FSM state encoding).

7.7. Executing FSM_INFO pass (dumping all available information on FSM cells).

7.8. Executing FSM_MAP pass (mapping FSMs to basic logic).

8. Executing OPT pass (performing simple optimizations).

8.1. Executing OPT_EXPR pass (perform const folding).
Optimizing module aimc_micro_tile_controller.
Optimizing module aimc_operation_partition.
Optimizing module aimc_tile_readout.

8.2. Executing OPT_MERGE pass (detect identical cells).
Finding identical cells in module `\aimc_micro_tile_controller'.
Finding identical cells in module `\aimc_operation_partition'.
Finding identical cells in module `\aimc_tile_readout'.
Removed a total of 0 cells.

8.3. Executing OPT_MUXTREE pass (detect dead branches in mux trees).
Running muxtree optimizer on module \aimc_micro_tile_controller..
  Creating internal representation of mux trees.
  Evaluating internal representation of mux trees.
  Analyzing evaluation results.
Running muxtree optimizer on module \aimc_operation_partition..
  Creating internal representation of mux trees.
  Evaluating internal representation of mux trees.
  Analyzing evaluation results.
Running muxtree optimizer on module \aimc_tile_readout..
  Creating internal representation of mux trees.
  Evaluating internal representation of mux trees.
  Analyzing evaluation results.
Removed 0 multiplexer ports.
<suppressed ~17 debug messages>

8.4. Executing OPT_REDUCE pass (consolidate $*mux and $reduce_* inputs).
  Optimizing cells in module \aimc_micro_tile_controller.
  Optimizing cells in module \aimc_operation_partition.
  Optimizing cells in module \aimc_tile_readout.
Performed a total of 0 changes.

8.5. Executing OPT_MERGE pass (detect identical cells).
Finding identical cells in module `\aimc_micro_tile_controller'.
Finding identical cells in module `\aimc_operation_partition'.
Finding identical cells in module `\aimc_tile_readout'.
Removed a total of 0 cells.

8.6. Executing OPT_RMDFF pass (remove dff with constant values).

8.7. Executing OPT_CLEAN pass (remove unused cells and wires).
Finding unused cells or wires in module \aimc_micro_tile_controller..
Finding unused cells or wires in module \aimc_operation_partition..
Finding unused cells or wires in module \aimc_tile_readout..

8.8. Executing OPT_EXPR pass (perform const folding).
Optimizing module aimc_micro_tile_controller.
Optimizing module aimc_operation_partition.
Optimizing module aimc_tile_readout.

8.9. Finished OPT passes. (There is nothing left to do.)

9. Executing MEMORY pass.

9.1. Executing MEMORY_DFF pass (merging $dff cells to $memrd and $memwr).

9.2. Executing OPT_CLEAN pass (remove unused cells and wires).
Finding unused cells or wires in module \aimc_micro_tile_controller..
Finding unused cells or wires in module \aimc_operation_partition..
Finding unused cells or wires in module \aimc_tile_readout..

9.3. Executing MEMORY_SHARE pass (consolidating $memrd/$memwr cells).

9.4. Executing OPT_CLEAN pass (remove unused cells and wires).
Finding unused cells or wires in module \aimc_micro_tile_controller..
Finding unused cells or wires in module \aimc_operation_partition..
Finding unused cells or wires in module \aimc_tile_readout..

9.5. Executing MEMORY_COLLECT pass (generating $mem cells).

9.6. Executing MEMORY_MAP pass (converting $mem cells to logic and flip-flops).

10. Executing OPT pass (performing simple optimizations).

10.1. Executing OPT_EXPR pass (perform const folding).
Optimizing module aimc_micro_tile_controller.
Optimizing module aimc_operation_partition.
Optimizing module aimc_tile_readout.

10.2. Executing OPT_MERGE pass (detect identical cells).
Finding identical cells in module `\aimc_micro_tile_controller'.
Finding identical cells in module `\aimc_operation_partition'.
Finding identical cells in module `\aimc_tile_readout'.
Removed a total of 0 cells.

10.3. Executing OPT_MUXTREE pass (detect dead branches in mux trees).
Running muxtree optimizer on module \aimc_micro_tile_controller..
  Creating internal representation of mux trees.
  Evaluating internal representation of mux trees.
  Analyzing evaluation results.
Running muxtree optimizer on module \aimc_operation_partition..
  Creating internal representation of mux trees.
  Evaluating internal representation of mux trees.
  Analyzing evaluation results.
Running muxtree optimizer on module \aimc_tile_readout..
  Creating internal representation of mux trees.
  Evaluating internal representation of mux trees.
  Analyzing evaluation results.
Removed 0 multiplexer ports.
<suppressed ~17 debug messages>

10.4. Executing OPT_REDUCE pass (consolidate $*mux and $reduce_* inputs).
  Optimizing cells in module \aimc_micro_tile_controller.
  Optimizing cells in module \aimc_operation_partition.
  Optimizing cells in module \aimc_tile_readout.
Performed a total of 0 changes.

10.5. Executing OPT_MERGE pass (detect identical cells).
Finding identical cells in module `\aimc_micro_tile_controller'.
Finding identical cells in module `\aimc_operation_partition'.
Finding identical cells in module `\aimc_tile_readout'.
Removed a total of 0 cells.

10.6. Executing OPT_RMDFF pass (remove dff with constant values).

10.7. Executing OPT_CLEAN pass (remove unused cells and wires).
Finding unused cells or wires in module \aimc_micro_tile_controller..
Finding unused cells or wires in module \aimc_operation_partition..
Finding unused cells or wires in module \aimc_tile_readout..

10.8. Executing OPT_EXPR pass (perform const folding).
Optimizing module aimc_micro_tile_controller.
Optimizing module aimc_operation_partition.
Optimizing module aimc_tile_readout.

10.9. Finished OPT passes. (There is nothing left to do.)

11. Executing TECHMAP pass (map to technology primitives).

11.1. Executing Verilog-2005 frontend: <techmap.v>
Parsing Verilog input from `<techmap.v>' to AST representation.
Generating RTLIL representation for module `\_90_simplemap_bool_ops'.
Generating RTLIL representation for module `\_90_simplemap_reduce_ops'.
Generating RTLIL representation for module `\_90_simplemap_logic_ops'.
Generating RTLIL representation for module `\_90_simplemap_compare_ops'.
Generating RTLIL representation for module `\_90_simplemap_various'.
Generating RTLIL representation for module `\_90_simplemap_registers'.
Generating RTLIL representation for module `\_90_shift_ops_shr_shl_sshl_sshr'.
Generating RTLIL representation for module `\_90_shift_shiftx'.
Generating RTLIL representation for module `\_90_fa'.
Generating RTLIL representation for module `\_90_lcu'.
Generating RTLIL representation for module `\_90_alu'.
Generating RTLIL representation for module `\_90_macc'.
Generating RTLIL representation for module `\_90_alumacc'.
Generating RTLIL representation for module `\$__div_mod_u'.
Generating RTLIL representation for module `\$__div_mod'.
Generating RTLIL representation for module `\_90_div'.
Generating RTLIL representation for module `\_90_mod'.
Generating RTLIL representation for module `\_90_pow'.
Generating RTLIL representation for module `\_90_pmux'.
Generating RTLIL representation for module `\_90_lut'.
Successfully finished Verilog frontend.

11.2. Continuing TECHMAP pass.
Running "alumacc" on wrapper $extern:wrap:$ge:A_SIGNED=0:A_WIDTH=16:B_SIGNED=0:B_WIDTH=16:Y_WIDTH=1:394426c56d1a028ba8fdd5469b163e04011def47.
Using template $extern:wrap:$ge:A_SIGNED=0:A_WIDTH=16:B_SIGNED=0:B_WIDTH=16:Y_WIDTH=1:394426c56d1a028ba8fdd5469b163e04011def47 for cells of type $extern:wrap:$ge:A_SIGNED=0:A_WIDTH=16:B_SIGNED=0:B_WIDTH=16:Y_WIDTH=1:394426c56d1a028ba8fdd5469b163e04011def47.
Running "alumacc" on wrapper $extern:wrap:$ge:A_SIGNED=0:A_WIDTH=8:B_SIGNED=0:B_WIDTH=8:Y_WIDTH=1:394426c56d1a028ba8fdd5469b163e04011def47.
Using template $extern:wrap:$ge:A_SIGNED=0:A_WIDTH=8:B_SIGNED=0:B_WIDTH=8:Y_WIDTH=1:394426c56d1a028ba8fdd5469b163e04011def47 for cells of type $extern:wrap:$ge:A_SIGNED=0:A_WIDTH=8:B_SIGNED=0:B_WIDTH=8:Y_WIDTH=1:394426c56d1a028ba8fdd5469b163e04011def47.
Using extmapper simplemap for cells of type $logic_and.
Using extmapper simplemap for cells of type $logic_or.
Using extmapper simplemap for cells of type $eq.
Using extmapper simplemap for cells of type $logic_not.
Running "alumacc" on wrapper $extern:wrap:$gt:A_SIGNED=0:A_WIDTH=8:B_SIGNED=0:B_WIDTH=8:Y_WIDTH=1:394426c56d1a028ba8fdd5469b163e04011def47.
Using template $extern:wrap:$gt:A_SIGNED=0:A_WIDTH=8:B_SIGNED=0:B_WIDTH=8:Y_WIDTH=1:394426c56d1a028ba8fdd5469b163e04011def47 for cells of type $extern:wrap:$gt:A_SIGNED=0:A_WIDTH=8:B_SIGNED=0:B_WIDTH=8:Y_WIDTH=1:394426c56d1a028ba8fdd5469b163e04011def47.
Using extmapper simplemap for cells of type $mux.
Using extmapper simplemap for cells of type $reduce_or.
Using extmapper simplemap for cells of type $reduce_and.
Using extmapper simplemap for cells of type $not.
Using extmapper simplemap for cells of type $or.
Using template $paramod\_90_alu\A_SIGNED=0\B_SIGNED=0\A_WIDTH=8\B_WIDTH=8\Y_WIDTH=8 for cells of type $alu.
Using template $paramod\_90_alu\A_SIGNED=0\B_SIGNED=0\A_WIDTH=16\B_WIDTH=16\Y_WIDTH=16 for cells of type $alu.
Using extmapper simplemap for cells of type $and.
Using extmapper simplemap for cells of type $xor.
Using template $paramod\_90_lcu\WIDTH=8 for cells of type $lcu.
Using extmapper simplemap for cells of type $pos.
Using template $paramod\_90_lcu\WIDTH=16 for cells of type $lcu.
Running "alumacc" on wrapper $extern:wrap:$sub:A_SIGNED=0:A_WIDTH=16:B_SIGNED=0:B_WIDTH=16:Y_WIDTH=16:394426c56d1a028ba8fdd5469b163e04011def47.
Using template $extern:wrap:$sub:A_SIGNED=0:A_WIDTH=16:B_SIGNED=0:B_WIDTH=16:Y_WIDTH=16:394426c56d1a028ba8fdd5469b163e04011def47 for cells of type $extern:wrap:$sub:A_SIGNED=0:A_WIDTH=16:B_SIGNED=0:B_WIDTH=16:Y_WIDTH=16:394426c56d1a028ba8fdd5469b163e04011def47.
Running "alumacc" on wrapper $extern:wrap:$mul:A_SIGNED=1:A_WIDTH=16:B_SIGNED=1:B_WIDTH=9:Y_WIDTH=26:394426c56d1a028ba8fdd5469b163e04011def47.
Using template $extern:wrap:$mul:A_SIGNED=1:A_WIDTH=16:B_SIGNED=1:B_WIDTH=9:Y_WIDTH=26:394426c56d1a028ba8fdd5469b163e04011def47 for cells of type $extern:wrap:$mul:A_SIGNED=1:A_WIDTH=16:B_SIGNED=1:B_WIDTH=9:Y_WIDTH=26:394426c56d1a028ba8fdd5469b163e04011def47.
Running "alumacc" on wrapper $extern:wrap:$add:A_SIGNED=0:A_WIDTH=26:B_SIGNED=0:B_WIDTH=26:Y_WIDTH=26:394426c56d1a028ba8fdd5469b163e04011def47.
Using template $extern:wrap:$add:A_SIGNED=0:A_WIDTH=26:B_SIGNED=0:B_WIDTH=26:Y_WIDTH=26:394426c56d1a028ba8fdd5469b163e04011def47 for cells of type $extern:wrap:$add:A_SIGNED=0:A_WIDTH=26:B_SIGNED=0:B_WIDTH=26:Y_WIDTH=26:394426c56d1a028ba8fdd5469b163e04011def47.
Running "alumacc" on wrapper $extern:wrap:$gt:A_SIGNED=1:A_WIDTH=26:B_SIGNED=1:B_WIDTH=26:Y_WIDTH=1:394426c56d1a028ba8fdd5469b163e04011def47.
Using template $extern:wrap:$gt:A_SIGNED=1:A_WIDTH=26:B_SIGNED=1:B_WIDTH=26:Y_WIDTH=1:394426c56d1a028ba8fdd5469b163e04011def47 for cells of type $extern:wrap:$gt:A_SIGNED=1:A_WIDTH=26:B_SIGNED=1:B_WIDTH=26:Y_WIDTH=1:394426c56d1a028ba8fdd5469b163e04011def47.
Running "alumacc" on wrapper $extern:wrap:$lt:A_SIGNED=1:A_WIDTH=26:B_SIGNED=1:B_WIDTH=26:Y_WIDTH=1:394426c56d1a028ba8fdd5469b163e04011def47.
Using template $extern:wrap:$lt:A_SIGNED=1:A_WIDTH=26:B_SIGNED=1:B_WIDTH=26:Y_WIDTH=1:394426c56d1a028ba8fdd5469b163e04011def47 for cells of type $extern:wrap:$lt:A_SIGNED=1:A_WIDTH=26:B_SIGNED=1:B_WIDTH=26:Y_WIDTH=1:394426c56d1a028ba8fdd5469b163e04011def47.
Running "alumacc" on wrapper $extern:wrap:$gt:A_SIGNED=0:A_WIDTH=10:B_SIGNED=0:B_WIDTH=10:Y_WIDTH=1:394426c56d1a028ba8fdd5469b163e04011def47.
Using template $extern:wrap:$gt:A_SIGNED=0:A_WIDTH=10:B_SIGNED=0:B_WIDTH=10:Y_WIDTH=1:394426c56d1a028ba8fdd5469b163e04011def47 for cells of type $extern:wrap:$gt:A_SIGNED=0:A_WIDTH=10:B_SIGNED=0:B_WIDTH=10:Y_WIDTH=1:394426c56d1a028ba8fdd5469b163e04011def47.
Using extmapper simplemap for cells of type $adff.
Using template $paramod\_90_alu\A_SIGNED=0\B_SIGNED=0\A_WIDTH=26\B_WIDTH=26\Y_WIDTH=26 for cells of type $alu.
Using extmapper maccmap for cells of type $macc.
  add \centered_adc * \gain_q6 (16x9 bits, signed)
Using template $paramod\_90_alu\A_SIGNED=1\B_SIGNED=1\A_WIDTH=26\B_WIDTH=26\Y_WIDTH=26 for cells of type $alu.
Using template $paramod\_90_alu\A_SIGNED=0\B_SIGNED=0\A_WIDTH=10\B_WIDTH=10\Y_WIDTH=10 for cells of type $alu.
Using template $paramod\_90_lcu\WIDTH=26 for cells of type $lcu.
Using template $paramod\_90_fa\WIDTH=26 for cells of type $fa.
Using template $paramod\_90_lcu\WIDTH=10 for cells of type $lcu.
Using extmapper simplemap for cells of type $ne.
Running "alumacc" on wrapper $extern:wrap:$add:A_SIGNED=0:A_WIDTH=16:B_SIGNED=0:B_WIDTH=16:Y_WIDTH=16:394426c56d1a028ba8fdd5469b163e04011def47.
Using template $extern:wrap:$add:A_SIGNED=0:A_WIDTH=16:B_SIGNED=0:B_WIDTH=16:Y_WIDTH=16:394426c56d1a028ba8fdd5469b163e04011def47 for cells of type $extern:wrap:$add:A_SIGNED=0:A_WIDTH=16:B_SIGNED=0:B_WIDTH=16:Y_WIDTH=16:394426c56d1a028ba8fdd5469b163e04011def47.
No more expansions possible.
<suppressed ~2306 debug messages>

12. Executing OPT pass (performing simple optimizations).

12.1. Executing OPT_EXPR pass (perform const folding).
Optimizing module aimc_micro_tile_controller.
<suppressed ~519 debug messages>
Optimizing module aimc_operation_partition.
<suppressed ~151 debug messages>
Optimizing module aimc_tile_readout.
<suppressed ~768 debug messages>

12.2. Executing OPT_MERGE pass (detect identical cells).
Finding identical cells in module `\aimc_micro_tile_controller'.
<suppressed ~114 debug messages>
Finding identical cells in module `\aimc_operation_partition'.
<suppressed ~213 debug messages>
Finding identical cells in module `\aimc_tile_readout'.
<suppressed ~753 debug messages>
Removed a total of 360 cells.

12.3. Executing OPT_MUXTREE pass (detect dead branches in mux trees).
Running muxtree optimizer on module \aimc_micro_tile_controller..
  Creating internal representation of mux trees.
  No muxes found in this module.
Running muxtree optimizer on module \aimc_operation_partition..
  Creating internal representation of mux trees.
  No muxes found in this module.
Running muxtree optimizer on module \aimc_tile_readout..
  Creating internal representation of mux trees.
  No muxes found in this module.
Removed 0 multiplexer ports.

12.4. Executing OPT_REDUCE pass (consolidate $*mux and $reduce_* inputs).
  Optimizing cells in module \aimc_micro_tile_controller.
  Optimizing cells in module \aimc_operation_partition.
  Optimizing cells in module \aimc_tile_readout.
Performed a total of 0 changes.

12.5. Executing OPT_MERGE pass (detect identical cells).
Finding identical cells in module `\aimc_micro_tile_controller'.
Finding identical cells in module `\aimc_operation_partition'.
Finding identical cells in module `\aimc_tile_readout'.
Removed a total of 0 cells.

12.6. Executing OPT_RMDFF pass (remove dff with constant values).
Removing $auto$simplemap.cc:496:simplemap_adff$1730 ($_DFF_PN0_) from module aimc_tile_readout.
Replaced 1 DFF cells.

12.7. Executing OPT_CLEAN pass (remove unused cells and wires).
Finding unused cells or wires in module \aimc_micro_tile_controller..
Finding unused cells or wires in module \aimc_operation_partition..
Finding unused cells or wires in module \aimc_tile_readout..
Removed 380 unused cells and 1059 unused wires.
<suppressed ~383 debug messages>

12.8. Executing OPT_EXPR pass (perform const folding).
Optimizing module aimc_micro_tile_controller.
Optimizing module aimc_operation_partition.
Optimizing module aimc_tile_readout.
<suppressed ~3 debug messages>

12.9. Rerunning OPT passes. (Maybe there is more to do..)

12.10. Executing OPT_MUXTREE pass (detect dead branches in mux trees).
Running muxtree optimizer on module \aimc_micro_tile_controller..
  Creating internal representation of mux trees.
  No muxes found in this module.
Running muxtree optimizer on module \aimc_operation_partition..
  Creating internal representation of mux trees.
  No muxes found in this module.
Running muxtree optimizer on module \aimc_tile_readout..
  Creating internal representation of mux trees.
  No muxes found in this module.
Removed 0 multiplexer ports.

12.11. Executing OPT_REDUCE pass (consolidate $*mux and $reduce_* inputs).
  Optimizing cells in module \aimc_micro_tile_controller.
  Optimizing cells in module \aimc_operation_partition.
  Optimizing cells in module \aimc_tile_readout.
Performed a total of 0 changes.

12.12. Executing OPT_MERGE pass (detect identical cells).
Finding identical cells in module `\aimc_micro_tile_controller'.
Finding identical cells in module `\aimc_operation_partition'.
Finding identical cells in module `\aimc_tile_readout'.
<suppressed ~45 debug messages>
Removed a total of 15 cells.

12.13. Executing OPT_RMDFF pass (remove dff with constant values).

12.14. Executing OPT_CLEAN pass (remove unused cells and wires).
Finding unused cells or wires in module \aimc_micro_tile_controller..
Finding unused cells or wires in module \aimc_operation_partition..
Finding unused cells or wires in module \aimc_tile_readout..
Removed 0 unused cells and 4 unused wires.
<suppressed ~1 debug messages>

12.15. Executing OPT_EXPR pass (perform const folding).
Optimizing module aimc_micro_tile_controller.
Optimizing module aimc_operation_partition.
Optimizing module aimc_tile_readout.

12.16. Rerunning OPT passes. (Maybe there is more to do..)

12.17. Executing OPT_MUXTREE pass (detect dead branches in mux trees).
Running muxtree optimizer on module \aimc_micro_tile_controller..
  Creating internal representation of mux trees.
  No muxes found in this module.
Running muxtree optimizer on module \aimc_operation_partition..
  Creating internal representation of mux trees.
  No muxes found in this module.
Running muxtree optimizer on module \aimc_tile_readout..
  Creating internal representation of mux trees.
  No muxes found in this module.
Removed 0 multiplexer ports.

12.18. Executing OPT_REDUCE pass (consolidate $*mux and $reduce_* inputs).
  Optimizing cells in module \aimc_micro_tile_controller.
  Optimizing cells in module \aimc_operation_partition.
  Optimizing cells in module \aimc_tile_readout.
Performed a total of 0 changes.

12.19. Executing OPT_MERGE pass (detect identical cells).
Finding identical cells in module `\aimc_micro_tile_controller'.
Finding identical cells in module `\aimc_operation_partition'.
Finding identical cells in module `\aimc_tile_readout'.
Removed a total of 0 cells.

12.20. Executing OPT_RMDFF pass (remove dff with constant values).

12.21. Executing OPT_CLEAN pass (remove unused cells and wires).
Finding unused cells or wires in module \aimc_micro_tile_controller..
Finding unused cells or wires in module \aimc_operation_partition..
Finding unused cells or wires in module \aimc_tile_readout..

12.22. Executing OPT_EXPR pass (perform const folding).
Optimizing module aimc_micro_tile_controller.
Optimizing module aimc_operation_partition.
Optimizing module aimc_tile_readout.

12.23. Finished OPT passes. (There is nothing left to do.)

13. Printing statistics.

=== aimc_micro_tile_controller ===

   Number of wires:                243
   Number of wire bits:           1322
   Number of public wires:          41
   Number of public wire bits:     276
   Number of memories:               0
   Number of memory bits:            0
   Number of processes:              0
   Number of cells:               1098
     $_AND_                        124
     $_DFF_PN0_                     89
     $_MUX_                        656
     $_NOT_                          9
     $_OR_                          88
     $_XOR_                        130
     aimc_operation_partition        1
     aimc_tile_readout               1

=== aimc_operation_partition ===

   Number of wires:                198
   Number of wire bits:            509
   Number of public wires:          16
   Number of public wire bits:      87
   Number of memories:               0
   Number of memory bits:            0
   Number of processes:              0
   Number of cells:                338
     $_AND_                        112
     $_MUX_                         39
     $_NOT_                         50
     $_OR_                          87
     $_XOR_                         50

=== aimc_tile_readout ===

   Number of wires:                405
   Number of wire bits:           2366
   Number of public wires:          23
   Number of public wire bits:     181
   Number of memories:               0
   Number of memory bits:            0
   Number of processes:              0
   Number of cells:               1556
     $_AND_                        718
     $_DFF_PN0_                     21
     $_MUX_                         62
     $_NOT_                         41
     $_OR_                         276
     $_XOR_                        438

=== design hierarchy ===

   aimc_micro_tile_controller        1
     aimc_operation_partition        1
     aimc_tile_readout               1

   Number of wires:                846
   Number of wire bits:           4197
   Number of public wires:          80
   Number of public wire bits:     544
   Number of memories:               0
   Number of memory bits:            0
   Number of processes:              0
   Number of cells:               2990
     $_AND_                        954
     $_DFF_PN0_                    110
     $_MUX_                        757
     $_NOT_                        100
     $_OR_                         451
     $_XOR_                        618

