
Compatibility modes selected: hs a


Circuit: * signed small-signal extracted latch diagnostic, no structural mos substitution.

option SCALE: Scale is set to 1e-06 for instance and model parameters
option SCALE: Scale is set to 1e-06 for instance and model parameters
Doing analysis at TEMP = 27.000000 and TNOM = 27.000000

Warning: veval: no DC value, transient time 0 value used
Warning: vreset: no DC value, transient time 0 value used
Warning: vn: no DC value, transient time 0 value used
Warning: vp: no DC value, transient time 0 value used

Initial Transient Solution
--------------------------

Node                                   Voltage
----                                   -------
vdd                                       1.75
vdd_active                                 1.8
vss                                          0
sense_p                                0.89975
sense_n                                0.90025
iso_tail                              0.176131
latch_sense_p                           1.1026
latch_sense_n                           1.0974
reset                                        0
eval                                         0
out_p                                     1.75
out_n                                     1.75
tail                                   1.33263
rx_p                               2.02419e-09
rx_n                               2.02419e-09
veval#branch                                 0
vreset#branch                                0
vn#branch                                    0
vp#branch                                    0
vss#branch                         2.14986e-11
vactive#branch                    -4.00001e-06
vdd#branch                        -1.41497e-11


No. of Data Rows : 10238

  Measurements for Transient Analysis

op_final            =  1.763196e-02
on_final            =  8.789580e-01
lp_before           =  1.102604e+00
ln_before           =  1.097396e+00

binary raw file "waveform.raw"
Doing analysis at TEMP = 27.000000 and TNOM = 27.000000

Warning: veval: no DC value, transient time 0 value used
Warning: vreset: no DC value, transient time 0 value used
Warning: vn: no DC value, transient time 0 value used
Warning: vp: no DC value, transient time 0 value used

Initial Transient Solution
--------------------------

Node                                   Voltage
----                                   -------
vdd                                       1.75
vdd_active                                 1.8
vss                                          0
sense_p                                0.89975
sense_n                                0.90025
iso_tail                              0.176031
latch_sense_p                        0.0126258
latch_sense_n                        0.0127732
reset                                        0
eval                                         0
out_p                                 0.663171
out_n                                 0.663173
tail                                 0.0340622
rx_p                                   0.30708
rx_n                                  0.307082
veval#branch                      -0.000879001
vreset#branch                       0.00158739
vn#branch                         -0.000558289
vp#branch                          -0.00055801
vss#branch                          0.00446071
vactive#branch                     -0.00193168
vdd#branch                         -0.00212511


No. of Data Rows : 10239

  Measurements for Transient Analysis

op_final            =  1.441977e-02
on_final            =  1.261903e+00
lp_before           =  8.725518e-01
ln_before           =  8.684438e-01


Total analysis time (seconds) = 22.963

Total elapsed time (seconds) = 24.025 

Total DRAM available = 7943.238 MB.
DRAM currently available =  374.625 MB.
Maximum ngspice program size =   62.395 MB.
Current ngspice program size =   44.375 MB.

Shared ngspice pages =    8.250 MB.
Text (code) pages =    5.316 MB.
Stack = 0 bytes.
Library pages =   44.445 MB.

