
Compatibility modes selected: hs a


Circuit: * signed small-signal extracted latch diagnostic, no structural mos substitution.

option SCALE: Scale is set to 1e-06 for instance and model parameters
option SCALE: Scale is set to 1e-06 for instance and model parameters
Doing analysis at TEMP = 27.000000 and TNOM = 27.000000

Warning: veval: no DC value, transient time 0 value used
Warning: vreset: no DC value, transient time 0 value used
Warning: vn: no DC value, transient time 0 value used
Warning: vp: no DC value, transient time 0 value used

Initial Transient Solution
--------------------------

Node                                   Voltage
----                                   -------
vdd                                       1.75
vdd_active                                 1.8
vss                                          0
sense_p                                   0.89
sense_n                                   0.91
iso_tail                              0.177745
latch_sense_p                          1.17553
latch_sense_n                          1.02446
reset                                        0
eval                                         0
rx_p                               1.98809e-07
out_p                                     1.75
out_n                                     1.75
rx_n                               2.04387e-07
tail                                    1.3367
veval#branch                                 0
vreset#branch                                0
vn#branch                                    0
vp#branch                                    0
vss#branch                          2.2808e-10
vactive#branch                    -4.00021e-06
vdd#branch                        -1.42927e-11


No. of Data Rows : 15383

  Measurements for Transient Analysis

op_final            =  1.133779e-02
on_final            =  1.642317e+00
lp_before           =  1.175535e+00
ln_before           =  1.024464e+00

binary raw file "waveform.raw"
Doing analysis at TEMP = 27.000000 and TNOM = 27.000000

Warning: veval: no DC value, transient time 0 value used
Warning: vreset: no DC value, transient time 0 value used
Warning: vn: no DC value, transient time 0 value used
Warning: vp: no DC value, transient time 0 value used

Initial Transient Solution
--------------------------

Node                                   Voltage
----                                   -------
vdd                                       1.75
vdd_active                                 1.8
vss                                          0
sense_p                                   0.89
sense_n                                   0.91
iso_tail                              0.176273
latch_sense_p                        0.0168632
latch_sense_n                        0.0238064
reset                                        0
eval                                         0
rx_p                                  0.789861
out_p                                 0.874105
out_n                                 0.871702
rx_n                                  0.808807
tail                                 0.0558533
veval#branch                      -0.000876722
vreset#branch                       0.00158895
vn#branch                         -0.000559774
vp#branch                         -0.000551317
vss#branch                           0.0050166
vactive#branch                     -0.00264074
vdd#branch                         -0.00198099


No. of Data Rows : 15384

  Measurements for Transient Analysis

op_final            =  9.862924e-03
on_final            =  1.665565e+00
lp_before           =  9.307812e-01
ln_before           =  8.098237e-01


Total analysis time (seconds) = 6.506

Total elapsed time (seconds) = 7.144 

Total DRAM available = 7943.238 MB.
DRAM currently available =  775.348 MB.
Maximum ngspice program size =   65.801 MB.
Current ngspice program size =   49.848 MB.

Shared ngspice pages =   10.375 MB.
Text (code) pages =    5.316 MB.
Stack = 0 bytes.
Library pages =   47.852 MB.

