Warning: vregen: no DC value, transient time 0 value used
Warning: vsample: no DC value, transient time 0 value used
Warning: vsamplebar: no DC value, transient time 0 value used
Warning: veval: no DC value, transient time 0 value used
Warning: vreset: no DC value, transient time 0 value used
 Reference value :  2.00000e-13
 Reference value :  6.86244e-09
 Reference value :  9.52883e-09
 Reference value :  1.28288e-08
 Reference value :  1.97488e-08
Warning: vregen: no DC value, transient time 0 value used
Warning: vsample: no DC value, transient time 0 value used
Warning: vsamplebar: no DC value, transient time 0 value used
Warning: veval: no DC value, transient time 0 value used
Warning: vreset: no DC value, transient time 0 value used
 Reference value :  8.42076e-09
 Reference value :  1.44488e-08
 Reference value :  1.89088e-08
Original line no.: 64, new internal line no.: 875:
insertnumber: fails.
  s = ".measure tran decision_diff_v param=   -1.800000647703383e+00   " u=" -1.800000647703383e+00  " id=0
