
No compatibility mode selected!


Circuit: * extracted active converter macro decision-boundary transient.

Option cshunt: 29 capacitors added with 1e-15 F each
Doing analysis at TEMP = 27.000000 and TNOM = 27.000000

Using transient initial conditions

No. of Data Rows : 1049

  Measurements for Transient Analysis

decision_p_v        =  1.800001e+00
decision_n_v        =  4.539541e-08
decision_diff_v     =  -1.80000e+00
supply_charge_c     =   -1.90479e-15 from=  2.00000e-13 to=  2.00000e-08
active_supply_charge_c=   -4.81027e-13 from=  2.00000e-13 to=  2.00000e-08
acquired_p          =  1.469699e+00
acquired_n          =  1.389808e+00

Doing analysis at TEMP = 27.000000 and TNOM = 27.000000

Using transient initial conditions

No. of Data Rows : 1049

  Measurements for Transient Analysis

decision_p_v        =  1.800001e+00
decision_n_v        =  4.539541e-08
decision_diff_v     =  -1.80000e+00
supply_charge_c     =   -1.90479e-15 from=  2.00000e-13 to=  2.00000e-08
active_supply_charge_c=   -4.81027e-13 from=  2.00000e-13 to=  2.00000e-08
acquired_p          =  1.469699e+00
acquired_n          =  1.389808e+00


Total analysis time (seconds) = 2.035

Total elapsed time (seconds) = 5.112 

Total DRAM available = 7943.238 MB.
DRAM currently available =  150.984 MB.
Maximum ngspice program size =  147.328 MB.
Current ngspice program size =  131.375 MB.

Shared ngspice pages =   10.125 MB.
Text (code) pages =    5.316 MB.
Stack = 0 bytes.
Library pages =  129.379 MB.

