
No compatibility mode selected!


Circuit: * extracted active converter macro decision-boundary transient.

Option cshunt: 27 capacitors added with 1e-15 F each
Doing analysis at TEMP = 27.000000 and TNOM = 27.000000

Using transient initial conditions

No. of Data Rows : 1031

  Measurements for Transient Analysis

decision_p_v        =  1.736169e+00
decision_n_v        =  2.374219e-03
decision_diff_v     =  -1.73380e+00
supply_charge_c     =   -1.90523e-15 from=  2.00000e-13 to=  2.00000e-08

Doing analysis at TEMP = 27.000000 and TNOM = 27.000000

Using transient initial conditions

No. of Data Rows : 1031

  Measurements for Transient Analysis

decision_p_v        =  1.736169e+00
decision_n_v        =  2.374219e-03
decision_diff_v     =  -1.73380e+00
supply_charge_c     =   -1.90523e-15 from=  2.00000e-13 to=  2.00000e-08


Total analysis time (seconds) = 1.201

Total elapsed time (seconds) = 2.617 

Total DRAM available = 7943.230 MB.
DRAM currently available =  117.871 MB.
Maximum ngspice program size =  118.457 MB.
Current ngspice program size =  102.875 MB.

Shared ngspice pages =   10.500 MB.
Text (code) pages =    5.316 MB.
Stack = 0 bytes.
Library pages =  100.508 MB.

