
Compatibility modes selected: hs a


Circuit: * signed small-signal extracted latch diagnostic, no structural mos substitution.

option SCALE: Scale is set to 1e-06 for instance and model parameters
option SCALE: Scale is set to 1e-06 for instance and model parameters
Doing analysis at TEMP = 27.000000 and TNOM = 27.000000

Warning: veval: no DC value, transient time 0 value used
Warning: vreset: no DC value, transient time 0 value used

Initial Transient Solution
--------------------------

Node                                   Voltage
----                                   -------
vdd                                        1.8
vdd_active                                 1.8
vss                                          0
sense_p                               0.900076
sense_n                               0.899923
iso_tail                             0.0150562
latch_sense_p                         0.299578
latch_sense_n                         0.300422
reset                                        0
eval                                         0
out_p                                      1.8
out_n                                      1.8
tail                                    1.3896
veval#branch                                 0
vreset#branch                                0
vn#branch                                    0
vp#branch                                    0
vss#branch                         1.54525e-11
vactive#branch                          -3e-05
vdd#branch                        -1.47978e-11


No. of Data Rows : 1051

  Measurements for Transient Analysis

op_final            =  1.799978e+00
on_final            =  2.092104e-06
lp_before           =  2.995783e-01
ln_before           =  3.004217e-01

binary raw file "waveform.raw"
Doing analysis at TEMP = 27.000000 and TNOM = 27.000000

Warning: veval: no DC value, transient time 0 value used
Warning: vreset: no DC value, transient time 0 value used

Initial Transient Solution
--------------------------

Node                                   Voltage
----                                   -------
vdd                                        1.8
vdd_active                                 1.8
vss                                          0
sense_p                               0.900076
sense_n                               0.899923
iso_tail                              0.148828
latch_sense_p                       -0.0892142
latch_sense_n                       -0.0892527
reset                                        0
eval                                         0
out_p                                 0.362382
out_n                                 0.362381
tail                                 0.0170136
veval#branch                      -0.000725164
vreset#branch                       0.00134016
vn#branch                         -0.000501327
vp#branch                         -0.000501399
vss#branch                          0.00406019
vactive#branch                      -0.0017241
vdd#branch                         -0.00197836


No. of Data Rows : 1056

  Measurements for Transient Analysis

op_final            =  1.799981e+00
on_final            =  1.781175e-06
lp_before           =  2.974678e-01
ln_before           =  2.983045e-01


Total analysis time (seconds) = 0.12

Total elapsed time (seconds) = 0.404 

Total DRAM available = 7943.234 MB.
DRAM currently available =  477.000 MB.
Maximum ngspice program size =   56.656 MB.
Current ngspice program size =   40.750 MB.

Shared ngspice pages =   10.250 MB.
Text (code) pages =    5.316 MB.
Stack = 0 bytes.
Library pages =   38.707 MB.

