
Compatibility modes selected: hs a


Circuit: * signed small-signal extracted latch diagnostic, no structural mos substitution.

option SCALE: Scale is set to 1e-06 for instance and model parameters
option SCALE: Scale is set to 1e-06 for instance and model parameters
Doing analysis at TEMP = 27.000000 and TNOM = 27.000000

Warning: veval: no DC value, transient time 0 value used
Warning: vreset: no DC value, transient time 0 value used

Initial Transient Solution
--------------------------

Node                                   Voltage
----                                   -------
vdd                                        1.8
vdd_active                                 1.8
vss                                          0
sense_p                               0.900076
sense_n                               0.899923
iso_tail                             0.0662544
latch_sense_p                         0.799374
latch_sense_n                         0.800626
reset                                        0
eval                                         0
out_p                                      1.8
out_n                                      1.8
tail                                    1.3896
veval#branch                                 0
vreset#branch                                0
vn#branch                                    0
vp#branch                                    0
vss#branch                         1.65636e-11
vactive#branch                          -2e-05
vdd#branch                        -1.47978e-11


No. of Data Rows : 1051

  Measurements for Transient Analysis

op_final            =  1.616543e+00
on_final            =  6.660485e-03
lp_before           =  7.993739e-01
ln_before           =  8.006259e-01

binary raw file "waveform.raw"
Doing analysis at TEMP = 27.000000 and TNOM = 27.000000

Warning: veval: no DC value, transient time 0 value used
Warning: vreset: no DC value, transient time 0 value used

Initial Transient Solution
--------------------------

Node                                   Voltage
----                                   -------
vdd                                        1.8
vdd_active                                 1.8
vss                                          0
sense_p                               0.900076
sense_n                               0.899923
iso_tail                              0.154458
latch_sense_p                        -0.088338
latch_sense_n                       -0.0883767
reset                                        0
eval                                         0
out_p                                 0.362825
out_n                                 0.362824
tail                                 0.0168456
veval#branch                      -0.000703903
vreset#branch                       0.00130009
vn#branch                         -0.000485257
vp#branch                         -0.000485326
vss#branch                          0.00395083
vactive#branch                     -0.00167439
vdd#branch                         -0.00192205


No. of Data Rows : 1053

  Measurements for Transient Analysis

op_final            =  1.616907e+00
on_final            =  6.648852e-03
lp_before           =  7.905959e-01
ln_before           =  7.918662e-01


Total analysis time (seconds) = 0.109

Total elapsed time (seconds) = 0.402 

Total DRAM available = 7943.234 MB.
DRAM currently available =  475.023 MB.
Maximum ngspice program size =   56.660 MB.
Current ngspice program size =   41.000 MB.

Shared ngspice pages =   10.500 MB.
Text (code) pages =    5.316 MB.
Stack = 0 bytes.
Library pages =   38.711 MB.

