Warning: vregen: no DC value, transient time 0 value used
Warning: vsample: no DC value, transient time 0 value used
Warning: vsamplebar: no DC value, transient time 0 value used
Warning: veval: no DC value, transient time 0 value used
Warning: vreset: no DC value, transient time 0 value used
 Reference value :  2.00000e-13
 Reference value :  3.24243e-09
 Reference value :  5.86243e-09
 Reference value :  8.19208e-09
 Reference value :  1.13100e-08
 Reference value :  1.46100e-08
 Reference value :  1.84900e-08
Warning: vregen: no DC value, transient time 0 value used
Warning: vsample: no DC value, transient time 0 value used
Warning: vsamplebar: no DC value, transient time 0 value used
Warning: veval: no DC value, transient time 0 value used
Warning: vreset: no DC value, transient time 0 value used
 Reference value :  2.34243e-09
 Reference value :  6.62243e-09
 Reference value :  1.11300e-08
 Reference value :  1.71300e-08
Original line no.: 64, new internal line no.: 875:
insertnumber: fails.
  s = ".measure tran decision_diff_v param=   -1.800000968730129e+00   " u=" -1.800000968730129e+00  " id=0
