
Compatibility modes selected: hs a


Circuit: * signed small-signal extracted latch diagnostic, no structural mos substitution.

option SCALE: Scale is set to 1e-06 for instance and model parameters
option SCALE: Scale is set to 1e-06 for instance and model parameters
Doing analysis at TEMP = 27.000000 and TNOM = 27.000000

Warning: veval: no DC value, transient time 0 value used
Warning: vreset: no DC value, transient time 0 value used
Warning: vn: no DC value, transient time 0 value used
Warning: vp: no DC value, transient time 0 value used

Initial Transient Solution
--------------------------

Node                                   Voltage
----                                   -------
vdd                                       1.75
vdd_active                                 1.8
vss                                          0
sense_p                                0.89975
sense_n                                0.90025
iso_tail                              0.178731
latch_sense_p                          1.14141
latch_sense_n                          1.05859
reset                                        0
eval                                         0
rx_p                               1.41168e-07
out_p                                     1.75
out_n                                     1.75
rx_n                               1.00329e-07
tail                                   1.33854
veval#branch                                 0
vreset#branch                                0
vn#branch                                    0
vp#branch                                    0
vss#branch                         1.42602e-10
vactive#branch                    -4.00013e-06
vdd#branch                        -1.42085e-11


No. of Data Rows : 10245

  Measurements for Transient Analysis

op_final            =  1.401661e-02
on_final            =  1.601114e+00
lp_before           =  1.141414e+00
ln_before           =  1.058585e+00

binary raw file "waveform.raw"
Doing analysis at TEMP = 27.000000 and TNOM = 27.000000

Warning: veval: no DC value, transient time 0 value used
Warning: vreset: no DC value, transient time 0 value used
Warning: vn: no DC value, transient time 0 value used
Warning: vp: no DC value, transient time 0 value used

Initial Transient Solution
--------------------------

Node                                   Voltage
----                                   -------
vdd                                       1.75
vdd_active                                 1.8
vss                                          0
sense_p                                0.89975
sense_n                                0.90025
iso_tail                              0.176548
latch_sense_p                        0.0201365
latch_sense_n                        0.0210658
reset                                        0
eval                                         0
rx_p                                   0.78465
out_p                                 0.872616
out_n                                  0.87405
rx_n                                  0.798499
tail                                  0.056199
veval#branch                      -0.000872449
vreset#branch                       0.00158812
vn#branch                         -0.000557288
vp#branch                          -0.00055469
vss#branch                          0.00501655
vactive#branch                     -0.00264455
vdd#branch                          -0.0019797


No. of Data Rows : 10250

  Measurements for Transient Analysis

op_final            =  1.235169e-02
on_final            =  1.628758e+00
lp_before           =  9.022362e-01
ln_before           =  8.378069e-01


Total analysis time (seconds) = 3.753

Total elapsed time (seconds) = 4.309 

Total DRAM available = 7943.238 MB.
DRAM currently available =   87.812 MB.
Maximum ngspice program size =   62.625 MB.
Current ngspice program size =   46.957 MB.

Shared ngspice pages =   10.625 MB.
Text (code) pages =    5.316 MB.
Stack = 0 bytes.
Library pages =   44.676 MB.

