
Compatibility modes selected: hs a


Circuit: * signed small-signal extracted latch diagnostic, no structural mos substitution.

option SCALE: Scale is set to 1e-06 for instance and model parameters
option SCALE: Scale is set to 1e-06 for instance and model parameters
Doing analysis at TEMP = 27.000000 and TNOM = 27.000000

Warning: veval: no DC value, transient time 0 value used
Warning: vreset: no DC value, transient time 0 value used

Initial Transient Solution
--------------------------

Node                                   Voltage
----                                   -------
vdd                                        1.8
vdd_active                                 1.8
vss                                          0
sense_p                               0.899923
sense_n                               0.900076
iso_tail                             0.0870398
latch_sense_p                          1.00057
latch_sense_n                         0.999426
reset                                        0
eval                                         0
out_p                                      1.8
out_n                                      1.8
tail                                    1.3896
veval#branch                                 0
vreset#branch                                0
vn#branch                                    0
vp#branch                                    0
vss#branch                         1.71069e-11
vactive#branch                        -1.6e-05
vdd#branch                        -1.47978e-11


No. of Data Rows : 1051

  Measurements for Transient Analysis

op_final            =  1.489490e-01
on_final            =  1.486947e-01
lp_before           =  1.000574e+00
ln_before           =  9.994260e-01

binary raw file "waveform.raw"
Doing analysis at TEMP = 27.000000 and TNOM = 27.000000

Warning: veval: no DC value, transient time 0 value used
Warning: vreset: no DC value, transient time 0 value used

Initial Transient Solution
--------------------------

Node                                   Voltage
----                                   -------
vdd                                        1.8
vdd_active                                 1.8
vss                                          0
sense_p                               0.899923
sense_n                               0.900076
iso_tail                              0.153211
latch_sense_p                       -0.0862217
latch_sense_n                       -0.0861826
reset                                        0
eval                                         0
out_p                                 0.364017
out_n                                 0.364018
tail                                 0.0164626
veval#branch                      -0.000654237
vreset#branch                       0.00120668
vn#branch                         -0.000449792
vp#branch                         -0.000449728
vss#branch                          0.00368013
vactive#branch                     -0.00155838
vdd#branch                         -0.00179068


No. of Data Rows : 1056

  Measurements for Transient Analysis

op_final            =  1.489648e-01
on_final            =  1.485453e-01
lp_before           =  9.893925e-01
ln_before           =  9.883017e-01


Total analysis time (seconds) = 0.15

Total elapsed time (seconds) = 0.624 

Total DRAM available = 7943.234 MB.
DRAM currently available =  438.812 MB.
Maximum ngspice program size =   56.656 MB.
Current ngspice program size =   40.500 MB.

Shared ngspice pages =   10.250 MB.
Text (code) pages =    5.316 MB.
Stack = 0 bytes.
Library pages =   38.707 MB.

