
Compatibility modes selected: hs a


Circuit: * signed small-signal extracted latch diagnostic, no structural mos substitution.

option SCALE: Scale is set to 1e-06 for instance and model parameters
option SCALE: Scale is set to 1e-06 for instance and model parameters
Reset re-loads circuit * signed small-signal extracted latch diagnostic, no structural mos substitution.

Circuit: * signed small-signal extracted latch diagnostic, no structural mos substitution.

option SCALE: Scale is set to 1e-06 for instance and model parameters
option SCALE: Scale is set to 1e-06 for instance and model parameters
Doing analysis at TEMP = 27.000000 and TNOM = 27.000000

Warning: veval: no DC value, transient time 0 value used
Warning: vreset: no DC value, transient time 0 value used
Warning: vn: no DC value, transient time 0 value used
Warning: vp: no DC value, transient time 0 value used

Initial Transient Solution
--------------------------

Node                                   Voltage
----                                   -------
vdd                                       1.75
vdd_active                                 1.8
vss                                          0
sense_p                                 0.9055
sense_n                                 0.8945
iso_tail                              0.177829
latch_sense_p                          1.10956
latch_sense_n                          1.09044
reset                                        0
eval                                         0
rx_p                               5.46152e-08
out_p                                     1.75
out_n                                     1.75
rx_n                               8.97384e-08
tail                                   1.33181
veval#branch                                 0
vreset#branch                                0
vn#branch                                    0
vp#branch                                    0
vss#branch                          9.0665e-11
vactive#branch                    -4.00008e-06
vdd#branch                         -1.4113e-11


No. of Data Rows : 20472

  Measurements for Transient Analysis

op_final            =  1.604199e-02
on_final            =  1.560904e+00
lp_before           =  1.109562e+00
ln_before           =  1.090437e+00

binary raw file "waveform.raw"
Doing analysis at TEMP = 27.000000 and TNOM = 27.000000

Warning: veval: no DC value, transient time 0 value used
Warning: vreset: no DC value, transient time 0 value used
Warning: vn: no DC value, transient time 0 value used
Warning: vp: no DC value, transient time 0 value used

Initial Transient Solution
--------------------------

Node                                   Voltage
----                                   -------
vdd                                       1.75
vdd_active                                 1.8
vss                                          0
sense_p                                 0.9055
sense_n                                 0.8945
iso_tail                              0.175304
latch_sense_p                        0.0202973
latch_sense_n                        0.0185735
reset                                        0
eval                                         0
rx_p                                  0.796234
out_p                                 0.872247
out_n                                 0.872638
rx_n                                  0.802205
tail                                 0.0554285
veval#branch                      -0.000874534
vreset#branch                       0.00160442
vn#branch                         -0.000553454
vp#branch                         -0.000555059
vss#branch                          0.00500623
vactive#branch                     -0.00263866
vdd#branch                         -0.00199294


No. of Data Rows : 20470

  Measurements for Transient Analysis

op_final            =  1.426444e-02
on_final            =  1.593200e+00
lp_before           =  8.764587e-01
ln_before           =  8.627496e-01


Total analysis time (seconds) = 3.517

Total elapsed time (seconds) = 3.950 

Total DRAM available = 7943.238 MB.
DRAM currently available = 1259.000 MB.
Maximum ngspice program size =   48.551 MB.
Current ngspice program size =   32.191 MB.

Shared ngspice pages =    9.875 MB.
Text (code) pages =    5.316 MB.
Stack = 0 bytes.
Library pages =   30.602 MB.

