Netgen 1.5.323 compiled on Sat Sep  5 21:40:31 PDT 2026
Warning: netgen command 'format' use fully-qualified name '::netgen::format'
Warning: netgen command 'global' use fully-qualified name '::netgen::global'
Reading netlist file /home/mehtama1/git-repo/ai-hardware-analysis/analog-digital-chip-design-eda/evidence/aimc-simulator-adapters/capture-charge-cap/20260906T223826369432Z/lvs_devices.spice for /home/mehtama1/git-repo/ai-hardware-analysis/analog-digital-chip-design-eda/evidence/aimc-simulator-adapters/capture-charge-cap/20260906T223826369432Z/lvs_devices.spice capture_charge_cap
Call to undefined subcircuit sky130_fd_pr__cap_mim_m3_1
Creating placeholder cell definition.
Reading netlist file /home/mehtama1/git-repo/ai-hardware-analysis/analog-digital-chip-design-eda/evidence/aimc-simulator-adapters/capture-charge-cap/20260906T223826369432Z/reference.spice for /home/mehtama1/git-repo/ai-hardware-analysis/analog-digital-chip-design-eda/evidence/aimc-simulator-adapters/capture-charge-cap/20260906T223826369432Z/reference.spice capture_charge_cap
Call to undefined subcircuit sky130_fd_pr__cap_mim_m3_1
Creating placeholder cell definition.

Reading setup file /home/mehtama1/eda-tools/pdks/sky130A/libs.tech/netgen/sky130A_setup.tcl

No property area found for device sky130_fd_pr__cap_mim_m3_1
No property value found for device sky130_fd_pr__cap_mim_m3_1
No property mult found for device sky130_fd_pr__cap_mim_m3_1
No property perim found for device sky130_fd_pr__cap_mim_m3_1
No property mf found for device sky130_fd_pr__cap_mim_m3_1
No property area found for device sky130_fd_pr__cap_mim_m3_1
No property value found for device sky130_fd_pr__cap_mim_m3_1
No property mult found for device sky130_fd_pr__cap_mim_m3_1
No property perim found for device sky130_fd_pr__cap_mim_m3_1
No property mf found for device sky130_fd_pr__cap_mim_m3_1
Comparison output logged to file /home/mehtama1/git-repo/ai-hardware-analysis/analog-digital-chip-design-eda/evidence/aimc-simulator-adapters/capture-charge-cap/20260906T223826369432Z/lvs.log
Logging to file "/home/mehtama1/git-repo/ai-hardware-analysis/analog-digital-chip-design-eda/evidence/aimc-simulator-adapters/capture-charge-cap/20260906T223826369432Z/lvs.log" enabled
Circuit sky130_fd_pr__cap_mim_m3_1 contains no devices.

Contents of circuit 1:  Circuit: 'capture_charge_cap'
Circuit capture_charge_cap contains 1 device instances.
  Class: sky130_fd_pr__cap_mim_m3_1 instances:   1
Circuit contains 2 nets.
Contents of circuit 2:  Circuit: 'capture_charge_cap'
Circuit capture_charge_cap contains 1 device instances.
  Class: sky130_fd_pr__cap_mim_m3_1 instances:   1
Circuit contains 2 nets.

Circuit 1 contains 1 devices, Circuit 2 contains 1 devices.
Circuit 1 contains 2 nets,    Circuit 2 contains 2 nets.


Final result: 
Circuits match uniquely.
.
Logging to file "/home/mehtama1/git-repo/ai-hardware-analysis/analog-digital-chip-design-eda/evidence/aimc-simulator-adapters/capture-charge-cap/20260906T223826369432Z/lvs.log" disabled
LVS Done.
