
Compatibility modes selected: hs a


Circuit: * signed small-signal extracted latch diagnostic, no structural mos substitution.

option SCALE: Scale is set to 1e-06 for instance and model parameters
option SCALE: Scale is set to 1e-06 for instance and model parameters
Doing analysis at TEMP = 27.000000 and TNOM = 27.000000

Warning: veval: no DC value, transient time 0 value used
Warning: vreset: no DC value, transient time 0 value used
Warning: vn: no DC value, transient time 0 value used
Warning: vp: no DC value, transient time 0 value used

Initial Transient Solution
--------------------------

Node                                   Voltage
----                                   -------
vdd                                       1.75
vdd_active                                 1.8
vss                                          0
sense_p                                0.89975
sense_n                                0.90025
iso_tail                               0.20594
latch_sense_p                          1.10268
latch_sense_n                          1.09732
reset                                        0
eval                                         0
out_p                                     1.75
out_n                                     1.75
tail                                   1.36207
veval#branch                                 0
vreset#branch                                0
vn#branch                                    0
vp#branch                                    0
vss#branch                         1.73631e-11
vactive#branch                          -4e-06
vdd#branch                        -1.45195e-11


No. of Data Rows : 10232

  Measurements for Transient Analysis

op_final            =  1.891803e-02
on_final            =  1.531222e+00
lp_before           =  1.102683e+00
ln_before           =  1.097316e+00

binary raw file "waveform.raw"
Doing analysis at TEMP = 27.000000 and TNOM = 27.000000

Warning: veval: no DC value, transient time 0 value used
Warning: vreset: no DC value, transient time 0 value used
Warning: vn: no DC value, transient time 0 value used
Warning: vp: no DC value, transient time 0 value used

Initial Transient Solution
--------------------------

Node                                   Voltage
----                                   -------
vdd                                       1.75
vdd_active                                 1.8
vss                                          0
sense_p                                0.89975
sense_n                                0.90025
iso_tail                              0.206424
latch_sense_p                        0.0320989
latch_sense_n                        0.0322639
reset                                        0
eval                                         0
out_p                                 0.892778
out_n                                  0.89278
tail                                 0.0705999
veval#branch                      -0.000857409
vreset#branch                       0.00165143
vn#branch                         -0.000568773
vp#branch                         -0.000568497
vss#branch                          0.00462391
vactive#branch                     -0.00230595
vdd#branch                         -0.00197871


No. of Data Rows : 10230

  Measurements for Transient Analysis

op_final            =  1.722968e-02
on_final            =  1.561130e+00
lp_before           =  8.899368e-01
ln_before           =  8.856257e-01


Total analysis time (seconds) = 2.621

Total elapsed time (seconds) = 3.145 

Total DRAM available = 7943.238 MB.
DRAM currently available =  586.254 MB.
Maximum ngspice program size =   61.477 MB.
Current ngspice program size =   45.578 MB.

Shared ngspice pages =   10.375 MB.
Text (code) pages =    5.316 MB.
Stack = 0 bytes.
Library pages =   43.527 MB.

