
No compatibility mode selected!


Circuit: * extracted active converter macro decision-boundary transient.

Doing analysis at TEMP = 27.000000 and TNOM = 27.000000


Initial Transient Solution
--------------------------

Node                                   Voltage
----                                   -------
vss                                          0
vdd                                        1.8
row_drive                              0.89975
sar_comparator_input                   0.90025
reset                                        0
eval                                         0
vss_escape                                   0
vdd_uq0                                    1.8
decision_p                                 1.8
decision_n                                 1.8
xu.converter_latch_0/tail              1.29894
xu.converter_latch_0/latch_sense_n        0.197141
xu.converter_latch_0/latch_sense_p        0.197141
xu.converter_latch_0/iso_tail         0.197141
xu.shared_converter_mux_0/vss         0.175616
xu.shared_converter_mux_0/vdd         0.148849
xu.shared_converter_mux_0/mux_bus         0.17565
xu.sar_readout_12b_0/vss               1.18663
xu.sar_readout_12b_0/vdd               1.37615
xu.row_dac_10b_0/vdd                   0.89164
xu.row_dac_10b_0/vss                  0.891539
vddu#branch                       -4.51059e-10
vssx#branch                        4.15609e-10
veval#branch                       5.01761e-12
vreset#branch                      4.94846e-13
vcomp#branch                       3.03565e-13
vrow#branch                       -1.93053e-12
vdd#branch                        -5.62483e-23
vss#branch                        -3.72163e-13


No. of Data Rows : 1826

  Measurements for Transient Analysis

decision_p_v        =  4.064023e-02
decision_n_v        =  1.800000e+00
decision_diff_v     =  1.75936e+00
supply_charge_c     =   -3.19224e-26 from=  0.00000e+00 to=  1.80000e-08

Doing analysis at TEMP = 27.000000 and TNOM = 27.000000


Initial Transient Solution
--------------------------

Node                                   Voltage
----                                   -------
vss                                          0
vdd                                        1.8
row_drive                              0.89975
sar_comparator_input                   0.90025
reset                                        0
eval                                         0
vss_escape                                   0
vdd_uq0                                    1.8
decision_p                            0.315215
decision_n                            0.315217
xu.converter_latch_0/tail            0.0299705
xu.converter_latch_0/latch_sense_n       -0.198461
xu.converter_latch_0/latch_sense_p       -0.198546
xu.converter_latch_0/iso_tail         0.225013
xu.shared_converter_mux_0/vss                0
xu.shared_converter_mux_0/vdd                0
xu.shared_converter_mux_0/mux_bus               0
xu.sar_readout_12b_0/vss                     0
xu.sar_readout_12b_0/vdd                     0
xu.row_dac_10b_0/vdd                         0
xu.row_dac_10b_0/vss                         0
vddu#branch                          -0.012418
vssx#branch                          0.0135184
veval#branch                       -0.00172125
vreset#branch                       0.00327553
vcomp#branch                       -0.00132759
vrow#branch                        -0.00132702
vdd#branch                                   0
vss#branch                                   0


No. of Data Rows : 1827

  Measurements for Transient Analysis

decision_p_v        =  1.800000e+00
decision_n_v        =  4.064023e-02
decision_diff_v     =  1.75936e+00
supply_charge_c     =   -3.18384e-26 from=  0.00000e+00 to=  1.80000e-08


Total analysis time (seconds) = 0.514

Total elapsed time (seconds) = 52.069 

Total DRAM available = 7943.230 MB.
DRAM currently available =  212.906 MB.
Maximum ngspice program size =  682.094 MB.
Current ngspice program size =  665.684 MB.

Shared ngspice pages =    9.750 MB.
Text (code) pages =    5.316 MB.
Stack = 0 bytes.
Library pages =  664.145 MB.

