
Compatibility modes selected: hs a


Circuit: * signed small-signal extracted latch diagnostic, no structural mos substitution.

option SCALE: Scale is set to 1e-06 for instance and model parameters
option SCALE: Scale is set to 1e-06 for instance and model parameters
Doing analysis at TEMP = 27.000000 and TNOM = 27.000000

Warning: veval: no DC value, transient time 0 value used
Warning: vreset: no DC value, transient time 0 value used

Initial Transient Solution
--------------------------

Node                                   Voltage
----                                   -------
vdd                                        1.8
vdd_active                                 1.8
vss                                          0
sense_p                               0.900076
sense_n                               0.899923
iso_tail                              0.178804
latch_sense_p                          1.59975
latch_sense_n                          1.60023
reset                                        0
eval                                         0
out_p                                      1.8
out_n                                      1.8
tail                                   1.38965
veval#branch                                 0
vreset#branch                                0
vn#branch                                    0
vp#branch                                    0
vss#branch                         1.49705e-10
vactive#branch                    -4.00013e-06
vdd#branch                        -1.47981e-11


No. of Data Rows : 1051

  Measurements for Transient Analysis

op_final            =  7.752977e-02
on_final            =  7.750640e-02
lp_before           =  1.599752e+00
ln_before           =  1.600235e+00

binary raw file "waveform.raw"
Doing analysis at TEMP = 27.000000 and TNOM = 27.000000

Warning: veval: no DC value, transient time 0 value used
Warning: vreset: no DC value, transient time 0 value used

Initial Transient Solution
--------------------------

Node                                   Voltage
----                                   -------
vdd                                        1.8
vdd_active                                 1.8
vss                                          0
sense_p                               0.900076
sense_n                               0.899923
iso_tail                              0.177462
latch_sense_p                       -0.0935964
latch_sense_n                       -0.0936341
reset                                        0
eval                                         0
out_p                                 0.360229
out_n                                 0.360229
tail                                 0.0182009
veval#branch                       -0.00086719
vreset#branch                       0.00160909
vn#branch                         -0.000599964
vp#branch                         -0.000600048
vss#branch                          0.00486664
vactive#branch                     -0.00205681
vdd#branch                         -0.00235572


No. of Data Rows : 1054

  Measurements for Transient Analysis

op_final            =  7.751823e-02
on_final            =  7.749485e-02
lp_before           =  1.581263e+00
ln_before           =  1.581738e+00


Total analysis time (seconds) = 0.133

Total elapsed time (seconds) = 0.429 

Total DRAM available = 7943.234 MB.
DRAM currently available =  197.758 MB.
Maximum ngspice program size =   56.664 MB.
Current ngspice program size =   40.875 MB.

Shared ngspice pages =   10.375 MB.
Text (code) pages =    5.316 MB.
Stack = 0 bytes.
Library pages =   38.715 MB.

