
Compatibility modes selected: hs a


Circuit: * signed small-signal extracted latch diagnostic, no structural mos substitution.

option SCALE: Scale is set to 1e-06 for instance and model parameters
option SCALE: Scale is set to 1e-06 for instance and model parameters
Reset re-loads circuit * signed small-signal extracted latch diagnostic, no structural mos substitution.

Circuit: * signed small-signal extracted latch diagnostic, no structural mos substitution.

option SCALE: Scale is set to 1e-06 for instance and model parameters
option SCALE: Scale is set to 1e-06 for instance and model parameters
Doing analysis at TEMP = 27.000000 and TNOM = 27.000000

Warning: veval: no DC value, transient time 0 value used
Warning: vreset: no DC value, transient time 0 value used
Warning: vn: no DC value, transient time 0 value used
Warning: vp: no DC value, transient time 0 value used

Initial Transient Solution
--------------------------

Node                                   Voltage
----                                   -------
vdd                                       1.75
vdd_active                                 1.8
vss                                          0
sense_p                                   0.91
sense_n                                   0.89
iso_tail                              0.177933
latch_sense_p                          1.06373
latch_sense_n                          1.13627
reset                                        0
eval                                         0
rx_p                               5.46152e-08
out_p                                     1.75
out_n                                     1.75
rx_n                               8.97384e-08
tail                                   1.33181
veval#branch                                 0
vreset#branch                                0
vn#branch                                    0
vp#branch                                    0
vss#branch                         9.07009e-11
vactive#branch                    -4.00008e-06
vdd#branch                         -1.4113e-11


No. of Data Rows : 15355

  Measurements for Transient Analysis

op_final            =  1.597126e+00
on_final            =  1.405846e-02
lp_before           =  1.063726e+00
ln_before           =  1.136273e+00

binary raw file "waveform.raw"
Doing analysis at TEMP = 27.000000 and TNOM = 27.000000

Warning: veval: no DC value, transient time 0 value used
Warning: vreset: no DC value, transient time 0 value used
Warning: vn: no DC value, transient time 0 value used
Warning: vp: no DC value, transient time 0 value used

Initial Transient Solution
--------------------------

Node                                   Voltage
----                                   -------
vdd                                       1.75
vdd_active                                 1.8
vss                                          0
sense_p                                   0.91
sense_n                                   0.89
iso_tail                              0.175317
latch_sense_p                        0.0216194
latch_sense_n                        0.0172528
reset                                        0
eval                                         0
rx_p                                   0.79622
out_p                                 0.872261
out_n                                 0.872624
rx_n                                  0.802219
tail                                 0.0554285
veval#branch                      -0.000874534
vreset#branch                       0.00160442
vn#branch                         -0.000550945
vp#branch                         -0.000557574
vss#branch                          0.00500624
vactive#branch                     -0.00263866
vdd#branch                         -0.00199294


No. of Data Rows : 15354

  Measurements for Transient Analysis

op_final            =  1.625730e+00
on_final            =  1.237284e-02
lp_before           =  8.401734e-01
ln_before           =  8.989698e-01


Total analysis time (seconds) = 8.816

Total elapsed time (seconds) = 9.879 

Total DRAM available = 7943.238 MB.
DRAM currently available =  693.086 MB.
Maximum ngspice program size =   54.805 MB.
Current ngspice program size =   39.160 MB.

Shared ngspice pages =   10.375 MB.
Text (code) pages =    5.316 MB.
Stack = 0 bytes.
Library pages =   36.855 MB.

