
Compatibility modes selected: hs a


Circuit: * signed small-signal extracted latch diagnostic, no structural mos substitution.

option SCALE: Scale is set to 1e-06 for instance and model parameters
option SCALE: Scale is set to 1e-06 for instance and model parameters
Doing analysis at TEMP = 27.000000 and TNOM = 27.000000

Warning: veval: no DC value, transient time 0 value used
Warning: vreset: no DC value, transient time 0 value used
Warning: vn: no DC value, transient time 0 value used
Warning: vp: no DC value, transient time 0 value used

Initial Transient Solution
--------------------------

Node                                   Voltage
----                                   -------
vdd                                       1.75
vdd_active                                 1.8
vss                                          0
sense_p                                0.89975
sense_n                                0.90025
iso_tail                              0.135776
latch_sense_p                           1.1025
latch_sense_n                           1.0975
reset                                        0
eval                                         0
rx_p                               2.26833e-05
out_p                                     1.75
out_n                                     1.75
rx_n                               2.26833e-05
tail                                   1.29004
veval#branch                                 0
vreset#branch                                0
vn#branch                                    0
vp#branch                                    0
vss#branch                         1.53582e-08
vactive#branch                    -4.01534e-06
vdd#branch                        -1.37269e-11


No. of Data Rows : 10235

  Measurements for Transient Analysis

op_final            =  1.339648e-02
on_final            =  1.650804e+00
lp_before           =  1.102499e+00
ln_before           =  1.097500e+00

binary raw file "waveform.raw"
Doing analysis at TEMP = 27.000000 and TNOM = 27.000000

Warning: veval: no DC value, transient time 0 value used
Warning: vreset: no DC value, transient time 0 value used
Warning: vn: no DC value, transient time 0 value used
Warning: vp: no DC value, transient time 0 value used

Initial Transient Solution
--------------------------

Node                                   Voltage
----                                   -------
vdd                                       1.75
vdd_active                                 1.8
vss                                          0
sense_p                                0.89975
sense_n                                0.90025
iso_tail                              0.142039
latch_sense_p                       0.00259745
latch_sense_n                       0.00272436
reset                                        0
eval                                         0
rx_p                                  0.925965
out_p                                 0.786722
out_n                                 0.786724
rx_n                                  0.925965
tail                                 0.0365142
veval#branch                      -0.000908226
vreset#branch                       0.00167981
vn#branch                         -0.000538339
vp#branch                          -0.00053806
vss#branch                          0.00510773
vactive#branch                     -0.00275915
vdd#branch                         -0.00204777


No. of Data Rows : 10239

  Measurements for Transient Analysis

op_final            =  1.148861e-02
on_final            =  1.674255e+00
lp_before           =  8.494915e-01
ln_before           =  8.456167e-01


Total analysis time (seconds) = 1.972

Total elapsed time (seconds) = 2.380 

Total DRAM available = 7943.238 MB.
DRAM currently available =  823.059 MB.
Maximum ngspice program size =   62.586 MB.
Current ngspice program size =   46.570 MB.

Shared ngspice pages =   10.250 MB.
Text (code) pages =    5.316 MB.
Stack = 0 bytes.
Library pages =   44.637 MB.

