
Compatibility modes selected: hs a


Circuit: * signed small-signal extracted latch diagnostic, no structural mos substitution.

option SCALE: Scale is set to 1e-06 for instance and model parameters
option SCALE: Scale is set to 1e-06 for instance and model parameters
Doing analysis at TEMP = 27.000000 and TNOM = 27.000000

Warning: veval: no DC value, transient time 0 value used
Warning: vreset: no DC value, transient time 0 value used

Initial Transient Solution
--------------------------

Node                                   Voltage
----                                   -------
vdd                                        1.8
vdd_active                                 1.8
vss                                          0
sense_p                               0.900076
sense_n                               0.899923
iso_tail                             -0.723093
latch_sense_p                        -0.669741
latch_sense_n                        -0.669737
reset                                        0
eval                                         0
out_p                                      1.8
out_n                                      1.8
tail                                    1.3896
veval#branch                                 0
vreset#branch                                0
vn#branch                                    0
vp#branch                                    0
vss#branch                        -5.06052e-05
vactive#branch                    -4.93948e-05
vdd#branch                        -1.47978e-11


No. of Data Rows : 1051

  Measurements for Transient Analysis

op_final            =  1.799981e+00
on_final            =  7.226866e-07
lp_before           =  -6.697411e-01
ln_before           =  -6.697367e-01

binary raw file "waveform.raw"
Doing analysis at TEMP = 27.000000 and TNOM = 27.000000

Warning: veval: no DC value, transient time 0 value used
Warning: vreset: no DC value, transient time 0 value used

Initial Transient Solution
--------------------------

Node                                   Voltage
----                                   -------
vdd                                        1.8
vdd_active                                 1.8
vss                                          0
sense_p                               0.900076
sense_n                               0.899923
iso_tail                              0.100912
latch_sense_p                       -0.0896641
latch_sense_n                        -0.089702
reset                                        0
eval                                         0
out_p                                 0.362299
out_n                                 0.362298
tail                                 0.0170374
veval#branch                      -0.000728977
vreset#branch                       0.00134735
vn#branch                         -0.000511865
vp#branch                         -0.000511942
vss#branch                          0.00402693
vactive#branch                     -0.00173303
vdd#branch                         -0.00198846


No. of Data Rows : 1052

  Measurements for Transient Analysis

op_final            =  1.799985e+00
on_final            =  5.795966e-07
lp_before           =  -6.697171e-01
ln_before           =  -6.697125e-01


Total analysis time (seconds) = 0.12

Total elapsed time (seconds) = 0.411 

Total DRAM available = 7943.234 MB.
DRAM currently available =  469.012 MB.
Maximum ngspice program size =   56.652 MB.
Current ngspice program size =   41.000 MB.

Shared ngspice pages =   10.625 MB.
Text (code) pages =    5.316 MB.
Stack = 0 bytes.
Library pages =   38.703 MB.

