Warning: veval: no DC value, transient time 0 value used
Warning: vreset: no DC value, transient time 0 value used
 Reference value :  2.00000e-13
 Reference value :  1.03188e-10
 Reference value :  1.70319e-09
 Reference value :  4.82319e-09
 Reference value :  6.26319e-09
 Reference value :  1.03810e-08
 Reference value :  1.17810e-08
 Reference value :  1.21210e-08
 Reference value :  1.24410e-08
 Reference value :  1.28010e-08
 Reference value :  1.31010e-08
 Reference value :  1.34010e-08
 Reference value :  1.37210e-08
 Reference value :  1.40410e-08
 Reference value :  1.43610e-08
 Reference value :  1.46810e-08
 Reference value :  1.50010e-08
 Reference value :  1.98810e-08
 Reference value :  2.73010e-08
 Reference value :  3.51810e-08
 Reference value :  3.90410e-08
 Reference value :  4.26810e-08
 Reference value :  4.67210e-08
 Reference value :  5.35210e-08
 Reference value :  5.82610e-08
 Reference value :  6.56210e-08
 Reference value :  7.27210e-08
 Reference value :  7.98210e-08
 Reference value :  8.96610e-08
Warning: veval: no DC value, transient time 0 value used
Warning: vreset: no DC value, transient time 0 value used
 Reference value :  2.00000e-13
 Reference value :  4.12319e-09
 Reference value :  9.86095e-09
 Reference value :  1.49410e-08
 Reference value :  2.58810e-08
 Reference value :  3.04410e-08
 Reference value :  3.35010e-08
 Reference value :  4.00410e-08
 Reference value :  4.63210e-08
 Reference value :  4.82410e-08
 Reference value :  5.13810e-08
 Reference value :  5.87410e-08
 Reference value :  6.61610e-08
 Reference value :  7.40810e-08
 Reference value :  8.20010e-08
 Reference value :  8.65410e-08
 Reference value :  8.68610e-08
 Reference value :  8.72010e-08
 Reference value :  9.05610e-08
Original line no.: 61, new internal line no.: 865:
insertnumber: fails.
  s = ".measure tran decision_diff_v param=   -1.799938502387892e+00   " u=" -1.799938502387892e+00  " id=0
