
No compatibility mode selected!


Circuit: * extracted active converter macro decision-boundary transient.

Option cshunt: 22 capacitors added with 1e-15 F each
Doing analysis at TEMP = 27.000000 and TNOM = 27.000000

Using transient initial conditions

No. of Data Rows : 5031

  Measurements for Transient Analysis

decision_p_v        =  1.799998e+00
decision_n_v        =  5.972976e-05
decision_diff_v     =  -1.79994e+00
supply_charge_c     =   -1.90479e-15 from=  2.00000e-13 to=  2.00000e-08
active_supply_charge_c=   -4.27719e-13 from=  2.00000e-13 to=  2.00000e-08
p0_0                =  1.786066e+00
p0_1                =  1.787848e+00
p0_2                =  2.107446e-01
p0_3                =  8.757429e-01
p0_4                =  9.494513e-01
p0_5                =  1.555105e-01
p0_6                =  1.555327e-01
p1_0                =  1.750335e+00
p1_1                =  1.752972e+00
p1_2                =  2.036488e-01
p1_3                =  8.756324e-01
p1_4                =  5.275692e-01
p1_5                =  1.552343e-01
p1_6                =  1.554701e-01
p2_0                =  1.799998e+00
p2_1                =  5.972976e-05
p2_2                =  2.071342e-01
p2_3                =  9.537473e-01
p2_4                =  1.930532e-05
p2_5                =  1.540192e-01
p2_6                =  1.540199e-01
p3_0                =  1.799999e+00
p3_1                =  6.712380e-06
p3_2                =  2.066610e-01
p3_3                =  9.892489e-01
p3_4                =  2.213473e-06
p3_5                =  1.538679e-01
p3_6                =  1.538691e-01
p4_0                =  1.800000e+00
p4_1                =  7.997203e-08
p4_2                =  2.065614e-01
p4_3                =  9.934011e-01
p4_4                =  3.199070e-08
p4_5                =  1.538280e-01
p4_6                =  1.538280e-01
p5_0                =  1.800000e+00
p5_1                =  1.864838e-08
p5_2                =  2.065603e-01
p5_3                =  9.934383e-01
p5_4                =  1.178063e-08
p5_5                =  1.538276e-01
p5_6                =  1.538276e-01

Doing analysis at TEMP = 27.000000 and TNOM = 27.000000

Using transient initial conditions

No. of Data Rows : 5031

  Measurements for Transient Analysis

decision_p_v        =  1.799998e+00
decision_n_v        =  5.972976e-05
decision_diff_v     =  -1.79994e+00
supply_charge_c     =   -1.90479e-15 from=  2.00000e-13 to=  2.00000e-08
active_supply_charge_c=   -4.27719e-13 from=  2.00000e-13 to=  2.00000e-08
p0_0                =  1.786066e+00
p0_1                =  1.787848e+00
p0_2                =  2.107446e-01
p0_3                =  8.757429e-01
p0_4                =  9.494513e-01
p0_5                =  1.555105e-01
p0_6                =  1.555327e-01
p1_0                =  1.750335e+00
p1_1                =  1.752972e+00
p1_2                =  2.036488e-01
p1_3                =  8.756324e-01
p1_4                =  5.275692e-01
p1_5                =  1.552343e-01
p1_6                =  1.554701e-01
p2_0                =  1.799998e+00
p2_1                =  5.972976e-05
p2_2                =  2.071342e-01
p2_3                =  9.537473e-01
p2_4                =  1.930532e-05
p2_5                =  1.540192e-01
p2_6                =  1.540199e-01
p3_0                =  1.799999e+00
p3_1                =  6.712380e-06
p3_2                =  2.066610e-01
p3_3                =  9.892489e-01
p3_4                =  2.213473e-06
p3_5                =  1.538679e-01
p3_6                =  1.538691e-01
p4_0                =  1.800000e+00
p4_1                =  7.997203e-08
p4_2                =  2.065614e-01
p4_3                =  9.934011e-01
p4_4                =  3.199070e-08
p4_5                =  1.538280e-01
p4_6                =  1.538280e-01
p5_0                =  1.800000e+00
p5_1                =  1.864838e-08
p5_2                =  2.065603e-01
p5_3                =  9.934383e-01
p5_4                =  1.178063e-08
p5_5                =  1.538276e-01
p5_6                =  1.538276e-01


Total analysis time (seconds) = 15.269

Total elapsed time (seconds) = 20.416 

Total DRAM available = 7943.238 MB.
DRAM currently available =   86.676 MB.
Maximum ngspice program size =  120.953 MB.
Current ngspice program size =  104.750 MB.

Shared ngspice pages =   10.000 MB.
Text (code) pages =    5.316 MB.
Stack = 0 bytes.
Library pages =  103.004 MB.

