
Compatibility modes selected: hs a


Circuit: * signed small-signal extracted latch diagnostic, no structural mos substitution.

option SCALE: Scale is set to 1e-06 for instance and model parameters
option SCALE: Scale is set to 1e-06 for instance and model parameters
Doing analysis at TEMP = 27.000000 and TNOM = 27.000000

Warning: veval: no DC value, transient time 0 value used
Warning: vreset: no DC value, transient time 0 value used

Initial Transient Solution
--------------------------

Node                                   Voltage
----                                   -------
vdd                                        1.8
vdd_active                                 1.8
vss                                          0
sense_p                                0.90025
sense_n                                0.89975
iso_tail                              0.176131
latch_sense_p                           1.0974
latch_sense_n                           1.1026
reset                                        0
eval                                         0
out_p                                      1.8
out_n                                      1.8
tail                                   1.37524
veval#branch                                 0
vreset#branch                                0
vn#branch                                    0
vp#branch                                    0
vss#branch                         1.74136e-11
vactive#branch                    -2.55465e-17
vdd#branch                        -4.00002e-06


No. of Data Rows : 1022

  Measurements for Transient Analysis

op_final            =  1.069522e+00
on_final            =  1.600806e-02
lp_before           =  1.097396e+00
ln_before           =  1.102604e+00

binary raw file "waveform.raw"
Doing analysis at TEMP = 27.000000 and TNOM = 27.000000

Warning: veval: no DC value, transient time 0 value used
Warning: vreset: no DC value, transient time 0 value used

Initial Transient Solution
--------------------------

Node                                   Voltage
----                                   -------
vdd                                        1.8
vdd_active                                 1.8
vss                                          0
sense_p                                0.90025
sense_n                                0.89975
iso_tail                              0.169523
latch_sense_p                        0.0153653
latch_sense_n                        0.0152148
reset                                        0
eval                                         0
out_p                                  0.65219
out_n                                 0.652188
tail                                 0.0313136
veval#branch                      -0.000677799
vreset#branch                       0.00126157
vn#branch                         -0.000427737
vp#branch                         -0.000427952
vss#branch                          0.00324906
vactive#branch                     -0.00125054
vdd#branch                          -0.0017306


No. of Data Rows : 1025

  Measurements for Transient Analysis

op_final            =  1.297793e+00
on_final            =  1.390042e-02
lp_before           =  8.682311e-01
ln_before           =  8.721657e-01


Total analysis time (seconds) = 0.266

Total elapsed time (seconds) = 0.698 

Total DRAM available = 7943.238 MB.
DRAM currently available =  207.793 MB.
Maximum ngspice program size =   56.656 MB.
Current ngspice program size =   41.000 MB.

Shared ngspice pages =   10.500 MB.
Text (code) pages =    5.316 MB.
Stack = 0 bytes.
Library pages =   38.707 MB.

