
Compatibility modes selected: hs a


Circuit: * signed small-signal extracted latch diagnostic, no structural mos substitution.

option SCALE: Scale is set to 1e-06 for instance and model parameters
option SCALE: Scale is set to 1e-06 for instance and model parameters
Doing analysis at TEMP = 27.000000 and TNOM = 27.000000

Warning: veval: no DC value, transient time 0 value used
Warning: vreset: no DC value, transient time 0 value used

Initial Transient Solution
--------------------------

Node                                   Voltage
----                                   -------
vdd                                        1.8
vdd_active                                 1.8
vss                                          0
sense_p                               0.899923
sense_n                               0.900076
iso_tail                              0.178804
latch_sense_p                          1.60023
latch_sense_n                          1.59975
reset                                        0
eval                                         0
out_p                                      1.8
out_n                                      1.8
tail                                   1.38965
veval#branch                                 0
vreset#branch                                0
vn#branch                                    0
vp#branch                                    0
vss#branch                         1.49705e-10
vactive#branch                    -4.00013e-06
vdd#branch                         -1.4798e-11


No. of Data Rows : 1051

  Measurements for Transient Analysis

op_final            =  7.750640e-02
on_final            =  7.752977e-02
lp_before           =  1.600235e+00
ln_before           =  1.599752e+00

binary raw file "waveform.raw"
Doing analysis at TEMP = 27.000000 and TNOM = 27.000000

Warning: veval: no DC value, transient time 0 value used
Warning: vreset: no DC value, transient time 0 value used

Initial Transient Solution
--------------------------

Node                                   Voltage
----                                   -------
vdd                                        1.8
vdd_active                                 1.8
vss                                          0
sense_p                               0.899923
sense_n                               0.900076
iso_tail                              0.177467
latch_sense_p                       -0.0936368
latch_sense_n                       -0.0935991
reset                                        0
eval                                         0
out_p                                 0.360227
out_n                                 0.360228
tail                                 0.0182018
veval#branch                       -0.00086729
vreset#branch                       0.00160928
vn#branch                          -0.00060012
vp#branch                         -0.000600036
vss#branch                           0.0048672
vactive#branch                     -0.00205705
vdd#branch                         -0.00235599


No. of Data Rows : 1054

  Measurements for Transient Analysis

op_final            =  7.749485e-02
on_final            =  7.751823e-02
lp_before           =  1.581738e+00
ln_before           =  1.581263e+00


Total analysis time (seconds) = 0.176

Total elapsed time (seconds) = 0.511 

Total DRAM available = 7943.234 MB.
DRAM currently available =  199.227 MB.
Maximum ngspice program size =   56.660 MB.
Current ngspice program size =   40.875 MB.

Shared ngspice pages =   10.500 MB.
Text (code) pages =    5.316 MB.
Stack = 0 bytes.
Library pages =   38.711 MB.

