
No compatibility mode selected!


Circuit: * extracted active converter macro decision-boundary transient.

Option cshunt: 21 capacitors added with 1e-15 F each
Doing analysis at TEMP = 27.000000 and TNOM = 27.000000

Using transient initial conditions

No. of Data Rows : 633

  Measurements for Transient Analysis

decision_p_v        =  1.112817e-01
decision_n_v        =  1.116503e-01
decision_diff_v     =  3.68575e-04
supply_charge_c     =   -1.59731e-15 from=  2.00000e-13 to=  1.20000e-08

Doing analysis at TEMP = 27.000000 and TNOM = 27.000000

Using transient initial conditions

No. of Data Rows : 633

  Measurements for Transient Analysis

decision_p_v        =  1.112817e-01
decision_n_v        =  1.116503e-01
decision_diff_v     =  3.68575e-04
supply_charge_c     =   -1.59731e-15 from=  2.00000e-13 to=  1.20000e-08


Total analysis time (seconds) = 0.125

Total elapsed time (seconds) = 0.722 

Total DRAM available = 7943.230 MB.
DRAM currently available = 1238.879 MB.
Maximum ngspice program size =  106.672 MB.
Current ngspice program size =   89.875 MB.

Shared ngspice pages =    9.500 MB.
Text (code) pages =    5.316 MB.
Stack = 0 bytes.
Library pages =   88.723 MB.

