
Compatibility modes selected: hs a


Circuit: * signed small-signal extracted latch diagnostic, no structural mos substitution.

option SCALE: Scale is set to 1e-06 for instance and model parameters
option SCALE: Scale is set to 1e-06 for instance and model parameters
Doing analysis at TEMP = 27.000000 and TNOM = 27.000000

Warning: veval: no DC value, transient time 0 value used
Warning: vreset: no DC value, transient time 0 value used

Initial Transient Solution
--------------------------

Node                                   Voltage
----                                   -------
vdd                                        1.8
vdd_active                                 1.8
vss                                          0
sense_p                               0.900076
sense_n                               0.899923
iso_tail                              0.212382
latch_sense_p                          1.69985
latch_sense_n                          1.70013
reset                                        0
eval                                         0
out_p                                      1.8
out_n                                      1.8
tail                                   1.39083
veval#branch                                 0
vreset#branch                                0
vn#branch                                    0
vp#branch                                    0
vss#branch                         1.50364e-10
vactive#branch                    -2.00014e-06
vdd#branch                         -1.4804e-11


No. of Data Rows : 1051

  Measurements for Transient Analysis

op_final            =  7.435318e-02
on_final            =  7.434267e-02
lp_before           =  1.699854e+00
ln_before           =  1.700133e+00

binary raw file "waveform.raw"
Doing analysis at TEMP = 27.000000 and TNOM = 27.000000

Warning: veval: no DC value, transient time 0 value used
Warning: vreset: no DC value, transient time 0 value used

Initial Transient Solution
--------------------------

Node                                   Voltage
----                                   -------
vdd                                        1.8
vdd_active                                 1.8
vss                                          0
sense_p                               0.900076
sense_n                               0.899923
iso_tail                              0.180052
latch_sense_p                       -0.0941794
latch_sense_n                        -0.094217
reset                                        0
eval                                         0
out_p                                 0.359986
out_n                                 0.359985
tail                                  0.018399
veval#branch                      -0.000890051
vreset#branch                       0.00165258
vn#branch                         -0.000616146
vp#branch                         -0.000616232
vss#branch                          0.00499498
vactive#branch                     -0.00211048
vdd#branch                         -0.00241665


No. of Data Rows : 1056

  Measurements for Transient Analysis

op_final            =  7.433868e-02
on_final            =  7.432811e-02
lp_before           =  1.678192e+00
ln_before           =  1.678507e+00


Total analysis time (seconds) = 0.108

Total elapsed time (seconds) = 0.397 

Total DRAM available = 7943.234 MB.
DRAM currently available =  478.992 MB.
Maximum ngspice program size =   56.660 MB.
Current ngspice program size =   40.875 MB.

Shared ngspice pages =   10.375 MB.
Text (code) pages =    5.316 MB.
Stack = 0 bytes.
Library pages =   38.711 MB.

