
Circuit 1 cell sky130_fd_pr__nfet_01v8 and Circuit 2 cell sky130_fd_pr__nfet_01v8 are black boxes.
Warning: Equate pins:  cell sky130_fd_pr__nfet_01v8 is a placeholder, treated as a black box.
Warning: Equate pins:  cell sky130_fd_pr__nfet_01v8 is a placeholder, treated as a black box.

Subcircuit pins:
Circuit 1: sky130_fd_pr__nfet_01v8         |Circuit 2: sky130_fd_pr__nfet_01v8         
-------------------------------------------|-------------------------------------------
1                                          |1                                          
2                                          |2                                          
3                                          |3                                          
4                                          |4                                          
---------------------------------------------------------------------------------------
Cell pin lists are equivalent.
Device classes sky130_fd_pr__nfet_01v8 and sky130_fd_pr__nfet_01v8 are equivalent.

Circuit 1 cell sky130_fd_pr__pfet_01v8 and Circuit 2 cell sky130_fd_pr__pfet_01v8 are black boxes.
Warning: Equate pins:  cell sky130_fd_pr__pfet_01v8 is a placeholder, treated as a black box.
Warning: Equate pins:  cell sky130_fd_pr__pfet_01v8 is a placeholder, treated as a black box.

Subcircuit pins:
Circuit 1: sky130_fd_pr__pfet_01v8         |Circuit 2: sky130_fd_pr__pfet_01v8         
-------------------------------------------|-------------------------------------------
1                                          |1                                          
2                                          |2                                          
3                                          |3                                          
4                                          |4                                          
---------------------------------------------------------------------------------------
Cell pin lists are equivalent.
Device classes sky130_fd_pr__pfet_01v8 and sky130_fd_pr__pfet_01v8 are equivalent.
Flattening unmatched subcell sky130_isolated_frontend_active_load_latch_v2 in circuit aimc_converter_macro_active_candidate_flat (1)(1 instance)

Cell aimc_converter_macro_active_candidate_flat (0) disconnected node: vss
Cell aimc_converter_macro_active_candidate_flat (0) disconnected node: vdd
Cell aimc_converter_macro_active_candidate_flat (1) disconnected node: vss
Cell aimc_converter_macro_active_candidate_flat (1) disconnected node: vdd
Subcircuit summary:
Circuit 1: aimc_converter_macro_active_can |Circuit 2: aimc_converter_macro_active_can 
-------------------------------------------|-------------------------------------------
sky130_fd_pr__pfet_01v8 (4)                |sky130_fd_pr__pfet_01v8 (4)                
sky130_fd_pr__nfet_01v8 (7)                |sky130_fd_pr__nfet_01v8 (9) **Mismatch**   
Number of devices: 11 **Mismatch**         |Number of devices: 13 **Mismatch**         
Number of nets: 12 **Mismatch**            |Number of nets: 13 **Mismatch**            
---------------------------------------------------------------------------------------
NET mismatches: Class fragments follow (with fanout counts):
Circuit 1: aimc_converter_macro_active_can |Circuit 2: aimc_converter_macro_active_can 

---------------------------------------------------------------------------------------
Net: vss_escape                            |Net: vss_escape                            
  sky130_fd_pr__nfet_01v8/4 = 7            |  sky130_fd_pr__nfet_01v8/4 = 9            
  sky130_fd_pr__nfet_01v8/(1|3) = 1        |  sky130_fd_pr__nfet_01v8/(1|3) = 1        
                                           |                                           
Net: row_drive                             |Net: row_drive                             
  sky130_fd_pr__nfet_01v8/2 = 1            |  sky130_fd_pr__nfet_01v8/2 = 2            
                                           |                                           
Net: sar_comparator_input                  |Net: sar_comparator_input                  
  sky130_fd_pr__nfet_01v8/2 = 1            |  sky130_fd_pr__nfet_01v8/2 = 2            
                                           |                                           
Net: latch_sense_p_ext                     |Net: latch_sense_p_ext                     
  sky130_fd_pr__nfet_01v8/(1|3) = 1        |  sky130_fd_pr__nfet_01v8/(1|3) = 2        
  sky130_fd_pr__nfet_01v8/2 = 1            |  sky130_fd_pr__nfet_01v8/2 = 1            
                                           |                                           
Net: latch_sense_n_ext                     |Net: latch_sense_n_ext                     
  sky130_fd_pr__nfet_01v8/(1|3) = 1        |  sky130_fd_pr__nfet_01v8/(1|3) = 2        
  sky130_fd_pr__nfet_01v8/2 = 1            |  sky130_fd_pr__nfet_01v8/2 = 1            
                                           |                                           
Net: iso_tail_ext                          |Net: iso_tail_ext                          
  sky130_fd_pr__nfet_01v8/(1|3) = 2        |  sky130_fd_pr__nfet_01v8/(1|3) = 2        
                                           |                                           
(no matching net)                          |Net: preamp_iso_tail_ext                   
                                           |  sky130_fd_pr__nfet_01v8/(1|3) = 2        
---------------------------------------------------------------------------------------
DEVICE mismatches: Class fragments follow (with node fanout counts):
Circuit 1: aimc_converter_macro_active_can |Circuit 2: aimc_converter_macro_active_can 

---------------------------------------------------------------------------------------
Instance: sky130_fd_pr__nfet_01v8:7        |Instance: sky130_isolated_frontend_active_ 
  (1,3) = (2,2)                            |  (1,3) = (3,2)                            
  2 = 1                                    |  2 = 2                                    
  4 = 8                                    |  4 = 10                                   
                                           |                                           
Instance: sky130_fd_pr__nfet_01v8:8        |Instance: sky130_isolated_frontend_active_ 
  (1,3) = (2,2)                            |  (1,3) = (3,2)                            
  2 = 1                                    |  2 = 2                                    
  4 = 8                                    |  4 = 10                                   
                                           |                                           
(no matching instance)                     |Instance: sky130_fd_pr__nfet_01v8:preamp_p 
                                           |  (1,3) = (3,2)                            
                                           |  2 = 2                                    
                                           |  4 = 10                                   
                                           |                                           
                                           |                                           
(no matching instance)                     |Instance: sky130_fd_pr__nfet_01v8:preamp_n 
                                           |  (1,3) = (3,2)                            
                                           |  2 = 2                                    
                                           |  4 = 10                                   
                                           |                                           
---------------------------------------------------------------------------------------
Netlists do not match.
Port matching may fail to disambiguate symmetries.

Subcircuit pins:
Circuit 1: aimc_converter_macro_active_can |Circuit 2: aimc_converter_macro_active_can 
-------------------------------------------|-------------------------------------------
vss_escape                                 |iso_tail_ext **Mismatch**                  
row_drive                                  |preamp_iso_tail_ext **Mismatch**           
sar_comparator_input                       |row_drive **Mismatch**                     
latch_sense_p_ext                          |sar_comparator_input **Mismatch**          
latch_sense_n_ext                          |latch_sense_p_ext **Mismatch**             
iso_tail_ext                               |latch_sense_n_ext **Mismatch**             
reset                                      |reset                                      
eval                                       |eval                                       
vdd_ext                                    |vdd_ext                                    
tail_ext                                   |tail_ext                                   
decision_p                                 |decision_p                                 
decision_n                                 |decision_n                                 
vss                                        |vss                                        
vdd                                        |vdd                                        
(no pin, node is iso_tail_ext)             |vss_escape                                 
---------------------------------------------------------------------------------------
Cell pin lists for aimc_converter_macro_active_candidate_flat and aimc_converter_macro_active_candidate_flat altered to match.
Device classes aimc_converter_macro_active_candidate_flat and aimc_converter_macro_active_candidate_flat are equivalent.

Final result: Top level cell failed pin matching.
