Warning: veval: no DC value, transient time 0 value used
Warning: vreset: no DC value, transient time 0 value used
Warning: singular matrix:  check nodes xu.shared_converter_mux_0/mux_bus and xu.shared_converter_mux_0/mux_bus

Note: Starting dynamic gmin stepping
Trying gmin =   1.0000E-03 Note: One successful gmin step
Trying gmin =   1.0000E-04 Note: One successful gmin step
Trying gmin =   1.0000E-05 Note: One successful gmin step
Trying gmin =   1.0000E-06 Note: One successful gmin step
Trying gmin =   1.0000E-07 Note: One successful gmin step
Trying gmin =   1.0000E-08 Note: One successful gmin step
Trying gmin =   1.0000E-09 Note: One successful gmin step
Trying gmin =   1.0000E-10 Note: One successful gmin step
Trying gmin =   1.0000E-11 Note: One successful gmin step
Trying gmin =   1.0000E-12 Note: One successful gmin step
Trying gmin =   1.0000E-12 Note: One successful gmin step
Warning: singular matrix:  check nodes xu.sar_readout_12b_0/vss and xu.sar_readout_12b_0/vss

Warning: Dynamic gmin stepping failed
Note: Starting true gmin stepping
Trying gmin =   1.0000E-03 Warning: singular matrix:  check nodes xu.sar_readout_12b_0/vss and xu.sar_readout_12b_0/vss

Warning: Further gmin increment
Trying gmin =   5.6234E-03 Warning: singular matrix:  check nodes xu.sar_readout_12b_0/vss and xu.sar_readout_12b_0/vss

Warning: Further gmin increment
Trying gmin =   8.6596E-03 Warning: singular matrix:  check nodes xu.sar_readout_12b_0/vss and xu.sar_readout_12b_0/vss

Warning: Further gmin increment
Trying gmin =   9.6466E-03 Warning: singular matrix:  check nodes xu.sar_readout_12b_0/vss and xu.sar_readout_12b_0/vss

Warning: Further gmin increment
Trying gmin =   9.9105E-03 Warning: singular matrix:  check nodes xu.sar_readout_12b_0/vss and xu.sar_readout_12b_0/vss

Warning: Further gmin increment
Trying gmin =   9.9775E-03 Warning: singular matrix:  check nodes xu.sar_readout_12b_0/vss and xu.sar_readout_12b_0/vss

Warning: Further gmin increment
Trying gmin =   9.9944E-03 Warning: singular matrix:  check nodes xu.sar_readout_12b_0/vss and xu.sar_readout_12b_0/vss

Warning: Further gmin increment
Trying gmin =   9.9986E-03 Warning: singular matrix:  check nodes xu.sar_readout_12b_0/vss and xu.sar_readout_12b_0/vss

Warning: Further gmin increment
Trying gmin =   9.9996E-03 Warning: singular matrix:  check nodes xu.sar_readout_12b_0/vss and xu.sar_readout_12b_0/vss

Warning: Last gmin step failed
Warning: singular matrix:  check nodes xu.sar_readout_12b_0/vss and xu.sar_readout_12b_0/vss

Warning: True gmin stepping failed
Note: Starting source stepping
Supplies reduced to   0.0000% Warning: singular matrix:  check nodes xu.sar_readout_12b_0/vss and xu.sar_readout_12b_0/vss


Trying gmin =   1.0000E-02 Note: One successful gmin step
Trying gmin =   1.0000E-03 Note: One successful gmin step
Trying gmin =   1.0000E-04 Note: One successful gmin step
Trying gmin =   1.0000E-05 Note: One successful gmin step
Trying gmin =   1.0000E-06 Note: One successful gmin step
Trying gmin =   1.0000E-07 Note: One successful gmin step
Trying gmin =   1.0000E-08 Note: One successful gmin step
Trying gmin =   1.0000E-09 Note: One successful gmin step
Trying gmin =   1.0000E-10 Note: One successful gmin step
Trying gmin =   1.0000E-11 Note: One successful gmin step
Trying gmin =   1.0000E-12 Note: One successful gmin step
Note: One successful source step
Supplies reduced to   0.1000% Warning: singular matrix:  check nodes xu.sar_readout_12b_0/vss and xu.sar_readout_12b_0/vss

Supplies reduced to   0.0000% Warning: singular matrix:  check nodes xu.sar_readout_12b_0/vss and xu.sar_readout_12b_0/vss

Warning: source stepping failed
Note: Transient op started
Note: Transient op finished successfully
 Reference value :  0.00000e+00
 Reference value :  1.44950e-08
Warning: veval: no DC value, transient time 0 value used
Warning: vreset: no DC value, transient time 0 value used
 Reference value :  6.85500e-09
 Reference value :  1.41950e-08
Original line no.: 18, new internal line no.: 18211:
insertnumber: fails.
  s = ".measure tran decision_diff_v param=    1.759359729941928e+00   " u=" -1.759359748279298e+00  " id=0
