
Compatibility modes selected: hs a


Circuit: * signed small-signal extracted latch diagnostic, no structural mos substitution.

option SCALE: Scale is set to 1e-06 for instance and model parameters
option SCALE: Scale is set to 1e-06 for instance and model parameters
Doing analysis at TEMP = 27.000000 and TNOM = 27.000000

Warning: veval: no DC value, transient time 0 value used
Warning: vreset: no DC value, transient time 0 value used
Warning: singular matrix:  check nodes xu.m1_1000_12500# and xu.m1_1000_12500#

Note: Starting dynamic gmin stepping
Trying gmin =   1.0000E-03 Note: One successful gmin step
Trying gmin =   1.0000E-04 Note: One successful gmin step
Trying gmin =   1.0000E-05 Note: One successful gmin step
Trying gmin =   1.0000E-06 Note: One successful gmin step
Trying gmin =   1.0000E-07 Note: One successful gmin step
Trying gmin =   1.0000E-08 Note: One successful gmin step
Trying gmin =   1.0000E-09 Note: One successful gmin step
Trying gmin =   1.0000E-10 Note: One successful gmin step
Trying gmin =   1.0000E-11 Note: One successful gmin step
Trying gmin =   1.0000E-12 Note: One successful gmin step
Trying gmin =   1.0000E-12 Note: One successful gmin step
Warning: singular matrix:  check nodes xu.m1_3440_12500# and xu.m1_3440_12500#

Warning: Dynamic gmin stepping failed
Note: Starting true gmin stepping
Trying gmin =   1.0000E-03 Warning: singular matrix:  check nodes xu.m1_3440_12500# and xu.m1_3440_12500#

Warning: Further gmin increment
Trying gmin =   5.6234E-03 Warning: singular matrix:  check nodes xu.m1_3440_12500# and xu.m1_3440_12500#

Warning: Further gmin increment
Trying gmin =   8.6596E-03 Warning: singular matrix:  check nodes xu.m1_3440_12500# and xu.m1_3440_12500#

Warning: Further gmin increment
Trying gmin =   9.6466E-03 Warning: singular matrix:  check nodes xu.m1_3440_12500# and xu.m1_3440_12500#

Warning: Further gmin increment
Trying gmin =   9.9105E-03 Warning: singular matrix:  check nodes xu.m1_3440_12500# and xu.m1_3440_12500#

Warning: Further gmin increment
Trying gmin =   9.9775E-03 Warning: singular matrix:  check nodes xu.m1_3440_12500# and xu.m1_3440_12500#

Warning: Further gmin increment
Trying gmin =   9.9944E-03 Warning: singular matrix:  check nodes xu.m1_3440_12500# and xu.m1_3440_12500#

Warning: Further gmin increment
Trying gmin =   9.9986E-03 Warning: singular matrix:  check nodes xu.m1_3440_12500# and xu.m1_3440_12500#

Warning: Further gmin increment
Trying gmin =   9.9996E-03 Warning: singular matrix:  check nodes xu.m1_3440_12500# and xu.m1_3440_12500#

Warning: Last gmin step failed
Warning: singular matrix:  check nodes xu.m1_3440_12500# and xu.m1_3440_12500#

Warning: True gmin stepping failed
Note: Starting source stepping
Supplies reduced to   0.0000% Warning: singular matrix:  check nodes xu.m1_3440_12500# and xu.m1_3440_12500#


Trying gmin =   1.0000E-02 Note: One successful gmin step
Trying gmin =   1.0000E-03 Note: One successful gmin step
Trying gmin =   1.0000E-04 Note: One successful gmin step
Trying gmin =   1.0000E-05 Note: One successful gmin step
Trying gmin =   1.0000E-06 Note: One successful gmin step
Trying gmin =   1.0000E-07 Note: One successful gmin step
Trying gmin =   1.0000E-08 Note: One successful gmin step
Trying gmin =   1.0000E-09 Note: One successful gmin step
Trying gmin =   1.0000E-10 Note: One successful gmin step
Trying gmin =   1.0000E-11 Note: One successful gmin step
Trying gmin =   1.0000E-12 Note: One successful gmin step
Note: One successful source step
Supplies reduced to   0.1000% Warning: singular matrix:  check nodes xu.m1_3440_12500# and xu.m1_3440_12500#

Supplies reduced to   0.0000% Warning: singular matrix:  check nodes xu.m1_3440_12500# and xu.m1_3440_12500#

Warning: source stepping failed
Note: Transient op started
Note: Transient op finished successfully

Initial Transient Solution
--------------------------

Node                                   Voltage
----                                   -------
vdd                                        1.8
vdd_active                                 1.8
vss                                          0
sense_p                                  0.905
sense_n                                  0.895
iso_tail                              0.173343
latch_sense_p                         0.604248
latch_sense_n                         0.755752
reset                                        0
eval                                         0
out_p                                      1.8
out_n                                      1.8
tail                                   1.28293
veval#branch                       4.44881e-12
vreset#branch                      4.42427e-16
vn#branch                         -1.56194e-14
vp#branch                         -1.86564e-14
vss#branch                         1.71906e-10
vactive#branch                    -1.07986e-11
vdd#branch                        -4.00019e-06


No. of Data Rows : 1053

  Measurements for Transient Analysis

op_final            =  1.798043e+00
on_final            =  2.020675e-04
lp_before           =  6.042479e-01
ln_before           =  7.557525e-01

binary raw file "waveform.raw"
Doing analysis at TEMP = 27.000000 and TNOM = 27.000000

Warning: veval: no DC value, transient time 0 value used
Warning: vreset: no DC value, transient time 0 value used

Initial Transient Solution
--------------------------

Node                                   Voltage
----                                   -------
vdd                                        1.8
vdd_active                                 1.8
vss                                          0
sense_p                                  0.905
sense_n                                  0.895
iso_tail                              0.169652
latch_sense_p                        0.0149809
latch_sense_n                        0.0119705
reset                                        0
eval                                         0
out_p                                 0.651994
out_n                                 0.651953
tail                                 0.0309728
veval#branch                      -0.000681856
vreset#branch                       0.00126917
vn#branch                         -0.000428902
vp#branch                         -0.000433219
vss#branch                           0.0032657
vactive#branch                     -0.00125824
vdd#branch                         -0.00173666


No. of Data Rows : 1051

  Measurements for Transient Analysis

op_final            =  1.798374e+00
on_final            =  2.104614e-04
lp_before           =  5.340959e-01
ln_before           =  6.316240e-01


Total analysis time (seconds) = 0.975

Total elapsed time (seconds) = 1.588 

Total DRAM available = 7943.238 MB.
DRAM currently available =  332.582 MB.
Maximum ngspice program size =   56.535 MB.
Current ngspice program size =   40.375 MB.

Shared ngspice pages =    9.875 MB.
Text (code) pages =    5.316 MB.
Stack = 0 bytes.
Library pages =   38.586 MB.

