
No compatibility mode selected!


Circuit: * extracted active converter macro decision-boundary transient.

Option cshunt: 22 capacitors added with 1e-15 F each
Doing analysis at TEMP = 27.000000 and TNOM = 27.000000

Using transient initial conditions

No. of Data Rows : 1031

  Measurements for Transient Analysis

decision_p_v        =  3.787132e-01
decision_n_v        =  5.744938e-02
decision_diff_v     =  -3.21264e-01
supply_charge_c     =   -1.90479e-15 from=  2.00000e-13 to=  2.00000e-08
active_supply_charge_c=   -9.87157e-13 from=  2.00000e-13 to=  2.00000e-08

Doing analysis at TEMP = 27.000000 and TNOM = 27.000000

Using transient initial conditions

No. of Data Rows : 1031

  Measurements for Transient Analysis

decision_p_v        =  3.787132e-01
decision_n_v        =  5.744938e-02
decision_diff_v     =  -3.21264e-01
supply_charge_c     =   -1.90479e-15 from=  2.00000e-13 to=  2.00000e-08
active_supply_charge_c=   -9.87157e-13 from=  2.00000e-13 to=  2.00000e-08


Total analysis time (seconds) = 0.972

Total elapsed time (seconds) = 2.768 

Total DRAM available = 7943.238 MB.
DRAM currently available =   78.684 MB.
Maximum ngspice program size =  118.434 MB.
Current ngspice program size =  102.125 MB.

Shared ngspice pages =    9.750 MB.
Text (code) pages =    5.316 MB.
Stack = 0 bytes.
Library pages =  100.484 MB.

