
Compatibility modes selected: hs a


Circuit: * signed small-signal extracted latch diagnostic, no structural mos substitution.

option SCALE: Scale is set to 1e-06 for instance and model parameters
option SCALE: Scale is set to 1e-06 for instance and model parameters
Doing analysis at TEMP = 27.000000 and TNOM = 27.000000

Warning: veval: no DC value, transient time 0 value used
Warning: vreset: no DC value, transient time 0 value used
Warning: vn: no DC value, transient time 0 value used
Warning: vp: no DC value, transient time 0 value used

Initial Transient Solution
--------------------------

Node                                   Voltage
----                                   -------
vdd                                       1.75
vdd_active                                 1.8
vss                                          0
sense_p                                0.89975
sense_n                                0.90025
iso_tail                              0.176131
latch_sense_p                           1.1026
latch_sense_n                           1.0974
reset                                        0
eval                                         0
out_p                                     1.75
out_n                                     1.75
tail                                   1.33263
rx_p                               8.69099e-08
rx_n                               8.69099e-08
veval#branch                                 0
vreset#branch                                0
vn#branch                                    0
vp#branch                                    0
vss#branch                         1.07248e-10
vactive#branch                    -4.00009e-06
vdd#branch                        -1.41487e-11


No. of Data Rows : 10238

  Measurements for Transient Analysis

op_final            =  1.646951e-02
on_final            =  1.553311e+00
lp_before           =  1.102604e+00
ln_before           =  1.097396e+00

binary raw file "waveform.raw"
Doing analysis at TEMP = 27.000000 and TNOM = 27.000000

Warning: veval: no DC value, transient time 0 value used
Warning: vreset: no DC value, transient time 0 value used
Warning: vn: no DC value, transient time 0 value used
Warning: vp: no DC value, transient time 0 value used

Initial Transient Solution
--------------------------

Node                                   Voltage
----                                   -------
vdd                                       1.75
vdd_active                                 1.8
vss                                          0
sense_p                                0.89975
sense_n                                0.90025
iso_tail                              0.175828
latch_sense_p                         0.019395
latch_sense_n                        0.0195424
reset                                        0
eval                                         0
out_p                                 0.872512
out_n                                 0.872514
tail                                 0.0557569
rx_p                                  0.789221
rx_n                                  0.789219
veval#branch                      -0.000873847
vreset#branch                       0.00159306
vn#branch                         -0.000555151
vp#branch                         -0.000554871
vss#branch                           0.0050112
vactive#branch                     -0.00263977
vdd#branch                         -0.00198462


No. of Data Rows : 10238

  Measurements for Transient Analysis

op_final            =  1.467984e-02
on_final            =  1.586238e+00
lp_before           =  8.725543e-01
ln_before           =  8.684378e-01


Total analysis time (seconds) = 2.929

Total elapsed time (seconds) = 3.391 

Total DRAM available = 7943.238 MB.
DRAM currently available =  828.582 MB.
Maximum ngspice program size =   62.438 MB.
Current ngspice program size =   46.273 MB.

Shared ngspice pages =   10.250 MB.
Text (code) pages =    5.316 MB.
Stack = 0 bytes.
Library pages =   44.488 MB.

