
No compatibility mode selected!


Circuit: * extracted active converter macro decision-boundary transient.

Option cshunt: 26 capacitors added with 1e-15 F each
Doing analysis at TEMP = 27.000000 and TNOM = 27.000000

Using transient initial conditions

No. of Data Rows : 1033

  Measurements for Transient Analysis

decision_p_v        =  1.799980e+00
decision_n_v        =  -6.157333e-06
decision_diff_v     =  -1.79999e+00
supply_charge_c     =   -1.90506e-15 from=  2.00000e-13 to=  2.00000e-08
active_supply_charge_c=   -1.17617e-12 from=  2.00000e-13 to=  2.00000e-08

Doing analysis at TEMP = 27.000000 and TNOM = 27.000000

Using transient initial conditions

No. of Data Rows : 1033

  Measurements for Transient Analysis

decision_p_v        =  1.799980e+00
decision_n_v        =  -6.157333e-06
decision_diff_v     =  -1.79999e+00
supply_charge_c     =   -1.90506e-15 from=  2.00000e-13 to=  2.00000e-08
active_supply_charge_c=   -1.17617e-12 from=  2.00000e-13 to=  2.00000e-08


Total analysis time (seconds) = 0.243

Total elapsed time (seconds) = 0.918 

Total DRAM available = 7943.234 MB.
DRAM currently available =  134.602 MB.
Maximum ngspice program size =  130.312 MB.
Current ngspice program size =  114.250 MB.

Shared ngspice pages =   10.125 MB.
Text (code) pages =    5.316 MB.
Stack = 0 bytes.
Library pages =  112.363 MB.

