
Compatibility modes selected: hs a


Circuit: * signed small-signal extracted latch diagnostic, no structural mos substitution.

option SCALE: Scale is set to 1e-06 for instance and model parameters
Original line no.: 0, new internal line no.: 586:
Undefined number [sky130_fd_pr__pfet_01v8__wlod_diff]
Original line no.: 0, new internal line no.: 586:
Cannot compute substitute
Original line no.: 0, new internal line no.: 586:
Undefined number [sky130_fd_pr__pfet_01v8__wlod_diff]
Original line no.: 0, new internal line no.: 586:
Cannot compute substitute
Original line no.: 0, new internal line no.: 586:
Undefined number [sky130_fd_pr__pfet_01v8__wlod_diff]
Original line no.: 0, new internal line no.: 586:
Cannot compute substitute
Original line no.: 0, new internal line no.: 586:
Undefined number [sky130_fd_pr__pfet_01v8__wlod_diff]
Original line no.: 0, new internal line no.: 586:
Cannot compute substitute
 Copies=400 Evals=1657 Placeholders=1860 Symbols=178 Errors=8

ERROR: fatal error in ngspice, exit(1)
