
Compatibility modes selected: hs a


Circuit: * signed small-signal extracted latch diagnostic, no structural mos substitution.

option SCALE: Scale is set to 1e-06 for instance and model parameters
option SCALE: Scale is set to 1e-06 for instance and model parameters
Doing analysis at TEMP = 125.000000 and TNOM = 27.000000

Warning: veval: no DC value, transient time 0 value used
Warning: vreset: no DC value, transient time 0 value used
Warning: vn: no DC value, transient time 0 value used
Warning: vp: no DC value, transient time 0 value used

Initial Transient Solution
--------------------------

Node                                   Voltage
----                                   -------
vdd                                       1.75
vdd_active                                 1.8
vss                                          0
sense_p                                0.89975
sense_n                                0.90025
iso_tail                               0.21687
latch_sense_p                          1.10215
latch_sense_n                          1.09771
reset                                        0
eval                                         0
rx_p                               1.42448e-05
out_p                                  1.74999
out_n                                  1.74999
rx_n                               1.42448e-05
tail                                   1.30582
veval#branch                                 0
vreset#branch                                0
vn#branch                                    0
vp#branch                                    0
vss#branch                         1.29499e-08
vactive#branch                    -4.01177e-06
vdd#branch                        -1.18218e-09


No. of Data Rows : 10228

  Measurements for Transient Analysis

op_final            =  2.172514e-02
on_final            =  1.572786e+00
lp_before           =  1.102155e+00
ln_before           =  1.097709e+00

binary raw file "waveform.raw"
Doing analysis at TEMP = 125.000000 and TNOM = 27.000000

Warning: veval: no DC value, transient time 0 value used
Warning: vreset: no DC value, transient time 0 value used
Warning: vn: no DC value, transient time 0 value used
Warning: vp: no DC value, transient time 0 value used

Initial Transient Solution
--------------------------

Node                                   Voltage
----                                   -------
vdd                                       1.75
vdd_active                                 1.8
vss                                          0
sense_p                                0.89975
sense_n                                0.90025
iso_tail                              0.194259
latch_sense_p                        0.0236452
latch_sense_n                         0.023784
reset                                        0
eval                                         0
rx_p                                  0.772386
out_p                                 0.893713
out_n                                 0.893715
rx_n                                  0.772384
tail                                  0.065104
veval#branch                      -0.000963009
vreset#branch                       0.00176625
vn#branch                         -0.000595971
vp#branch                         -0.000595687
vss#branch                           0.0053927
vactive#branch                     -0.00288306
vdd#branch                         -0.00212522


No. of Data Rows : 10234

  Measurements for Transient Analysis

op_final            =  1.942099e-02
on_final            =  1.600672e+00
lp_before           =  8.567733e-01
ln_before           =  8.533799e-01


Total analysis time (seconds) = 2.172

Total elapsed time (seconds) = 2.725 

Total DRAM available = 7943.238 MB.
DRAM currently available =  801.508 MB.
Maximum ngspice program size =   62.629 MB.
Current ngspice program size =   46.844 MB.

Shared ngspice pages =   10.500 MB.
Text (code) pages =    5.316 MB.
Stack = 0 bytes.
Library pages =   44.680 MB.

