
Compatibility modes selected: hs a


Circuit: * signed small-signal extracted latch diagnostic, no structural mos substitution.

option SCALE: Scale is set to 1e-06 for instance and model parameters
option SCALE: Scale is set to 1e-06 for instance and model parameters
Doing analysis at TEMP = 27.000000 and TNOM = 27.000000

Warning: veval: no DC value, transient time 0 value used
Warning: vreset: no DC value, transient time 0 value used
Warning: vn: no DC value, transient time 0 value used
Warning: vp: no DC value, transient time 0 value used

Initial Transient Solution
--------------------------

Node                                   Voltage
----                                   -------
vdd                                       1.75
vdd_active                                 1.8
vss                                          0
sense_p                                0.89975
sense_n                                0.90025
iso_tail                               0.17616
latch_sense_p                          1.14626
latch_sense_n                          1.05374
reset                                        0
eval                                         0
rx_p                               2.76805e-08
out_p                                     1.75
out_n                                     1.75
rx_n                               9.99619e-08
tail                                    1.3173
veval#branch                                 0
vreset#branch                                0
vn#branch                                    0
vp#branch                                    0
vss#branch                         8.26556e-11
vactive#branch                    -4.00007e-06
vdd#branch                        -1.40379e-11


No. of Data Rows : 10237

  Measurements for Transient Analysis

op_final            =  1.395805e-02
on_final            =  1.599456e+00
lp_before           =  1.146261e+00
ln_before           =  1.053738e+00

binary raw file "waveform.raw"
Doing analysis at TEMP = 27.000000 and TNOM = 27.000000

Warning: veval: no DC value, transient time 0 value used
Warning: vreset: no DC value, transient time 0 value used
Warning: vn: no DC value, transient time 0 value used
Warning: vp: no DC value, transient time 0 value used

Initial Transient Solution
--------------------------

Node                                   Voltage
----                                   -------
vdd                                       1.75
vdd_active                                 1.8
vss                                          0
sense_p                                0.89975
sense_n                                0.90025
iso_tail                              0.175395
latch_sense_p                        0.0177673
latch_sense_n                        0.0193391
reset                                        0
eval                                         0
rx_p                                  0.759021
out_p                                 0.873126
out_n                                 0.873162
rx_n                                  0.802634
tail                                 0.0548536
veval#branch                      -0.000875403
vreset#branch                       0.00160128
vn#branch                         -0.000555821
vp#branch                         -0.000553184
vss#branch                          0.00500827
vactive#branch                     -0.00263884
vdd#branch                          -0.0019903


No. of Data Rows : 10238

  Measurements for Transient Analysis

op_final            =  1.229859e-02
on_final            =  1.627435e+00
lp_before           =  9.062799e-01
ln_before           =  8.337311e-01


Total analysis time (seconds) = 6.158

Total elapsed time (seconds) = 6.718 

Total DRAM available = 7943.238 MB.
DRAM currently available =  172.082 MB.
Maximum ngspice program size =   62.711 MB.
Current ngspice program size =   46.613 MB.

Shared ngspice pages =   10.375 MB.
Text (code) pages =    5.316 MB.
Stack = 0 bytes.
Library pages =   44.762 MB.

