
No compatibility mode selected!


Circuit: * extracted active converter macro decision-boundary transient.

Option cshunt: 27 capacitors added with 1e-15 F each
Doing analysis at TEMP = 27.000000 and TNOM = 27.000000

Using transient initial conditions

No. of Data Rows : 1031

  Measurements for Transient Analysis

decision_p_v        =  1.800002e+00
decision_n_v        =  9.652523e-05
decision_diff_v     =  -1.79991e+00
supply_charge_c     =   -1.90506e-15 from=  2.00000e-13 to=  2.00000e-08

Doing analysis at TEMP = 27.000000 and TNOM = 27.000000

Using transient initial conditions

No. of Data Rows : 1031

  Measurements for Transient Analysis

decision_p_v        =  1.800002e+00
decision_n_v        =  9.652523e-05
decision_diff_v     =  -1.79991e+00
supply_charge_c     =   -1.90506e-15 from=  2.00000e-13 to=  2.00000e-08


Total analysis time (seconds) = 3.289

Total elapsed time (seconds) = 5.371 

Total DRAM available = 7943.230 MB.
DRAM currently available =  167.320 MB.
Maximum ngspice program size =  118.559 MB.
Current ngspice program size =  102.625 MB.

Shared ngspice pages =   10.250 MB.
Text (code) pages =    5.316 MB.
Stack = 0 bytes.
Library pages =  100.609 MB.

