Warning: veval: no DC value, transient time 0 value used
Warning: vreset: no DC value, transient time 0 value used
 Reference value :  2.00000e-13
 Reference value :  2.85302e-12
 Reference value :  4.66319e-09
 Reference value :  1.03232e-08
 Reference value :  1.61232e-08
 Reference value :  2.10632e-08
 Reference value :  2.69632e-08
 Reference value :  3.71432e-08
 Reference value :  4.37032e-08
 Reference value :  5.24232e-08
 Reference value :  6.27832e-08
 Reference value :  6.86432e-08
 Reference value :  7.59832e-08
 Reference value :  8.77628e-08
 Reference value :  9.60228e-08
 Reference value :  1.02563e-07
 Reference value :  1.12783e-07
 Reference value :  1.26123e-07
 Reference value :  1.38883e-07
 Reference value :  1.49443e-07
 Reference value :  1.64563e-07
Warning: veval: no DC value, transient time 0 value used
Warning: vreset: no DC value, transient time 0 value used
 Reference value :  2.98319e-09
 Reference value :  1.92032e-08
 Reference value :  3.55032e-08
 Reference value :  5.14032e-08
 Reference value :  6.14432e-08
 Reference value :  7.06232e-08
 Reference value :  8.04428e-08
 Reference value :  9.12828e-08
 Reference value :  9.81228e-08
 Reference value :  1.09663e-07
 Reference value :  1.27103e-07
 Reference value :  1.45003e-07
 Reference value :  1.60183e-07
Original line no.: 61, new internal line no.: 865:
insertnumber: fails.
  s = ".measure tran decision_diff_v param=    4.339881576065352e-05   " u="  4.339881576065352e-05  " id=0
