
No compatibility mode selected!


Circuit: * extracted active converter macro decision-boundary transient.

Option cshunt: 22 capacitors added with 1e-15 F each
Doing analysis at TEMP = 27.000000 and TNOM = 27.000000

Using transient initial conditions

No. of Data Rows : 8631

  Measurements for Transient Analysis

decision_p_v        =  1.797135e+00
decision_n_v        =  1.797178e+00
decision_diff_v     =  4.33988e-05
supply_charge_c     =   -1.90479e-15 from=  2.00000e-13 to=  2.00000e-08
active_supply_charge_c=   -4.03780e-13 from=  2.00000e-13 to=  2.00000e-08
p0_0                =  1.799605e+00
p0_1                =  1.799606e+00
p0_2                =  2.065677e-01
p0_3                =  9.935432e-01
p0_4                =  1.095586e+00
p0_5                =  1.538308e-01
p0_6                =  1.538308e-01
p1_0                =  1.811701e+00
p1_1                =  1.820597e+00
p1_2                =  2.000406e-01
p1_3                =  9.802976e-01
p1_4                =  6.285303e-01
p1_5                =  1.536988e-01
p1_6                =  1.538960e-01
p2_0                =  1.799999e+00
p2_1                =  5.098031e-05
p2_2                =  2.068703e-01
p2_3                =  9.580155e-01
p2_4                =  1.651743e-05
p2_5                =  1.538981e-01
p2_6                =  1.538932e-01
p3_0                =  1.799999e+00
p3_1                =  6.229233e-06
p3_2                =  2.066478e-01
p3_3                =  9.895009e-01
p3_4                =  2.054894e-06
p3_5                =  1.538619e-01
p3_6                =  1.538628e-01
p4_0                =  1.800000e+00
p4_1                =  7.768757e-08
p4_2                =  2.065614e-01
p4_3                =  9.934025e-01
p4_4                =  3.123795e-08
p4_5                =  1.538280e-01
p4_6                =  1.538280e-01
p5_0                =  1.800000e+00
p5_1                =  1.864837e-08
p5_2                =  2.065603e-01
p5_3                =  9.934383e-01
p5_4                =  1.178062e-08
p5_5                =  1.538276e-01
p5_6                =  1.538276e-01

Doing analysis at TEMP = 27.000000 and TNOM = 27.000000

Using transient initial conditions

No. of Data Rows : 8631

  Measurements for Transient Analysis

decision_p_v        =  1.797135e+00
decision_n_v        =  1.797178e+00
decision_diff_v     =  4.33988e-05
supply_charge_c     =   -1.90479e-15 from=  2.00000e-13 to=  2.00000e-08
active_supply_charge_c=   -4.03780e-13 from=  2.00000e-13 to=  2.00000e-08
p0_0                =  1.799605e+00
p0_1                =  1.799606e+00
p0_2                =  2.065677e-01
p0_3                =  9.935432e-01
p0_4                =  1.095586e+00
p0_5                =  1.538308e-01
p0_6                =  1.538308e-01
p1_0                =  1.811701e+00
p1_1                =  1.820597e+00
p1_2                =  2.000406e-01
p1_3                =  9.802976e-01
p1_4                =  6.285303e-01
p1_5                =  1.536988e-01
p1_6                =  1.538960e-01
p2_0                =  1.799999e+00
p2_1                =  5.098031e-05
p2_2                =  2.068703e-01
p2_3                =  9.580155e-01
p2_4                =  1.651743e-05
p2_5                =  1.538981e-01
p2_6                =  1.538932e-01
p3_0                =  1.799999e+00
p3_1                =  6.229233e-06
p3_2                =  2.066478e-01
p3_3                =  9.895009e-01
p3_4                =  2.054894e-06
p3_5                =  1.538619e-01
p3_6                =  1.538628e-01
p4_0                =  1.800000e+00
p4_1                =  7.768757e-08
p4_2                =  2.065614e-01
p4_3                =  9.934025e-01
p4_4                =  3.123795e-08
p4_5                =  1.538280e-01
p4_6                =  1.538280e-01
p5_0                =  1.800000e+00
p5_1                =  1.864837e-08
p5_2                =  2.065603e-01
p5_3                =  9.934383e-01
p5_4                =  1.178062e-08
p5_5                =  1.538276e-01
p5_6                =  1.538276e-01


Total analysis time (seconds) = 8.048

Total elapsed time (seconds) = 11.959 

Total DRAM available = 7943.238 MB.
DRAM currently available =   84.676 MB.
Maximum ngspice program size =  123.492 MB.
Current ngspice program size =  107.375 MB.

Shared ngspice pages =    9.875 MB.
Text (code) pages =    5.316 MB.
Stack = 0 bytes.
Library pages =  105.543 MB.

