
Compatibility modes selected: hs a


Circuit: * signed small-signal extracted latch diagnostic, no structural mos substitution.

option SCALE: Scale is set to 1e-06 for instance and model parameters
option SCALE: Scale is set to 1e-06 for instance and model parameters
Doing analysis at TEMP = 27.000000 and TNOM = 27.000000

Warning: veval: no DC value, transient time 0 value used
Warning: vreset: no DC value, transient time 0 value used
Warning: singular matrix:  check nodes xu.m1_1000_12500# and xu.m1_1000_12500#

Note: Starting dynamic gmin stepping
Trying gmin =   1.0000E-03 Note: One successful gmin step
Trying gmin =   1.0000E-04 Note: One successful gmin step
Trying gmin =   1.0000E-05 Note: One successful gmin step
Trying gmin =   1.0000E-06 Note: One successful gmin step
Trying gmin =   1.0000E-07 Note: One successful gmin step
Trying gmin =   1.0000E-08 Note: One successful gmin step
Trying gmin =   1.0000E-09 Note: One successful gmin step
Trying gmin =   1.0000E-10 Note: One successful gmin step
Trying gmin =   1.0000E-11 Note: One successful gmin step
Trying gmin =   1.0000E-12 Note: One successful gmin step
Trying gmin =   1.0000E-12 Note: One successful gmin step
Warning: singular matrix:  check nodes xu.m1_3440_12500# and xu.m1_3440_12500#

Warning: Dynamic gmin stepping failed
Note: Starting true gmin stepping
Trying gmin =   1.0000E-03 Warning: singular matrix:  check nodes xu.m1_3440_12500# and xu.m1_3440_12500#

Warning: Further gmin increment
Trying gmin =   5.6234E-03 Warning: singular matrix:  check nodes xu.m1_3440_12500# and xu.m1_3440_12500#

Warning: Further gmin increment
Trying gmin =   8.6596E-03 Warning: singular matrix:  check nodes xu.m1_3440_12500# and xu.m1_3440_12500#

Warning: Further gmin increment
Trying gmin =   9.6466E-03 Warning: singular matrix:  check nodes xu.m1_3440_12500# and xu.m1_3440_12500#

Warning: Further gmin increment
Trying gmin =   9.9105E-03 Warning: singular matrix:  check nodes xu.m1_3440_12500# and xu.m1_3440_12500#

Warning: Further gmin increment
Trying gmin =   9.9775E-03 Warning: singular matrix:  check nodes xu.m1_3440_12500# and xu.m1_3440_12500#

Warning: Further gmin increment
Trying gmin =   9.9944E-03 Warning: singular matrix:  check nodes xu.m1_3440_12500# and xu.m1_3440_12500#

Warning: Further gmin increment
Trying gmin =   9.9986E-03 Warning: singular matrix:  check nodes xu.m1_3440_12500# and xu.m1_3440_12500#

Warning: Further gmin increment
Trying gmin =   9.9996E-03 Warning: singular matrix:  check nodes xu.m1_3440_12500# and xu.m1_3440_12500#

Warning: Last gmin step failed
Warning: singular matrix:  check nodes xu.m1_3440_12500# and xu.m1_3440_12500#

Warning: True gmin stepping failed
Note: Starting source stepping
Supplies reduced to   0.0000% Warning: singular matrix:  check nodes xu.m1_3440_12500# and xu.m1_3440_12500#


Trying gmin =   1.0000E-02 Note: One successful gmin step
Trying gmin =   1.0000E-03 Note: One successful gmin step
Trying gmin =   1.0000E-04 Note: One successful gmin step
Trying gmin =   1.0000E-05 Note: One successful gmin step
Trying gmin =   1.0000E-06 Note: One successful gmin step
Trying gmin =   1.0000E-07 Note: One successful gmin step
Trying gmin =   1.0000E-08 Note: One successful gmin step
Trying gmin =   1.0000E-09 Note: One successful gmin step
Trying gmin =   1.0000E-10 Note: One successful gmin step
Trying gmin =   1.0000E-11 Note: One successful gmin step
Trying gmin =   1.0000E-12 Note: One successful gmin step
Note: One successful source step
Supplies reduced to   0.1000% Warning: singular matrix:  check nodes xu.m1_3440_12500# and xu.m1_3440_12500#

Supplies reduced to   0.0000% Warning: singular matrix:  check nodes xu.m1_3440_12500# and xu.m1_3440_12500#

Warning: source stepping failed
Note: Transient op started
Note: Transient op finished successfully

Initial Transient Solution
--------------------------

Node                                   Voltage
----                                   -------
vdd                                        1.8
vdd_active                                 1.8
vss                                          0
sense_p                                0.90025
sense_n                                0.89975
iso_tail                              0.173295
latch_sense_p                         0.676204
latch_sense_n                         0.683796
reset                                        0
eval                                         0
out_p                                      1.8
out_n                                      1.8
tail                                   1.28293
veval#branch                       4.44882e-12
vreset#branch                      4.42429e-16
vn#branch                         -1.54614e-14
vp#branch                          -1.9502e-14
vss#branch                         1.71901e-10
vactive#branch                    -1.07985e-11
vdd#branch                        -4.00019e-06


No. of Data Rows : 1053

  Measurements for Transient Analysis

op_final            =  1.792051e+00
on_final            =  4.319883e-04
lp_before           =  6.762039e-01
ln_before           =  6.837964e-01

binary raw file "waveform.raw"
Doing analysis at TEMP = 27.000000 and TNOM = 27.000000

Warning: veval: no DC value, transient time 0 value used
Warning: vreset: no DC value, transient time 0 value used

Initial Transient Solution
--------------------------

Node                                   Voltage
----                                   -------
vdd                                        1.8
vdd_active                                 1.8
vss                                          0
sense_p                                0.90025
sense_n                                0.89975
iso_tail                              0.169704
latch_sense_p                        0.0135205
latch_sense_n                          0.01337
reset                                        0
eval                                         0
out_p                                 0.651914
out_n                                 0.651912
tail                                 0.0309828
veval#branch                      -0.000683502
vreset#branch                        0.0012723
vn#branch                         -0.000432011
vp#branch                         -0.000432228
vss#branch                          0.00327352
vactive#branch                     -0.00126137
vdd#branch                         -0.00174071


No. of Data Rows : 1051

  Measurements for Transient Analysis

op_final            =  1.793296e+00
on_final            =  3.980152e-04
lp_before           =  5.938259e-01
ln_before           =  5.785912e-01


Total analysis time (seconds) = 0.236

Total elapsed time (seconds) = 0.677 

Total DRAM available = 7943.238 MB.
DRAM currently available =  118.387 MB.
Maximum ngspice program size =   56.527 MB.
Current ngspice program size =   40.375 MB.

Shared ngspice pages =    9.875 MB.
Text (code) pages =    5.316 MB.
Stack = 0 bytes.
Library pages =   38.578 MB.

