
Compatibility modes selected: hs a


Circuit: * signed small-signal extracted latch diagnostic, no structural mos substitution.

option SCALE: Scale is set to 1e-06 for instance and model parameters
option SCALE: Scale is set to 1e-06 for instance and model parameters
Doing analysis at TEMP = 27.000000 and TNOM = 27.000000

Warning: veval: no DC value, transient time 0 value used
Warning: vreset: no DC value, transient time 0 value used
Warning: vn: no DC value, transient time 0 value used
Warning: vp: no DC value, transient time 0 value used

Initial Transient Solution
--------------------------

Node                                   Voltage
----                                   -------
vdd                                       1.75
vdd_active                                 1.8
vss                                          0
sense_p                                0.89975
sense_n                                0.90025
iso_tail                              0.146082
latch_sense_p                          1.10251
latch_sense_n                          1.09749
reset                                        0
eval                                         0
out_p                                     1.75
out_n                                     1.75
tail                                   1.30346
veval#branch                                 0
vreset#branch                                0
vn#branch                                    0
vp#branch                                    0
vss#branch                         1.67448e-11
vactive#branch                          -4e-06
vdd#branch                        -1.38565e-11


No. of Data Rows : 10240

  Measurements for Transient Analysis

op_final            =  1.402999e-02
on_final            =  1.575438e+00
lp_before           =  1.102505e+00
ln_before           =  1.097494e+00

binary raw file "waveform.raw"
Doing analysis at TEMP = 27.000000 and TNOM = 27.000000

Warning: veval: no DC value, transient time 0 value used
Warning: vreset: no DC value, transient time 0 value used
Warning: vn: no DC value, transient time 0 value used
Warning: vp: no DC value, transient time 0 value used

Initial Transient Solution
--------------------------

Node                                   Voltage
----                                   -------
vdd                                       1.75
vdd_active                                 1.8
vss                                          0
sense_p                                0.89975
sense_n                                0.90025
iso_tail                              0.151905
latch_sense_p                       0.00900916
latch_sense_n                       0.00914127
reset                                        0
eval                                         0
out_p                                 0.847644
out_n                                 0.847645
tail                                 0.0447339
veval#branch                      -0.000894146
vreset#branch                       0.00154106
vn#branch                         -0.000542884
vp#branch                         -0.000542605
vss#branch                          0.00501277
vactive#branch                     -0.00257905
vdd#branch                         -0.00199914


No. of Data Rows : 10247

  Measurements for Transient Analysis

op_final            =  1.222036e-02
on_final            =  1.610537e+00
lp_before           =  8.578541e-01
ln_before           =  8.539514e-01


Total analysis time (seconds) = 1.643

Total elapsed time (seconds) = 2.040 

Total DRAM available = 7943.238 MB.
DRAM currently available =  554.062 MB.
Maximum ngspice program size =   61.301 MB.
Current ngspice program size =   45.375 MB.

Shared ngspice pages =   10.375 MB.
Text (code) pages =    5.316 MB.
Stack = 0 bytes.
Library pages =   43.352 MB.

