
No compatibility mode selected!


Circuit: * candidate 8-bit reference dac: ideal resistors, sky130 transmission gates.

Doing analysis at TEMP = 27.000000 and TNOM = 27.000000


No. of Data Rows : 1
REF_CODE_0
v(n0) = 1.012468688653455e-09
i(vref) = -2.07316463327090e-11
i(vdd) = -5.49722073417414e-11
Doing analysis at TEMP = 27.000000 and TNOM = 27.000000


No. of Data Rows : 1
REF_CODE_1
v(n0) = 4.608077701636308e-03
i(vref) = -3.85240295172997e-05
i(vdd) = -5.26362842201422e-11
Doing analysis at TEMP = 27.000000 and TNOM = 27.000000


No. of Data Rows : 1
REF_CODE_2
v(n0) = 9.198247727799740e-03
i(vref) = -3.85101306602803e-05
i(vdd) = -5.26246199394897e-11
Doing analysis at TEMP = 27.000000 and TNOM = 27.000000


No. of Data Rows : 1
REF_CODE_3
v(n0) = 1.392191710072643e-02
i(vref) = -5.83289809211393e-05
i(vdd) = -5.02673250246666e-11
Doing analysis at TEMP = 27.000000 and TNOM = 27.000000


No. of Data Rows : 1
REF_CODE_4
v(n0) = 1.835165395281021e-02
i(vref) = -3.85001180351922e-05
i(vdd) = -5.26188675964434e-11
Doing analysis at TEMP = 27.000000 and TNOM = 27.000000


No. of Data Rows : 1
REF_CODE_5
v(n0) = 2.305678418136113e-02
i(vref) = -6.76852084368826e-05
i(vdd) = -5.02726332785031e-11
Doing analysis at TEMP = 27.000000 and TNOM = 27.000000


No. of Data Rows : 1
REF_CODE_6
v(n0) = 2.778079947243679e-02
i(vref) = -5.82851053648752e-05
i(vdd) = -5.02495614562726e-11
Doing analysis at TEMP = 27.000000 and TNOM = 27.000000


No. of Data Rows : 1
REF_CODE_7
v(n0) = 3.259738126513192e-02
i(vref) = -6.84342909364388e-05
i(vdd) = -4.78817610560789e-11
Doing analysis at TEMP = 27.000000 and TNOM = 27.000000


No. of Data Rows : 1
REF_CODE_8
v(n0) = 3.660994530019962e-02
i(vref) = -3.84716496357768e-05
i(vdd) = -5.26160504055184e-11
Doing analysis at TEMP = 27.000000 and TNOM = 27.000000


No. of Data Rows : 1
REF_CODE_9
v(n0) = 4.130579444209208e-02
i(vref) = -7.23174414589452e-05
i(vdd) = -5.02748676023401e-11
Doing analysis at TEMP = 27.000000 and TNOM = 27.000000


No. of Data Rows : 1
REF_CODE_10
v(n0) = 4.600223380529001e-02
i(vref) = -6.76222308249073e-05
i(vdd) = -5.02575620009438e-11
Doing analysis at TEMP = 27.000000 and TNOM = 27.000000


No. of Data Rows : 1
REF_CODE_11
v(n0) = 5.081239269844512e-02
i(vref) = -8.26164255308488e-05
i(vdd) = -4.78945216819682e-11
Doing analysis at TEMP = 27.000000 and TNOM = 27.000000


No. of Data Rows : 1
REF_CODE_12
v(n0) = 5.542296653125279e-02
i(vref) = -5.82145323666387e-05
i(vdd) = -5.02408808999988e-11
Doing analysis at TEMP = 27.000000 and TNOM = 27.000000


No. of Data Rows : 1
REF_CODE_13
v(n0) = 6.021158876858849e-02
i(vref) = -8.25748675430320e-05
i(vdd) = -4.78889983224207e-11
Doing analysis at TEMP = 27.000000 and TNOM = 27.000000


No. of Data Rows : 1
REF_CODE_14
v(n0) = 6.503786563296840e-02
i(vref) = -6.83082369440459e-05
i(vdd) = -4.78611802967599e-11
Doing analysis at TEMP = 27.000000 and TNOM = 27.000000


No. of Data Rows : 1
REF_CODE_15
v(n0) = 6.993677094152885e-02
i(vref) = -7.34937968769429e-05
i(vdd) = -4.54893622769958e-11
Doing analysis at TEMP = 27.000000 and TNOM = 27.000000


No. of Data Rows : 1
REF_CODE_16
v(n0) = 7.303685882181904e-02
i(vref) = -3.83612123100416e-05
i(vdd) = -5.26146487489498e-11
Doing analysis at TEMP = 27.000000 and TNOM = 27.000000


No. of Data Rows : 1
REF_CODE_17
v(n0) = 7.772842810375306e-02
i(vref) = -7.45284729070287e-05
i(vdd) = -5.02760680309855e-11
Doing analysis at TEMP = 27.000000 and TNOM = 27.000000


No. of Data Rows : 1
REF_CODE_18
v(n0) = 8.241131105417428e-02
i(vref) = -7.21615454687924e-05
i(vdd) = -5.02614824759995e-11
Doing analysis at TEMP = 27.000000 and TNOM = 27.000000


No. of Data Rows : 1
REF_CODE_19
v(n0) = 8.721875778994581e-02
i(vref) = -8.95548778033477e-05
i(vdd) = -4.79017034371587e-11
Doing analysis at TEMP = 27.000000 and TNOM = 27.000000


No. of Data Rows : 1
REF_CODE_20
v(n0) = 9.177785094333138e-02
i(vref) = -6.74432065441026e-05
i(vdd) = -5.02498875842861e-11
Doing analysis at TEMP = 27.000000 and TNOM = 27.000000


No. of Data Rows : 1
REF_CODE_21
v(n0) = 9.656497496548422e-02
i(vref) = -9.42075556857468e-05
i(vdd) = -4.79008568921024e-11
Doing analysis at TEMP = 27.000000 and TNOM = 27.000000


No. of Data Rows : 1
REF_CODE_22
v(n0) = 1.013806085527787e-01
i(vref) = -8.23707999462627e-05
i(vdd) = -4.78757450350642e-11
Doing analysis at TEMP = 27.000000 and TNOM = 27.000000


No. of Data Rows : 1
REF_CODE_23
v(n0) = 1.062794674040939e-01
i(vref) = -9.00343260197859e-05
i(vdd) = -4.55054882664285e-11
Doing analysis at TEMP = 27.000000 and TNOM = 27.000000


No. of Data Rows : 1
REF_CODE_24
v(n0) = 1.105723959128697e-01
i(vref) = -5.79597826825050e-05
i(vdd) = -5.02363636800673e-11
Doing analysis at TEMP = 27.000000 and TNOM = 27.000000


No. of Data Rows : 1
REF_CODE_25
v(n0) = 1.153471890712304e-01
i(vref) = -8.93798545831188e-05
i(vdd) = -4.78928285918556e-11
Doing analysis at TEMP = 27.000000 and TNOM = 27.000000


No. of Data Rows : 1
REF_CODE_26
v(n0) = 1.201322624636945e-01
i(vref) = -8.22526964781181e-05
i(vdd) = -4.78725808994440e-11
Doing analysis at TEMP = 27.000000 and TNOM = 27.000000


No. of Data Rows : 1
REF_CODE_27
v(n0) = 1.250216341784280e-01
i(vref) = -9.47536518760320e-05
i(vdd) = -4.55078683070376e-11
Doing analysis at TEMP = 27.000000 and TNOM = 27.000000


No. of Data Rows : 1
REF_CODE_28
v(n0) = 1.297580576696663e-01
i(vref) = -6.79499791325611e-05
i(vdd) = -4.78508413448431e-11
Doing analysis at TEMP = 27.000000 and TNOM = 27.000000


No. of Data Rows : 1
REF_CODE_29
v(n0) = 1.346242812805883e-01
i(vref) = -8.98244665719222e-05
i(vdd) = -4.54965093377169e-11
Doing analysis at TEMP = 27.000000 and TNOM = 27.000000


No. of Data Rows : 1
REF_CODE_30
v(n0) = 1.395381729174465e-01
i(vref) = -7.30460402821685e-05
i(vdd) = -4.54665888272032e-11
Doing analysis at TEMP = 27.000000 and TNOM = 27.000000


No. of Data Rows : 1
REF_CODE_31
v(n0) = 1.445149516376020e-01
i(vref) = -7.56819333415076e-05
i(vdd) = -4.30925711780716e-11
Doing analysis at TEMP = 27.000000 and TNOM = 27.000000


No. of Data Rows : 1
REF_CODE_32
v(n0) = 1.457511051535716e-01
i(vref) = -3.79222466511163e-05
i(vdd) = -5.26129348421556e-11
Doing analysis at TEMP = 27.000000 and TNOM = 27.000000


No. of Data Rows : 1
REF_CODE_33
v(n0) = 1.504420588207404e-01
i(vref) = -7.52371695419370e-05
i(vdd) = -5.02765953869222e-11
Doing analysis at TEMP = 27.000000 and TNOM = 27.000000


No. of Data Rows : 1
REF_CODE_34
v(n0) = 1.551196923172490e-01
i(vref) = -7.40174473403773e-05
i(vdd) = -5.02626482101753e-11
Doing analysis at TEMP = 27.000000 and TNOM = 27.000000


No. of Data Rows : 1
REF_CODE_35
v(n0) = 1.599273673045335e-01
i(vref) = -9.25932242732865e-05
i(vdd) = -4.79040071499348e-11
Doing analysis at TEMP = 27.000000 and TNOM = 27.000000


No. of Data Rows : 1
REF_CODE_36
v(n0) = 1.644620865065363e-01
i(vref) = -7.15986112237089e-05
i(vdd) = -5.02551403269713e-11
Doing analysis at TEMP = 27.000000 and TNOM = 27.000000


No. of Data Rows : 1
REF_CODE_37
v(n0) = 1.692501076991150e-01
i(vref) = -9.95443485493789e-05
i(vdd) = -4.79059986124852e-11
Doing analysis at TEMP = 27.000000 and TNOM = 27.000000


No. of Data Rows : 1
REF_CODE_38
v(n0) = 1.740621145385926e-01
i(vref) = -8.88980714013025e-05
i(vdd) = -4.78825590288778e-11
Doing analysis at TEMP = 27.000000 and TNOM = 27.000000


No. of Data Rows : 1
REF_CODE_39
v(n0) = 1.789626714888415e-01
i(vref) = -9.77759704021621e-05
i(vdd) = -4.55130239052082e-11
Doing analysis at TEMP = 27.000000 and TNOM = 27.000000


No. of Data Rows : 1
REF_CODE_40
v(n0) = 1.831549827332949e-01
i(vref) = -6.67484322698908e-05
i(vdd) = -5.02456409812169e-11
Doing analysis at TEMP = 27.000000 and TNOM = 27.000000


No. of Data Rows : 1
REF_CODE_41
v(n0) = 1.879319535902445e-01
i(vref) = -9.93547659557875e-05
i(vdd) = -4.79035491829372e-11
Doing analysis at TEMP = 27.000000 and TNOM = 27.000000


No. of Data Rows : 1
REF_CODE_42
v(n0) = 1.927144803799535e-01
i(vref) = -9.34182372927756e-05
i(vdd) = -4.78838357853562e-11
Doing analysis at TEMP = 27.000000 and TNOM = 27.000000


No. of Data Rows : 1
REF_CODE_43
v(n0) = 1.976068552610064e-01
i(vref) = -1.07139692650382e-04
i(vdd) = -4.55203930105341e-11
Doing analysis at TEMP = 27.000000 and TNOM = 27.000000


No. of Data Rows : 1
REF_CODE_44
v(n0) = 2.023218976978136e-01
i(vref) = -8.15157929415436e-05
i(vdd) = -4.78648717883168e-11
Doing analysis at TEMP = 27.000000 and TNOM = 27.000000


No. of Data Rows : 1
REF_CODE_45
v(n0) = 2.071916744329513e-01
i(vref) = -1.04608380121349e-04
i(vdd) = -4.55121218490007e-11
Doing analysis at TEMP = 27.000000 and TNOM = 27.000000


No. of Data Rows : 1
REF_CODE_46
v(n0) = 2.121045452093652e-01
i(vref) = -8.90620557283638e-05
i(vdd) = -4.54835474839044e-11
Doing analysis at TEMP = 27.000000 and TNOM = 27.000000


No. of Data Rows : 1
REF_CODE_47
v(n0) = 2.170856577854817e-01
i(vref) = -9.29485436006931e-05
i(vdd) = -4.31094188124703e-11
Doing analysis at TEMP = 27.000000 and TNOM = 27.000000


No. of Data Rows : 1
REF_CODE_48
v(n0) = 2.206754329039594e-01
i(vref) = -5.69520111327015e-05
i(vdd) = -5.02329844387361e-11
Doing analysis at TEMP = 27.000000 and TNOM = 27.000000


No. of Data Rows : 1
REF_CODE_49
v(n0) = 2.254449943780109e-01
i(vref) = -9.18757841681397e-05
i(vdd) = -4.78925857305690e-11
Doing analysis at TEMP = 27.000000 and TNOM = 27.000000


No. of Data Rows : 1
REF_CODE_50
v(n0) = 2.302107965842710e-01
i(vref) = -8.82660836492143e-05
i(vdd) = -4.78766123968022e-11
Doing analysis at TEMP = 27.000000 and TNOM = 27.000000


No. of Data Rows : 1
REF_CODE_51
v(n0) = 2.350972890443098e-01
i(vref) = -1.04381849773967e-04
i(vdd) = -4.55158341572393e-11
Doing analysis at TEMP = 27.000000 and TNOM = 27.000000


No. of Data Rows : 1
REF_CODE_52
v(n0) = 2.397578711217423e-01
i(vref) = -8.10574020770659e-05
i(vdd) = -4.78631786982042e-11
Doing analysis at TEMP = 27.000000 and TNOM = 27.000000


No. of Data Rows : 1
REF_CODE_53
v(n0) = 2.446230135117273e-01
i(vref) = -1.06548714225271e-04
i(vdd) = -4.55125034881654e-11
Doing analysis at TEMP = 27.000000 and TNOM = 27.000000


No. of Data Rows : 1
REF_CODE_54
v(n0) = 2.495220518003725e-01
i(vref) = -9.34294127852850e-05
i(vdd) = -4.54865103916013e-11
Doing analysis at TEMP = 27.000000 and TNOM = 27.000000


No. of Data Rows : 1
REF_CODE_55
v(n0) = 2.544999481560446e-01
i(vref) = -9.97878770508465e-05
i(vdd) = -4.31154348334850e-11
Doing analysis at TEMP = 27.000000 and TNOM = 27.000000


No. of Data Rows : 1
REF_CODE_56
v(n0) = 2.589702906052327e-01
i(vref) = -6.65595056770310e-05
i(vdd) = -4.78443396012551e-11
Doing analysis at TEMP = 27.000000 and TNOM = 27.000000


No. of Data Rows : 1
REF_CODE_57
v(n0) = 2.638215047534841e-01
i(vref) = -9.67078040207797e-05
i(vdd) = -4.54988755005381e-11
Doing analysis at TEMP = 27.000000 and TNOM = 27.000000


No. of Data Rows : 1
REF_CODE_58
v(n0) = 2.686882646165082e-01
i(vref) = -8.83042957665428e-05
i(vdd) = -4.54776216685104e-11
Doing analysis at TEMP = 27.000000 and TNOM = 27.000000


No. of Data Rows : 1
REF_CODE_59
v(n0) = 2.736550808619276e-01
i(vref) = -9.95001047850292e-05
i(vdd) = -4.31115837473683e-11
Doing analysis at TEMP = 27.000000 and TNOM = 27.000000


No. of Data Rows : 1
REF_CODE_60
v(n0) = 2.784924509123157e-01
i(vref) = -7.14292188085489e-05
i(vdd) = -4.54539947347676e-11
Doing analysis at TEMP = 27.000000 and TNOM = 27.000000


No. of Data Rows : 1
REF_CODE_61
v(n0) = 2.834351439200336e-01
i(vref) = -9.20042627453412e-05
i(vdd) = -4.30982957655424e-11
Doing analysis at TEMP = 27.000000 and TNOM = 27.000000


No. of Data Rows : 1
REF_CODE_62
v(n0) = 2.884311921754950e-01
i(vref) = -7.39116306252674e-05
i(vdd) = -4.30674246265639e-11
Doing analysis at TEMP = 27.000000 and TNOM = 27.000000


No. of Data Rows : 1
REF_CODE_63
v(n0) = 2.934854302239681e-01
i(vref) = -7.52166622461693e-05
i(vdd) = -4.06916444983807e-11
Doing analysis at TEMP = 27.000000 and TNOM = 27.000000


No. of Data Rows : 1
REF_CODE_64
v(n0) = 2.912029228542861e-01
i(vref) = -3.61719604627411e-05
i(vdd) = -5.26104437792441e-11
Doing analysis at TEMP = 27.000000 and TNOM = 27.000000


No. of Data Rows : 1
REF_CODE_65
v(n0) = 2.958995504379477e-01
i(vref) = -7.40334663349893e-05
i(vdd) = -5.02739239127692e-11
Doing analysis at TEMP = 27.000000 and TNOM = 27.000000


No. of Data Rows : 1
REF_CODE_66
v(n0) = 3.005806151177300e-01
i(vref) = -7.33592091187142e-05
i(vdd) = -5.02626620879632e-11
Doing analysis at TEMP = 27.000000 and TNOM = 27.000000


No. of Data Rows : 1
REF_CODE_67
v(n0) = 3.053945132125913e-01
i(vref) = -9.24972775231392e-05
i(vdd) = -4.79030912159395e-11
Doing analysis at TEMP = 27.000000 and TNOM = 27.000000


No. of Data Rows : 1
REF_CODE_68
v(n0) = 3.099232698118953e-01
i(vref) = -7.20310823928212e-05
i(vdd) = -5.02541896985065e-11
Doing analysis at TEMP = 27.000000 and TNOM = 27.000000


No. of Data Rows : 1
REF_CODE_69
v(n0) = 3.147178176617170e-01
i(vref) = -1.00537769711528e-04
i(vdd) = -4.79071435299794e-11
Doing analysis at TEMP = 27.000000 and TNOM = 27.000000


No. of Data Rows : 1
REF_CODE_70
v(n0) = 3.195342163360809e-01
i(vref) = -9.04558833216903e-05
i(vdd) = -4.78840370132794e-11
Doing analysis at TEMP = 27.000000 and TNOM = 27.000000


No. of Data Rows : 1
REF_CODE_71
v(n0) = 3.244418269627307e-01
i(vref) = -9.99095422916901e-05
i(vdd) = -4.55150916955915e-11
Doing analysis at TEMP = 27.000000 and TNOM = 27.000000


No. of Data Rows : 1
REF_CODE_72
v(n0) = 3.285907409702918e-01
i(vref) = -6.93683197530327e-05
i(vdd) = -5.02486940945346e-11
Doing analysis at TEMP = 27.000000 and TNOM = 27.000000


No. of Data Rows : 1
REF_CODE_73
v(n0) = 3.333748846541448e-01
i(vref) = -1.02536315934901e-04
i(vdd) = -4.79062900460292e-11
Doing analysis at TEMP = 27.000000 and TNOM = 27.000000


No. of Data Rows : 1
REF_CODE_74
v(n0) = 3.381623368591698e-01
i(vref) = -9.71626487326036e-05
i(vdd) = -4.78886305610438e-11
Doing analysis at TEMP = 27.000000 and TNOM = 27.000000


No. of Data Rows : 1
REF_CODE_75
v(n0) = 3.430624309802065e-01
i(vref) = -1.11461190992800e-04
i(vdd) = -4.55257775922036e-11
Doing analysis at TEMP = 27.000000 and TNOM = 27.000000


No. of Data Rows : 1
REF_CODE_76
v(n0) = 3.477732911508526e-01
i(vref) = -8.63924428223165e-05
i(vdd) = -4.78699510586544e-11
Doing analysis at TEMP = 27.000000 and TNOM = 27.000000


No. of Data Rows : 1
REF_CODE_77
v(n0) = 3.526510355637629e-01
i(vref) = -1.10060198692551e-04
i(vdd) = -4.55178256197897e-11
Doing analysis at TEMP = 27.000000 and TNOM = 27.000000


No. of Data Rows : 1
REF_CODE_78
v(n0) = 3.575697541377405e-01
i(vref) = -9.50948137282277e-05
i(vdd) = -4.54892859491629e-11
Doing analysis at TEMP = 27.000000 and TNOM = 27.000000


No. of Data Rows : 1
REF_CODE_79
v(n0) = 3.625593581176167e-01
i(vref) = -9.95710348474293e-05
i(vdd) = -4.31163715841620e-11
Doing analysis at TEMP = 27.000000 and TNOM = 27.000000


No. of Data Rows : 1
REF_CODE_80
v(n0) = 3.659591500445453e-01
i(vref) = -6.39822229988938e-05
i(vdd) = -5.02403535440621e-11
Doing analysis at TEMP = 27.000000 and TNOM = 27.000000


No. of Data Rows : 1
REF_CODE_81
v(n0) = 3.707370776751172e-01
i(vref) = -9.94707674171967e-05
i(vdd) = -4.79016062926441e-11
Doing analysis at TEMP = 27.000000 and TNOM = 27.000000


No. of Data Rows : 1
REF_CODE_82
v(n0) = 3.755089243878639e-01
i(vref) = -9.64258655314517e-05
i(vdd) = -4.78866668540689e-11
Doing analysis at TEMP = 27.000000 and TNOM = 27.000000


No. of Data Rows : 1
REF_CODE_83
v(n0) = 3.804043560556948e-01
i(vref) = -1.13122202190230e-04
i(vdd) = -4.55252224806912e-11
Doing analysis at TEMP = 27.000000 and TNOM = 27.000000


No. of Data Rows : 1
REF_CODE_84
v(n0) = 3.850614232446271e-01
i(vref) = -9.03499862131589e-05
i(vdd) = -4.78738299003467e-11
Doing analysis at TEMP = 27.000000 and TNOM = 27.000000


No. of Data Rows : 1
REF_CODE_85
v(n0) = 3.899357480345286e-01
i(vref) = -1.16420132726043e-04
i(vdd) = -4.55225093731748e-11
Doing analysis at TEMP = 27.000000 and TNOM = 27.000000


No. of Data Rows : 1
REF_CODE_86
v(n0) = 3.948417812289470e-01
i(vref) = -1.03884336168173e-04
i(vdd) = -4.54971685326377e-11
Doing analysis at TEMP = 27.000000 and TNOM = 27.000000


No. of Data Rows : 1
REF_CODE_87
v(n0) = 3.998294061246957e-01
i(vref) = -1.10836528723717e-04
i(vdd) = -4.31263982858532e-11
Doing analysis at TEMP = 27.000000 and TNOM = 27.000000


No. of Data Rows : 1
REF_CODE_88
v(n0) = 4.042595416740646e-01
i(vref) = -7.81369956124795e-05
i(vdd) = -4.78564271544357e-11
Doing analysis at TEMP = 27.000000 and TNOM = 27.000000


No. of Data Rows : 1
REF_CODE_89
v(n0) = 4.091204688790721e-01
i(vref) = -1.08864187124881e-04
i(vdd) = -4.55120663378494e-11
Doing analysis at TEMP = 27.000000 and TNOM = 27.000000


No. of Data Rows : 1
REF_CODE_90
v(n0) = 4.139946368374157e-01
i(vref) = -1.01042004648633e-04
i(vdd) = -4.54904933167022e-11
Doing analysis at TEMP = 27.000000 and TNOM = 27.000000


No. of Data Rows : 1
REF_CODE_91
v(n0) = 4.189717339108954e-01
i(vref) = -1.12832216680295e-04
i(vdd) = -4.31261484856726e-11
Doing analysis at TEMP = 27.000000 and TNOM = 27.000000


No. of Data Rows : 1
REF_CODE_92
v(n0) = 4.238073175149440e-01
i(vref) = -8.53395220924046e-05
i(vdd) = -4.54684970230268e-11
Doing analysis at TEMP = 27.000000 and TNOM = 27.000000


No. of Data Rows : 1
REF_CODE_93
v(n0) = 4.287604817031415e-01
i(vref) = -1.06506696012144e-04
i(vdd) = -4.31139429712957e-11
Doing analysis at TEMP = 27.000000 and TNOM = 27.000000


No. of Data Rows : 1
REF_CODE_94
v(n0) = 4.337648477354416e-01
i(vref) = -8.90132638979247e-05
i(vdd) = -4.30823363095634e-11
Doing analysis at TEMP = 27.000000 and TNOM = 27.000000


No. of Data Rows : 1
REF_CODE_95
v(n0) = 4.388300983805123e-01
i(vref) = -9.09250702415903e-05
i(vdd) = -4.07079717157366e-11
Doing analysis at TEMP = 27.000000 and TNOM = 27.000000


No. of Data Rows : 1
REF_CODE_96
v(n0) = 4.410424510527812e-01
i(vref) = -5.29334174305686e-05
i(vdd) = -5.02270516844483e-11
Doing analysis at TEMP = 27.000000 and TNOM = 27.000000


No. of Data Rows : 1
REF_CODE_97
v(n0) = 4.458162228582329e-01
i(vref) = -8.95666527312813e-05
i(vdd) = -4.78894424116305e-11
Doing analysis at TEMP = 27.000000 and TNOM = 27.000000


No. of Data Rows : 1
REF_CODE_98
v(n0) = 4.505792473522841e-01
i(vref) = -8.76667023255250e-05
i(vdd) = -4.78751274735068e-11
Doing analysis at TEMP = 27.000000 and TNOM = 27.000000


No. of Data Rows : 1
REF_CODE_99
v(n0) = 4.554713025366502e-01
i(vref) = -1.05542239817070e-04
i(vdd) = -4.55158896683905e-11
Doing analysis at TEMP = 27.000000 and TNOM = 27.000000


No. of Data Rows : 1
REF_CODE_100
v(n0) = 4.601004297668527e-01
i(vref) = -8.38878891118818e-05
i(vdd) = -4.78661138503256e-11
Doing analysis at TEMP = 27.000000 and TNOM = 27.000000


No. of Data Rows : 1
REF_CODE_101
v(n0) = 4.649720793671694e-01
i(vref) = -1.11136046168063e-04
i(vdd) = -4.55167917245980e-11
Doing analysis at TEMP = 27.000000 and TNOM = 27.000000


No. of Data Rows : 1
REF_CODE_102
v(n0) = 4.698708570037568e-01
i(vref) = -9.97880083878397e-05
i(vdd) = -4.54920129344671e-11
Doing analysis at TEMP = 27.000000 and TNOM = 27.000000


No. of Data Rows : 1
REF_CODE_103
v(n0) = 4.748565479781399e-01
i(vref) = -1.07950949268870e-04
i(vdd) = -4.31223598496011e-11
Doing analysis at TEMP = 27.000000 and TNOM = 27.000000


No. of Data Rows : 1
REF_CODE_104
v(n0) = 4.791830063025984e-01
i(vref) = -7.63111602752475e-05
i(vdd) = -4.78541303805535e-11
Doing analysis at TEMP = 27.000000 and TNOM = 27.000000


No. of Data Rows : 1
REF_CODE_105
v(n0) = 4.840425733294602e-01
i(vref) = -1.08220966103319e-04
i(vdd) = -4.55107201924321e-11
Doing analysis at TEMP = 27.000000 and TNOM = 27.000000


No. of Data Rows : 1
REF_CODE_106
v(n0) = 4.889106153921560e-01
i(vref) = -1.01586481108302e-04
i(vdd) = -4.54908263836096e-11
Doing analysis at TEMP = 27.000000 and TNOM = 27.000000


No. of Data Rows : 1
REF_CODE_107
v(n0) = 4.938871174784020e-01
i(vref) = -1.14593289306242e-04
i(vdd) = -4.31268146194874e-11
Doing analysis at TEMP = 27.000000 and TNOM = 27.000000


No. of Data Rows : 1
REF_CODE_108
v(n0) = 4.986977089993053e-01
i(vref) = -8.82803273245537e-05
i(vdd) = -4.54705231800467e-11
Doing analysis at TEMP = 27.000000 and TNOM = 27.000000


No. of Data Rows : 1
REF_CODE_109
v(n0) = 5.036508641554910e-01
i(vref) = -1.10661605182469e-04
i(vdd) = -4.31168364900536e-11
Doing analysis at TEMP = 27.000000 and TNOM = 27.000000


No. of Data Rows : 1
REF_CODE_110
v(n0) = 5.086505821274441e-01
i(vref) = -9.43969258346061e-05
i(vdd) = -4.30877070134450e-11
Doing analysis at TEMP = 27.000000 and TNOM = 27.000000


No. of Data Rows : 1
REF_CODE_111
v(n0) = 5.137165491950761e-01
i(vref) = -9.75550995969330e-05
i(vdd) = -4.07138975311305e-11
Doing analysis at TEMP = 27.000000 and TNOM = 27.000000


No. of Data Rows : 1
REF_CODE_112
v(n0) = 5.176063686785148e-01
i(vref) = -6.10214405007599e-05
i(vdd) = -4.78350900556812e-11
Doing analysis at TEMP = 27.000000 and TNOM = 27.000000


No. of Data Rows : 1
REF_CODE_113
v(n0) = 5.224567873610594e-01
i(vref) = -9.52485408187030e-05
i(vdd) = -4.54945386918482e-11
Doing analysis at TEMP = 27.000000 and TNOM = 27.000000


No. of Data Rows : 1
REF_CODE_114
v(n0) = 5.273062595626252e-01
i(vref) = -9.09421515319922e-05
i(vdd) = -4.54787318915351e-11
Doing analysis at TEMP = 27.000000 and TNOM = 27.000000


No. of Data Rows : 1
REF_CODE_115
v(n0) = 5.322751251911789e-01
i(vref) = -1.06342710722675e-04
i(vdd) = -4.31170030235073e-11
Doing analysis at TEMP = 27.000000 and TNOM = 27.000000


No. of Data Rows : 1
REF_CODE_116
v(n0) = 5.370291799251690e-01
i(vref) = -8.23362549803717e-05
i(vdd) = -4.54630569302061e-11
Doing analysis at TEMP = 27.000000 and TNOM = 27.000000


No. of Data Rows : 1
REF_CODE_117
v(n0) = 5.419759693065686e-01
i(vref) = -1.07115407985845e-04
i(vdd) = -4.31121111033050e-11
Doing analysis at TEMP = 27.000000 and TNOM = 27.000000


No. of Data Rows : 1
REF_CODE_118
v(n0) = 5.469600106436370e-01
i(vref) = -9.32782515086684e-05
i(vdd) = -4.30847579835358e-11
Doing analysis at TEMP = 27.000000 and TNOM = 27.000000


No. of Data Rows : 1
REF_CODE_119
v(n0) = 5.520210177480810e-01
i(vref) = -9.89071859321909e-05
i(vdd) = -4.07128775137267e-11
Doing analysis at TEMP = 27.000000 and TNOM = 27.000000


No. of Data Rows : 1
REF_CODE_120
v(n0) = 5.566260772302768e-01
i(vref) = -6.50209851937983e-05
i(vdd) = -4.54419488149505e-11
Doing analysis at TEMP = 27.000000 and TNOM = 27.000000


No. of Data Rows : 1
REF_CODE_121
v(n0) = 5.615579618820623e-01
i(vref) = -9.44588382899641e-05
i(vdd) = -4.30963806308249e-11
Doing analysis at TEMP = 27.000000 and TNOM = 27.000000


No. of Data Rows : 1
REF_CODE_122
v(n0) = 5.665085326209031e-01
i(vref) = -8.53419121398555e-05
i(vdd) = -4.30743912760434e-11
Doing analysis at TEMP = 27.000000 and TNOM = 27.000000


No. of Data Rows : 1
REF_CODE_123
v(n0) = 5.715575049759788e-01
i(vref) = -9.58091673174792e-05
i(vdd) = -4.07074790542694e-11
Doing analysis at TEMP = 27.000000 and TNOM = 27.000000


No. of Data Rows : 1
REF_CODE_124
v(n0) = 5.764894201760812e-01
i(vref) = -6.70279918872894e-05
i(vdd) = -4.30490226799307e-11
Doing analysis at TEMP = 27.000000 and TNOM = 27.000000


No. of Data Rows : 1
REF_CODE_125
v(n0) = 5.815135460933514e-01
i(vref) = -8.68781514110550e-05
i(vdd) = -4.06933167718115e-11
Doing analysis at TEMP = 27.000000 and TNOM = 27.000000


No. of Data Rows : 1
REF_CODE_126
v(n0) = 5.865946918421056e-01
i(vref) = -6.80520249201309e-05
i(vdd) = -4.06614880654743e-11
Doing analysis at TEMP = 27.000000 and TNOM = 27.000000


No. of Data Rows : 1
REF_CODE_127
v(n0) = 5.917317968764753e-01
i(vref) = -6.86151678495441e-05
i(vdd) = -3.82852013980362e-11
Doing analysis at TEMP = 27.000000 and TNOM = 27.000000


No. of Data Rows : 1
REF_CODE_128
v(n0) = 5.845038353953622e-01
i(vref) = -2.91485549979186e-05
i(vdd) = -5.26026167069205e-11
Doing analysis at TEMP = 27.000000 and TNOM = 27.000000


No. of Data Rows : 1
REF_CODE_129
v(n0) = 5.892261491207470e-01
i(vref) = -6.72268279171707e-05
i(vdd) = -5.02666519519579e-11
Doing analysis at TEMP = 27.000000 and TNOM = 27.000000


No. of Data Rows : 1
REF_CODE_130
v(n0) = 5.939319085473359e-01
i(vref) = -6.67687351499014e-05
i(vdd) = -5.02539190816442e-11
Doing analysis at TEMP = 27.000000 and TNOM = 27.000000


No. of Data Rows : 1
REF_CODE_131
v(n0) = 5.987722658408318e-01
i(vref) = -8.61296513731671e-05
i(vdd) = -4.78961315053539e-11
Doing analysis at TEMP = 27.000000 and TNOM = 27.000000


No. of Data Rows : 1
REF_CODE_132
v(n0) = 6.033211596712320e-01
i(vref) = -6.58723795021245e-05
i(vdd) = -5.02471605989818e-11
Doing analysis at TEMP = 27.000000 and TNOM = 27.000000


No. of Data Rows : 1
REF_CODE_133
v(n0) = 6.081421631604590e-01
i(vref) = -9.46012351371395e-05
i(vdd) = -4.78998854469559e-11
Doing analysis at TEMP = 27.000000 and TNOM = 27.000000


No. of Data Rows : 1
REF_CODE_134
v(n0) = 6.129842562358492e-01
i(vref) = -8.47427229732146e-05
i(vdd) = -4.78767303579986e-11
Doing analysis at TEMP = 27.000000 and TNOM = 27.000000


No. of Data Rows : 1
REF_CODE_135
v(n0) = 6.179190638073638e-01
i(vref) = -9.44242626566766e-05
i(vdd) = -4.55085830131097e-11
Doing analysis at TEMP = 27.000000 and TNOM = 27.000000


No. of Data Rows : 1
REF_CODE_136
v(n0) = 6.220710988355522e-01
i(vref) = -6.40736882731116e-05
i(vdd) = -5.02415678504953e-11
Doing analysis at TEMP = 27.000000 and TNOM = 27.000000


No. of Data Rows : 1
REF_CODE_137
v(n0) = 6.268818540001794e-01
i(vref) = -9.74638484366977e-05
i(vdd) = -4.79010026088744e-11
Doing analysis at TEMP = 27.000000 and TNOM = 27.000000


No. of Data Rows : 1
REF_CODE_138
v(n0) = 6.316950206661025e-01
i(vref) = -9.23126618654257e-05
i(vdd) = -4.78822329008644e-11
Doing analysis at TEMP = 27.000000 and TNOM = 27.000000


No. of Data Rows : 1
REF_CODE_139
v(n0) = 6.366224894371983e-01
i(vref) = -1.06839323286120e-04
i(vdd) = -4.55197823878706e-11
Doing analysis at TEMP = 27.000000 and TNOM = 27.000000


No. of Data Rows : 1
REF_CODE_140
v(n0) = 6.413550083883852e-01
i(vref) = -8.19895407422075e-05
i(vdd) = -4.78658085389938e-11
Doing analysis at TEMP = 27.000000 and TNOM = 27.000000


No. of Data Rows : 1
REF_CODE_141
v(n0) = 6.462600876615799e-01
i(vref) = -1.05884510656423e-04
i(vdd) = -4.55133639110095e-11
Doing analysis at TEMP = 27.000000 and TNOM = 27.000000


No. of Data Rows : 1
REF_CODE_142
v(n0) = 6.512054822566844e-01
i(vref) = -9.11484649691483e-05
i(vdd) = -4.54847062791863e-11
Doing analysis at TEMP = 27.000000 and TNOM = 27.000000


No. of Data Rows : 1
REF_CODE_143
v(n0) = 6.562231531863766e-01
i(vref) = -9.58575046419968e-05
i(vdd) = -4.31124094757429e-11
Doing analysis at TEMP = 27.000000 and TNOM = 27.000000


No. of Data Rows : 1
REF_CODE_144
v(n0) = 6.595628179840307e-01
i(vref) = -6.04226210174183e-05
i(vdd) = -5.02365163357332e-11
Doing analysis at TEMP = 27.000000 and TNOM = 27.000000


No. of Data Rows : 1
REF_CODE_145
v(n0) = 6.643677241107881e-01
i(vref) = -9.61340115770341e-05
i(vdd) = -4.78973666284688e-11
Doing analysis at TEMP = 27.000000 and TNOM = 27.000000


No. of Data Rows : 1
REF_CODE_146
v(n0) = 6.691655788702811e-01
i(vref) = -9.33118118813890e-05
i(vdd) = -4.78828227068462e-11
Doing analysis at TEMP = 27.000000 and TNOM = 27.000000


No. of Data Rows : 1
REF_CODE_147
v(n0) = 6.740887700295031e-01
i(vref) = -1.10237094792961e-04
i(vdd) = -4.55217807893149e-11
Doing analysis at TEMP = 27.000000 and TNOM = 27.000000


No. of Data Rows : 1
REF_CODE_148
v(n0) = 6.787674302994915e-01
i(vref) = -8.76821510996622e-05
i(vdd) = -4.78702980033496e-11
Doing analysis at TEMP = 27.000000 and TNOM = 27.000000


No. of Data Rows : 1
REF_CODE_149
v(n0) = 6.836694807314783e-01
i(vref) = -1.13980424762355e-04
i(vdd) = -4.55207468941232e-11
Doing analysis at TEMP = 27.000000 and TNOM = 27.000000


No. of Data Rows : 1
REF_CODE_150
v(n0) = 6.886025099294567e-01
i(vref) = -1.01674444339971e-04
i(vdd) = -4.54943513417128e-11
Doing analysis at TEMP = 27.000000 and TNOM = 27.000000


No. of Data Rows : 1
REF_CODE_151
v(n0) = 6.936186081879674e-01
i(vref) = -1.08860496247798e-04
i(vdd) = -4.31245178456052e-11
Doing analysis at TEMP = 27.000000 and TNOM = 27.000000


No. of Data Rows : 1
REF_CODE_152
v(n0) = 6.980544523742076e-01
i(vref) = -7.63674842229324e-05
i(vdd) = -4.78545536530817e-11
Doing analysis at TEMP = 27.000000 and TNOM = 27.000000


No. of Data Rows : 1
REF_CODE_153
v(n0) = 7.029432031016034e-01
i(vref) = -1.07322563044807e-04
i(vdd) = -4.55104634533576e-11
Doing analysis at TEMP = 27.000000 and TNOM = 27.000000


No. of Data Rows : 1
REF_CODE_154
v(n0) = 7.078443282629303e-01
i(vref) = -9.97290729771627e-05
i(vdd) = -4.54896190160703e-11
Doing analysis at TEMP = 27.000000 and TNOM = 27.000000


No. of Data Rows : 1
REF_CODE_155
v(n0) = 7.128500191301111e-01
i(vref) = -1.11753147306455e-04
i(vdd) = -4.31239349785173e-11
Doing analysis at TEMP = 27.000000 and TNOM = 27.000000


No. of Data Rows : 1
REF_CODE_156
v(n0) = 7.177086759936970e-01
i(vref) = -8.44874572452617e-05
i(vdd) = -4.54671231220338e-11
Doing analysis at TEMP = 27.000000 and TNOM = 27.000000


No. of Data Rows : 1
REF_CODE_157
v(n0) = 7.226903658012982e-01
i(vref) = -1.05887466074249e-04
i(vdd) = -4.31124233535307e-11
Doing analysis at TEMP = 27.000000 and TNOM = 27.000000


No. of Data Rows : 1
REF_CODE_158
v(n0) = 7.277226387228283e-01
i(vref) = -8.86295000419694e-05
i(vdd) = -4.30821767150036e-11
Doing analysis at TEMP = 27.000000 and TNOM = 27.000000


No. of Data Rows : 1
REF_CODE_159
v(n0) = 7.328171530617045e-01
i(vref) = -9.07797663811634e-05
i(vdd) = -4.07072570096645e-11
Doing analysis at TEMP = 27.000000 and TNOM = 27.000000


No. of Data Rows : 1
REF_CODE_160
v(n0) = 7.347322160638770e-01
i(vref) = -5.28808129193164e-05
i(vdd) = -5.02267949453739e-11
Doing analysis at TEMP = 27.000000 and TNOM = 27.000000


No. of Data Rows : 1
REF_CODE_161
v(n0) = 7.395336396937600e-01
i(vref) = -8.97386016548530e-05
i(vdd) = -4.78902542622173e-11
Doing analysis at TEMP = 27.000000 and TNOM = 27.000000


No. of Data Rows : 1
REF_CODE_162
v(n0) = 7.443233004257412e-01
i(vref) = -8.80628214855014e-05
i(vdd) = -4.78756756461252e-11
Doing analysis at TEMP = 27.000000 and TNOM = 27.000000


No. of Data Rows : 1
REF_CODE_163
v(n0) = 7.492438077022819e-01
i(vref) = -1.06169115118486e-04
i(vdd) = -4.55162019186162e-11
Doing analysis at TEMP = 27.000000 and TNOM = 27.000000


No. of Data Rows : 1
REF_CODE_164
v(n0) = 7.538949339627269e-01
i(vref) = -8.47324780282643e-05
i(vdd) = -4.78662595670976e-11
Doing analysis at TEMP = 27.000000 and TNOM = 27.000000


No. of Data Rows : 1
REF_CODE_165
v(n0) = 7.587950012285489e-01
i(vref) = -1.12210606497900e-04
i(vdd) = -4.55169721358395e-11
Doing analysis at TEMP = 27.000000 and TNOM = 27.000000


No. of Data Rows : 1
REF_CODE_166
v(n0) = 7.637214272746593e-01
i(vref) = -1.01094015247799e-04
i(vdd) = -4.54933243854150e-11
Doing analysis at TEMP = 27.000000 and TNOM = 27.000000


No. of Data Rows : 1
REF_CODE_167
v(n0) = 7.687363012014623e-01
i(vref) = -1.09492752561238e-04
i(vdd) = -4.31244207010906e-11
Doing analysis at TEMP = 27.000000 and TNOM = 27.000000


No. of Data Rows : 1
REF_CODE_168
v(n0) = 7.730678166138880e-01
i(vref) = -7.80559843482432e-05
i(vdd) = -4.78558304095600e-11
Doing analysis at TEMP = 27.000000 and TNOM = 27.000000


No. of Data Rows : 1
REF_CODE_169
v(n0) = 7.779559046176128e-01
i(vref) = -1.10195595168434e-04
i(vdd) = -4.55125451215288e-11
Doing analysis at TEMP = 27.000000 and TNOM = 27.000000


No. of Data Rows : 1
REF_CODE_170
v(n0) = 7.828515564014853e-01
i(vref) = -1.03791484615792e-04
i(vdd) = -4.54931370352796e-11
Doing analysis at TEMP = 27.000000 and TNOM = 27.000000


No. of Data Rows : 1
REF_CODE_171
v(n0) = 7.878573675355564e-01
i(vref) = -1.17034169478118e-04
i(vdd) = -4.31290628211123e-11
Doing analysis at TEMP = 27.000000 and TNOM = 27.000000


No. of Data Rows : 1
REF_CODE_172
v(n0) = 7.926914722677894e-01
i(vref) = -9.09489341329499e-05
i(vdd) = -4.54737775212877e-11
Doing analysis at TEMP = 27.000000 and TNOM = 27.000000


No. of Data Rows : 1
REF_CODE_173
v(n0) = 7.976738654115039e-01
i(vref) = -1.13565081752754e-04
i(vdd) = -4.31198202144323e-11
Doing analysis at TEMP = 27.000000 and TNOM = 27.000000


No. of Data Rows : 1
REF_CODE_174
v(n0) = 8.027021635983521e-01
i(vref) = -9.75376957533768e-05
i(vdd) = -4.30910793158823e-11
Doing analysis at TEMP = 27.000000 and TNOM = 27.000000


No. of Data Rows : 1
REF_CODE_175
v(n0) = 8.077981227622204e-01
i(vref) = -1.00936451609652e-04
i(vdd) = -4.07167494165250e-11
Doing analysis at TEMP = 27.000000 and TNOM = 27.000000


No. of Data Rows : 1
REF_CODE_176
v(n0) = 8.116323170174844e-01
i(vref) = -6.45843001706668e-05
i(vdd) = -4.78399195258383e-11
Doing analysis at TEMP = 27.000000 and TNOM = 27.000000


No. of Data Rows : 1
REF_CODE_177
v(n0) = 8.165115160195431e-01
i(vref) = -9.90416097004447e-05
i(vdd) = -4.54987575393417e-11
Doing analysis at TEMP = 27.000000 and TNOM = 27.000000


No. of Data Rows : 1
REF_CODE_178
v(n0) = 8.213887827800996e-01
i(vref) = -9.49655326186619e-05
i(vdd) = -4.54820972550785e-11
Doing analysis at TEMP = 27.000000 and TNOM = 27.000000


No. of Data Rows : 1
REF_CODE_179
v(n0) = 8.263872341665630e-01
i(vref) = -1.10602515232960e-04
i(vdd) = -4.31209373763508e-11
Doing analysis at TEMP = 27.000000 and TNOM = 27.000000


No. of Data Rows : 1
REF_CODE_180
v(n0) = 8.311646253529261e-01
i(vref) = -8.68218123013745e-05
i(vdd) = -4.54683374284670e-11
Doing analysis at TEMP = 27.000000 and TNOM = 27.000000


No. of Data Rows : 1
REF_CODE_181
v(n0) = 8.361409378102455e-01
i(vref) = -1.11836471775145e-04
i(vdd) = -4.31166907732816e-11
Doing analysis at TEMP = 27.000000 and TNOM = 27.000000


No. of Data Rows : 1
REF_CODE_182
v(n0) = 8.411537718763153e-01
i(vref) = -9.82368021759211e-05
i(vdd) = -4.30903646098102e-11
Doing analysis at TEMP = 27.000000 and TNOM = 27.000000


No. of Data Rows : 1
REF_CODE_183
v(n0) = 8.462450714883514e-01
i(vref) = -1.04107081380700e-04
i(vdd) = -4.07183661788046e-11
Doing analysis at TEMP = 27.000000 and TNOM = 27.000000


No. of Data Rows : 1
REF_CODE_184
v(n0) = 8.508577690114946e-01
i(vref) = -7.04395628657449e-05
i(vdd) = -4.54475068689675e-11
Doing analysis at TEMP = 27.000000 and TNOM = 27.000000


No. of Data Rows : 1
REF_CODE_185
v(n0) = 8.558192252240411e-01
i(vref) = -1.00112535710909e-04
i(vdd) = -4.31020844016139e-11
Doing analysis at TEMP = 27.000000 and TNOM = 27.000000


No. of Data Rows : 1
REF_CODE_186
v(n0) = 8.607984949741505e-01
i(vref) = -9.12318108832675e-05
i(vdd) = -4.30805252582545e-11
Doing analysis at TEMP = 27.000000 and TNOM = 27.000000


No. of Data Rows : 1
REF_CODE_187
v(n0) = 8.658778317753846e-01
i(vref) = -1.01940269972459e-04
i(vdd) = -4.07133007862548e-11
Doing analysis at TEMP = 27.000000 and TNOM = 27.000000


No. of Data Rows : 1
REF_CODE_188
v(n0) = 8.708345528591519e-01
i(vref) = -7.33945445052452e-05
i(vdd) = -4.30553440122772e-11
Doing analysis at TEMP = 27.000000 and TNOM = 27.000000


No. of Data Rows : 1
REF_CODE_189
v(n0) = 8.758889462277619e-01
i(vref) = -9.34847862284808e-05
i(vdd) = -4.06994993262799e-11
Doing analysis at TEMP = 27.000000 and TNOM = 27.000000


No. of Data Rows : 1
REF_CODE_190
v(n0) = 8.809997482006291e-01
i(vref) = -7.49016900781364e-05
i(vdd) = -4.06686420650892e-11
Doing analysis at TEMP = 27.000000 and TNOM = 27.000000


No. of Data Rows : 1
REF_CODE_191
v(n0) = 8.861678788686862e-01
i(vref) = -7.57106418061697e-05
i(vdd) = -3.82926190756194e-11
Doing analysis at TEMP = 27.000000 and TNOM = 27.000000


No. of Data Rows : 1
REF_CODE_192
v(n0) = 8.863624875808411e-01
i(vref) = -3.67848710839770e-05
i(vdd) = -5.02097530219459e-11
Doing analysis at TEMP = 27.000000 and TNOM = 27.000000


No. of Data Rows : 1
REF_CODE_193
v(n0) = 8.911641323184604e-01
i(vref) = -7.41861027501072e-05
i(vdd) = -4.78720119101439e-11
Doing analysis at TEMP = 27.000000 and TNOM = 27.000000


No. of Data Rows : 1
REF_CODE_194
v(n0) = 8.959517666479423e-01
i(vref) = -7.30528887691118e-05
i(vdd) = -4.78592304675729e-11
Doing analysis at TEMP = 27.000000 and TNOM = 27.000000


No. of Data Rows : 1
REF_CODE_195
v(n0) = 9.008729300569155e-01
i(vref) = -9.17181906954266e-05
i(vdd) = -4.55011375799508e-11
Doing analysis at TEMP = 27.000000 and TNOM = 27.000000


No. of Data Rows : 1
REF_CODE_196
v(n0) = 9.055127304357315e-01
i(vref) = -7.08081482024380e-05
i(vdd) = -4.78512576784773e-11
Doing analysis at TEMP = 27.000000 and TNOM = 27.000000


No. of Data Rows : 1
REF_CODE_197
v(n0) = 9.104137990997574e-01
i(vref) = -9.88439109360713e-05
i(vdd) = -4.55028514867450e-11
Doing analysis at TEMP = 27.000000 and TNOM = 27.000000


No. of Data Rows : 1
REF_CODE_198
v(n0) = 9.153390457242853e-01
i(vref) = -8.82885975499511e-05
i(vdd) = -4.54794327198194e-11
Doing analysis at TEMP = 27.000000 and TNOM = 27.000000


No. of Data Rows : 1
REF_CODE_199
v(n0) = 9.203553401936506e-01
i(vref) = -9.72596475472358e-05
i(vdd) = -4.31103139297839e-11
Doing analysis at TEMP = 27.000000 and TNOM = 27.000000


No. of Data Rows : 1
REF_CODE_200
v(n0) = 9.246384000354324e-01
i(vref) = -6.63115095592762e-05
i(vdd) = -4.78435208117745e-11
Doing analysis at TEMP = 27.000000 and TNOM = 27.000000


No. of Data Rows : 1
REF_CODE_201
v(n0) = 9.295281829016946e-01
i(vref) = -9.90093826064972e-05
i(vdd) = -4.55009710464971e-11
Doing analysis at TEMP = 27.000000 and TNOM = 27.000000


No. of Data Rows : 1
REF_CODE_202
v(n0) = 9.344232573753086e-01
i(vref) = -9.31649626762672e-05
i(vdd) = -4.54818682715796e-11
Doing analysis at TEMP = 27.000000 and TNOM = 27.000000


No. of Data Rows : 1
REF_CODE_203
v(n0) = 9.394311995981436e-01
i(vref) = -1.06981196572178e-04
i(vdd) = -4.31179744686538e-11
Doing analysis at TEMP = 27.000000 and TNOM = 27.000000


No. of Data Rows : 1
REF_CODE_204
v(n0) = 9.442556334259392e-01
i(vref) = -8.14489185107896e-05
i(vdd) = -4.54631055024635e-11
Doing analysis at TEMP = 27.000000 and TNOM = 27.000000


No. of Data Rows : 1
REF_CODE_205
v(n0) = 9.492404515828115e-01
i(vref) = -1.04636679080487e-04
i(vdd) = -4.31103971965108e-11
Doing analysis at TEMP = 27.000000 and TNOM = 27.000000


No. of Data Rows : 1
REF_CODE_206
v(n0) = 9.542689893450704e-01
i(vref) = -8.91868651031929e-05
i(vdd) = -4.30814620089315e-11
Doing analysis at TEMP = 27.000000 and TNOM = 27.000000


No. of Data Rows : 1
REF_CODE_207
v(n0) = 9.593677932405649e-01
i(vref) = -9.31716719891229e-05
i(vdd) = -4.07085684606123e-11
Doing analysis at TEMP = 27.000000 and TNOM = 27.000000


No. of Data Rows : 1
REF_CODE_208
v(n0) = 9.630089396457626e-01
i(vref) = -5.72450665573740e-05
i(vdd) = -4.78319814312123e-11
Doing analysis at TEMP = 27.000000 and TNOM = 27.000000


No. of Data Rows : 1
REF_CODE_209
v(n0) = 9.678910917989837e-01
i(vref) = -9.22635887519333e-05
i(vdd) = -4.54918741565891e-11
Doing analysis at TEMP = 27.000000 and TNOM = 27.000000


No. of Data Rows : 1
REF_CODE_210
v(n0) = 9.727689770036052e-01
i(vref) = -8.87489969736156e-05
i(vdd) = -4.54766641011517e-11
Doing analysis at TEMP = 27.000000 and TNOM = 27.000000


No. of Data Rows : 1
REF_CODE_211
v(n0) = 9.777708443555231e-01
i(vref) = -1.04962848402041e-04
i(vdd) = -4.31148311497154e-11
Doing analysis at TEMP = 27.000000 and TNOM = 27.000000


No. of Data Rows : 1
REF_CODE_212
v(n0) = 9.825393545167020e-01
i(vref) = -8.17321286294265e-05
i(vdd) = -4.54625434520572e-11
Doing analysis at TEMP = 27.000000 and TNOM = 27.000000


No. of Data Rows : 1
REF_CODE_213
v(n0) = 9.875193701470855e-01
i(vref) = -1.07321901985649e-04
i(vdd) = -4.31120625310477e-11
Doing analysis at TEMP = 27.000000 and TNOM = 27.000000


No. of Data Rows : 1
REF_CODE_214
v(n0) = 9.925336662468618e-01
i(vref) = -9.43022198874227e-05
i(vdd) = -4.30861804567861e-11
Doing analysis at TEMP = 27.000000 and TNOM = 27.000000


No. of Data Rows : 1
REF_CODE_215
v(n0) = 9.976291112430169e-01
i(vref) = -1.00762376282759e-04
i(vdd) = -4.07154102100016e-11
Doing analysis at TEMP = 27.000000 and TNOM = 27.000000


No. of Data Rows : 1
REF_CODE_216
v(n0) = 1.002196400601120e+00
i(vref) = -6.76253190167013e-05
i(vdd) = -4.54439610941826e-11
Doing analysis at TEMP = 27.000000 and TNOM = 27.000000


No. of Data Rows : 1
REF_CODE_217
v(n0) = 1.007162143002358e+00
i(vref) = -9.78734076436766e-05
i(vdd) = -4.30994406830365e-11
Doing analysis at TEMP = 27.000000 and TNOM = 27.000000


No. of Data Rows : 1
REF_CODE_218
v(n0) = 1.012143361052870e+00
i(vref) = -8.95704610621103e-05
i(vdd) = -4.30782978733113e-11
Doing analysis at TEMP = 27.000000 and TNOM = 27.000000


No. of Data Rows : 1
REF_CODE_219
v(n0) = 1.017227445698754e+00
i(vref) = -1.00869408529705e-04
i(vdd) = -4.07124473023046e-11
Doing analysis at TEMP = 27.000000 and TNOM = 27.000000


No. of Data Rows : 1
REF_CODE_220
v(n0) = 1.022176901489629e+00
i(vref) = -7.28992817192840e-05
i(vdd) = -4.30548860452795e-11
Doing analysis at TEMP = 27.000000 and TNOM = 27.000000


No. of Data Rows : 1
REF_CODE_221
v(n0) = 1.027236280639109e+00
i(vref) = -9.35777335164061e-05
i(vdd) = -4.06994299373409e-11
Doing analysis at TEMP = 27.000000 and TNOM = 27.000000


No. of Data Rows : 1
REF_CODE_222
v(n0) = 1.032349841987630e+00
i(vref) = -7.55901029593960e-05
i(vdd) = -4.06687183929222e-11
Doing analysis at TEMP = 27.000000 and TNOM = 27.000000


No. of Data Rows : 1
REF_CODE_223
v(n0) = 1.037523399834113e+00
i(vref) = -7.70017838784395e-05
i(vdd) = -3.82933962317367e-11
Doing analysis at TEMP = 27.000000 and TNOM = 27.000000


No. of Data Rows : 1
REF_CODE_224
v(n0) = 1.040423450515484e+00
i(vref) = -3.87662979772476e-05
i(vdd) = -4.78117892499519e-11
Doing analysis at TEMP = 27.000000 and TNOM = 27.000000


No. of Data Rows : 1
REF_CODE_225
v(n0) = 1.045298916846951e+00
i(vref) = -7.49288546564739e-05
i(vdd) = -4.54727436260960e-11
Doing analysis at TEMP = 27.000000 and TNOM = 27.000000


No. of Data Rows : 1
REF_CODE_226
v(n0) = 1.050165375547833e+00
i(vref) = -7.25590424981678e-05
i(vdd) = -4.54584911380174e-11
Doing analysis at TEMP = 27.000000 and TNOM = 27.000000


No. of Data Rows : 1
REF_CODE_227
v(n0) = 1.055161294541034e+00
i(vref) = -8.99512788514036e-05
i(vdd) = -4.30990729216596e-11
Doing analysis at TEMP = 27.000000 and TNOM = 27.000000


No. of Data Rows : 1
REF_CODE_228
v(n0) = 1.059899059760661e+00
i(vref) = -6.78402887364081e-05
i(vdd) = -4.54477427913602e-11
Doing analysis at TEMP = 27.000000 and TNOM = 27.000000


No. of Data Rows : 1
REF_CODE_229
v(n0) = 1.064873853914065e+00
i(vref) = -9.46071505998680e-05
i(vdd) = -4.30981084154070e-11
Doing analysis at TEMP = 27.000000 and TNOM = 27.000000


No. of Data Rows : 1
REF_CODE_230
v(n0) = 1.069878257982159e+00
i(vref) = -8.27747592409338e-05
i(vdd) = -4.30740026979848e-11
Doing analysis at TEMP = 27.000000 and TNOM = 27.000000


No. of Data Rows : 1
REF_CODE_231
v(n0) = 1.074969183612463e+00
i(vref) = -9.04445969487791e-05
i(vdd) = -4.07039402183784e-11
Doing analysis at TEMP = 27.000000 and TNOM = 27.000000


No. of Data Rows : 1
REF_CODE_232
v(n0) = 1.079429534072729e+00
i(vref) = -5.83770734200012e-05
i(vdd) = -4.54344548095342e-11
Doing analysis at TEMP = 27.000000 and TNOM = 27.000000


No. of Data Rows : 1
REF_CODE_233
v(n0) = 1.084391399649698e+00
i(vref) = -8.98066504950090e-05
i(vdd) = -4.30910584992006e-11
Doing analysis at TEMP = 27.000000 and TNOM = 27.000000


No. of Data Rows : 1
REF_CODE_234
v(n0) = 1.089363893773392e+00
i(vref) = -8.26907629457690e-05
i(vdd) = -4.30713173460440e-11
Doing analysis at TEMP = 27.000000 and TNOM = 27.000000


No. of Data Rows : 1
REF_CODE_235
v(n0) = 1.094444827391926e+00
i(vref) = -9.52050303636399e-05
i(vdd) = -4.07064174035021e-11
Doing analysis at TEMP = 27.000000 and TNOM = 27.000000


No. of Data Rows : 1
REF_CODE_236
v(n0) = 1.099366468661105e+00
i(vref) = -6.84159376280393e-05
i(vdd) = -4.30500149417590e-11
Doing analysis at TEMP = 27.000000 and TNOM = 27.000000


No. of Data Rows : 1
REF_CODE_237
v(n0) = 1.104423309796463e+00
i(vref) = -9.03071382933475e-05
i(vdd) = -4.06957453846779e-11
Doing analysis at TEMP = 27.000000 and TNOM = 27.000000


No. of Data Rows : 1
REF_CODE_238
v(n0) = 1.109529597254151e+00
i(vref) = -7.35473558715920e-05
i(vdd) = -4.06664077412522e-11
Doing analysis at TEMP = 27.000000 and TNOM = 27.000000


No. of Data Rows : 1
REF_CODE_239
v(n0) = 1.114701305953709e+00
i(vref) = -7.62039129641463e-05
i(vdd) = -3.82927439757097e-11
Doing analysis at TEMP = 27.000000 and TNOM = 27.000000


No. of Data Rows : 1
REF_CODE_240
v(n0) = 1.118836061875227e+00
i(vref) = -3.92794081117083e-05
i(vdd) = -4.54122850435112e-11
Doing analysis at TEMP = 27.000000 and TNOM = 27.000000


No. of Data Rows : 1
REF_CODE_241
v(n0) = 1.123787450787079e+00
i(vref) = -7.30268378739577e-05
i(vdd) = -4.30717891908294e-11
Doing analysis at TEMP = 27.000000 and TNOM = 27.000000


No. of Data Rows : 1
REF_CODE_242
v(n0) = 1.128739882043766e+00
i(vref) = -6.82405689145442e-05
i(vdd) = -4.30551636010357e-11
Doing analysis at TEMP = 27.000000 and TNOM = 27.000000


No. of Data Rows : 1
REF_CODE_243
v(n0) = 1.133811851561138e+00
i(vref) = -8.31488735770225e-05
i(vdd) = -4.06934069774323e-11
Doing analysis at TEMP = 27.000000 and TNOM = 27.000000


No. of Data Rows : 1
REF_CODE_244
v(n0) = 1.138674940805682e+00
i(vref) = -5.86717289673797e-05
i(vdd) = -4.30395163952824e-11
Doing analysis at TEMP = 27.000000 and TNOM = 27.000000


No. of Data Rows : 1
REF_CODE_245
v(n0) = 1.143724114192199e+00
i(vref) = -8.29608855791653e-05
i(vdd) = -4.06866276780882e-11
Doing analysis at TEMP = 27.000000 and TNOM = 27.000000


No. of Data Rows : 1
REF_CODE_246
v(n0) = 1.148813254786564e+00
i(vref) = -6.86296326695961e-05
i(vdd) = -4.06603153924046e-11
Doing analysis at TEMP = 27.000000 and TNOM = 27.000000


No. of Data Rows : 1
REF_CODE_247
v(n0) = 1.153978703109452e+00
i(vref) = -7.37567913494603e-05
i(vdd) = -3.82887471728210e-11
Doing analysis at TEMP = 27.000000 and TNOM = 27.000000


No. of Data Rows : 1
REF_CODE_248
v(n0) = 1.158720404919946e+00
i(vref) = -3.94129153675435e-05
i(vdd) = -4.30156466002529e-11
Doing analysis at TEMP = 27.000000 and TNOM = 27.000000


No. of Data Rows : 1
REF_CODE_249
v(n0) = 1.163753833922409e+00
i(vref) = -6.83622694066848e-05
i(vdd) = -4.06702588273689e-11
Doing analysis at TEMP = 27.000000 and TNOM = 27.000000


No. of Data Rows : 1
REF_CODE_250
v(n0) = 1.168808342087819e+00
i(vref) = -5.87546053621136e-05
i(vdd) = -4.06481515113910e-11
Doing analysis at TEMP = 27.000000 and TNOM = 27.000000


No. of Data Rows : 1
REF_CODE_251
v(n0) = 1.173960956083165e+00
i(vref) = -6.87210818600093e-05
i(vdd) = -3.82813780674951e-11
Doing analysis at TEMP = 27.000000 and TNOM = 27.000000


No. of Data Rows : 1
REF_CODE_252
v(n0) = 1.179004221735031e+00
i(vref) = -3.94504694733639e-05
i(vdd) = -4.06222486204477e-11
Doing analysis at TEMP = 27.000000 and TNOM = 27.000000


No. of Data Rows : 1
REF_CODE_253
v(n0) = 1.184131244576671e+00
i(vref) = -5.88025263231348e-05
i(vdd) = -3.82659529063467e-11
Doing analysis at TEMP = 27.000000 and TNOM = 27.000000


No. of Data Rows : 1
REF_CODE_254
v(n0) = 1.189318394325068e+00
i(vref) = -3.94722036822172e-05
i(vdd) = -3.82341588944790e-11
Doing analysis at TEMP = 27.000000 and TNOM = 27.000000


No. of Data Rows : 1
REF_CODE_255
v(n0) = 1.194560418560880e+00
i(vref) = -3.95257274876681e-05
i(vdd) = -3.58576085490725e-11
ngspice-36 done
