
Compatibility modes selected: hs a


Circuit: * signed small-signal extracted latch diagnostic, no structural mos substitution.

option SCALE: Scale is set to 1e-06 for instance and model parameters
option SCALE: Scale is set to 1e-06 for instance and model parameters
Doing analysis at TEMP = 27.000000 and TNOM = 27.000000

Warning: veval: no DC value, transient time 0 value used
Warning: vreset: no DC value, transient time 0 value used

Initial Transient Solution
--------------------------

Node                                   Voltage
----                                   -------
vdd                                        1.8
vdd_active                                 1.8
vss                                          0
sense_p                                 0.8975
sense_n                                 0.9025
iso_tail                              0.178834
latch_sense_p                          1.60788
latch_sense_n                           1.5921
reset                                        0
eval                                         0
out_p                                      1.8
out_n                                      1.8
tail                                   1.41277
veval#branch                                 0
vreset#branch                                0
vn#branch                                    0
vp#branch                                    0
vss#branch                         1.49842e-10
vactive#branch                    -4.00013e-06
vdd#branch                        -1.50218e-11


No. of Data Rows : 1049

  Measurements for Transient Analysis

op_final            =  1.111782e-01
on_final            =  1.125970e-01
lp_before           =  1.610461e+00
ln_before           =  1.594675e+00

binary raw file "waveform.raw"
Doing analysis at TEMP = 27.000000 and TNOM = 27.000000

Warning: veval: no DC value, transient time 0 value used
Warning: vreset: no DC value, transient time 0 value used

Initial Transient Solution
--------------------------

Node                                   Voltage
----                                   -------
vdd                                        1.8
vdd_active                                 1.8
vss                                          0
sense_p                                 0.8975
sense_n                                 0.9025
iso_tail                               0.13429
latch_sense_p                        -0.176878
latch_sense_n                        -0.175831
reset                                        0
eval                                         0
out_p                                 0.307465
out_n                                 0.307486
tail                                 0.0143721
veval#branch                      -0.000531985
vreset#branch                      0.000976667
vn#branch                          -0.00039498
vp#branch                         -0.000393227
vss#branch                          0.00426758
vactive#branch                     -0.00243787
vdd#branch                         -0.00149018


No. of Data Rows : 1049

  Measurements for Transient Analysis

op_final            =  1.136711e-01
on_final            =  1.150901e-01
lp_before           =  1.189646e+00
ln_before           =  1.177214e+00


Total analysis time (seconds) = 0.156

Total elapsed time (seconds) = 0.490 

Total DRAM available = 7943.230 MB.
DRAM currently available = 1127.676 MB.
Maximum ngspice program size =   56.656 MB.
Current ngspice program size =   41.125 MB.

Shared ngspice pages =   10.625 MB.
Text (code) pages =    5.316 MB.
Stack = 0 bytes.
Library pages =   38.707 MB.

