
Compatibility modes selected: hs a


Circuit: * signed small-signal extracted latch diagnostic, no structural mos substitution.

option SCALE: Scale is set to 1e-06 for instance and model parameters
option SCALE: Scale is set to 1e-06 for instance and model parameters
Doing analysis at TEMP = 27.000000 and TNOM = 27.000000

Warning: veval: no DC value, transient time 0 value used
Warning: vreset: no DC value, transient time 0 value used

Initial Transient Solution
--------------------------

Node                                   Voltage
----                                   -------
vdd                                        1.8
vdd_active                                 1.8
vss                                          0
sense_p                                0.89975
sense_n                                0.90025
iso_tail                              0.175531
latch_sense_p                          1.00293
latch_sense_n                          0.99707
reset                                        0
eval                                         0
out_p                                      1.8
out_n                                      1.8
tail                                   1.37524
veval#branch                                 0
vreset#branch                                0
vn#branch                                    0
vp#branch                                    0
vss#branch                         1.70721e-11
vactive#branch                    -2.55465e-17
vdd#branch                        -4.00002e-06


No. of Data Rows : 1047

  Measurements for Transient Analysis

op_final            =  1.245562e+00
on_final            =  1.524487e-02
lp_before           =  1.002929e+00
ln_before           =  9.970699e-01

binary raw file "waveform.raw"
Doing analysis at TEMP = 27.000000 and TNOM = 27.000000

Warning: veval: no DC value, transient time 0 value used
Warning: vreset: no DC value, transient time 0 value used

Initial Transient Solution
--------------------------

Node                                   Voltage
----                                   -------
vdd                                        1.8
vdd_active                                 1.8
vss                                          0
sense_p                                0.89975
sense_n                                0.90025
iso_tail                              0.175886
latch_sense_p                        0.0117125
latch_sense_n                          0.01186
reset                                        0
eval                                         0
out_p                                 0.646594
out_n                                 0.646596
tail                                 0.0326107
veval#branch                      -0.000873074
vreset#branch                       0.00163403
vn#branch                         -0.000554667
vp#branch                          -0.00055439
vss#branch                          0.00417798
vactive#branch                      -0.0016229
vdd#branch                         -0.00221098


No. of Data Rows : 1050

  Measurements for Transient Analysis

op_final            =  1.557350e+00
on_final            =  8.416343e-03
lp_before           =  7.439918e-01
ln_before           =  7.395295e-01


Total analysis time (seconds) = 0.266

Total elapsed time (seconds) = 0.755 

Total DRAM available = 7943.238 MB.
DRAM currently available =  993.914 MB.
Maximum ngspice program size =   56.660 MB.
Current ngspice program size =   40.625 MB.

Shared ngspice pages =   10.250 MB.
Text (code) pages =    5.316 MB.
Stack = 0 bytes.
Library pages =   38.711 MB.

