
Circuit 1 cell sky130_fd_pr__nfet_01v8 and Circuit 2 cell sky130_fd_pr__nfet_01v8 are black boxes.
Warning: Equate pins:  cell sky130_fd_pr__nfet_01v8 is a placeholder, treated as a black box.
Warning: Equate pins:  cell sky130_fd_pr__nfet_01v8 is a placeholder, treated as a black box.

Subcircuit pins:
Circuit 1: sky130_fd_pr__nfet_01v8         |Circuit 2: sky130_fd_pr__nfet_01v8         
-------------------------------------------|-------------------------------------------
1                                          |1                                          
2                                          |2                                          
3                                          |3                                          
4                                          |4                                          
---------------------------------------------------------------------------------------
Cell pin lists are equivalent.
Device classes sky130_fd_pr__nfet_01v8 and sky130_fd_pr__nfet_01v8 are equivalent.

Circuit 1 cell sky130_fd_pr__pfet_01v8 and Circuit 2 cell sky130_fd_pr__pfet_01v8 are black boxes.
Warning: Equate pins:  cell sky130_fd_pr__pfet_01v8 is a placeholder, treated as a black box.
Warning: Equate pins:  cell sky130_fd_pr__pfet_01v8 is a placeholder, treated as a black box.

Subcircuit pins:
Circuit 1: sky130_fd_pr__pfet_01v8         |Circuit 2: sky130_fd_pr__pfet_01v8         
-------------------------------------------|-------------------------------------------
1                                          |1                                          
2                                          |2                                          
3                                          |3                                          
4                                          |4                                          
---------------------------------------------------------------------------------------
Cell pin lists are equivalent.
Device classes sky130_fd_pr__pfet_01v8 and sky130_fd_pr__pfet_01v8 are equivalent.

Subcircuit summary:
Circuit 1: sky130_isolated_frontend_active |Circuit 2: sky130_isolated_frontend_active 
-------------------------------------------|-------------------------------------------
sky130_fd_pr__nfet_01v8 (7)                |sky130_fd_pr__nfet_01v8 (7)                
sky130_fd_pr__pfet_01v8 (4)                |sky130_fd_pr__pfet_01v8 (4)                
c (40)                                     |(no matching element)                      
; (2)                                      |(no matching element)                      
Number of devices: 53 **Mismatch**         |Number of devices: 11 **Mismatch**         
Number of nets: 15 **Mismatch**            |Number of nets: 13 **Mismatch**            
---------------------------------------------------------------------------------------
NET mismatches: Class fragments follow (with fanout counts):
Circuit 1: sky130_isolated_frontend_active |Circuit 2: sky130_isolated_frontend_active 

---------------------------------------------------------------------------------------
Net: vdd_active                            |Net: vdd_active                            
  sky130_fd_pr__pfet_01v8/(1|3) = 2        |  sky130_fd_pr__pfet_01v8/(1|3) = 2        
  sky130_fd_pr__pfet_01v8/4 = 2            |  sky130_fd_pr__pfet_01v8/4 = 2            
  c/top = 3                                |                                           
  c/bottom = 2                             |                                           
                                           |                                           
Net: m1_1000_12500#                        |Net: vdd                                   
  c/bottom = 3                             |  sky130_fd_pr__pfet_01v8/(1|3) = 2        
  ;/top = 1                                |  sky130_fd_pr__pfet_01v8/4 = 2            
                                           |                                           
Net: latch_sense_p                         |Net: latch_sense_p                         
  sky130_fd_pr__nfet_01v8/(1|3) = 1        |  sky130_fd_pr__nfet_01v8/(1|3) = 1        
  sky130_fd_pr__nfet_01v8/2 = 1            |  sky130_fd_pr__nfet_01v8/2 = 1            
  c/bottom = 7                             |                                           
  c/top = 1                                |                                           
                                           |                                           
Net: latch_sense_n                         |Net: latch_sense_n                         
  sky130_fd_pr__nfet_01v8/(1|3) = 1        |  sky130_fd_pr__nfet_01v8/(1|3) = 1        
  sky130_fd_pr__nfet_01v8/2 = 1            |  sky130_fd_pr__nfet_01v8/2 = 1            
  c/top = 3                                |                                           
  c/bottom = 6                             |                                           
                                           |                                           
Net: iso_tail                              |Net: iso_tail                              
  sky130_fd_pr__nfet_01v8/(1|3) = 2        |  sky130_fd_pr__nfet_01v8/(1|3) = 2        
  c/top = 5                                |                                           
  c/bottom = 2                             |                                           
                                           |                                           
Net: m1_3440_12500#                        |Net: reset                                 
  c/bottom = 3                             |  sky130_fd_pr__pfet_01v8/2 = 2            
  ;/top = 1                                |                                           
                                           |                                           
Net: sense_p                               |Net: sense_p                               
  sky130_fd_pr__nfet_01v8/2 = 1            |  sky130_fd_pr__nfet_01v8/2 = 1            
  c/top = 3                                |                                           
                                           |                                           
Net: sense_n                               |Net: sense_n                               
  sky130_fd_pr__nfet_01v8/2 = 1            |  sky130_fd_pr__nfet_01v8/2 = 1            
  c/top = 3                                |                                           
                                           |                                           
Net: eval                                  |Net: eval                                  
  sky130_fd_pr__nfet_01v8/2 = 1            |  sky130_fd_pr__nfet_01v8/2 = 1            
  c/top = 2                                |                                           
  c/bottom = 1                             |                                           
                                           |                                           
Net: out_p                                 |Net: out_p                                 
  sky130_fd_pr__nfet_01v8/(1|3) = 2        |  sky130_fd_pr__nfet_01v8/(1|3) = 2        
  sky130_fd_pr__nfet_01v8/2 = 1            |  sky130_fd_pr__nfet_01v8/2 = 1            
  sky130_fd_pr__pfet_01v8/(1|3) = 2        |  sky130_fd_pr__pfet_01v8/(1|3) = 2        
  sky130_fd_pr__pfet_01v8/2 = 1            |  sky130_fd_pr__pfet_01v8/2 = 1            
  c/bottom = 3                             |                                           
  c/top = 6                                |                                           
                                           |                                           
Net: out_n                                 |Net: out_n                                 
  sky130_fd_pr__nfet_01v8/(1|3) = 2        |  sky130_fd_pr__nfet_01v8/(1|3) = 2        
  sky130_fd_pr__nfet_01v8/2 = 1            |  sky130_fd_pr__nfet_01v8/2 = 1            
  sky130_fd_pr__pfet_01v8/2 = 1            |  sky130_fd_pr__pfet_01v8/2 = 1            
  sky130_fd_pr__pfet_01v8/(1|3) = 2        |  sky130_fd_pr__pfet_01v8/(1|3) = 2        
  c/top = 4                                |                                           
  c/bottom = 4                             |                                           
                                           |                                           
Net: tail                                  |(no matching net)                          
  sky130_fd_pr__nfet_01v8/(1|3) = 5        |                                           
  c/top = 6                                |                                           
                                           |                                           
Net: vss                                   |(no matching net)                          
  sky130_fd_pr__nfet_01v8/4 = 7            |                                           
  sky130_fd_pr__nfet_01v8/(1|3) = 1        |                                           
  c/bottom = 6                             |                                           
  ;/bottom = 2                             |                                           
---------------------------------------------------------------------------------------

---------------------------------------------------------------------------------------
Net: vdd                                   |Net: vss                                   
  sky130_fd_pr__pfet_01v8/(1|3) = 2        |  sky130_fd_pr__nfet_01v8/4 = 7            
  sky130_fd_pr__pfet_01v8/4 = 2            |  sky130_fd_pr__nfet_01v8/(1|3) = 1        
  c/bottom = 3                             |                                           
  c/top = 1                                |                                           
---------------------------------------------------------------------------------------

---------------------------------------------------------------------------------------
Net: reset                                 |Net: tail                                  
  sky130_fd_pr__pfet_01v8/2 = 2            |  sky130_fd_pr__nfet_01v8/(1|3) = 5        
  c/top = 3                                |                                           
---------------------------------------------------------------------------------------
DEVICE mismatches: Class fragments follow (with node fanout counts):
Circuit 1: sky130_isolated_frontend_active |Circuit 2: sky130_isolated_frontend_active 

---------------------------------------------------------------------------------------
Instance: c:0                              |(no matching instance)                     
  top = 5                                  |                                           
  bottom = 15                              |                                           
                                           |                                           
Instance: c:23                             |(no matching instance)                     
  top = 5                                  |                                           
  bottom = 14                              |                                           
                                           |                                           
Instance: c:1                              |(no matching instance)                     
  top = 4                                  |                                           
  bottom = 4                               |                                           
                                           |                                           
Instance: c:2                              |(no matching instance)                     
  top = 14                                 |                                           
  bottom = 10                              |                                           
                                           |                                           
Instance: c:3                              |(no matching instance)                     
  top = 4                                  |                                           
  bottom = 15                              |                                           
                                           |                                           
Instance: c:4                              |(no matching instance)                     
  top = 9                                  |                                           
  bottom = 10                              |                                           
                                           |                                           
Instance: c:5                              |(no matching instance)                     
  top = 14                                 |                                           
  bottom = 9                               |                                           
                                           |                                           
Instance: c:6                              |(no matching instance)                     
  top = 4                                  |                                           
  bottom = 4                               |                                           
                                           |                                           
Instance: c:7                              |(no matching instance)                     
  top = 9                                  |                                           
  bottom = 4                               |                                           
                                           |                                           
Instance: c:8                              |(no matching instance)                     
  top = 4                                  |                                           
  bottom = 9                               |                                           
                                           |                                           
Instance: c:9                              |(no matching instance)                     
  top = 11                                 |                                           
  bottom = 10                              |                                           
                                           |                                           
Instance: c:10                             |(no matching instance)                     
  top = 14                                 |                                           
  bottom = 11                              |                                           
                                           |                                           
Instance: c:11                             |(no matching instance)                     
  top = 9                                  |                                           
  bottom = 11                              |                                           
                                           |                                           
Instance: c:12                             |(no matching instance)                     
  top = 11                                 |                                           
  bottom = 10                              |                                           
                                           |                                           
Instance: c:13                             |(no matching instance)                     
  top = 11                                 |                                           
  bottom = 14                              |                                           
                                           |                                           
Instance: c:14                             |(no matching instance)                     
  top = 4                                  |                                           
  bottom = 9                               |                                           
                                           |                                           
Instance: c:16                             |(no matching instance)                     
  top = 9                                  |                                           
  bottom = 4                               |                                           
                                           |                                           
Instance: c:17                             |(no matching instance)                     
  top = 10                                 |                                           
  bottom = 4                               |                                           
                                           |                                           
Instance: c:19                             |(no matching instance)                     
  top = 15                                 |                                           
  bottom = 10                              |                                           
                                           |                                           
Instance: c:20                             |(no matching instance)                     
  top = 15                                 |                                           
  bottom = 14                              |                                           
                                           |                                           
Instance: c:21                             |(no matching instance)                     
  top = 11                                 |                                           
  bottom = 11                              |                                           
                                           |                                           
Instance: c:22                             |(no matching instance)                     
  top = 15                                 |                                           
  bottom = 9                               |                                           
                                           |                                           
Instance: c:24                             |(no matching instance)                     
  top = 4                                  |                                           
  bottom = 10                              |                                           
                                           |                                           
Instance: c:25                             |(no matching instance)                     
  top = 4                                  |                                           
  bottom = 14                              |                                           
                                           |                                           
Instance: c:26                             |(no matching instance)                     
  top = 4                                  |                                           
  bottom = 11                              |                                           
                                           |                                           
Instance: c:27                             |(no matching instance)                     
  top = 15                                 |                                           
  bottom = 11                              |                                           
                                           |                                           
Instance: c:28                             |(no matching instance)                     
  top = 9                                  |                                           
  bottom = 10                              |                                           
                                           |                                           
Instance: c:29                             |(no matching instance)                     
  top = 11                                 |                                           
  bottom = 15                              |                                           
                                           |                                           
Instance: c:30                             |(no matching instance)                     
  top = 11                                 |                                           
  bottom = 4                               |                                           
                                           |                                           
Instance: c:31                             |(no matching instance)                     
  top = 11                                 |                                           
  bottom = 4                               |                                           
                                           |                                           
Instance: c:33                             |(no matching instance)                     
  top = 9                                  |                                           
  bottom = 11                              |                                           
                                           |                                           
Instance: c:34                             |(no matching instance)                     
  top = 11                                 |                                           
  bottom = 16                              |                                           
                                           |                                           
Instance: c:35                             |(no matching instance)                     
  top = 15                                 |                                           
  bottom = 16                              |                                           
                                           |                                           
Instance: c:36                             |(no matching instance)                     
  top = 11                                 |                                           
  bottom = 16                              |                                           
                                           |                                           
Instance: c:37                             |(no matching instance)                     
  top = 9                                  |                                           
  bottom = 16                              |                                           
                                           |                                           
Instance: c:39                             |(no matching instance)                     
  top = 9                                  |                                           
  bottom = 16                              |                                           
                                           |                                           
Instance: c:15                             |(no matching instance)                     
  top = 15                                 |                                           
  bottom = 8                               |                                           
                                           |                                           
Instance: c:32                             |(no matching instance)                     
  top = 14                                 |                                           
  bottom = 8                               |                                           
                                           |                                           
Instance: c:18                             |(no matching instance)                     
  top = 5                                  |                                           
  bottom = 8                               |                                           
                                           |                                           
Instance: c:38                             |(no matching instance)                     
  top = 8                                  |                                           
  bottom = 16                              |                                           
                                           |                                           
Instance: ;:40                             |(no matching instance)                     
  top = 4                                  |                                           
  bottom = 16                              |                                           
                                           |                                           
Instance: ;:41                             |(no matching instance)                     
  top = 4                                  |                                           
  bottom = 16                              |                                           
---------------------------------------------------------------------------------------

---------------------------------------------------------------------------------------
Instance: sky130_fd_pr__pfet_01v8:9        |Instance: sky130_fd_pr__pfet_01v8:reset_n  
  (1,3) = (15,9)                           |  (1,3) = (6,4)                            
  2 = 14                                   |  2 = 2                                    
  4 = 9                                    |  4 = 4                                    
                                           |                                           
Instance: sky130_fd_pr__pfet_01v8:3        |Instance: sky130_fd_pr__pfet_01v8:reset_p  
  (1,3) = (14,9)                           |  (1,3) = (6,4)                            
  2 = 15                                   |  2 = 2                                    
  4 = 9                                    |  4 = 4                                    
                                           |                                           
Instance: sky130_fd_pr__pfet_01v8:10       |Instance: sky130_fd_pr__pfet_01v8:load_n   
  (1,3) = (15,8)                           |  (1,3) = (6,4)                            
  2 = 5                                    |  2 = 6                                    
  4 = 8                                    |  4 = 4                                    
                                           |                                           
Instance: sky130_fd_pr__pfet_01v8:6        |Instance: sky130_fd_pr__pfet_01v8:load_p   
  (1,3) = (14,8)                           |  (1,3) = (6,4)                            
  2 = 5                                    |  2 = 6                                    
  4 = 8                                    |  4 = 4                                    
---------------------------------------------------------------------------------------

---------------------------------------------------------------------------------------
Instance: sky130_fd_pr__nfet_01v8:8        |Instance: sky130_fd_pr__nfet_01v8:tail     
  (1,3) = (16,11)                          |  (1,3) = (8,5)                            
  2 = 4                                    |  2 = 1                                    
  4 = 16                                   |  4 = 8                                    
                                           |                                           
Instance: sky130_fd_pr__nfet_01v8:7        |Instance: sky130_fd_pr__nfet_01v8:feedback 
  (1,3) = (15,11)                          |  (1,3) = (6,5)                            
  2 = 10                                   |  2 = 6                                    
  4 = 16                                   |  4 = 8                                    
                                           |                                           
Instance: sky130_fd_pr__nfet_01v8:5        |Instance: sky130_fd_pr__nfet_01v8:feedback 
  (1,3) = (14,11)                          |  (1,3) = (6,5)                            
  2 = 15                                   |  2 = 6                                    
  4 = 16                                   |  4 = 8                                    
                                           |                                           
Instance: sky130_fd_pr__nfet_01v8:4        |Instance: sky130_fd_pr__nfet_01v8:sense_n  
  (1,3) = (11,9)                           |  (1,3) = (6,5)                            
  2 = 4                                    |  2 = 2                                    
  4 = 16                                   |  4 = 8                                    
                                           |                                           
Instance: sky130_fd_pr__nfet_01v8:2        |Instance: sky130_fd_pr__nfet_01v8:sense_p  
  (1,3) = (14,11)                          |  (1,3) = (6,5)                            
  2 = 11                                   |  2 = 2                                    
  4 = 16                                   |  4 = 8                                    
                                           |                                           
Instance: sky130_fd_pr__nfet_01v8:1        |Instance: sky130_fd_pr__nfet_01v8:iso_n    
  (1,3) = (15,11)                          |  (1,3) = (2,2)                            
  2 = 14                                   |  2 = 1                                    
  4 = 16                                   |  4 = 8                                    
                                           |                                           
Instance: sky130_fd_pr__nfet_01v8:0        |Instance: sky130_fd_pr__nfet_01v8:iso_p    
  (1,3) = (10,9)                           |  (1,3) = (2,2)                            
  2 = 4                                    |  2 = 1                                    
  4 = 16                                   |  4 = 8                                    
---------------------------------------------------------------------------------------
Netlists do not match.
Port matching may fail to disambiguate symmetries.

Subcircuit pins:
Circuit 1: sky130_isolated_frontend_active |Circuit 2: sky130_isolated_frontend_active 
-------------------------------------------|-------------------------------------------
latch_sense_p                              |vdd_active **Mismatch**                    
sense_p                                    |vdd **Mismatch**                           
sense_n                                    |latch_sense_p **Mismatch**                 
eval                                       |latch_sense_n **Mismatch**                 
iso_tail                                   |sense_p **Mismatch**                       
vdd_active                                 |sense_n **Mismatch**                       
vss                                        |eval **Mismatch**                          
out_p                                      |out_p                                      
out_n                                      |out_n                                      
Cell pin lists are equivalent.
Device classes sky130_isolated_frontend_active_load_latch_v2 and sky130_isolated_frontend_active_load_latch_v2 are equivalent.

Final result: Netlists do not match.
Port matching may fail to disambiguate symmetries.
