
No compatibility mode selected!


Circuit: * extracted active converter macro decision-boundary transient.

Option cshunt: 29 capacitors added with 1e-15 F each
Doing analysis at TEMP = 27.000000 and TNOM = 27.000000

Using transient initial conditions

No. of Data Rows : 1031

  Measurements for Transient Analysis

decision_p_v        =  1.210471e-01
decision_n_v        =  1.186000e-01
decision_diff_v     =  -2.44709e-03
supply_charge_c     =   -1.90506e-15 from=  2.00000e-13 to=  2.00000e-08

Doing analysis at TEMP = 27.000000 and TNOM = 27.000000

Using transient initial conditions

No. of Data Rows : 1031

  Measurements for Transient Analysis

decision_p_v        =  1.210471e-01
decision_n_v        =  1.186000e-01
decision_diff_v     =  -2.44709e-03
supply_charge_c     =   -1.90506e-15 from=  2.00000e-13 to=  2.00000e-08


Total analysis time (seconds) = 2.025

Total elapsed time (seconds) = 3.910 

Total DRAM available = 7943.230 MB.
DRAM currently available =   86.672 MB.
Maximum ngspice program size =  118.523 MB.
Current ngspice program size =  102.750 MB.

Shared ngspice pages =   10.375 MB.
Text (code) pages =    5.316 MB.
Stack = 0 bytes.
Library pages =  100.574 MB.

