
Circuit 1 cell sky130_fd_pr__nfet_01v8 and Circuit 2 cell sky130_fd_pr__nfet_01v8 are black boxes.
Warning: Equate pins:  cell sky130_fd_pr__nfet_01v8 is a placeholder, treated as a black box.
Warning: Equate pins:  cell sky130_fd_pr__nfet_01v8 is a placeholder, treated as a black box.

Subcircuit pins:
Circuit 1: sky130_fd_pr__nfet_01v8         |Circuit 2: sky130_fd_pr__nfet_01v8         
-------------------------------------------|-------------------------------------------
1                                          |1                                          
2                                          |2                                          
3                                          |3                                          
4                                          |4                                          
---------------------------------------------------------------------------------------
Cell pin lists are equivalent.
Device classes sky130_fd_pr__nfet_01v8 and sky130_fd_pr__nfet_01v8 are equivalent.

Subcircuit summary:
Circuit 1: preamp_n_nfet                   |Circuit 2: preamp_n_nfet                   
-------------------------------------------|-------------------------------------------
sky130_fd_pr__nfet_01v8 (1)                |sky130_fd_pr__nfet_01v8 (1)                
c (5)                                      |(no matching element)                      
Number of devices: 6 **Mismatch**          |Number of devices: 1 **Mismatch**          
Number of nets: 4                          |Number of nets: 4                          
---------------------------------------------------------------------------------------
NET mismatches: Class fragments follow (with fanout counts):
Circuit 1: preamp_n_nfet                   |Circuit 2: preamp_n_nfet                   

---------------------------------------------------------------------------------------
Net: drain                                 |Net: drain                                 
  sky130_fd_pr__nfet_01v8/(1|3) = 1        |  sky130_fd_pr__nfet_01v8/(1|3) = 1        
  c/bottom = 2                             |                                           
  c/top = 1                                |                                           
                                           |                                           
Net: source                                |Net: source                                
  sky130_fd_pr__nfet_01v8/(1|3) = 1        |  sky130_fd_pr__nfet_01v8/(1|3) = 1        
  c/top = 3                                |                                           
                                           |                                           
Net: gate                                  |Net: gate                                  
  sky130_fd_pr__nfet_01v8/2 = 1            |  sky130_fd_pr__nfet_01v8/2 = 1            
  c/bottom = 1                             |                                           
  c/top = 1                                |                                           
                                           |                                           
Net: body                                  |Net: body                                  
  sky130_fd_pr__nfet_01v8/4 = 1            |  sky130_fd_pr__nfet_01v8/4 = 1            
  c/bottom = 2                             |                                           
---------------------------------------------------------------------------------------
DEVICE mismatches: Class fragments follow (with node fanout counts):
Circuit 1: preamp_n_nfet                   |Circuit 2: preamp_n_nfet                   

---------------------------------------------------------------------------------------
Instance: c:0                              |(no matching instance)                     
  top = 4                                  |                                           
  bottom = 4                               |                                           
                                           |                                           
Instance: c:1                              |(no matching instance)                     
  top = 4                                  |                                           
  bottom = 3                               |                                           
                                           |                                           
Instance: c:2                              |(no matching instance)                     
  top = 3                                  |                                           
  bottom = 4                               |                                           
                                           |                                           
Instance: c:3                              |(no matching instance)                     
  top = 4                                  |                                           
  bottom = 3                               |                                           
                                           |                                           
Instance: c:4                              |(no matching instance)                     
  top = 4                                  |                                           
  bottom = 3                               |                                           
---------------------------------------------------------------------------------------
Netlists do not match.
Port matching may fail to disambiguate symmetries.

Subcircuit pins:
Circuit 1: preamp_n_nfet                   |Circuit 2: preamp_n_nfet                   
-------------------------------------------|-------------------------------------------
drain                                      |drain                                      
source                                     |source                                     
gate                                       |gate                                       
body                                       |body                                       
---------------------------------------------------------------------------------------
Cell pin lists are equivalent.
Device classes preamp_n_nfet and preamp_n_nfet are equivalent.

Final result: Netlists do not match.
Port matching may fail to disambiguate symmetries.
