Warning: veval: no DC value, transient time 0 value used
Warning: vreset: no DC value, transient time 0 value used
 Reference value :  2.00000e-13
 Reference value :  4.78581e-12
 Reference value :  2.23192e-10
 Reference value :  5.43192e-10
 Reference value :  8.43192e-10
 Reference value :  1.18319e-09
 Reference value :  1.48319e-09
 Reference value :  1.78319e-09
 Reference value :  2.08319e-09
 Reference value :  4.88319e-09
 Reference value :  9.40096e-09
 Reference value :  1.04410e-08
 Reference value :  1.08010e-08
 Reference value :  1.11210e-08
 Reference value :  1.14610e-08
 Reference value :  1.18610e-08
 Reference value :  1.24010e-08
 Reference value :  1.27410e-08
 Reference value :  1.30810e-08
 Reference value :  1.33610e-08
 Reference value :  1.36610e-08
 Reference value :  1.39610e-08
 Reference value :  1.42410e-08
 Reference value :  1.46010e-08
 Reference value :  1.49210e-08
 Reference value :  1.52410e-08
 Reference value :  1.55610e-08
 Reference value :  1.58610e-08
 Reference value :  1.85610e-08
 Reference value :  2.35410e-08
 Reference value :  2.71210e-08
 Reference value :  2.99210e-08
 Reference value :  3.19210e-08
 Reference value :  3.83810e-08
 Reference value :  4.78810e-08
 Reference value :  5.75010e-08
 Reference value :  6.33410e-08
 Reference value :  6.85210e-08
 Reference value :  7.37010e-08
 Reference value :  7.75210e-08
 Reference value :  8.20610e-08
 Reference value :  8.89810e-08
 Reference value :  9.13610e-08
 Reference value :  9.94210e-08
Warning: veval: no DC value, transient time 0 value used
Warning: vreset: no DC value, transient time 0 value used
 Reference value :  2.88319e-09
 Reference value :  8.44096e-09
 Reference value :  1.35210e-08
 Reference value :  2.07810e-08
 Reference value :  2.73410e-08
 Reference value :  3.45210e-08
 Reference value :  4.30610e-08
 Reference value :  5.20810e-08
 Reference value :  5.65210e-08
 Reference value :  5.90210e-08
 Reference value :  6.41010e-08
 Reference value :  6.76410e-08
 Reference value :  6.91210e-08
 Reference value :  7.05810e-08
 Reference value :  7.21410e-08
 Reference value :  7.32010e-08
 Reference value :  7.54010e-08
 Reference value :  7.70410e-08
 Reference value :  7.85210e-08
 Reference value :  8.02010e-08
 Reference value :  8.28210e-08
 Reference value :  8.76210e-08
 Reference value :  9.28810e-08
 Reference value :  9.84810e-08
Original line no.: 61, new internal line no.: 865:
insertnumber: fails.
  s = ".measure tran decision_diff_v param=   -7.336261179665959e-04   " u=" -7.336261179665959e-04  " id=0
