
No compatibility mode selected!


Circuit: * extracted active converter macro decision-boundary transient.

Option cshunt: 22 capacitors added with 1e-15 F each
Doing analysis at TEMP = 27.000000 and TNOM = 27.000000

Using transient initial conditions

No. of Data Rows : 5031

  Measurements for Transient Analysis

decision_p_v        =  1.375259e-01
decision_n_v        =  1.367923e-01
decision_diff_v     =  -7.33626e-04
supply_charge_c     =   -1.90507e-15 from=  2.00000e-13 to=  2.00000e-08
active_supply_charge_c=   -1.19860e-12 from=  2.00000e-13 to=  2.00000e-08
p0_0                =  1.786228e+00
p0_1                =  1.787614e+00
p0_2                =  1.385667e+00
p0_3                =  1.403810e+00
p0_4                =  9.495479e-01
p0_5                =  1.779624e-01
p0_6                =  1.777606e-01
p1_0                =  1.756605e+00
p1_1                =  1.760417e+00
p1_2                =  1.343744e+00
p1_3                =  1.338735e+00
p1_4                =  5.320813e-01
p1_5                =  1.761224e-01
p1_6                =  1.773310e-01
p2_0                =  1.375259e-01
p2_1                =  1.367923e-01
p2_2                =  1.396977e+00
p2_3                =  1.399526e+00
p2_4                =  2.591761e-02
p2_5                =  1.778085e-01
p2_6                =  1.777760e-01
p3_0                =  1.368238e-01
p3_1                =  1.370316e-01
p3_2                =  1.400409e+00
p3_3                =  1.399545e+00
p3_4                =  2.592594e-02
p3_5                =  1.777844e-01
p3_6                =  1.777838e-01
p4_0                =  1.368098e-01
p4_1                =  1.370400e-01
p4_2                =  1.400471e+00
p4_3                =  1.399525e+00
p4_4                =  2.592603e-02
p4_5                =  1.777840e-01
p4_6                =  1.777840e-01
p5_0                =  1.368098e-01
p5_1                =  1.370400e-01
p5_2                =  1.400471e+00
p5_3                =  1.399525e+00
p5_4                =  2.592603e-02
p5_5                =  1.777840e-01
p5_6                =  1.777840e-01

Doing analysis at TEMP = 27.000000 and TNOM = 27.000000

Using transient initial conditions

No. of Data Rows : 5031

  Measurements for Transient Analysis

decision_p_v        =  1.375259e-01
decision_n_v        =  1.367923e-01
decision_diff_v     =  -7.33626e-04
supply_charge_c     =   -1.90507e-15 from=  2.00000e-13 to=  2.00000e-08
active_supply_charge_c=   -1.19860e-12 from=  2.00000e-13 to=  2.00000e-08
p0_0                =  1.786228e+00
p0_1                =  1.787614e+00
p0_2                =  1.385667e+00
p0_3                =  1.403810e+00
p0_4                =  9.495479e-01
p0_5                =  1.779624e-01
p0_6                =  1.777606e-01
p1_0                =  1.756605e+00
p1_1                =  1.760417e+00
p1_2                =  1.343744e+00
p1_3                =  1.338735e+00
p1_4                =  5.320813e-01
p1_5                =  1.761224e-01
p1_6                =  1.773310e-01
p2_0                =  1.375259e-01
p2_1                =  1.367923e-01
p2_2                =  1.396977e+00
p2_3                =  1.399526e+00
p2_4                =  2.591761e-02
p2_5                =  1.778085e-01
p2_6                =  1.777760e-01
p3_0                =  1.368238e-01
p3_1                =  1.370316e-01
p3_2                =  1.400409e+00
p3_3                =  1.399545e+00
p3_4                =  2.592594e-02
p3_5                =  1.777844e-01
p3_6                =  1.777838e-01
p4_0                =  1.368098e-01
p4_1                =  1.370400e-01
p4_2                =  1.400471e+00
p4_3                =  1.399525e+00
p4_4                =  2.592603e-02
p4_5                =  1.777840e-01
p4_6                =  1.777840e-01
p5_0                =  1.368098e-01
p5_1                =  1.370400e-01
p5_2                =  1.400471e+00
p5_3                =  1.399525e+00
p5_4                =  2.592603e-02
p5_5                =  1.777840e-01
p5_6                =  1.777840e-01


Total analysis time (seconds) = 25.429

Total elapsed time (seconds) = 27.423 

Total DRAM available = 7943.238 MB.
DRAM currently available = 1172.035 MB.
Maximum ngspice program size =  120.953 MB.
Current ngspice program size =  104.875 MB.

Shared ngspice pages =   10.250 MB.
Text (code) pages =    5.316 MB.
Stack = 0 bytes.
Library pages =  103.004 MB.

