
Compatibility modes selected: hs a


Circuit: * signed small-signal extracted latch diagnostic, no structural mos substitution.

option SCALE: Scale is set to 1e-06 for instance and model parameters
option SCALE: Scale is set to 1e-06 for instance and model parameters
Doing analysis at TEMP = 27.000000 and TNOM = 27.000000

Warning: veval: no DC value, transient time 0 value used
Warning: vreset: no DC value, transient time 0 value used
Warning: vn: no DC value, transient time 0 value used
Warning: vp: no DC value, transient time 0 value used

Initial Transient Solution
--------------------------

Node                                   Voltage
----                                   -------
vdd                                       1.75
vdd_active                                 1.8
vss                                          0
sense_p                                0.89975
sense_n                                0.90025
iso_tail                              0.176131
latch_sense_p                           1.1026
latch_sense_n                           1.0974
reset                                        0
eval                                         0
out_p                                     1.75
out_n                                     1.75
tail                                   1.33263
rx_p                               4.33224e-09
rx_n                               4.33224e-09
veval#branch                                 0
vreset#branch                                0
vn#branch                                    0
vp#branch                                    0
vss#branch                         2.11862e-11
vactive#branch                    -4.00001e-06
vdd#branch                        -1.41497e-11


No. of Data Rows : 10365

  Measurements for Transient Analysis

op_final            =  4.883093e-02
on_final            =  5.976827e-01
lp_before           =  1.102604e+00
ln_before           =  1.097396e+00

binary raw file "waveform.raw"
Doing analysis at TEMP = 27.000000 and TNOM = 27.000000

Warning: veval: no DC value, transient time 0 value used
Warning: vreset: no DC value, transient time 0 value used
Warning: vn: no DC value, transient time 0 value used
Warning: vp: no DC value, transient time 0 value used

Initial Transient Solution
--------------------------

Node                                   Voltage
----                                   -------
vdd                                       1.75
vdd_active                                 1.8
vss                                          0
sense_p                                0.89975
sense_n                                0.90025
iso_tail                              0.165118
latch_sense_p                        0.0210311
latch_sense_n                        0.0211834
reset                                        0
eval                                         0
out_p                                 0.761223
out_n                                 0.761225
tail                                 0.0407162
rx_p                                  0.866671
rx_n                                  0.866675
veval#branch                      -0.000568062
vreset#branch                        0.0010207
vn#branch                         -0.000357382
vp#branch                         -0.000357201
vss#branch                          0.00347046
vactive#branch                     -0.00185792
vdd#branch                         -0.00135459


No. of Data Rows : 10360

  Measurements for Transient Analysis

op_final            =  1.561118e-02
on_final            =  1.135125e+00
lp_before           =  8.715833e-01
ln_before           =  8.674764e-01


Total analysis time (seconds) = 3.109

Total elapsed time (seconds) = 3.679 

Total DRAM available = 7943.238 MB.
DRAM currently available =  137.086 MB.
Maximum ngspice program size =   62.547 MB.
Current ngspice program size =   46.781 MB.

Shared ngspice pages =   10.500 MB.
Text (code) pages =    5.316 MB.
Stack = 0 bytes.
Library pages =   44.598 MB.

