
Compatibility modes selected: hs a


Circuit: * signed small-signal extracted latch diagnostic, no structural mos substitution.

option SCALE: Scale is set to 1e-06 for instance and model parameters
option SCALE: Scale is set to 1e-06 for instance and model parameters
Doing analysis at TEMP = 27.000000 and TNOM = 27.000000

Warning: veval: no DC value, transient time 0 value used
Warning: vreset: no DC value, transient time 0 value used

Initial Transient Solution
--------------------------

Node                                   Voltage
----                                   -------
vdd                                        1.8
vdd_active                                 1.8
vss                                          0
sense_p                               0.900076
sense_n                               0.899923
iso_tail                              0.178804
latch_sense_p                          1.59975
latch_sense_n                          1.60023
reset                                        0
eval                                         0
out_p                                      1.8
out_n                                      1.8
tail                                   1.38965
veval#branch                                 0
vreset#branch                                0
vn#branch                                    0
vp#branch                                    0
vss#branch                         1.49705e-10
vactive#branch                    -4.00013e-06
vdd#branch                        -1.47981e-11


No. of Data Rows : 1050

  Measurements for Transient Analysis

op_final            =  7.709282e-02
on_final            =  7.706998e-02
lp_before           =  1.599752e+00
ln_before           =  1.600235e+00

binary raw file "waveform.raw"
Doing analysis at TEMP = 27.000000 and TNOM = 27.000000

Warning: veval: no DC value, transient time 0 value used
Warning: vreset: no DC value, transient time 0 value used

Initial Transient Solution
--------------------------

Node                                   Voltage
----                                   -------
vdd                                        1.8
vdd_active                                 1.8
vss                                          0
sense_p                               0.900076
sense_n                               0.899923
iso_tail                              0.174668
latch_sense_p                       -0.0922605
latch_sense_n                       -0.0922985
reset                                        0
eval                                         0
out_p                                 0.360819
out_n                                 0.360818
tail                                 0.0177944
veval#branch                      -0.000819572
vreset#branch                       0.00151868
vn#branch                         -0.000565957
vp#branch                         -0.000566036
vss#branch                          0.00460298
vactive#branch                     -0.00194513
vdd#branch                         -0.00222897


No. of Data Rows : 1052

  Measurements for Transient Analysis

op_final            =  7.709053e-02
on_final            =  7.706769e-02
lp_before           =  1.601393e+00
ln_before           =  1.601881e+00


Total analysis time (seconds) = 0.105

Total elapsed time (seconds) = 0.394 

Total DRAM available = 7943.234 MB.
DRAM currently available =  198.789 MB.
Maximum ngspice program size =   56.684 MB.
Current ngspice program size =   40.750 MB.

Shared ngspice pages =   10.250 MB.
Text (code) pages =    5.316 MB.
Stack = 0 bytes.
Library pages =   38.734 MB.

