
Compatibility modes selected: hs a


Circuit: * signed small-signal extracted latch diagnostic, no structural mos substitution.

option SCALE: Scale is set to 1e-06 for instance and model parameters
option SCALE: Scale is set to 1e-06 for instance and model parameters
Doing analysis at TEMP = 27.000000 and TNOM = 27.000000

Warning: veval: no DC value, transient time 0 value used
Warning: vreset: no DC value, transient time 0 value used

Initial Transient Solution
--------------------------

Node                                   Voltage
----                                   -------
vdd                                        1.8
vdd_active                                 1.8
vss                                          0
sense_p                                   0.95
sense_n                                   0.85
iso_tail                              0.190843
latch_sense_p                          1.46365
latch_sense_n                          1.73634
reset                                        0
eval                                         0
out_p                                      1.8
out_n                                      1.8
tail                                   1.37715
veval#branch                                 0
vreset#branch                                0
vn#branch                                    0
vp#branch                                    0
vss#branch                         1.07892e-10
vactive#branch                    -4.00009e-06
vdd#branch                        -1.46814e-11


No. of Data Rows : 1050

  Measurements for Transient Analysis

op_final            =  1.387147e-01
on_final            =  1.040862e-01
lp_before           =  1.463647e+00
ln_before           =  1.736344e+00

binary raw file "waveform.raw"
Doing analysis at TEMP = 27.000000 and TNOM = 27.000000

Warning: veval: no DC value, transient time 0 value used
Warning: vreset: no DC value, transient time 0 value used

Initial Transient Solution
--------------------------

Node                                   Voltage
----                                   -------
vdd                                        1.8
vdd_active                                 1.8
vss                                          0
sense_p                                   0.95
sense_n                                   0.85
iso_tail                              0.191592
latch_sense_p                        0.0280341
latch_sense_n                      -0.00014486
reset                                        0
eval                                         0
out_p                                 0.638507
out_n                                 0.638115
tail                                 0.0394836
veval#branch                       -0.00169133
vreset#branch                       0.00324169
vn#branch                          -0.00103909
vp#branch                          -0.00114778
vss#branch                          0.00814447
vactive#branch                     -0.00324727
vdd#branch                         -0.00426468


No. of Data Rows : 1055

  Measurements for Transient Analysis

op_final            =  1.387091e-01
on_final            =  1.040810e-01
lp_before           =  1.460929e+00
ln_before           =  1.734463e+00


Total analysis time (seconds) = 0.421

Total elapsed time (seconds) = 0.992 

Total DRAM available = 7943.230 MB.
DRAM currently available =  189.617 MB.
Maximum ngspice program size =   56.660 MB.
Current ngspice program size =   40.750 MB.

Shared ngspice pages =   10.250 MB.
Text (code) pages =    5.316 MB.
Stack = 0 bytes.
Library pages =   38.711 MB.

