
Compatibility modes selected: hs a


Circuit: * signed small-signal extracted latch diagnostic, no structural mos substitution.

option SCALE: Scale is set to 1e-06 for instance and model parameters
option SCALE: Scale is set to 1e-06 for instance and model parameters
Doing analysis at TEMP = 27.000000 and TNOM = 27.000000

Warning: veval: no DC value, transient time 0 value used
Warning: vreset: no DC value, transient time 0 value used

Initial Transient Solution
--------------------------

Node                                   Voltage
----                                   -------
vdd                                        1.8
vdd_active                                 1.8
vss                                          0
sense_p                               0.900076
sense_n                               0.899924
iso_tail                              0.178804
latch_sense_p                          1.59975
latch_sense_n                          1.60023
reset                                        0
eval                                         0
out_p                                      1.8
out_n                                      1.8
tail                                   1.41277
veval#branch                                 0
vreset#branch                                0
vn#branch                                    0
vp#branch                                    0
vss#branch                         1.49929e-10
vactive#branch                    -4.00013e-06
vdd#branch                        -1.50218e-11


No. of Data Rows : 1049

  Measurements for Transient Analysis

op_final            =  9.757914e-02
on_final            =  9.755680e-02
lp_before           =  1.599752e+00
ln_before           =  1.600235e+00

binary raw file "waveform.raw"
Doing analysis at TEMP = 27.000000 and TNOM = 27.000000

Warning: veval: no DC value, transient time 0 value used
Warning: vreset: no DC value, transient time 0 value used

Initial Transient Solution
--------------------------

Node                                   Voltage
----                                   -------
vdd                                        1.8
vdd_active                                 1.8
vss                                          0
sense_p                               0.900076
sense_n                               0.899924
iso_tail                              0.134504
latch_sense_p                        -0.176421
latch_sense_n                        -0.176453
reset                                        0
eval                                         0
out_p                                 0.307451
out_n                                  0.30745
tail                                 0.0143861
veval#branch                      -0.000533278
vreset#branch                      0.000979078
vn#branch                         -0.000395058
vp#branch                         -0.000395111
vss#branch                          0.00427761
vactive#branch                     -0.00244362
vdd#branch                         -0.00149362


No. of Data Rows : 1051

  Measurements for Transient Analysis

op_final            =  9.751188e-02
on_final            =  9.748430e-02
lp_before           =  1.592596e+00
ln_before           =  1.594086e+00


Total analysis time (seconds) = 0.852

Total elapsed time (seconds) = 2.002 

Total DRAM available = 7943.230 MB.
DRAM currently available =  363.938 MB.
Maximum ngspice program size =   56.660 MB.
Current ngspice program size =   41.125 MB.

Shared ngspice pages =   10.625 MB.
Text (code) pages =    5.316 MB.
Stack = 0 bytes.
Library pages =   38.711 MB.

