
Compatibility modes selected: hs a


Circuit: * signed small-signal extracted latch diagnostic, no structural mos substitution.

option SCALE: Scale is set to 1e-06 for instance and model parameters
option SCALE: Scale is set to 1e-06 for instance and model parameters
Doing analysis at TEMP = 27.000000 and TNOM = 27.000000

Warning: veval: no DC value, transient time 0 value used
Warning: vreset: no DC value, transient time 0 value used

Initial Transient Solution
--------------------------

Node                                   Voltage
----                                   -------
vdd                                        1.8
vdd_active                                 1.8
vss                                          0
sense_p                               0.900076
sense_n                               0.899924
iso_tail                              0.178804
latch_sense_p                          1.59975
latch_sense_n                          1.60023
reset                                        0
eval                                         0
out_p                                      1.8
out_n                                      1.8
tail                                   1.41277
veval#branch                                 0
vreset#branch                                0
vn#branch                                    0
vp#branch                                    0
vss#branch                         1.49929e-10
vactive#branch                    -4.00013e-06
vdd#branch                        -1.50218e-11


No. of Data Rows : 1050

  Measurements for Transient Analysis

op_final            =  5.660119e-02
on_final            =  5.658960e-02
lp_before           =  1.599752e+00
ln_before           =  1.600235e+00

binary raw file "waveform.raw"
Doing analysis at TEMP = 27.000000 and TNOM = 27.000000

Warning: veval: no DC value, transient time 0 value used
Warning: vreset: no DC value, transient time 0 value used

Initial Transient Solution
--------------------------

Node                                   Voltage
----                                   -------
vdd                                        1.8
vdd_active                                 1.8
vss                                          0
sense_p                               0.900076
sense_n                               0.899924
iso_tail                              0.356863
latch_sense_p                       -0.0887714
latch_sense_n                       -0.0887984
reset                                        0
eval                                         0
out_p                                 0.333652
out_n                                 0.333651
tail                                  0.158145
veval#branch                         -0.012461
vreset#branch                        0.0356961
vn#branch                           -0.0128396
vp#branch                           -0.0128414
vss#branch                           0.0874085
vactive#branch                      -0.0396215
vdd#branch                          -0.0453452


No. of Data Rows : 1059

  Measurements for Transient Analysis

op_final            =  5.656528e-02
on_final            =  5.655209e-02
lp_before           =  1.576047e+00
ln_before           =  1.577031e+00


Total analysis time (seconds) = 0.279

Total elapsed time (seconds) = 0.798 

Total DRAM available = 7943.230 MB.
DRAM currently available =  177.375 MB.
Maximum ngspice program size =   56.652 MB.
Current ngspice program size =   40.875 MB.

Shared ngspice pages =   10.375 MB.
Text (code) pages =    5.316 MB.
Stack = 0 bytes.
Library pages =   38.703 MB.

