
Compatibility modes selected: hs a


Circuit: * signed small-signal extracted latch diagnostic, no structural mos substitution.

option SCALE: Scale is set to 1e-06 for instance and model parameters
option SCALE: Scale is set to 1e-06 for instance and model parameters
Doing analysis at TEMP = 27.000000 and TNOM = 27.000000

Warning: veval: no DC value, transient time 0 value used
Warning: vreset: no DC value, transient time 0 value used

Initial Transient Solution
--------------------------

Node                                   Voltage
----                                   -------
vdd                                        1.8
vdd_active                                 1.8
vss                                          0
sense_p                                0.89975
sense_n                                0.90025
iso_tail                              0.178804
latch_sense_p                          1.60078
latch_sense_n                           1.5992
reset                                        0
eval                                         0
out_p                                      1.8
out_n                                      1.8
tail                                   1.38965
veval#branch                                 0
vreset#branch                                0
vn#branch                                    0
vp#branch                                    0
vss#branch                         1.49705e-10
vactive#branch                    -4.00013e-06
vdd#branch                        -1.47981e-11


No. of Data Rows : 1051

  Measurements for Transient Analysis

op_final            =  7.748004e-02
on_final            =  7.755618e-02
lp_before           =  1.600783e+00
ln_before           =  1.599204e+00

binary raw file "waveform.raw"
Doing analysis at TEMP = 27.000000 and TNOM = 27.000000

Warning: veval: no DC value, transient time 0 value used
Warning: vreset: no DC value, transient time 0 value used

Initial Transient Solution
--------------------------

Node                                   Voltage
----                                   -------
vdd                                        1.8
vdd_active                                 1.8
vss                                          0
sense_p                                0.89975
sense_n                                0.90025
iso_tail                              0.176956
latch_sense_p                       -0.0934401
latch_sense_n                       -0.0933166
reset                                        0
eval                                         0
out_p                                 0.360329
out_n                                 0.360331
tail                                 0.0181246
veval#branch                      -0.000858318
vreset#branch                       0.00159223
vn#branch                         -0.000593799
vp#branch                         -0.000593528
vss#branch                           0.0048175
vactive#branch                     -0.00203599
vdd#branch                         -0.00233209


No. of Data Rows : 1052

  Measurements for Transient Analysis

op_final            =  7.746852e-02
on_final            =  7.754465e-02
lp_before           =  1.582253e+00
ln_before           =  1.580740e+00


Total analysis time (seconds) = 1.589

Total elapsed time (seconds) = 2.777 

Total DRAM available = 7943.234 MB.
DRAM currently available =  206.930 MB.
Maximum ngspice program size =   56.656 MB.
Current ngspice program size =   40.750 MB.

Shared ngspice pages =   10.250 MB.
Text (code) pages =    5.316 MB.
Stack = 0 bytes.
Library pages =   38.707 MB.

