
No compatibility mode selected!


Circuit: * one-bit sky130 bottom-plate charge-transfer cell.

Doing analysis at TEMP = 27.000000 and TNOM = 27.000000


Initial Transient Solution
--------------------------

Node                                   Voltage
----                                   -------
vdd                                        1.8
vss                                          0
top                                        0.9
bottom                                       0
low_gate                                   1.8
high_gate                                  1.8
high_gate_assist                             0
vhigh_assist#branch                          0
vhigh#branch                                 0
vlow#branch                                  0
vtop#branch                                  0
vss#branch                        -2.90914e-55
vdd#branch                        -1.67256e-09


No. of Data Rows : 126

  Measurements for Transient Analysis

top_before_v        =  9.000000e-01
bottom_before_v     =  9.967572e-08
top_after_v         =  9.000000e-01
bottom_after_v      =  8.929449e-01
bottom_late_v       =  1.200426e+00
top_late_v          =  9.000000e-01

Doing analysis at TEMP = 27.000000 and TNOM = 27.000000


Initial Transient Solution
--------------------------

Node                                   Voltage
----                                   -------
vdd                                        1.8
vss                                          0
top                                        0.9
bottom                                       0
low_gate                                   1.8
high_gate                                  1.8
high_gate_assist                             0
vhigh_assist#branch                9.92676e-05
vhigh#branch                       0.000559447
vlow#branch                        -0.00114933
vtop#branch                                  0
vss#branch                         0.000703157
vdd#branch                         -0.00150705


No. of Data Rows : 129

  Measurements for Transient Analysis

top_before_v        =  9.000000e-01
bottom_before_v     =  2.079231e-07
top_after_v         =  9.000000e-01
bottom_after_v      =  8.929449e-01
bottom_late_v       =  1.200426e+00
top_late_v          =  9.000000e-01


Total analysis time (seconds) = 0.017

Total elapsed time (seconds) = 59.943 

Total DRAM available = 7943.242 MB.
DRAM currently available =  289.594 MB.
Maximum ngspice program size =  682.117 MB.
Current ngspice program size =  665.074 MB.

Shared ngspice pages =    9.250 MB.
Text (code) pages =    5.316 MB.
Stack = 0 bytes.
Library pages =  664.168 MB.

