Warning: ipre: no DC value, transient time 0 value used
Warning: vdec4reset: no DC value, transient time 0 value used
Warning: vdec3reset: no DC value, transient time 0 value used
Warning: vdec2reset: no DC value, transient time 0 value used
Warning: vdec1reset: no DC value, transient time 0 value used
Warning: vdec4clk: no DC value, transient time 0 value used
Warning: vdec3clk: no DC value, transient time 0 value used
Warning: vdec2clk: no DC value, transient time 0 value used
Warning: vdec1clk: no DC value, transient time 0 value used
Warning: vclkb: no DC value, transient time 0 value used
Warning: vclk: no DC value, transient time 0 value used
Warning: vctrlb: no DC value, transient time 0 value used
Warning: vctrl: no DC value, transient time 0 value used
Warning: vdac_ctrlb: no DC value, transient time 0 value used
Warning: vdac_ctrl: no DC value, transient time 0 value used
Warning: vref: no DC value, transient time 0 value used
 Reference value :  0.00000e+00
 Reference value :  9.09604e-10
 Reference value :  4.00210e-09
 Reference value :  5.50465e-09
 Reference value :  7.49783e-09
 Reference value :  9.12236e-09
 Reference value :  1.06537e-08
 Reference value :  1.17008e-08
 Reference value :  1.27330e-08
 Reference value :  1.33037e-08
 Reference value :  1.39268e-08
 Reference value :  1.55868e-08
 Reference value :  1.65391e-08
 Reference value :  1.79370e-08
 Reference value :  2.03783e-08
 Reference value :  2.15201e-08
 Reference value :  2.39135e-08
 Reference value :  2.56370e-08
 Reference value :  2.58252e-08
 Reference value :  2.69840e-08
 Reference value :  2.77655e-08
 Reference value :  2.87131e-08
 Reference value :  2.90291e-08
 Reference value :  2.96868e-08
 Reference value :  3.17340e-08
 Reference value :  3.32572e-08
 Reference value :  3.42547e-08
 Reference value :  3.59547e-08
 Reference value :  3.70003e-08
 Reference value :  3.77678e-08
 Reference value :  3.99078e-08
 Reference value :  4.11053e-08
 Reference value :  4.23378e-08
 Reference value :  4.37001e-08
 Reference value :  4.47203e-08
 Reference value :  4.52073e-08
 Reference value :  4.72068e-08
 Reference value :  4.95458e-08
 Reference value :  5.10545e-08
 Reference value :  5.22329e-08
 Reference value :  5.35050e-08
 Reference value :  5.45933e-08
 Reference value :  5.70133e-08
 Reference value :  5.77028e-08
 Reference value :  5.94640e-08
 Reference value :  5.97961e-08
 Reference value :  6.07200e-08
 Reference value :  6.10492e-08
 Reference value :  6.18068e-08
 Reference value :  6.36868e-08
 Reference value :  6.57203e-08
 Reference value :  6.71389e-08
 Reference value :  7.03189e-08
 Reference value :  7.31227e-08
 Reference value :  7.53304e-08
 Reference value :  7.67228e-08
 Reference value :  7.85469e-08
 Reference value :  8.00743e-08
 Reference value :  8.09088e-08
 Reference value :  8.30506e-08
 Reference value :  8.51334e-08
 Reference value :  8.73344e-08
 Reference value :  8.94051e-08
 Reference value :  9.05783e-08
 Reference value :  9.17268e-08
 Reference value :  9.27282e-08
 Reference value :  9.53668e-08
 Reference value :  9.70596e-08
 Reference value :  9.87962e-08
 Reference value :  1.01003e-07
 Reference value :  1.03847e-07
 Reference value :  1.05737e-07
 Reference value :  1.07723e-07
 Reference value :  1.08910e-07
 Reference value :  1.11007e-07
 Reference value :  1.12502e-07
 Reference value :  1.13720e-07
 Reference value :  1.15114e-07
 Reference value :  1.17010e-07
 Reference value :  1.17631e-07
 Reference value :  1.19251e-07
 Reference value :  1.21120e-07
 Reference value :  1.22702e-07
 Reference value :  1.23706e-07
 Reference value :  1.24721e-07
 Reference value :  1.26147e-07
 Reference value :  1.28502e-07
 Reference value :  1.29763e-07
 Reference value :  1.32059e-07
 Reference value :  1.34249e-07
 Reference value :  1.37422e-07
 Reference value :  1.39694e-07
 Reference value :  1.40717e-07
 Reference value :  1.42627e-07
 Reference value :  1.45604e-07
 Reference value :  1.47479e-07
 Reference value :  1.50079e-07
 Reference value :  1.53019e-07
 Reference value :  1.53951e-07
 Reference value :  1.55716e-07
 Reference value :  1.57009e-07
 Reference value :  1.59327e-07
 Reference value :  1.60125e-07
 Reference value :  1.62037e-07
 Reference value :  1.64747e-07
 Reference value :  1.67708e-07
 Reference value :  1.69623e-07
 Reference value :  1.71524e-07
 Reference value :  1.72714e-07
 Reference value :  1.73807e-07
 Reference value :  1.76561e-07
 Reference value :  1.78495e-07
 Reference value :  1.80523e-07
 Reference value :  1.81738e-07
 Reference value :  1.84198e-07
 Reference value :  1.85115e-07
 Reference value :  1.85640e-07
 Reference value :  1.86042e-07
 Reference value :  1.87324e-07
 Reference value :  1.88184e-07
 Reference value :  1.88735e-07
 Reference value :  1.89414e-07
 Reference value :  1.91784e-07
 Reference value :  1.93224e-07
 Reference value :  1.94759e-07
 Reference value :  1.96010e-07
 Reference value :  1.96902e-07
 Reference value :  1.97505e-07
 Reference value :  1.99218e-07
 Reference value :  2.01122e-07
 Reference value :  2.02465e-07
 Reference value :  2.04101e-07
 Reference value :  2.04742e-07
 Reference value :  2.05413e-07
 Reference value :  2.07107e-07
 Reference value :  2.08284e-07
 Reference value :  2.09004e-07
 Reference value :  2.10204e-07
 Reference value :  2.12262e-07
 Reference value :  2.13519e-07
 Reference value :  2.16413e-07
 Reference value :  2.17629e-07
 Reference value :  2.18595e-07
 Reference value :  2.19810e-07
 Reference value :  2.20741e-07
 Reference value :  2.21210e-07
 Reference value :  2.22407e-07
 Reference value :  2.25444e-07
 Reference value :  2.26397e-07
 Reference value :  2.27857e-07
 Reference value :  2.29897e-07
 Reference value :  2.32637e-07
 Reference value :  2.34228e-07
 Reference value :  2.35728e-07
 Reference value :  2.36738e-07
 Reference value :  2.37935e-07
 Reference value :  2.39984e-07
 Reference value :  2.40117e-07
 Reference value :  2.41116e-07
 Reference value :  2.42357e-07
 Reference value :  2.44008e-07
 Reference value :  2.45031e-07
 Reference value :  2.45514e-07
 Reference value :  2.46741e-07
 Reference value :  2.48121e-07
 Reference value :  2.49633e-07
 Reference value :  2.51284e-07
 Reference value :  2.52617e-07
 Reference value :  2.53587e-07
 Reference value :  2.56304e-07
 Reference value :  2.57721e-07
 Reference value :  2.59678e-07
 Reference value :  2.61030e-07
 Reference value :  2.63088e-07
 Reference value :  2.65646e-07
 Reference value :  2.67700e-07
 Reference value :  2.68418e-07
 Reference value :  2.69421e-07
 Reference value :  2.72566e-07
 Reference value :  2.74315e-07
 Reference value :  2.76805e-07
 Reference value :  2.78411e-07
 Reference value :  2.81151e-07
 Reference value :  2.82505e-07
 Reference value :  2.83704e-07
 Reference value :  2.84720e-07
 Reference value :  2.85787e-07
 Reference value :  2.88204e-07
 Reference value :  2.89749e-07
 Reference value :  2.92057e-07
 Reference value :  2.93974e-07
 Reference value :  2.96994e-07
 Reference value :  2.98714e-07
 Reference value :  2.99795e-07
 Reference value :  3.01109e-07
 Reference value :  3.03941e-07
 Reference value :  3.06999e-07
 Reference value :  3.10099e-07
 Reference value :  3.13104e-07
 Reference value :  3.14722e-07
 Reference value :  3.16713e-07
 Reference value :  3.18946e-07
 Reference value :  3.20112e-07
 Reference value :  3.21741e-07
 Reference value :  3.24120e-07
 Reference value :  3.26673e-07
 Reference value :  3.29100e-07
 Reference value :  3.29970e-07
 Reference value :  3.32052e-07
 Reference value :  3.33279e-07
 Reference value :  3.35904e-07
 Reference value :  3.37723e-07
 Reference value :  3.39554e-07
 Reference value :  3.41045e-07
 Reference value :  3.41558e-07
 Reference value :  3.43617e-07
 Reference value :  3.45397e-07
 Reference value :  3.46186e-07
 Reference value :  3.47789e-07
 Reference value :  3.48720e-07
 Reference value :  3.49205e-07
 Reference value :  3.50727e-07
 Reference value :  3.52981e-07
 Reference value :  3.55716e-07
 Reference value :  3.57503e-07
 Reference value :  3.59739e-07
 Reference value :  3.61113e-07
 Reference value :  3.61628e-07
 Reference value :  3.62744e-07
 Reference value :  3.63712e-07
 Reference value :  3.64464e-07
 Reference value :  3.64740e-07
 Reference value :  3.65527e-07
 Reference value :  3.66647e-07
 Reference value :  3.68500e-07
 Reference value :  3.69741e-07
 Reference value :  3.71235e-07
 Reference value :  3.72569e-07
 Reference value :  3.73386e-07
 Reference value :  3.73659e-07
 Reference value :  3.75808e-07
 Reference value :  3.77321e-07
 Reference value :  3.78073e-07
 Reference value :  3.79707e-07
 Reference value :  3.80658e-07
 Reference value :  3.80778e-07
 Reference value :  3.82027e-07
 Reference value :  3.84624e-07
 Reference value :  3.87137e-07
 Reference value :  3.90157e-07
 Reference value :  3.91477e-07
 Reference value :  3.92557e-07
 Reference value :  3.93529e-07
 Reference value :  3.94504e-07
 Reference value :  3.95010e-07
 Reference value :  3.96073e-07
 Reference value :  3.96734e-07
 Reference value :  3.97548e-07
 Reference value :  3.99904e-07
Warning: ipre: no DC value, transient time 0 value used
Warning: vdec4reset: no DC value, transient time 0 value used
Warning: vdec3reset: no DC value, transient time 0 value used
Warning: vdec2reset: no DC value, transient time 0 value used
Warning: vdec1reset: no DC value, transient time 0 value used
Warning: vdec4clk: no DC value, transient time 0 value used
Warning: vdec3clk: no DC value, transient time 0 value used
Warning: vdec2clk: no DC value, transient time 0 value used
Warning: vdec1clk: no DC value, transient time 0 value used
Warning: vclkb: no DC value, transient time 0 value used
Warning: vclk: no DC value, transient time 0 value used
Warning: vctrlb: no DC value, transient time 0 value used
Warning: vctrl: no DC value, transient time 0 value used
Warning: vdac_ctrlb: no DC value, transient time 0 value used
Warning: vdac_ctrl: no DC value, transient time 0 value used
Warning: vref: no DC value, transient time 0 value used
 Reference value :  1.12976e-10
 Reference value :  1.08741e-09
 Reference value :  3.26741e-09
 Reference value :  4.12143e-09
 Reference value :  5.50478e-09
 Reference value :  8.18909e-09
 Reference value :  9.31367e-09
 Reference value :  9.70490e-09
 Reference value :  1.17003e-08
 Reference value :  1.27203e-08
 Reference value :  1.32126e-08
 Reference value :  1.39268e-08
 Reference value :  1.56668e-08
 Reference value :  1.65149e-08
 Reference value :  1.77347e-08
 Reference value :  1.99002e-08
 Reference value :  2.10118e-08
 Reference value :  2.19211e-08
 Reference value :  2.32811e-08
 Reference value :  2.50411e-08
 Reference value :  2.56353e-08
 Reference value :  2.57391e-08
 Reference value :  2.77000e-08
 Reference value :  2.87210e-08
 Reference value :  2.92144e-08
 Reference value :  3.13868e-08
 Reference value :  3.28803e-08
 Reference value :  3.43426e-08
 Reference value :  3.59933e-08
 Reference value :  3.72886e-08
 Reference value :  3.86728e-08
 Reference value :  4.02128e-08
 Reference value :  4.16200e-08
 Reference value :  4.25216e-08
 Reference value :  4.37377e-08
 Reference value :  4.48489e-08
 Reference value :  4.67068e-08
 Reference value :  4.85035e-08
 Reference value :  4.97641e-08
 Reference value :  5.19991e-08
 Reference value :  5.36809e-08
 Reference value :  5.66409e-08
 Reference value :  5.78353e-08
 Reference value :  5.96040e-08
 Reference value :  6.07009e-08
 Reference value :  6.11292e-08
 Reference value :  6.29068e-08
 Reference value :  6.57214e-08
 Reference value :  6.77589e-08
 Reference value :  7.01789e-08
 Reference value :  7.24389e-08
 Reference value :  7.47200e-08
 Reference value :  7.64738e-08
 Reference value :  7.74697e-08
 Reference value :  8.00001e-08
 Reference value :  8.10290e-08
 Reference value :  8.36756e-08
 Reference value :  8.52099e-08
 Reference value :  8.75045e-08
 Reference value :  8.97052e-08
 Reference value :  9.11840e-08
 Reference value :  9.27043e-08
 Reference value :  9.34200e-08
 Reference value :  9.62040e-08
 Reference value :  9.77462e-08
 Reference value :  1.00607e-07
 Reference value :  1.01887e-07
 Reference value :  1.04147e-07
 Reference value :  1.06187e-07
 Reference value :  1.08015e-07
 Reference value :  1.09213e-07
 Reference value :  1.12044e-07
 Reference value :  1.13735e-07
 Reference value :  1.16140e-07
 Reference value :  1.18394e-07
 Reference value :  1.21407e-07
 Reference value :  1.23224e-07
 Reference value :  1.24713e-07
 Reference value :  1.25410e-07
 Reference value :  1.28064e-07
 Reference value :  1.29469e-07
 Reference value :  1.30099e-07
 Reference value :  1.32010e-07
 Reference value :  1.33276e-07
 Reference value :  1.35048e-07
 Reference value :  1.37421e-07
 Reference value :  1.38944e-07
 Reference value :  1.39744e-07
 Reference value :  1.40716e-07
 Reference value :  1.41090e-07
 Reference value :  1.43864e-07
 Reference value :  1.45736e-07
 Reference value :  1.48299e-07
 Reference value :  1.51959e-07
 Reference value :  1.53640e-07
 Reference value :  1.55716e-07
 Reference value :  1.56740e-07
 Reference value :  1.59465e-07
 Reference value :  1.60524e-07
 Reference value :  1.63316e-07
 Reference value :  1.64623e-07
 Reference value :  1.66067e-07
 Reference value :  1.68687e-07
 Reference value :  1.70104e-07
 Reference value :  1.71996e-07
 Reference value :  1.73149e-07
 Reference value :  1.75547e-07
 Reference value :  1.77720e-07
 Reference value :  1.79739e-07
 Reference value :  1.81005e-07
 Reference value :  1.81526e-07
 Reference value :  1.83426e-07
 Reference value :  1.85113e-07
 Reference value :  1.87084e-07
 Reference value :  1.87707e-07
 Reference value :  1.88709e-07
 Reference value :  1.89547e-07
 Reference value :  1.92444e-07
 Reference value :  1.93722e-07
 Reference value :  1.96003e-07
 Reference value :  1.98251e-07
 Reference value :  2.01123e-07
 Reference value :  2.02904e-07
 Reference value :  2.04601e-07
 Reference value :  2.05487e-07
 Reference value :  2.08502e-07
 Reference value :  2.10219e-07
 Reference value :  2.12484e-07
 Reference value :  2.14001e-07
 Reference value :  2.16001e-07
 Reference value :  2.17620e-07
 Reference value :  2.18714e-07
 Reference value :  2.20228e-07
 Reference value :  2.21210e-07
 Reference value :  2.22967e-07
 Reference value :  2.24284e-07
 Reference value :  2.25733e-07
 Reference value :  2.26797e-07
 Reference value :  2.28817e-07
 Reference value :  2.31237e-07
 Reference value :  2.33627e-07
 Reference value :  2.35591e-07
 Reference value :  2.36723e-07
 Reference value :  2.37915e-07
 Reference value :  2.39307e-07
 Reference value :  2.40100e-07
 Reference value :  2.40504e-07
 Reference value :  2.41753e-07
