
Compatibility modes selected: hs a


Circuit: * signed small-signal extracted latch diagnostic, no structural mos substitution.

option SCALE: Scale is set to 1e-06 for instance and model parameters
option SCALE: Scale is set to 1e-06 for instance and model parameters
Doing analysis at TEMP = 27.000000 and TNOM = 27.000000

Warning: veval: no DC value, transient time 0 value used
Warning: vreset: no DC value, transient time 0 value used

Initial Transient Solution
--------------------------

Node                                   Voltage
----                                   -------
vdd                                        1.8
vdd_active                                 1.8
vss                                          0
sense_p                               0.899924
sense_n                               0.900076
iso_tail                              0.178804
latch_sense_p                          1.60023
latch_sense_n                          1.59975
reset                                        0
eval                                         0
out_p                                      1.8
out_n                                      1.8
tail                                   1.38965
veval#branch                                 0
vreset#branch                                0
vn#branch                                    0
vp#branch                                    0
vss#branch                         1.49705e-10
vactive#branch                    -4.00013e-06
vdd#branch                         -1.4798e-11


No. of Data Rows : 1050

  Measurements for Transient Analysis

op_final            =  1.307009e-01
on_final            =  1.307507e-01
lp_before           =  1.600235e+00
ln_before           =  1.599752e+00

binary raw file "waveform.raw"
Doing analysis at TEMP = 27.000000 and TNOM = 27.000000

Warning: veval: no DC value, transient time 0 value used
Warning: vreset: no DC value, transient time 0 value used

Initial Transient Solution
--------------------------

Node                                   Voltage
----                                   -------
vdd                                        1.8
vdd_active                                 1.8
vss                                          0
sense_p                               0.899924
sense_n                               0.900076
iso_tail                              0.156278
latch_sense_p                       -0.0721897
latch_sense_n                       -0.0721497
reset                                        0
eval                                         0
out_p                                 0.562994
out_n                                 0.562994
tail                                 0.0301182
veval#branch                      -0.000559632
vreset#branch                       0.00103657
vn#branch                         -0.000380446
vp#branch                         -0.000380392
vss#branch                          0.00383667
vactive#branch                     -0.00208751
vdd#branch                         -0.00146926


No. of Data Rows : 1050

  Measurements for Transient Analysis

op_final            =  1.306840e-01
on_final            =  1.307337e-01
lp_before           =  1.581309e+00
ln_before           =  1.580863e+00


Total analysis time (seconds) = 0.286

Total elapsed time (seconds) = 0.822 

Total DRAM available = 7943.230 MB.
DRAM currently available =  147.473 MB.
Maximum ngspice program size =   56.656 MB.
Current ngspice program size =   40.875 MB.

Shared ngspice pages =   10.500 MB.
Text (code) pages =    5.316 MB.
Stack = 0 bytes.
Library pages =   38.707 MB.

