
Compatibility modes selected: hs a


Circuit: * signed small-signal extracted latch diagnostic, no structural mos substitution.

option SCALE: Scale is set to 1e-06 for instance and model parameters
option SCALE: Scale is set to 1e-06 for instance and model parameters
Doing analysis at TEMP = 27.000000 and TNOM = 27.000000

Warning: veval: no DC value, transient time 0 value used
Warning: vreset: no DC value, transient time 0 value used

Initial Transient Solution
--------------------------

Node                                   Voltage
----                                   -------
vdd                                        1.8
vdd_active                                 1.8
vss                                          0
sense_p                               0.899923
sense_n                               0.900076
iso_tail                              0.269728
latch_sense_p                          1.77504
latch_sense_n                          1.77496
reset                                        0
eval                                         0
out_p                                      1.8
out_n                                      1.8
tail                                   1.40007
veval#branch                                 0
vreset#branch                                0
vn#branch                                    0
vp#branch                                    0
vss#branch                         6.29409e-11
vactive#branch                    -5.00048e-07
vdd#branch                        -1.48509e-11


No. of Data Rows : 1051

  Measurements for Transient Analysis

op_final            =  7.241908e-02
on_final            =  7.242152e-02
lp_before           =  1.775039e+00
ln_before           =  1.774956e+00

binary raw file "waveform.raw"
Doing analysis at TEMP = 27.000000 and TNOM = 27.000000

Warning: veval: no DC value, transient time 0 value used
Warning: vreset: no DC value, transient time 0 value used

Initial Transient Solution
--------------------------

Node                                   Voltage
----                                   -------
vdd                                        1.8
vdd_active                                 1.8
vss                                          0
sense_p                               0.899923
sense_n                               0.900076
iso_tail                              0.214946
latch_sense_p                        -0.103776
latch_sense_n                        -0.103741
reset                                        0
eval                                         0
out_p                                 0.360823
out_n                                 0.360824
tail                                 0.0288352
veval#branch                       -0.00199253
vreset#branch                       0.00381967
vn#branch                          -0.00142648
vp#branch                          -0.00142628
vss#branch                           0.0111835
vactive#branch                     -0.00473874
vdd#branch                         -0.00541961


No. of Data Rows : 1057

  Measurements for Transient Analysis

op_final            =  7.240906e-02
on_final            =  7.241151e-02
lp_before           =  1.745937e+00
ln_before           =  1.745874e+00


Total analysis time (seconds) = 0.146

Total elapsed time (seconds) = 0.475 

Total DRAM available = 7943.234 MB.
DRAM currently available =  210.746 MB.
Maximum ngspice program size =   56.660 MB.
Current ngspice program size =   40.750 MB.

Shared ngspice pages =   10.375 MB.
Text (code) pages =    5.316 MB.
Stack = 0 bytes.
Library pages =   38.711 MB.

