
No compatibility mode selected!


Circuit: * extracted active converter macro decision-boundary transient.

Option cshunt: 26 capacitors added with 1e-15 F each
Doing analysis at TEMP = 27.000000 and TNOM = 27.000000

Using transient initial conditions

No. of Data Rows : 1032

  Measurements for Transient Analysis

decision_p_v        =  1.796059e+00
decision_n_v        =  1.708201e-04
decision_diff_v     =  -1.79589e+00
supply_charge_c     =   -1.90506e-15 from=  2.00000e-13 to=  2.00000e-08
active_supply_charge_c=   -8.01038e-13 from=  2.00000e-13 to=  2.00000e-08

Doing analysis at TEMP = 27.000000 and TNOM = 27.000000

Using transient initial conditions

No. of Data Rows : 1032

  Measurements for Transient Analysis

decision_p_v        =  1.796059e+00
decision_n_v        =  1.708201e-04
decision_diff_v     =  -1.79589e+00
supply_charge_c     =   -1.90506e-15 from=  2.00000e-13 to=  2.00000e-08
active_supply_charge_c=   -8.01038e-13 from=  2.00000e-13 to=  2.00000e-08


Total analysis time (seconds) = 0.156

Total elapsed time (seconds) = 0.688 

Total DRAM available = 7943.234 MB.
DRAM currently available =   95.441 MB.
Maximum ngspice program size =  130.309 MB.
Current ngspice program size =  114.500 MB.

Shared ngspice pages =   10.375 MB.
Text (code) pages =    5.316 MB.
Stack = 0 bytes.
Library pages =  112.359 MB.

