Warning: vregen: no DC value, transient time 0 value used
Warning: vsample: no DC value, transient time 0 value used
Warning: veval: no DC value, transient time 0 value used
Warning: vreset: no DC value, transient time 0 value used
 Reference value :  2.00000e-13
 Reference value :  2.51807e-11
 Reference value :  1.08590e-09
 Reference value :  7.26590e-09
 Reference value :  7.58590e-09
 Reference value :  8.00000e-09
 Reference value :  8.13197e-09
 Reference value :  8.22511e-09
 Reference value :  1.38546e-08
Warning: vregen: no DC value, transient time 0 value used
Warning: vsample: no DC value, transient time 0 value used
Warning: veval: no DC value, transient time 0 value used
Warning: vreset: no DC value, transient time 0 value used
 Reference value :  1.86590e-09
 Reference value :  1.15546e-08
Original line no.: 63, new internal line no.: 870:
insertnumber: fails.
  s = ".measure tran decision_diff_v param=    1.271114326827228e+00   " u="  1.271114326827228e+00  " id=0
