
No compatibility mode selected!


Circuit: * extracted active converter macro decision-boundary transient.

Option cshunt: 26 capacitors added with 1e-15 F each
Doing analysis at TEMP = 27.000000 and TNOM = 27.000000

Using transient initial conditions

No. of Data Rows : 1062

  Measurements for Transient Analysis

decision_p_v        =  9.097904e-02
decision_n_v        =  1.362093e+00
decision_diff_v     =  1.27111e+00
supply_charge_c     =   -1.90534e-15 from=  2.00000e-13 to=  2.00000e-08
active_supply_charge_c=   -7.50742e-13 from=  2.00000e-13 to=  2.00000e-08
acquired_p          =  2.805398e-02
acquired_n          =  7.264005e-01

Doing analysis at TEMP = 27.000000 and TNOM = 27.000000

Using transient initial conditions

No. of Data Rows : 1062

  Measurements for Transient Analysis

decision_p_v        =  9.097904e-02
decision_n_v        =  1.362093e+00
decision_diff_v     =  1.27111e+00
supply_charge_c     =   -1.90534e-15 from=  2.00000e-13 to=  2.00000e-08
active_supply_charge_c=   -7.50742e-13 from=  2.00000e-13 to=  2.00000e-08
acquired_p          =  2.805398e-02
acquired_n          =  7.264005e-01


Total analysis time (seconds) = 3.236

Total elapsed time (seconds) = 5.391 

Total DRAM available = 7943.238 MB.
DRAM currently available =  115.426 MB.
Maximum ngspice program size =  128.066 MB.
Current ngspice program size =  112.125 MB.

Shared ngspice pages =   10.250 MB.
Text (code) pages =    5.316 MB.
Stack = 0 bytes.
Library pages =  110.117 MB.

