
Compatibility modes selected: hs a


Circuit: * signed small-signal extracted latch diagnostic, no structural mos substitution.

option SCALE: Scale is set to 1e-06 for instance and model parameters
option SCALE: Scale is set to 1e-06 for instance and model parameters
Doing analysis at TEMP = 27.000000 and TNOM = 27.000000

Warning: veval: no DC value, transient time 0 value used
Warning: vreset: no DC value, transient time 0 value used

Initial Transient Solution
--------------------------

Node                                   Voltage
----                                   -------
vdd                                        1.8
vdd_active                                 1.8
vss                                          0
sense_p                               0.899923
sense_n                               0.900076
iso_tail                                0.2422
latch_sense_p                          1.75007
latch_sense_n                          1.74992
reset                                        0
eval                                         0
out_p                                      1.8
out_n                                      1.8
tail                                   1.39494
veval#branch                                 0
vreset#branch                                0
vn#branch                                    0
vp#branch                                    0
vss#branch                         1.03197e-10
vactive#branch                    -1.00009e-06
vdd#branch                        -1.48249e-11


No. of Data Rows : 1051

  Measurements for Transient Analysis

op_final            =  7.302272e-02
on_final            =  7.302766e-02
lp_before           =  1.750073e+00
ln_before           =  1.749919e+00

binary raw file "waveform.raw"
Doing analysis at TEMP = 27.000000 and TNOM = 27.000000

Warning: veval: no DC value, transient time 0 value used
Warning: vreset: no DC value, transient time 0 value used

Initial Transient Solution
--------------------------

Node                                   Voltage
----                                   -------
vdd                                        1.8
vdd_active                                 1.8
vss                                          0
sense_p                               0.899923
sense_n                               0.900076
iso_tail                              0.186326
latch_sense_p                       -0.0967164
latch_sense_n                       -0.0966794
reset                                        0
eval                                         0
out_p                                 0.359077
out_n                                 0.359078
tail                                 0.0194127
veval#branch                       -0.00100457
vreset#branch                       0.00187132
vn#branch                          -0.00069838
vp#branch                         -0.000698283
vss#branch                          0.00563141
vactive#branch                      -0.0023798
vdd#branch                          -0.0027227


No. of Data Rows : 1057

  Measurements for Transient Analysis

op_final            =  7.300710e-02
on_final            =  7.301203e-02
lp_before           =  1.724887e+00
ln_before           =  1.724766e+00


Total analysis time (seconds) = 0.264

Total elapsed time (seconds) = 0.621 

Total DRAM available = 7943.234 MB.
DRAM currently available =  473.441 MB.
Maximum ngspice program size =   56.652 MB.
Current ngspice program size =   41.125 MB.

Shared ngspice pages =   10.625 MB.
Text (code) pages =    5.316 MB.
Stack = 0 bytes.
Library pages =   38.703 MB.

