
Compatibility modes selected: hs a


Circuit: * signed small-signal extracted latch diagnostic, no structural mos substitution.

option SCALE: Scale is set to 1e-06 for instance and model parameters
option SCALE: Scale is set to 1e-06 for instance and model parameters
Doing analysis at TEMP = 27.000000 and TNOM = 27.000000

Warning: veval: no DC value, transient time 0 value used
Warning: vreset: no DC value, transient time 0 value used
Warning: vn: no DC value, transient time 0 value used
Warning: vp: no DC value, transient time 0 value used

Initial Transient Solution
--------------------------

Node                                   Voltage
----                                   -------
vdd                                       1.75
vdd_active                                 1.8
vss                                          0
sense_p                                0.89975
sense_n                                0.90025
iso_tail                              0.176131
latch_sense_p                           1.1026
latch_sense_n                           1.0974
reset                                        0
eval                                         0
out_p                                     1.75
out_n                                     1.75
tail                                   1.33263
veval#branch                                 0
vreset#branch                                0
vn#branch                                    0
vp#branch                                    0
vss#branch                         1.69974e-11
vactive#branch                          -4e-06
vdd#branch                        -1.41497e-11


No. of Data Rows : 10238

  Measurements for Transient Analysis

op_final            =  1.674956e-02
on_final            =  9.477186e-01
lp_before           =  1.102604e+00
ln_before           =  1.097396e+00

binary raw file "waveform.raw"
Doing analysis at TEMP = 27.000000 and TNOM = 27.000000

Warning: veval: no DC value, transient time 0 value used
Warning: vreset: no DC value, transient time 0 value used
Warning: vn: no DC value, transient time 0 value used
Warning: vp: no DC value, transient time 0 value used

Initial Transient Solution
--------------------------

Node                                   Voltage
----                                   -------
vdd                                       1.75
vdd_active                                 1.8
vss                                          0
sense_p                                0.89975
sense_n                                0.90025
iso_tail                              0.170454
latch_sense_p                        0.0145613
latch_sense_n                        0.0147113
reset                                        0
eval                                         0
out_p                                 0.646154
out_n                                 0.646156
tail                                 0.0310395
veval#branch                      -0.000702923
vreset#branch                       0.00126201
vn#branch                         -0.000444168
vp#branch                         -0.000443945
vss#branch                          0.00335694
vactive#branch                      -0.0013142
vdd#branch                         -0.00171772


No. of Data Rows : 10238

  Measurements for Transient Analysis

op_final            =  1.423370e-02
on_final            =  1.274710e+00
lp_before           =  8.717664e-01
ln_before           =  8.676616e-01


Total analysis time (seconds) = 13.232

Total elapsed time (seconds) = 13.818 

Total DRAM available = 7943.238 MB.
DRAM currently available =  101.949 MB.
Maximum ngspice program size =   61.191 MB.
Current ngspice program size =   45.594 MB.

Shared ngspice pages =   10.625 MB.
Text (code) pages =    5.316 MB.
Stack = 0 bytes.
Library pages =   43.242 MB.

