
Compatibility modes selected: hs a


Circuit: * signed small-signal extracted latch diagnostic, no structural mos substitution.

option SCALE: Scale is set to 1e-06 for instance and model parameters
option SCALE: Scale is set to 1e-06 for instance and model parameters
Doing analysis at TEMP = 27.000000 and TNOM = 27.000000

Warning: veval: no DC value, transient time 0 value used
Warning: vreset: no DC value, transient time 0 value used

Initial Transient Solution
--------------------------

Node                                   Voltage
----                                   -------
vdd                                        1.8
vdd_active                                 1.8
vss                                          0
sense_p                               0.900076
sense_n                               0.899923
iso_tail                             0.0870398
latch_sense_p                         0.999426
latch_sense_n                          1.00057
reset                                        0
eval                                         0
out_p                                      1.8
out_n                                      1.8
tail                                    1.3896
veval#branch                                 0
vreset#branch                                0
vn#branch                                    0
vp#branch                                    0
vss#branch                         1.71069e-11
vactive#branch                        -1.6e-05
vdd#branch                        -1.47978e-11


No. of Data Rows : 1051

  Measurements for Transient Analysis

op_final            =  1.505558e-01
on_final            =  1.471108e-01
lp_before           =  9.994260e-01
ln_before           =  1.000574e+00

binary raw file "waveform.raw"
Doing analysis at TEMP = 27.000000 and TNOM = 27.000000

Warning: veval: no DC value, transient time 0 value used
Warning: vreset: no DC value, transient time 0 value used

Initial Transient Solution
--------------------------

Node                                   Voltage
----                                   -------
vdd                                        1.8
vdd_active                                 1.8
vss                                          0
sense_p                               0.900076
sense_n                               0.899923
iso_tail                              0.153213
latch_sense_p                       -0.0861837
latch_sense_n                       -0.0862228
reset                                        0
eval                                         0
out_p                                 0.364017
out_n                                 0.364017
tail                                 0.0164627
veval#branch                      -0.000654259
vreset#branch                       0.00120672
vn#branch                         -0.000449744
vp#branch                         -0.000449808
vss#branch                          0.00368026
vactive#branch                     -0.00155843
vdd#branch                         -0.00179074


No. of Data Rows : 1056

  Measurements for Transient Analysis

op_final            =  1.505565e-01
on_final            =  1.469782e-01
lp_before           =  9.882617e-01
ln_before           =  9.894327e-01


Total analysis time (seconds) = 0.109

Total elapsed time (seconds) = 0.406 

Total DRAM available = 7943.234 MB.
DRAM currently available =  434.609 MB.
Maximum ngspice program size =   56.656 MB.
Current ngspice program size =   40.875 MB.

Shared ngspice pages =   10.500 MB.
Text (code) pages =    5.316 MB.
Stack = 0 bytes.
Library pages =   38.707 MB.

