
Compatibility modes selected: hs a


Circuit: * signed small-signal extracted latch diagnostic, no structural mos substitution.

option SCALE: Scale is set to 1e-06 for instance and model parameters
option SCALE: Scale is set to 1e-06 for instance and model parameters
Doing analysis at TEMP = 27.000000 and TNOM = 27.000000

Warning: veval: no DC value, transient time 0 value used
Warning: vreset: no DC value, transient time 0 value used

Initial Transient Solution
--------------------------

Node                                   Voltage
----                                   -------
vdd                                        1.8
vdd_active                                 1.8
vss                                          0
sense_p                               0.899923
sense_n                               0.900076
iso_tail                              0.212382
latch_sense_p                          1.70013
latch_sense_n                          1.69985
reset                                        0
eval                                         0
out_p                                      1.8
out_n                                      1.8
tail                                   1.39083
veval#branch                                 0
vreset#branch                                0
vn#branch                                    0
vp#branch                                    0
vss#branch                         1.50364e-10
vactive#branch                    -2.00014e-06
vdd#branch                         -1.4804e-11


No. of Data Rows : 1051

  Measurements for Transient Analysis

op_final            =  7.434280e-02
on_final            =  7.435305e-02
lp_before           =  1.700133e+00
ln_before           =  1.699854e+00

binary raw file "waveform.raw"
Doing analysis at TEMP = 27.000000 and TNOM = 27.000000

Warning: veval: no DC value, transient time 0 value used
Warning: vreset: no DC value, transient time 0 value used

Initial Transient Solution
--------------------------

Node                                   Voltage
----                                   -------
vdd                                        1.8
vdd_active                                 1.8
vss                                          0
sense_p                               0.899923
sense_n                               0.900076
iso_tail                              0.180053
latch_sense_p                       -0.0942176
latch_sense_n                         -0.09418
reset                                        0
eval                                         0
out_p                                 0.359985
out_n                                 0.359985
tail                                 0.0183992
veval#branch                      -0.000890074
vreset#branch                       0.00165263
vn#branch                         -0.000616248
vp#branch                         -0.000616162
vss#branch                           0.0049951
vactive#branch                     -0.00211053
vdd#branch                         -0.00241671


No. of Data Rows : 1056

  Measurements for Transient Analysis

op_final            =  7.432828e-02
on_final            =  7.433851e-02
lp_before           =  1.678468e+00
ln_before           =  1.678232e+00


Total analysis time (seconds) = 0.126

Total elapsed time (seconds) = 0.515 

Total DRAM available = 7943.234 MB.
DRAM currently available =  481.953 MB.
Maximum ngspice program size =   56.660 MB.
Current ngspice program size =   40.750 MB.

Shared ngspice pages =   10.500 MB.
Text (code) pages =    5.316 MB.
Stack = 0 bytes.
Library pages =   38.711 MB.

