
Compatibility modes selected: hs a


Circuit: * signed small-signal extracted latch diagnostic, no structural mos substitution.

option SCALE: Scale is set to 1e-06 for instance and model parameters
option SCALE: Scale is set to 1e-06 for instance and model parameters
Doing analysis at TEMP = 27.000000 and TNOM = 27.000000

Warning: veval: no DC value, transient time 0 value used
Warning: vreset: no DC value, transient time 0 value used

Initial Transient Solution
--------------------------

Node                                   Voltage
----                                   -------
vdd                                        1.8
vdd_active                                 1.8
vss                                          0
sense_p                               0.900076
sense_n                               0.899923
iso_tail                              0.269728
latch_sense_p                          1.77496
latch_sense_n                          1.77504
reset                                        0
eval                                         0
out_p                                      1.8
out_n                                      1.8
tail                                   1.40007
veval#branch                                 0
vreset#branch                                0
vn#branch                                    0
vp#branch                                    0
vss#branch                         6.29409e-11
vactive#branch                    -5.00048e-07
vdd#branch                        -1.48509e-11


No. of Data Rows : 1051

  Measurements for Transient Analysis

op_final            =  7.242161e-02
on_final            =  7.241899e-02
lp_before           =  1.774956e+00
ln_before           =  1.775039e+00

binary raw file "waveform.raw"
Doing analysis at TEMP = 27.000000 and TNOM = 27.000000

Warning: veval: no DC value, transient time 0 value used
Warning: vreset: no DC value, transient time 0 value used

Initial Transient Solution
--------------------------

Node                                   Voltage
----                                   -------
vdd                                        1.8
vdd_active                                 1.8
vss                                          0
sense_p                               0.900076
sense_n                               0.899923
iso_tail                               0.21494
latch_sense_p                        -0.103741
latch_sense_n                        -0.103775
reset                                        0
eval                                         0
out_p                                 0.360822
out_n                                 0.360821
tail                                 0.0288322
veval#branch                       -0.00199222
vreset#branch                       0.00381905
vn#branch                          -0.00142605
vp#branch                          -0.00142624
vss#branch                           0.0111817
vactive#branch                       -0.004738
vdd#branch                         -0.00541876


No. of Data Rows : 1057

  Measurements for Transient Analysis

op_final            =  7.241163e-02
on_final            =  7.240894e-02
lp_before           =  1.745836e+00
ln_before           =  1.745974e+00


Total analysis time (seconds) = 0.123

Total elapsed time (seconds) = 0.456 

Total DRAM available = 7943.234 MB.
DRAM currently available =  210.305 MB.
Maximum ngspice program size =   56.656 MB.
Current ngspice program size =   40.750 MB.

Shared ngspice pages =   10.375 MB.
Text (code) pages =    5.316 MB.
Stack = 0 bytes.
Library pages =   38.707 MB.

