
Compatibility modes selected: hs a


Circuit: * signed small-signal extracted latch diagnostic, no structural mos substitution.

option SCALE: Scale is set to 1e-06 for instance and model parameters
option SCALE: Scale is set to 1e-06 for instance and model parameters
Doing analysis at TEMP = 27.000000 and TNOM = 27.000000

Warning: veval: no DC value, transient time 0 value used
Warning: vreset: no DC value, transient time 0 value used
Warning: vn: no DC value, transient time 0 value used
Warning: vp: no DC value, transient time 0 value used

Initial Transient Solution
--------------------------

Node                                   Voltage
----                                   -------
vdd                                       1.75
vdd_active                                 1.8
vss                                          0
sense_p                                0.89975
sense_n                                0.90025
iso_tail                              0.135776
latch_sense_p                           1.1025
latch_sense_n                           1.0975
reset                                        0
eval                                         0
out_p                                     1.75
out_n                                     1.75
tail                                   1.29004
veval#branch                                 0
vreset#branch                                0
vn#branch                                    0
vp#branch                                    0
vss#branch                         1.66481e-11
vactive#branch                          -4e-06
vdd#branch                        -1.37269e-11


No. of Data Rows : 10238

  Measurements for Transient Analysis

op_final            =  1.338311e-02
on_final            =  1.650940e+00
lp_before           =  1.102499e+00
ln_before           =  1.097500e+00

binary raw file "waveform.raw"
Doing analysis at TEMP = 27.000000 and TNOM = 27.000000

Warning: veval: no DC value, transient time 0 value used
Warning: vreset: no DC value, transient time 0 value used
Warning: vn: no DC value, transient time 0 value used
Warning: vp: no DC value, transient time 0 value used

Initial Transient Solution
--------------------------

Node                                   Voltage
----                                   -------
vdd                                       1.75
vdd_active                                 1.8
vss                                          0
sense_p                                0.89975
sense_n                                0.90025
iso_tail                              0.142048
latch_sense_p                       0.00232826
latch_sense_n                       0.00245516
reset                                        0
eval                                         0
out_p                                 0.777139
out_n                                 0.777141
tail                                  0.035729
veval#branch                      -0.000908418
vreset#branch                       0.00167953
vn#branch                         -0.000538453
vp#branch                         -0.000538174
vss#branch                          0.00490548
vactive#branch                     -0.00255031
vdd#branch                         -0.00205366


No. of Data Rows : 10242

  Measurements for Transient Analysis

op_final            =  1.147483e-02
on_final            =  1.674365e+00
lp_before           =  8.493994e-01
ln_before           =  8.455228e-01


Total analysis time (seconds) = 2.053

Total elapsed time (seconds) = 2.579 

Total DRAM available = 7943.238 MB.
DRAM currently available =  592.098 MB.
Maximum ngspice program size =   61.465 MB.
Current ngspice program size =   45.672 MB.

Shared ngspice pages =   10.500 MB.
Text (code) pages =    5.316 MB.
Stack = 0 bytes.
Library pages =   43.516 MB.

