
Compatibility modes selected: hs a


Circuit: * signed small-signal extracted latch diagnostic, no structural mos substitution.

option SCALE: Scale is set to 1e-06 for instance and model parameters
option SCALE: Scale is set to 1e-06 for instance and model parameters
Doing analysis at TEMP = 27.000000 and TNOM = 27.000000

Warning: veval: no DC value, transient time 0 value used
Warning: vreset: no DC value, transient time 0 value used

Initial Transient Solution
--------------------------

Node                                   Voltage
----                                   -------
vdd                                        1.8
vdd_active                                 1.8
vss                                          0
sense_p                                 0.8975
sense_n                                 0.9025
iso_tail                              0.178834
latch_sense_p                          1.60788
latch_sense_n                           1.5921
reset                                        0
eval                                         0
out_p                                      1.8
out_n                                      1.8
tail                                    1.3753
veval#branch                                 0
vreset#branch                                0
vn#branch                                    0
vp#branch                                    0
vss#branch                         1.49492e-10
vactive#branch                    -4.00013e-06
vdd#branch                         -1.4672e-11


No. of Data Rows : 1050

  Measurements for Transient Analysis

op_final            =  1.179552e-01
on_final            =  1.198803e-01
lp_before           =  1.607885e+00
ln_before           =  1.592102e+00

binary raw file "waveform.raw"
Doing analysis at TEMP = 27.000000 and TNOM = 27.000000

Warning: veval: no DC value, transient time 0 value used
Warning: vreset: no DC value, transient time 0 value used

Initial Transient Solution
--------------------------

Node                                   Voltage
----                                   -------
vdd                                        1.8
vdd_active                                 1.8
vss                                          0
sense_p                                 0.8975
sense_n                                 0.9025
iso_tail                              0.186955
latch_sense_p                        0.0140464
latch_sense_n                        0.0154688
reset                                        0
eval                                         0
out_p                                 0.639655
out_n                                 0.639675
tail                                 0.0373251
veval#branch                       -0.00144085
vreset#branch                       0.00274144
vn#branch                         -0.000926699
vp#branch                          -0.00092208
vss#branch                          0.00692574
vactive#branch                     -0.00275595
vdd#branch                          -0.0036256


No. of Data Rows : 1055

  Measurements for Transient Analysis

op_final            =  1.179503e-01
on_final            =  1.198754e-01
lp_before           =  1.605627e+00
ln_before           =  1.589796e+00


Total analysis time (seconds) = 0.165

Total elapsed time (seconds) = 0.686 

Total DRAM available = 7943.230 MB.
DRAM currently available =  273.094 MB.
Maximum ngspice program size =   56.660 MB.
Current ngspice program size =   40.875 MB.

Shared ngspice pages =   10.375 MB.
Text (code) pages =    5.316 MB.
Stack = 0 bytes.
Library pages =   38.711 MB.

