
Compatibility modes selected: hs a


Circuit: * signed small-signal extracted latch diagnostic, no structural mos substitution.

option SCALE: Scale is set to 1e-06 for instance and model parameters
option SCALE: Scale is set to 1e-06 for instance and model parameters
Doing analysis at TEMP = 27.000000 and TNOM = 27.000000

Warning: veval: no DC value, transient time 0 value used
Warning: vreset: no DC value, transient time 0 value used

Initial Transient Solution
--------------------------

Node                                   Voltage
----                                   -------
vdd                                       1.75
vdd_active                                 1.8
vss                                          0
sense_p                               0.900125
sense_n                               0.899875
iso_tail                              0.176131
latch_sense_p                           1.0987
latch_sense_n                           1.1013
reset                                        0
eval                                         0
out_p                                     1.75
out_n                                     1.75
tail                                   1.33263
veval#branch                                 0
vreset#branch                                0
vn#branch                                    0
vp#branch                                    0
vss#branch                         1.69973e-11
vactive#branch                          -4e-06
vdd#branch                        -1.41497e-11


No. of Data Rows : 1052

  Measurements for Transient Analysis

op_final            =  5.286585e-01
on_final            =  6.540610e-02
lp_before           =  1.098698e+00
ln_before           =  1.101302e+00

binary raw file "waveform.raw"
Doing analysis at TEMP = 27.000000 and TNOM = 27.000000

Warning: veval: no DC value, transient time 0 value used
Warning: vreset: no DC value, transient time 0 value used

Initial Transient Solution
--------------------------

Node                                   Voltage
----                                   -------
vdd                                       1.75
vdd_active                                 1.8
vss                                          0
sense_p                               0.900125
sense_n                               0.899875
iso_tail                              0.182993
latch_sense_p                       0.00978339
latch_sense_n                       0.00971126
reset                                        0
eval                                         0
out_p                                 0.637706
out_n                                 0.637705
tail                                 0.0346894
veval#branch                       -0.00117959
vreset#branch                       0.00214694
vn#branch                         -0.000755137
vp#branch                         -0.000755325
vss#branch                           0.0056324
vactive#branch                     -0.00223042
vdd#branch                         -0.00286286


No. of Data Rows : 1052

  Measurements for Transient Analysis

op_final            =  1.201632e+00
on_final            =  1.513576e-02
lp_before           =  8.703885e-01
ln_before           =  8.724614e-01


Total analysis time (seconds) = 0.177

Total elapsed time (seconds) = 0.558 

Total DRAM available = 7943.238 MB.
DRAM currently available =  959.500 MB.
Maximum ngspice program size =   56.656 MB.
Current ngspice program size =   40.750 MB.

Shared ngspice pages =   10.375 MB.
Text (code) pages =    5.316 MB.
Stack = 0 bytes.
Library pages =   38.707 MB.

