
Compatibility modes selected: hs a


Circuit: * signed small-signal extracted latch diagnostic, no structural mos substitution.

option SCALE: Scale is set to 1e-06 for instance and model parameters
option SCALE: Scale is set to 1e-06 for instance and model parameters
Doing analysis at TEMP = 27.000000 and TNOM = 27.000000

Warning: veval: no DC value, transient time 0 value used
Warning: vreset: no DC value, transient time 0 value used
Warning: vn: no DC value, transient time 0 value used
Warning: vp: no DC value, transient time 0 value used

Initial Transient Solution
--------------------------

Node                                   Voltage
----                                   -------
vdd                                       1.75
vdd_active                                 1.8
vss                                          0
sense_p                                0.89975
sense_n                                0.90025
iso_tail                              0.146082
latch_sense_p                          1.10251
latch_sense_n                          1.09749
reset                                        0
eval                                         0
rx_p                               6.77345e-09
out_p                                     1.75
out_n                                     1.75
rx_n                               6.77345e-09
tail                                   1.30346
veval#branch                                 0
vreset#branch                                0
vn#branch                                    0
vp#branch                                    0
vss#branch                         2.15225e-11
vactive#branch                    -4.00001e-06
vdd#branch                        -1.38565e-11


No. of Data Rows : 10239

  Measurements for Transient Analysis

op_final            =  1.405692e-02
on_final            =  1.574990e+00
lp_before           =  1.102505e+00
ln_before           =  1.097494e+00

binary raw file "waveform.raw"
Doing analysis at TEMP = 27.000000 and TNOM = 27.000000

Warning: veval: no DC value, transient time 0 value used
Warning: vreset: no DC value, transient time 0 value used
Warning: vn: no DC value, transient time 0 value used
Warning: vp: no DC value, transient time 0 value used

Initial Transient Solution
--------------------------

Node                                   Voltage
----                                   -------
vdd                                       1.75
vdd_active                                 1.8
vss                                          0
sense_p                                0.89975
sense_n                                0.90025
iso_tail                                0.1519
latch_sense_p                       0.00913813
latch_sense_n                       0.00927024
reset                                        0
eval                                         0
rx_p                                  0.822779
out_p                                 0.851906
out_n                                 0.851907
rx_n                                  0.822779
tail                                 0.0451502
veval#branch                      -0.000894044
vreset#branch                       0.00154119
vn#branch                         -0.000542829
vp#branch                         -0.000542549
vss#branch                          0.00519811
vactive#branch                     -0.00276782
vdd#branch                         -0.00199605


No. of Data Rows : 10244

  Measurements for Transient Analysis

op_final            =  1.225419e-02
on_final            =  1.610097e+00
lp_before           =  8.579891e-01
ln_before           =  8.540873e-01


Total analysis time (seconds) = 2.545

Total elapsed time (seconds) = 2.899 

Total DRAM available = 7943.238 MB.
DRAM currently available =  798.750 MB.
Maximum ngspice program size =   62.574 MB.
Current ngspice program size =   46.816 MB.

Shared ngspice pages =   10.500 MB.
Text (code) pages =    5.316 MB.
Stack = 0 bytes.
Library pages =   44.625 MB.

