
No compatibility mode selected!


Circuit: * candidate 8-bit reference dac: ideal resistors, sky130 transmission gates.

Doing analysis at TEMP = 27.000000 and TNOM = 27.000000


No. of Data Rows : 1
REF_CODE_0
v(n0) = 9.204566125240098e-10
i(vref) = -2.07316463324071e-11
i(vdd) = -5.49722073417414e-11
Doing analysis at TEMP = 27.000000 and TNOM = 27.000000


No. of Data Rows : 1
REF_CODE_1
v(n0) = 4.254612378236030e-03
i(vref) = -3.98561648671972e-06
i(vdd) = -5.25782056781665e-11
Doing analysis at TEMP = 27.000000 and TNOM = 27.000000


No. of Data Rows : 1
REF_CODE_2
v(n0) = 8.507548817581340e-03
i(vref) = -3.98535333400167e-06
i(vdd) = -5.25770468828846e-11
Doing analysis at TEMP = 27.000000 and TNOM = 27.000000


No. of Data Rows : 1
REF_CODE_3
v(n0) = 1.277186460040847e-02
i(vref) = -5.98328363019571e-06
i(vdd) = -5.01812688624703e-11
Doing analysis at TEMP = 27.000000 and TNOM = 27.000000


No. of Data Rows : 1
REF_CODE_4
v(n0) = 1.701091268455759e-02
i(vref) = -3.98479046601698e-06
i(vdd) = -5.25760129876929e-11
Doing analysis at TEMP = 27.000000 and TNOM = 27.000000


No. of Data Rows : 1
REF_CODE_5
v(n0) = 2.127361885434327e-02
i(vref) = -6.97640652967506e-06
i(vdd) = -5.01817892795131e-11
Doing analysis at TEMP = 27.000000 and TNOM = 27.000000


No. of Data Rows : 1
REF_CODE_6
v(n0) = 2.553787129600693e-02
i(vref) = -5.98179439620101e-06
i(vdd) = -5.01792773999199e-11
Doing analysis at TEMP = 27.000000 and TNOM = 27.000000


No. of Data Rows : 1
REF_CODE_7
v(n0) = 2.981024825749878e-02
i(vref) = -6.98270592074286e-06
i(vdd) = -4.77832148848556e-11
Doing analysis at TEMP = 27.000000 and TNOM = 27.000000


No. of Data Rows : 1
REF_CODE_8
v(n0) = 3.401307994218689e-02
i(vref) = -3.98266253416791e-06
i(vdd) = -5.25762350322978e-11
Doing analysis at TEMP = 27.000000 and TNOM = 27.000000


No. of Data Rows : 1
REF_CODE_9
v(n0) = 3.827498679441194e-02
i(vref) = -7.47070169800318e-06
i(vdd) = -5.01813868236667e-11
Doing analysis at TEMP = 27.000000 and TNOM = 27.000000


No. of Data Rows : 1
REF_CODE_10
v(n0) = 4.253683158488948e-02
i(vref) = -6.97288700604249e-06
i(vdd) = -5.01801378227640e-11
Doing analysis at TEMP = 27.000000 and TNOM = 27.000000


No. of Data Rows : 1
REF_CODE_11
v(n0) = 4.680843238771898e-02
i(vref) = -8.47192818500772e-06
i(vdd) = -4.77844291912888e-11
Doing analysis at TEMP = 27.000000 and TNOM = 27.000000


No. of Data Rows : 1
REF_CODE_12
v(n0) = 5.106284515840505e-02
i(vref) = -5.97694319553434e-06
i(vdd) = -5.01789096385430e-11
Doing analysis at TEMP = 27.000000 and TNOM = 27.000000


No. of Data Rows : 1
REF_CODE_13
v(n0) = 5.533281232717267e-02
i(vref) = -8.46966960599922e-06
i(vdd) = -4.77840475521241e-11
Doing analysis at TEMP = 27.000000 and TNOM = 27.000000


No. of Data Rows : 1
REF_CODE_14
v(n0) = 5.960594033697911e-02
i(vref) = -6.97579496276309e-06
i(vdd) = -4.77809597443368e-11
Doing analysis at TEMP = 27.000000 and TNOM = 27.000000


No. of Data Rows : 1
REF_CODE_15
v(n0) = 6.388556801795317e-02
i(vref) = -7.47649104434469e-06
i(vdd) = -4.53834123059771e-11
Doing analysis at TEMP = 27.000000 and TNOM = 27.000000


No. of Data Rows : 1
REF_CODE_16
v(n0) = 6.800879574589402e-02
i(vref) = -3.97418581978219e-06
i(vdd) = -5.25756244096343e-11
Doing analysis at TEMP = 27.000000 and TNOM = 27.000000


No. of Data Rows : 1
REF_CODE_17
v(n0) = 7.227032755099021e-02
i(vref) = -7.70989958240689e-06
i(vdd) = -5.01816435627411e-11
Doing analysis at TEMP = 27.000000 and TNOM = 27.000000


No. of Data Rows : 1
REF_CODE_18
v(n0) = 7.653099354436335e-02
i(vref) = -7.45980465075435e-06
i(vdd) = -5.01801170060823e-11
Doing analysis at TEMP = 27.000000 and TNOM = 27.000000


No. of Data Rows : 1
REF_CODE_19
v(n0) = 8.080223161978094e-02
i(vref) = -9.20723117403869e-06
i(vdd) = -4.77849981805889e-11
Doing analysis at TEMP = 27.000000 and TNOM = 27.000000


No. of Data Rows : 1
REF_CODE_20
v(n0) = 8.505224456541467e-02
i(vref) = -6.95958131948396e-06
i(vdd) = -5.01786459605746e-11
Doing analysis at TEMP = 27.000000 and TNOM = 27.000000


No. of Data Rows : 1
REF_CODE_21
v(n0) = 8.932185913500758e-02
i(vref) = -9.70074063224658e-06
i(vdd) = -4.77839365298216e-11
Doing analysis at TEMP = 27.000000 and TNOM = 27.000000


No. of Data Rows : 1
REF_CODE_22
v(n0) = 9.359383214516545e-02
i(vref) = -8.45553202095477e-06
i(vdd) = -4.77823822175871e-11
Doing analysis at TEMP = 27.000000 and TNOM = 27.000000


No. of Data Rows : 1
REF_CODE_23
v(n0) = 9.787311945563758e-02
i(vref) = -9.20536839626031e-06
i(vdd) = -4.53846266124103e-11
Doing analysis at TEMP = 27.000000 and TNOM = 27.000000


No. of Data Rows : 1
REF_CODE_24
v(n0) = 1.020998912345399e-01
i(vref) = -5.95782417501761e-06
i(vdd) = -5.01781324824258e-11
Doing analysis at TEMP = 27.000000 and TNOM = 27.000000


No. of Data Rows : 1
REF_CODE_25
v(n0) = 1.063686821813453e-01
i(vref) = -9.19535818443961e-06
i(vdd) = -4.77837214241106e-11
Doing analysis at TEMP = 27.000000 and TNOM = 27.000000


No. of Data Rows : 1
REF_CODE_26
v(n0) = 1.106382234945230e-01
i(vref) = -8.44699339952426e-06
i(vdd) = -4.77817091448784e-11
Doing analysis at TEMP = 27.000000 and TNOM = 27.000000


No. of Data Rows : 1
REF_CODE_27
v(n0) = 1.149167103288467e-01
i(vref) = -9.69490876786844e-06
i(vdd) = -4.53853760129519e-11
Doing analysis at TEMP = 27.000000 and TNOM = 27.000000


No. of Data Rows : 1
REF_CODE_28
v(n0) = 1.191820581928571e-01
i(vref) = -6.94966787362727e-06
i(vdd) = -4.77797454379036e-11
Doing analysis at TEMP = 27.000000 and TNOM = 27.000000


No. of Data Rows : 1
REF_CODE_29
v(n0) = 1.234588976348610e-01
i(vref) = -9.19131776210957e-06
i(vdd) = -4.53839119063382e-11
Doing analysis at TEMP = 27.000000 and TNOM = 27.000000


No. of Data Rows : 1
REF_CODE_30
v(n0) = 1.277397132472755e-01
i(vref) = -7.44613171596849e-06
i(vdd) = -4.53814416601084e-11
Doing analysis at TEMP = 27.000000 and TNOM = 27.000000


No. of Data Rows : 1
REF_CODE_31
v(n0) = 1.320262151422480e-01
i(vref) = -7.69513398734428e-06
i(vdd) = -4.29841232052475e-11
Doing analysis at TEMP = 27.000000 and TNOM = 27.000000


No. of Data Rows : 1
REF_CODE_32
v(n0) = 1.359854158789895e-01
i(vref) = -3.94030332957011e-06
i(vdd) = -5.25761864600405e-11
Doing analysis at TEMP = 27.000000 and TNOM = 27.000000


No. of Data Rows : 1
REF_CODE_33
v(n0) = 1.402468578538173e-01
i(vref) = -7.79880759324472e-06
i(vdd) = -5.01815672349082e-11
Doing analysis at TEMP = 27.000000 and TNOM = 27.000000


No. of Data Rows : 1
REF_CODE_34
v(n0) = 1.445070351687655e-01
i(vref) = -7.67149052193729e-06
i(vdd) = -5.01807345676397e-11
Doing analysis at TEMP = 27.000000 and TNOM = 27.000000


No. of Data Rows : 1
REF_CODE_35
v(n0) = 1.487781898928110e-01
i(vref) = -9.54202506662084e-06
i(vdd) = -4.77849843028011e-11
Doing analysis at TEMP = 27.000000 and TNOM = 27.000000


No. of Data Rows : 1
REF_CODE_36
v(n0) = 1.530261144025144e-01
i(vref) = -7.41685742719330e-06
i(vdd) = -5.01797214891297e-11
Doing analysis at TEMP = 27.000000 and TNOM = 27.000000


No. of Data Rows : 1
REF_CODE_37
v(n0) = 1.572956509957222e-01
i(vref) = -1.02811136183864e-05
i(vdd) = -4.77849496083316e-11
Doing analysis at TEMP = 27.000000 and TNOM = 27.000000


No. of Data Rows : 1
REF_CODE_38
v(n0) = 1.615671481528334e-01
i(vref) = -9.15908256274176e-06
i(vdd) = -4.77823197675420e-11
Doing analysis at TEMP = 27.000000 and TNOM = 27.000000


No. of Data Rows : 1
REF_CODE_39
v(n0) = 1.658463639324467e-01
i(vref) = -1.00323317276769e-05
i(vdd) = -4.53853690740580e-11
Doing analysis at TEMP = 27.000000 and TNOM = 27.000000


No. of Data Rows : 1
REF_CODE_40
v(n0) = 1.700646500657237e-01
i(vref) = -6.90657607823693e-06
i(vdd) = -5.01789998441637e-11
Doing analysis at TEMP = 27.000000 and TNOM = 27.000000


No. of Data Rows : 1
REF_CODE_41
v(n0) = 1.743333737131221e-01
i(vref) = -1.02672545989921e-05
i(vdd) = -4.77844083746071e-11
Doing analysis at TEMP = 27.000000 and TNOM = 27.000000


No. of Data Rows : 1
REF_CODE_42
v(n0) = 1.786024483934791e-01
i(vref) = -9.64206841690396e-06
i(vdd) = -4.77825765066164e-11
Doing analysis at TEMP = 27.000000 and TNOM = 27.000000


No. of Data Rows : 1
REF_CODE_43
v(n0) = 1.828808743926680e-01
i(vref) = -1.10134453111580e-05
i(vdd) = -4.53865972582790e-11
Doing analysis at TEMP = 27.000000 and TNOM = 27.000000


No. of Data Rows : 1
REF_CODE_44
v(n0) = 1.871441586658558e-01
i(vref) = -8.39127434938680e-06
i(vdd) = -4.77811193388966e-11
Doing analysis at TEMP = 27.000000 and TNOM = 27.000000


No. of Data Rows : 1
REF_CODE_45
v(n0) = 1.914209425549248e-01
i(vref) = -1.07563734357359e-05
i(vdd) = -4.53851262127714e-11
Doing analysis at TEMP = 27.000000 and TNOM = 27.000000


No. of Data Rows : 1
REF_CODE_46
v(n0) = 1.957013042834718e-01
i(vref) = -9.13476404261182e-06
i(vdd) = -4.53827739277379e-11
Doing analysis at TEMP = 27.000000 and TNOM = 27.000000


No. of Data Rows : 1
REF_CODE_47
v(n0) = 1.999877570564615e-01
i(vref) = -9.50753092270875e-06
i(vdd) = -4.29860660955406e-11
Doing analysis at TEMP = 27.000000 and TNOM = 27.000000


No. of Data Rows : 1
REF_CODE_48
v(n0) = 2.041528356471777e-01
i(vref) = -5.88145415767128e-06
i(vdd) = -5.01780075823355e-11
Doing analysis at TEMP = 27.000000 and TNOM = 27.000000


No. of Data Rows : 1
REF_CODE_49
v(n0) = 2.084211595269885e-01
i(vref) = -9.48976911463234e-06
i(vdd) = -4.77840614299119e-11
Doing analysis at TEMP = 27.000000 and TNOM = 27.000000


No. of Data Rows : 1
REF_CODE_50
v(n0) = 2.126890302272557e-01
i(vref) = -9.11228867057033e-06
i(vdd) = -4.77822365008151e-11
Doing analysis at TEMP = 27.000000 and TNOM = 27.000000


No. of Data Rows : 1
REF_CODE_51
v(n0) = 2.169670687487610e-01
i(vref) = -1.07320120892795e-05
i(vdd) = -4.53866874638997e-11
Doing analysis at TEMP = 27.000000 and TNOM = 27.000000


No. of Data Rows : 1
REF_CODE_52
v(n0) = 2.212259286051214e-01
i(vref) = -8.35725909281538e-06
i(vdd) = -4.77810777055332e-11
Doing analysis at TEMP = 27.000000 and TNOM = 27.000000


No. of Data Rows : 1
REF_CODE_53
v(n0) = 2.255023351688031e-01
i(vref) = -1.09707518447116e-05
i(vdd) = -4.53862225580082e-11
Doing analysis at TEMP = 27.000000 and TNOM = 27.000000


No. of Data Rows : 1
REF_CODE_54
v(n0) = 2.297815166967773e-01
i(vref) = -9.59779324445258e-06
i(vdd) = -4.53838633340808e-11
Doing analysis at TEMP = 27.000000 and TNOM = 27.000000


No. of Data Rows : 1
REF_CODE_55
v(n0) = 2.340676043438357e-01
i(vref) = -1.02196605324689e-05
i(vdd) = -4.29860036454954e-11
Doing analysis at TEMP = 27.000000 and TNOM = 27.000000


No. of Data Rows : 1
REF_CODE_56
v(n0) = 2.383098077696434e-01
i(vref) = -6.84558578931532e-06
i(vdd) = -4.77791001207706e-11
Doing analysis at TEMP = 27.000000 and TNOM = 27.000000


No. of Data Rows : 1
REF_CODE_57
v(n0) = 2.425853772141929e-01
i(vref) = -9.95545363605414e-06
i(vdd) = -4.53840853786858e-11
Doing analysis at TEMP = 27.000000 and TNOM = 27.000000


No. of Data Rows : 1
REF_CODE_58
v(n0) = 2.468621123648073e-01
i(vref) = -9.07938745170259e-06
i(vdd) = -4.53822743273768e-11
Doing analysis at TEMP = 27.000000 and TNOM = 27.000000


No. of Data Rows : 1
REF_CODE_59
v(n0) = 2.511473860453560e-01
i(vref) = -1.01993329764309e-05
i(vdd) = -4.29861632400552e-11
Doing analysis at TEMP = 27.000000 and TNOM = 27.000000


No. of Data Rows : 1
REF_CODE_60
v(n0) = 2.554215758883246e-01
i(vref) = -7.32647912333210e-06
i(vdd) = -4.53802620481447e-11
Doing analysis at TEMP = 27.000000 and TNOM = 27.000000


No. of Data Rows : 1
REF_CODE_61
v(n0) = 2.597051937660187e-01
i(vref) = -9.44019678520347e-06
i(vdd) = -4.29847268890171e-11
Doing analysis at TEMP = 27.000000 and TNOM = 27.000000


No. of Data Rows : 1
REF_CODE_62
v(n0) = 2.639932070158916e-01
i(vref) = -7.56694660121308e-06
i(vdd) = -4.29820970482275e-11
Doing analysis at TEMP = 27.000000 and TNOM = 27.000000


No. of Data Rows : 1
REF_CODE_63
v(n0) = 2.682864956661540e-01
i(vref) = -7.68771472879105e-06
i(vdd) = -4.05842859318994e-11
Doing analysis at TEMP = 27.000000 and TNOM = 27.000000


No. of Data Rows : 1
REF_CODE_64
v(n0) = 2.719276035629871e-01
i(vref) = -3.80482879663345e-06
i(vdd) = -5.25760754377380e-11
Doing analysis at TEMP = 27.000000 and TNOM = 27.000000


No. of Data Rows : 1
REF_CODE_65
v(n0) = 2.761893878010441e-01
i(vref) = -7.72261706284347e-06
i(vdd) = -5.01814909070752e-11
Doing analysis at TEMP = 27.000000 and TNOM = 27.000000


No. of Data Rows : 1
REF_CODE_66
v(n0) = 2.804497145644904e-01
i(vref) = -7.65456956974056e-06
i(vdd) = -5.01804500729897e-11
Doing analysis at TEMP = 27.000000 and TNOM = 27.000000


No. of Data Rows : 1
REF_CODE_67
v(n0) = 2.847212155375246e-01
i(vref) = -9.58453313455645e-06
i(vdd) = -4.77848455249230e-11
Doing analysis at TEMP = 27.000000 and TNOM = 27.000000


No. of Data Rows : 1
REF_CODE_68
v(n0) = 2.889685152471789e-01
i(vref) = -7.51846738110280e-06
i(vdd) = -5.01796937335541e-11
Doing analysis at TEMP = 27.000000 and TNOM = 27.000000


No. of Data Rows : 1
REF_CODE_69
v(n0) = 2.932384005739396e-01
i(vref) = -1.04421389441459e-05
i(vdd) = -4.77850328750584e-11
Doing analysis at TEMP = 27.000000 and TNOM = 27.000000


No. of Data Rows : 1
REF_CODE_70
v(n0) = 2.975100544655876e-01
i(vref) = -9.37955390520924e-06
i(vdd) = -4.77826458955555e-11
Doing analysis at TEMP = 27.000000 and TNOM = 27.000000


No. of Data Rows : 1
REF_CODE_71
v(n0) = 3.017896229481987e-01
i(vref) = -1.03123626529376e-05
i(vdd) = -4.53859866356154e-11
Doing analysis at TEMP = 27.000000 and TNOM = 27.000000


No. of Data Rows : 1
REF_CODE_72
v(n0) = 3.060041877181949e-01
i(vref) = -7.24529101397848e-06
i(vdd) = -5.01789512719064e-11
Doing analysis at TEMP = 27.000000 and TNOM = 27.000000


No. of Data Rows : 1
REF_CODE_73
v(n0) = 3.102732654218638e-01
i(vref) = -1.06653914292581e-05
i(vdd) = -4.77850398139523e-11
Doing analysis at TEMP = 27.000000 and TNOM = 27.000000


No. of Data Rows : 1
REF_CODE_74
v(n0) = 3.145425013642396e-01
i(vref) = -1.00996353021754e-05
i(vdd) = -4.77833744794154e-11
Doing analysis at TEMP = 27.000000 and TNOM = 27.000000


No. of Data Rows : 1
REF_CODE_75
v(n0) = 3.188212854035052e-01
i(vref) = -1.15305788455555e-05
i(vdd) = -4.53876380923646e-11
Doing analysis at TEMP = 27.000000 and TNOM = 27.000000


No. of Data Rows : 1
REF_CODE_76
v(n0) = 3.230839590555705e-01
i(vref) = -8.96776066200216e-06
i(vdd) = -4.77821254785127e-11
Doing analysis at TEMP = 27.000000 and TNOM = 27.000000


No. of Data Rows : 1
REF_CODE_77
v(n0) = 3.273611034274604e-01
i(vref) = -1.13924122396830e-05
i(vdd) = -4.53862988858411e-11
Doing analysis at TEMP = 27.000000 and TNOM = 27.000000


No. of Data Rows : 1
REF_CODE_78
v(n0) = 3.316416336750209e-01
i(vref) = -9.83040855870936e-06
i(vdd) = -4.53834331226588e-11
Doing analysis at TEMP = 27.000000 and TNOM = 27.000000


No. of Data Rows : 1
REF_CODE_79
v(n0) = 3.359284508983802e-01
i(vref) = -1.02628718817771e-05
i(vdd) = -4.29867322293553e-11
Doing analysis at TEMP = 27.000000 and TNOM = 27.000000


No. of Data Rows : 1
REF_CODE_80
v(n0) = 3.400774440525632e-01
i(vref) = -6.69468505641482e-06
i(vdd) = -5.01789859663759e-11
Doing analysis at TEMP = 27.000000 and TNOM = 27.000000


No. of Data Rows : 1
REF_CODE_81
v(n0) = 3.443461322131931e-01
i(vref) = -1.03624519991658e-05
i(vdd) = -4.77847691970901e-11
Doing analysis at TEMP = 27.000000 and TNOM = 27.000000


No. of Data Rows : 1
REF_CODE_82
v(n0) = 3.486141739091669e-01
i(vref) = -1.00444204334748e-05
i(vdd) = -4.77830830458714e-11
Doing analysis at TEMP = 27.000000 and TNOM = 27.000000


No. of Data Rows : 1
REF_CODE_83
v(n0) = 3.528925807153451e-01
i(vref) = -1.17237409121679e-05
i(vdd) = -4.53878531980756e-11
Doing analysis at TEMP = 27.000000 and TNOM = 27.000000


No. of Data Rows : 1
REF_CODE_84
v(n0) = 3.571508365822753e-01
i(vref) = -9.40831431406490e-06
i(vdd) = -4.77820422117858e-11
Doing analysis at TEMP = 27.000000 and TNOM = 27.000000


No. of Data Rows : 1
REF_CODE_85
v(n0) = 3.614276138690689e-01
i(vref) = -1.20813901415507e-05
i(vdd) = -4.53870344085949e-11
Doing analysis at TEMP = 27.000000 and TNOM = 27.000000


No. of Data Rows : 1
REF_CODE_86
v(n0) = 3.657069736717533e-01
i(vref) = -1.07680566445092e-05
i(vdd) = -4.53845849790468e-11
Doing analysis at TEMP = 27.000000 and TNOM = 27.000000


No. of Data Rows : 1
REF_CODE_87
v(n0) = 3.699934360291648e-01
i(vref) = -1.14496512753459e-05
i(vdd) = -4.29878008190165e-11
Doing analysis at TEMP = 27.000000 and TNOM = 27.000000


No. of Data Rows : 1
REF_CODE_88
v(n0) = 3.742319452651153e-01
i(vref) = -8.13466657279238e-06
i(vdd) = -4.77805989218538e-11
Doing analysis at TEMP = 27.000000 and TNOM = 27.000000


No. of Data Rows : 1
REF_CODE_89
v(n0) = 3.785078906655755e-01
i(vref) = -1.13041234382394e-05
i(vdd) = -4.53862503135838e-11
Doing analysis at TEMP = 27.000000 and TNOM = 27.000000


No. of Data Rows : 1
REF_CODE_90
v(n0) = 3.827848085228347e-01
i(vref) = -1.04876658129840e-05
i(vdd) = -4.53839049674443e-11
Doing analysis at TEMP = 27.000000 and TNOM = 27.000000


No. of Data Rows : 1
REF_CODE_91
v(n0) = 3.870704621611104e-01
i(vref) = -1.16673451674427e-05
i(vdd) = -4.29872595852920e-11
Doing analysis at TEMP = 27.000000 and TNOM = 27.000000


No. of Data Rows : 1
REF_CODE_92
v(n0) = 3.913440621505171e-01
i(vref) = -8.85406785755936e-06
i(vdd) = -4.53821216717110e-11
Doing analysis at TEMP = 27.000000 and TNOM = 27.000000


No. of Data Rows : 1
REF_CODE_93
v(n0) = 3.956280623828040e-01
i(vref) = -1.10275048587790e-05
i(vdd) = -4.29866628404163e-11
Doing analysis at TEMP = 27.000000 and TNOM = 27.000000


No. of Data Rows : 1
REF_CODE_94
v(n0) = 3.999162655892549e-01
i(vref) = -9.21403867919629e-06
i(vdd) = -4.29836999327193e-11
Doing analysis at TEMP = 27.000000 and TNOM = 27.000000


No. of Data Rows : 1
REF_CODE_95
v(n0) = 4.042099405793738e-01
i(vref) = -9.39467015387708e-06
i(vdd) = -4.05867284225536e-11
Doing analysis at TEMP = 27.000000 and TNOM = 27.000000


No. of Data Rows : 1
REF_CODE_96
v(n0) = 4.082512180610368e-01
i(vref) = -5.57610225122788e-06
i(vdd) = -5.01781879935770e-11
Doing analysis at TEMP = 27.000000 and TNOM = 27.000000


No. of Data Rows : 1
REF_CODE_97
v(n0) = 4.125197891832938e-01
i(vref) = -9.36663303682458e-06
i(vdd) = -4.77842210244717e-11
Doing analysis at TEMP = 27.000000 and TNOM = 27.000000


No. of Data Rows : 1
REF_CODE_98
v(n0) = 4.167873146081982e-01
i(vref) = -9.17135907584931e-06
i(vdd) = -4.77824654843140e-11
Doing analysis at TEMP = 27.000000 and TNOM = 27.000000


No. of Data Rows : 1
REF_CODE_99
v(n0) = 4.210656108094523e-01
i(vref) = -1.09737607042909e-05
i(vdd) = -4.53871940031547e-11
Doing analysis at TEMP = 27.000000 and TNOM = 27.000000


No. of Data Rows : 1
REF_CODE_100
v(n0) = 4.253217497851585e-01
i(vref) = -8.78082181874702e-06
i(vdd) = -4.77818895561199e-11
Doing analysis at TEMP = 27.000000 and TNOM = 27.000000


No. of Data Rows : 1
REF_CODE_101
v(n0) = 4.295984218648137e-01
i(vref) = -1.15769675427934e-05
i(vdd) = -4.53871176753218e-11
Doing analysis at TEMP = 27.000000 and TNOM = 27.000000


No. of Data Rows : 1
REF_CODE_102
v(n0) = 4.338772781811415e-01
i(vref) = -1.03867909673998e-05
i(vdd) = -4.53845919179408e-11
Doing analysis at TEMP = 27.000000 and TNOM = 27.000000


No. of Data Rows : 1
REF_CODE_103
v(n0) = 4.381636417318497e-01
i(vref) = -1.11917711945846e-05
i(vdd) = -4.29872665241859e-11
Doing analysis at TEMP = 27.000000 and TNOM = 27.000000


No. of Data Rows : 1
REF_CODE_104
v(n0) = 4.423936383983643e-01
i(vref) = -7.99868333176818e-06
i(vdd) = -4.77796829878585e-11
Doing analysis at TEMP = 27.000000 and TNOM = 27.000000


No. of Data Rows : 1
REF_CODE_105
v(n0) = 4.466694892920013e-01
i(vref) = -1.12912574894890e-05
i(vdd) = -4.53858062243739e-11
Doing analysis at TEMP = 27.000000 and TNOM = 27.000000


No. of Data Rows : 1
REF_CODE_106
v(n0) = 4.509459129173111e-01
i(vref) = -1.05979576401398e-05
i(vdd) = -4.53835233282796e-11
Doing analysis at TEMP = 27.000000 and TNOM = 27.000000


No. of Data Rows : 1
REF_CODE_107
v(n0) = 4.552314784679261e-01
i(vref) = -1.19010710893431e-05
i(vdd) = -4.29875024465787e-11
Doing analysis at TEMP = 27.000000 and TNOM = 27.000000


No. of Data Rows : 1
REF_CODE_108
v(n0) = 4.595029863765722e-01
i(vref) = -9.21086848139998e-06
i(vdd) = -4.53820939161353e-11
Doing analysis at TEMP = 27.000000 and TNOM = 27.000000


No. of Data Rows : 1
REF_CODE_109
v(n0) = 4.637869038265047e-01
i(vref) = -1.15077271425222e-05
i(vdd) = -4.29861909956308e-11
Doing analysis at TEMP = 27.000000 and TNOM = 27.000000


No. of Data Rows : 1
REF_CODE_110
v(n0) = 4.680746255099492e-01
i(vref) = -9.81781641475827e-06
i(vdd) = -4.29837762605523e-11
Doing analysis at TEMP = 27.000000 and TNOM = 27.000000


No. of Data Rows : 1
REF_CODE_111
v(n0) = 4.723682241039099e-01
i(vref) = -1.01221847501234e-05
i(vdd) = -4.05865688279938e-11
Doing analysis at TEMP = 27.000000 and TNOM = 27.000000


No. of Data Rows : 1
REF_CODE_112
v(n0) = 4.765590606036452e-01
i(vref) = -6.42949946295715e-06
i(vdd) = -4.77786699093485e-11
Doing analysis at TEMP = 27.000000 and TNOM = 27.000000


No. of Data Rows : 1
REF_CODE_113
v(n0) = 4.808344973787483e-01
i(vref) = -9.96970262580354e-06
i(vdd) = -4.53842935455029e-11
Doing analysis at TEMP = 27.000000 and TNOM = 27.000000


No. of Data Rows : 1
REF_CODE_114
v(n0) = 4.851097017260484e-01
i(vref) = -9.52411396753440e-06
i(vdd) = -4.53826212720720e-11
Doing analysis at TEMP = 27.000000 and TNOM = 27.000000


No. of Data Rows : 1
REF_CODE_115
v(n0) = 4.893948654381503e-01
i(vref) = -1.10755661729758e-05
i(vdd) = -4.29869057017029e-11
Doing analysis at TEMP = 27.000000 and TNOM = 27.000000


No. of Data Rows : 1
REF_CODE_116
v(n0) = 4.936619311507871e-01
i(vref) = -8.63283862098248e-06
i(vdd) = -4.53816359491377e-11
Doing analysis at TEMP = 27.000000 and TNOM = 27.000000


No. of Data Rows : 1
REF_CODE_117
v(n0) = 4.979454569337667e-01
i(vref) = -1.11780829352103e-05
i(vdd) = -4.29862395678882e-11
Doing analysis at TEMP = 27.000000 and TNOM = 27.000000


No. of Data Rows : 1
REF_CODE_118
v(n0) = 5.022319831222800e-01
i(vref) = -9.73682780436063e-06
i(vdd) = -4.29838040161279e-11
Doing analysis at TEMP = 27.000000 and TNOM = 27.000000


No. of Data Rows : 1
REF_CODE_119
v(n0) = 5.065252022391017e-01
i(vref) = -1.02902882022551e-05
i(vdd) = -4.05864022945401e-11
Doing analysis at TEMP = 27.000000 and TNOM = 27.000000


No. of Data Rows : 1
REF_CODE_120
v(n0) = 5.107791203857956e-01
i(vref) = -6.84846984642780e-06
i(vdd) = -4.53795057087092e-11
Doing analysis at TEMP = 27.000000 and TNOM = 27.000000


No. of Data Rows : 1
REF_CODE_121
v(n0) = 5.150618008511623e-01
i(vref) = -9.89009594452449e-06
i(vdd) = -4.29848170946379e-11
Doing analysis at TEMP = 27.000000 and TNOM = 27.000000


No. of Data Rows : 1
REF_CODE_122
v(n0) = 5.193458704973389e-01
i(vref) = -8.94576565244275e-06
i(vdd) = -4.29831240045253e-11
Doing analysis at TEMP = 27.000000 and TNOM = 27.000000


No. of Data Rows : 1
REF_CODE_123
v(n0) = 5.236382674694229e-01
i(vref) = -9.99731036480187e-06
i(vdd) = -4.05866659725085e-11
Doing analysis at TEMP = 27.000000 and TNOM = 27.000000


No. of Data Rows : 1
REF_CODE_124
v(n0) = 5.279206722867997e-01
i(vref) = -7.05622248792878e-06
i(vdd) = -4.29806953916589e-11
Doing analysis at TEMP = 27.000000 and TNOM = 27.000000


No. of Data Rows : 1
REF_CODE_125
v(n0) = 5.322114074848988e-01
i(vref) = -9.10156267903777e-06
i(vdd) = -4.05852296214704e-11
Doing analysis at TEMP = 27.000000 and TNOM = 27.000000


No. of Data Rows : 1
REF_CODE_126
v(n0) = 5.365067662045755e-01
i(vref) = -7.15986102979818e-06
i(vdd) = -4.05817393578367e-11
Doing analysis at TEMP = 27.000000 and TNOM = 27.000000


No. of Data Rows : 1
REF_CODE_127
v(n0) = 5.408071844011718e-01
i(vref) = -7.21209358462002e-06
i(vdd) = -3.81842613084160e-11
Doing analysis at TEMP = 27.000000 and TNOM = 27.000000


No. of Data Rows : 1
REF_CODE_128
v(n0) = 5.439376975417196e-01
i(vref) = -3.26293313627745e-06
i(vdd) = -5.25759435987538e-11
Doing analysis at TEMP = 27.000000 and TNOM = 27.000000


No. of Data Rows : 1
REF_CODE_129
v(n0) = 5.482011902525511e-01
i(vref) = -7.20612148980590e-06
i(vdd) = -5.01811786568496e-11
Doing analysis at TEMP = 27.000000 and TNOM = 27.000000


No. of Data Rows : 1
REF_CODE_130
v(n0) = 5.524631421879000e-01
i(vref) = -7.16346624589433e-06
i(vdd) = -5.01803945618384e-11
Doing analysis at TEMP = 27.000000 and TNOM = 27.000000


No. of Data Rows : 1
REF_CODE_131
v(n0) = 5.567363567154867e-01
i(vref) = -9.11889038055880e-06
i(vdd) = -4.77851577751487e-11
Doing analysis at TEMP = 27.000000 and TNOM = 27.000000


No. of Data Rows : 1
REF_CODE_132
v(n0) = 5.609849446119276e-01
i(vref) = -7.07814005395828e-06
i(vdd) = -5.01799157781591e-11
Doing analysis at TEMP = 27.000000 and TNOM = 27.000000


No. of Data Rows : 1
REF_CODE_133
v(n0) = 5.652565437905315e-01
i(vref) = -1.00272646908197e-05
i(vdd) = -4.77853243086024e-11
Doing analysis at TEMP = 27.000000 and TNOM = 27.000000


No. of Data Rows : 1
REF_CODE_134
v(n0) = 5.695298297754172e-01
i(vref) = -8.99014419877455e-06
i(vdd) = -4.77830205958263e-11
Doing analysis at TEMP = 27.000000 and TNOM = 27.000000


No. of Data Rows : 1
REF_CODE_135
v(n0) = 5.738111171714412e-01
i(vref) = -9.94846614721747e-06
i(vdd) = -4.53864515415070e-11
Doing analysis at TEMP = 27.000000 and TNOM = 27.000000


No. of Data Rows : 1
REF_CODE_136
v(n0) = 5.780256294002073e-01
i(vref) = -6.90651434028998e-06
i(vdd) = -5.01794023000102e-11
Doing analysis at TEMP = 27.000000 and TNOM = 27.000000


No. of Data Rows : 1
REF_CODE_137
v(n0) = 5.822964226243783e-01
i(vref) = -1.03520673349767e-05
i(vdd) = -4.77848940971803e-11
Doing analysis at TEMP = 27.000000 and TNOM = 27.000000


No. of Data Rows : 1
REF_CODE_138
v(n0) = 5.865672914086948e-01
i(vref) = -9.81176562698824e-06
i(vdd) = -4.77833467238398e-11
Doing analysis at TEMP = 27.000000 and TNOM = 27.000000


No. of Data Rows : 1
REF_CODE_139
v(n0) = 5.908477960447500e-01
i(vref) = -1.12682221077064e-05
i(vdd) = -4.53877352368792e-11
Doing analysis at TEMP = 27.000000 and TNOM = 27.000000


No. of Data Rows : 1
REF_CODE_140
v(n0) = 5.951117690227539e-01
i(vref) = -8.73082028376672e-06
i(vdd) = -4.77817854727114e-11
Doing analysis at TEMP = 27.000000 and TNOM = 27.000000


No. of Data Rows : 1
REF_CODE_141
v(n0) = 5.993906342628190e-01
i(vref) = -1.11809770888145e-05
i(vdd) = -4.53867290972632e-11
Doing analysis at TEMP = 27.000000 and TNOM = 27.000000


No. of Data Rows : 1
REF_CODE_142
v(n0) = 6.036728042484323e-01
i(vref) = -9.64449977613259e-06
i(vdd) = -4.53837453728845e-11
Doing analysis at TEMP = 27.000000 and TNOM = 27.000000


No. of Data Rows : 1
REF_CODE_143
v(n0) = 6.079613473961266e-01
i(vref) = -1.01025283306549e-05
i(vdd) = -4.29865726347956e-11
Doing analysis at TEMP = 27.000000 and TNOM = 27.000000


No. of Data Rows : 1
REF_CODE_144
v(n0) = 6.121049556441482e-01
i(vref) = -6.55906165573860e-06
i(vdd) = -5.01795133223126e-11
Doing analysis at TEMP = 27.000000 and TNOM = 27.000000


No. of Data Rows : 1
REF_CODE_145
v(n0) = 6.163753630667186e-01
i(vref) = -1.02522875156546e-05
i(vdd) = -4.77847553193023e-11
Doing analysis at TEMP = 27.000000 and TNOM = 27.000000


No. of Data Rows : 1
REF_CODE_146
v(n0) = 6.206450408627324e-01
i(vref) = -9.95971188359264e-06
i(vdd) = -4.77833328460520e-11
Doing analysis at TEMP = 27.000000 and TNOM = 27.000000


No. of Data Rows : 1
REF_CODE_147
v(n0) = 6.249251720203701e-01
i(vref) = -1.16645517690645e-05
i(vdd) = -4.53883805540123e-11
Doing analysis at TEMP = 27.000000 and TNOM = 27.000000


No. of Data Rows : 1
REF_CODE_148
v(n0) = 6.291847280471481e-01
i(vref) = -9.37452369178758e-06
i(vdd) = -4.77824030342688e-11
Doing analysis at TEMP = 27.000000 and TNOM = 27.000000


No. of Data Rows : 1
REF_CODE_149
v(n0) = 6.334632299602292e-01
i(vref) = -1.20731113032865e-05
i(vdd) = -4.53877352368792e-11
Doing analysis at TEMP = 27.000000 and TNOM = 27.000000


No. of Data Rows : 1
REF_CODE_150
v(n0) = 6.377442327785143e-01
i(vref) = -1.07853059356029e-05
i(vdd) = -4.53854245852092e-11
Doing analysis at TEMP = 27.000000 and TNOM = 27.000000


No. of Data Rows : 1
REF_CODE_151
v(n0) = 6.420324248314251e-01
i(vref) = -1.14924724845980e-05
i(vdd) = -4.29883073582715e-11
Doing analysis at TEMP = 27.000000 and TNOM = 27.000000


No. of Data Rows : 1
REF_CODE_152
v(n0) = 6.462709016677661e-01
i(vref) = -8.20276859312721e-06
i(vdd) = -4.77809736221246e-11
Doing analysis at TEMP = 27.000000 and TNOM = 27.000000


No. of Data Rows : 1
REF_CODE_153
v(n0) = 6.505485733192344e-01
i(vref) = -1.13977365248990e-05
i(vdd) = -4.53867499139449e-11
Doing analysis at TEMP = 27.000000 and TNOM = 27.000000


No. of Data Rows : 1
REF_CODE_154
v(n0) = 6.548271348950212e-01
i(vref) = -1.06067966810420e-05
i(vdd) = -4.53839812952772e-11
Doing analysis at TEMP = 27.000000 and TNOM = 27.000000


No. of Data Rows : 1
REF_CODE_155
v(n0) = 6.591145198683153e-01
i(vref) = -1.18120474670036e-05
i(vdd) = -4.29881338859239e-11
Doing analysis at TEMP = 27.000000 and TNOM = 27.000000


No. of Data Rows : 1
REF_CODE_156
v(n0) = 6.633894311286234e-01
i(vref) = -9.02426928454614e-06
i(vdd) = -4.53817886048036e-11
Doing analysis at TEMP = 27.000000 and TNOM = 27.000000


No. of Data Rows : 1
REF_CODE_157
v(n0) = 6.676751629450162e-01
i(vref) = -1.12232698822278e-05
i(vdd) = -4.29867252904614e-11
Doing analysis at TEMP = 27.000000 and TNOM = 27.000000


No. of Data Rows : 1
REF_CODE_158
v(n0) = 6.719650167603802e-01
i(vref) = -9.43539333249650e-06
i(vdd) = -4.29841509608231e-11
Doing analysis at TEMP = 27.000000 and TNOM = 27.000000


No. of Data Rows : 1
REF_CODE_159
v(n0) = 6.762604283983894e-01
i(vref) = -9.64164841513898e-06
i(vdd) = -4.05866867891902e-11
Doing analysis at TEMP = 27.000000 and TNOM = 27.000000


No. of Data Rows : 1
REF_CODE_160
v(n0) = 6.802750999398320e-01
i(vref) = -5.84710985781527e-06
i(vdd) = -5.01786251438929e-11
Doing analysis at TEMP = 27.000000 and TNOM = 27.000000


No. of Data Rows : 1
REF_CODE_161
v(n0) = 6.845453975529058e-01
i(vref) = -9.66311615350330e-06
i(vdd) = -4.77845610302730e-11
Doing analysis at TEMP = 27.000000 and TNOM = 27.000000


No. of Data Rows : 1
REF_CODE_162
v(n0) = 6.888145660183758e-01
i(vref) = -9.49331231696841e-06
i(vdd) = -4.77834508072483e-11
Doing analysis at TEMP = 27.000000 and TNOM = 27.000000


No. of Data Rows : 1
REF_CODE_163
v(n0) = 6.930945938167702e-01
i(vref) = -1.13212500358097e-05
i(vdd) = -4.53879364648024e-11
Doing analysis at TEMP = 27.000000 and TNOM = 27.000000


No. of Data Rows : 1
REF_CODE_164
v(n0) = 6.973520384877472e-01
i(vref) = -9.15371419448791e-06
i(vdd) = -4.77823891564810e-11
Doing analysis at TEMP = 27.000000 and TNOM = 27.000000


No. of Data Rows : 1
REF_CODE_165
v(n0) = 7.016304424371107e-01
i(vref) = -1.19753884203621e-05
i(vdd) = -4.53874368644414e-11
Doing analysis at TEMP = 27.000000 and TNOM = 27.000000


No. of Data Rows : 1
REF_CODE_166
v(n0) = 7.059109487298262e-01
i(vref) = -1.08107543153756e-05
i(vdd) = -4.53851192738775e-11
Doing analysis at TEMP = 27.000000 and TNOM = 27.000000


No. of Data Rows : 1
REF_CODE_167
v(n0) = 7.101990492361077e-01
i(vref) = -1.16413232683478e-05
i(vdd) = -4.29879881691519e-11
Doing analysis at TEMP = 27.000000 and TNOM = 27.000000


No. of Data Rows : 1
REF_CODE_168
v(n0) = 7.144290115470368e-01
i(vref) = -8.47348221124321e-06
i(vdd) = -4.77810430110637e-11
Doing analysis at TEMP = 27.000000 and TNOM = 27.000000


No. of Data Rows : 1
REF_CODE_169
v(n0) = 7.187065959374108e-01
i(vref) = -1.17915842310615e-05
i(vdd) = -4.53864654192948e-11
Doing analysis at TEMP = 27.000000 and TNOM = 27.000000


No. of Data Rows : 1
REF_CODE_170
v(n0) = 7.229846702398723e-01
i(vref) = -1.11238165628937e-05
i(vdd) = -4.53846474290920e-11
Doing analysis at TEMP = 27.000000 and TNOM = 27.000000


No. of Data Rows : 1
REF_CODE_171
v(n0) = 7.272719743878998e-01
i(vref) = -1.24525183295085e-05
i(vdd) = -4.29888416531021e-11
Doing analysis at TEMP = 27.000000 and TNOM = 27.000000


No. of Data Rows : 1
REF_CODE_172
v(n0) = 7.315447991308688e-01
i(vref) = -9.78781964890322e-06
i(vdd) = -4.53832804669929e-11
Doing analysis at TEMP = 27.000000 and TNOM = 27.000000


No. of Data Rows : 1
REF_CODE_173
v(n0) = 7.358304554248444e-01
i(vref) = -1.21102588252835e-05
i(vdd) = -4.29873497909128e-11
Doing analysis at TEMP = 27.000000 and TNOM = 27.000000


No. of Data Rows : 1
REF_CODE_174
v(n0) = 7.401198346957791e-01
i(vref) = -1.04459522757584e-05
i(vdd) = -4.29842134108682e-11
Doing analysis at TEMP = 27.000000 and TNOM = 27.000000


No. of Data Rows : 1
REF_CODE_175
v(n0) = 7.444151772140835e-01
i(vref) = -1.07759612271326e-05
i(vdd) = -4.05875194564587e-11
Doing analysis at TEMP = 27.000000 and TNOM = 27.000000


No. of Data Rows : 1
REF_CODE_176
v(n0) = 7.486006659465332e-01
i(vref) = -7.10828127460185e-06
i(vdd) = -4.77796621711768e-11
Doing analysis at TEMP = 27.000000 and TNOM = 27.000000


No. of Data Rows : 1
REF_CODE_177
v(n0) = 7.528778398722749e-01
i(vref) = -1.06740183764835e-05
i(vdd) = -4.53854245852092e-11
Doing analysis at TEMP = 27.000000 and TNOM = 27.000000


No. of Data Rows : 1
REF_CODE_178
v(n0) = 7.571546980652581e-01
i(vref) = -1.02539631465332e-05
i(vdd) = -4.53837453728845e-11
Doing analysis at TEMP = 27.000000 and TNOM = 27.000000


No. of Data Rows : 1
REF_CODE_179
v(n0) = 7.614416040418985e-01
i(vref) = -1.18310098778096e-05
i(vdd) = -4.29875718355177e-11
Doing analysis at TEMP = 27.000000 and TNOM = 27.000000


No. of Data Rows : 1
REF_CODE_180
v(n0) = 7.657099873259383e-01
i(vref) = -9.41376814271824e-06
i(vdd) = -4.53820592216658e-11
Doing analysis at TEMP = 27.000000 and TNOM = 27.000000


No. of Data Rows : 1
REF_CODE_181
v(n0) = 7.699952556237442e-01
i(vref) = -1.19845992681677e-05
i(vdd) = -4.29873706075945e-11
Doing analysis at TEMP = 27.000000 and TNOM = 27.000000


No. of Data Rows : 1
REF_CODE_182
v(n0) = 7.742834425878768e-01
i(vref) = -1.05689498092617e-05
i(vdd) = -4.29845672944573e-11
Doing analysis at TEMP = 27.000000 and TNOM = 27.000000


No. of Data Rows : 1
REF_CODE_183
v(n0) = 7.785784093128697e-01
i(vref) = -1.11480572490140e-05
i(vdd) = -4.05872488395964e-11
Doing analysis at TEMP = 27.000000 and TNOM = 27.000000


No. of Data Rows : 1
REF_CODE_184
v(n0) = 7.828323132431612e-01
i(vref) = -7.73164641304318e-06
i(vdd) = -4.53807338929302e-11
Doing analysis at TEMP = 27.000000 and TNOM = 27.000000


No. of Data Rows : 1
REF_CODE_185
v(n0) = 7.871167378067269e-01
i(vref) = -1.07988584608107e-05
i(vdd) = -4.29856983341637e-11
Doing analysis at TEMP = 27.000000 and TNOM = 27.000000


No. of Data Rows : 1
REF_CODE_186
v(n0) = 7.914024688838481e-01
i(vref) = -9.88012333288616e-06
i(vdd) = -4.29839705495816e-11
Doing analysis at TEMP = 27.000000 and TNOM = 27.000000


No. of Data Rows : 1
REF_CODE_187
v(n0) = 7.956966150623664e-01
i(vref) = -1.09573144568850e-05
i(vdd) = -4.05874500675196e-11
Doing analysis at TEMP = 27.000000 and TNOM = 27.000000


No. of Data Rows : 1
REF_CODE_188
v(n0) = 7.999803485619426e-01
i(vref) = -8.04181295370784e-06
i(vdd) = -4.29818056146836e-11
Doing analysis at TEMP = 27.000000 and TNOM = 27.000000


No. of Data Rows : 1
REF_CODE_189
v(n0) = 8.042728331909917e-01
i(vref) = -1.01127916299231e-05
i(vdd) = -4.05865063779487e-11
Doing analysis at TEMP = 27.000000 and TNOM = 27.000000


No. of Data Rows : 1
REF_CODE_190
v(n0) = 8.085698602461162e-01
i(vref) = -8.19675704079144e-06
i(vdd) = -4.05835087757822e-11
Doing analysis at TEMP = 27.000000 and TNOM = 27.000000


No. of Data Rows : 1
REF_CODE_191
v(n0) = 8.128720329614264e-01
i(vref) = -8.27468818831228e-06
i(vdd) = -3.81851286701540e-11
Doing analysis at TEMP = 27.000000 and TNOM = 27.000000


No. of Data Rows : 1
REF_CODE_192
v(n0) = 8.167093435865822e-01
i(vref) = -4.35454863477075e-06
i(vdd) = -5.01771332817036e-11
Doing analysis at TEMP = 27.000000 and TNOM = 27.000000


No. of Data Rows : 1
REF_CODE_193
v(n0) = 8.209799443707604e-01
i(vref) = -8.22981363928963e-06
i(vdd) = -4.77832357015373e-11
Doing analysis at TEMP = 27.000000 and TNOM = 27.000000


No. of Data Rows : 1
REF_CODE_194
v(n0) = 8.252492229606058e-01
i(vref) = -8.11925602955815e-06
i(vdd) = -4.77816883281967e-11
Doing analysis at TEMP = 27.000000 and TNOM = 27.000000


No. of Data Rows : 1
REF_CODE_195
v(n0) = 8.295295578409188e-01
i(vref) = -1.00065973730821e-05
i(vdd) = -4.53860629634484e-11
Doing analysis at TEMP = 27.000000 and TNOM = 27.000000


No. of Data Rows : 1
REF_CODE_196
v(n0) = 8.337863377075927e-01
i(vref) = -7.89814791099342e-06
i(vdd) = -4.77807793330953e-11
Doing analysis at TEMP = 27.000000 and TNOM = 27.000000


No. of Data Rows : 1
REF_CODE_197
v(n0) = 8.380650512508063e-01
i(vref) = -1.07792120881424e-05
i(vdd) = -4.53861739857508e-11
Doing analysis at TEMP = 27.000000 and TNOM = 27.000000


No. of Data Rows : 1
REF_CODE_198
v(n0) = 8.423456748779813e-01
i(vref) = -9.67400049132460e-06
i(vdd) = -4.53837870062479e-11
Doing analysis at TEMP = 27.000000 and TNOM = 27.000000


No. of Data Rows : 1
REF_CODE_199
v(n0) = 8.466340888730121e-01
i(vref) = -1.05641035055978e-05
i(vdd) = -4.29869681517481e-11
Doing analysis at TEMP = 27.000000 and TNOM = 27.000000


No. of Data Rows : 1
REF_CODE_200
v(n0) = 8.508602884521480e-01
i(vref) = -7.45496221904242e-06
i(vdd) = -4.77800715659171e-11
Doing analysis at TEMP = 27.000000 and TNOM = 27.000000


No. of Data Rows : 1
REF_CODE_201
v(n0) = 8.551381877895584e-01
i(vref) = -1.08324606455954e-05
i(vdd) = -4.53858339799496e-11
Doing analysis at TEMP = 27.000000 and TNOM = 27.000000


No. of Data Rows : 1
REF_CODE_202
v(n0) = 8.594163839989704e-01
i(vref) = -1.02240994759589e-05
i(vdd) = -4.53837453728845e-11
Doing analysis at TEMP = 27.000000 and TNOM = 27.000000


No. of Data Rows : 1
REF_CODE_203
v(n0) = 8.637040070031563e-01
i(vref) = -1.16123423025728e-05
i(vdd) = -4.29877869412287e-11
Doing analysis at TEMP = 27.000000 and TNOM = 27.000000


No. of Data Rows : 1
REF_CODE_204
v(n0) = 8.679761810359734e-01
i(vref) = -9.00698060975483e-06
i(vdd) = -4.53827600499501e-11
Doing analysis at TEMP = 27.000000 and TNOM = 27.000000


No. of Data Rows : 1
REF_CODE_205
v(n0) = 8.722621586564763e-01
i(vref) = -1.13889466642801e-05
i(vdd) = -4.29865101847504e-11
Doing analysis at TEMP = 27.000000 and TNOM = 27.000000


No. of Data Rows : 1
REF_CODE_206
v(n0) = 8.765516670159474e-01
i(vref) = -9.78422211460883e-06
i(vdd) = -4.29837485049767e-11
Doing analysis at TEMP = 27.000000 and TNOM = 27.000000


No. of Data Rows : 1
REF_CODE_207
v(n0) = 8.808473347540410e-01
i(vref) = -1.01739017952607e-05
i(vdd) = -4.05871031228244e-11
Doing analysis at TEMP = 27.000000 and TNOM = 27.000000


No. of Data Rows : 1
REF_CODE_208
v(n0) = 8.850167029650997e-01
i(vref) = -6.56425186725759e-06
i(vdd) = -4.77792388986487e-11
Doing analysis at TEMP = 27.000000 and TNOM = 27.000000


No. of Data Rows : 1
REF_CODE_209
v(n0) = 8.892942021033370e-01
i(vref) = -1.01894153317697e-05
i(vdd) = -4.53852025406043e-11
Doing analysis at TEMP = 27.000000 and TNOM = 27.000000


No. of Data Rows : 1
REF_CODE_210
v(n0) = 8.935711919857835e-01
i(vref) = -9.82878529914819e-06
i(vdd) = -4.53839882341711e-11
Doing analysis at TEMP = 27.000000 and TNOM = 27.000000


No. of Data Rows : 1
REF_CODE_211
v(n0) = 8.978584271041015e-01
i(vref) = -1.14654033655482e-05
i(vdd) = -4.29882102137569e-11
Doing analysis at TEMP = 27.000000 and TNOM = 27.000000


No. of Data Rows : 1
REF_CODE_212
v(n0) = 9.021261663899045e-01
i(vref) = -9.10747217415531e-06
i(vdd) = -4.53826975999050e-11
Doing analysis at TEMP = 27.000000 and TNOM = 27.000000


No. of Data Rows : 1
REF_CODE_213
v(n0) = 9.064117662953761e-01
i(vref) = -1.17378606262271e-05
i(vdd) = -4.29875440799421e-11
Doing analysis at TEMP = 27.000000 and TNOM = 27.000000


No. of Data Rows : 1
REF_CODE_214
v(n0) = 9.107000921525128e-01
i(vref) = -1.03818124331396e-05
i(vdd) = -4.29849766891977e-11
Doing analysis at TEMP = 27.000000 and TNOM = 27.000000


No. of Data Rows : 1
REF_CODE_215
v(n0) = 9.149953943981395e-01
i(vref) = -1.10206213658750e-05
i(vdd) = -4.05876929288063e-11
Doing analysis at TEMP = 27.000000 and TNOM = 27.000000


No. of Data Rows : 1
REF_CODE_216
v(n0) = 9.192455626760121e-01
i(vref) = -7.66331576904601e-06
i(vdd) = -4.53809489986412e-11
Doing analysis at TEMP = 27.000000 and TNOM = 27.000000


No. of Data Rows : 1
REF_CODE_217
v(n0) = 9.235303241109123e-01
i(vref) = -1.07900910214511e-05
i(vdd) = -4.29861077289040e-11
Doing analysis at TEMP = 27.000000 and TNOM = 27.000000


No. of Data Rows : 1
REF_CODE_218
v(n0) = 9.278161985583524e-01
i(vref) = -9.93094056945302e-06
i(vdd) = -4.29839080995364e-11
Doing analysis at TEMP = 27.000000 and TNOM = 27.000000


No. of Data Rows : 1
REF_CODE_219
v(n0) = 9.321106855356089e-01
i(vref) = -1.10678396078223e-05
i(vdd) = -4.05874847619891e-11
Doing analysis at TEMP = 27.000000 and TNOM = 27.000000


No. of Data Rows : 1
REF_CODE_220
v(n0) = 9.363937890889789e-01
i(vref) = -8.21189851169203e-06
i(vdd) = -4.29821594982727e-11
Doing analysis at TEMP = 27.000000 and TNOM = 27.000000


No. of Data Rows : 1
REF_CODE_221
v(n0) = 9.406866169414364e-01
i(vref) = -1.03425705888576e-05
i(vdd) = -4.05868949560073e-11
Doing analysis at TEMP = 27.000000 and TNOM = 27.000000


No. of Data Rows : 1
REF_CODE_222
v(n0) = 9.449837945418933e-01
i(vref) = -8.48629596589764e-06
i(vdd) = -4.05839389872042e-11
Doing analysis at TEMP = 27.000000 and TNOM = 27.000000


No. of Data Rows : 1
REF_CODE_223
v(n0) = 9.492863143918597e-01
i(vref) = -8.62406442165035e-06
i(vdd) = -3.81866621657068e-11
Doing analysis at TEMP = 27.000000 and TNOM = 27.000000


No. of Data Rows : 1
REF_CODE_224
v(n0) = 9.533831020243195e-01
i(vref) = -4.76492284005075e-06
i(vdd) = -4.77779274477008e-11
Doing analysis at TEMP = 27.000000 and TNOM = 27.000000


No. of Data Rows : 1
REF_CODE_225
v(n0) = 9.576604643659739e-01
i(vref) = -8.51284053968063e-06
i(vdd) = -4.53838563951869e-11
Doing analysis at TEMP = 27.000000 and TNOM = 27.000000


No. of Data Rows : 1
REF_CODE_226
v(n0) = 9.619369175503051e-01
i(vref) = -8.27496251104025e-06
i(vdd) = -4.53821979995439e-11
Doing analysis at TEMP = 27.000000 and TNOM = 27.000000


No. of Data Rows : 1
REF_CODE_227
v(n0) = 9.662240222770176e-01
i(vref) = -1.00346519973796e-05
i(vdd) = -4.29866836570980e-11
Doing analysis at TEMP = 27.000000 and TNOM = 27.000000


No. of Data Rows : 1
REF_CODE_228
v(n0) = 9.704896219950252e-01
i(vref) = -7.79921901939828e-06
i(vdd) = -4.53810530820498e-11
Doing analysis at TEMP = 27.000000 and TNOM = 27.000000


No. of Data Rows : 1
REF_CODE_229
v(n0) = 9.747750969268048e-01
i(vref) = -1.05526675617362e-05
i(vdd) = -4.29861285455857e-11
Doing analysis at TEMP = 27.000000 and TNOM = 27.000000


No. of Data Rows : 1
REF_CODE_230
v(n0) = 9.790628988500534e-01
i(vref) = -9.31977046192800e-06
i(vdd) = -4.29845464777756e-11
Doing analysis at TEMP = 27.000000 and TNOM = 27.000000


No. of Data Rows : 1
REF_CODE_231
v(n0) = 9.833580824941544e-01
i(vref) = -1.00819550637901e-05
i(vdd) = -4.05869157726890e-11
Doing analysis at TEMP = 27.000000 and TNOM = 27.000000


No. of Data Rows : 1
REF_CODE_232
v(n0) = 9.875997096505023e-01
i(vref) = -6.84662103812005e-06
i(vdd) = -4.53805257261131e-11
Doing analysis at TEMP = 27.000000 and TNOM = 27.000000


No. of Data Rows : 1
REF_CODE_233
v(n0) = 9.918843568369673e-01
i(vref) = -1.00965036167651e-05
i(vdd) = -4.29859689510259e-11
Doing analysis at TEMP = 27.000000 and TNOM = 27.000000


No. of Data Rows : 1
REF_CODE_234
v(n0) = 9.961697166361774e-01
i(vref) = -9.36050497743533e-06
i(vdd) = -4.29838525883852e-11
Doing analysis at TEMP = 27.000000 and TNOM = 27.000000


No. of Data Rows : 1
REF_CODE_235
v(n0) = 1.000464095755887e+00
i(vref) = -1.06208280232099e-05
i(vdd) = -4.05876790510185e-11
Doing analysis at TEMP = 27.000000 and TNOM = 27.000000


No. of Data Rows : 1
REF_CODE_236
v(n0) = 1.004745084544735e+00
i(vref) = -7.88797167867308e-06
i(vdd) = -4.29822080705300e-11
Doing analysis at TEMP = 27.000000 and TNOM = 27.000000


No. of Data Rows : 1
REF_CODE_237
v(n0) = 1.009037809865191e+00
i(vref) = -1.01420552540141e-05
i(vdd) = -4.05868394448561e-11
Doing analysis at TEMP = 27.000000 and TNOM = 27.000000


No. of Data Rows : 1
REF_CODE_238
v(n0) = 1.013334485506220e+00
i(vref) = -8.40932989444857e-06
i(vdd) = -4.05841332762336e-11
Doing analysis at TEMP = 27.000000 and TNOM = 27.000000


No. of Data Rows : 1
REF_CODE_239
v(n0) = 1.017636909182309e+00
i(vref) = -8.67082492899871e-06
i(vdd) = -3.81871617660678e-11
Doing analysis at TEMP = 27.000000 and TNOM = 27.000000


No. of Data Rows : 1
REF_CODE_240
v(n0) = 1.021848149587758e+00
i(vref) = -4.93623519719604e-06
i(vdd) = -4.53787077359102e-11
Doing analysis at TEMP = 27.000000 and TNOM = 27.000000


No. of Data Rows : 1
REF_CODE_241
v(n0) = 1.026132372056595e+00
i(vref) = -8.43374566794120e-06
i(vdd) = -4.29836444215681e-11
Doing analysis at TEMP = 27.000000 and TNOM = 27.000000


No. of Data Rows : 1
REF_CODE_242
v(n0) = 1.030416500558595e+00
i(vref) = -7.94546517684118e-06
i(vdd) = -4.29823884817715e-11
Doing analysis at TEMP = 27.000000 and TNOM = 27.000000


No. of Data Rows : 1
REF_CODE_243
v(n0) = 1.034710467243928e+00
i(vref) = -9.45412566017659e-06
i(vdd) = -4.05864092334340e-11
Doing analysis at TEMP = 27.000000 and TNOM = 27.000000


No. of Data Rows : 1
REF_CODE_244
v(n0) = 1.038986996958206e+00
i(vref) = -6.96878365243213e-06
i(vdd) = -4.29813129532164e-11
Doing analysis at TEMP = 27.000000 and TNOM = 27.000000


No. of Data Rows : 1
REF_CODE_245
v(n0) = 1.043279320038418e+00
i(vref) = -9.47125140507150e-06
i(vdd) = -4.05856251384229e-11
Doing analysis at TEMP = 27.000000 and TNOM = 27.000000


No. of Data Rows : 1
REF_CODE_246
v(n0) = 1.047574788188065e+00
i(vref) = -7.98718819674364e-06
i(vdd) = -4.05827524363467e-11
Doing analysis at TEMP = 27.000000 and TNOM = 27.000000


No. of Data Rows : 1
REF_CODE_247
v(n0) = 1.051876821817016e+00
i(vref) = -8.49777361494218e-06
i(vdd) = -3.81851980590930e-11
Doing analysis at TEMP = 27.000000 and TNOM = 27.000000


No. of Data Rows : 1
REF_CODE_248
v(n0) = 1.056142394501619e+00
i(vref) = -5.01345841700998e-06
i(vdd) = -4.29781280009145e-11
Doing analysis at TEMP = 27.000000 and TNOM = 27.000000


No. of Data Rows : 1
REF_CODE_249
v(n0) = 1.060433865703415e+00
i(vref) = -8.01231391848773e-06
i(vdd) = -4.05835712258273e-11
Doing analysis at TEMP = 27.000000 and TNOM = 27.000000


No. of Data Rows : 1
REF_CODE_250
v(n0) = 1.064726867881903e+00
i(vref) = -7.02519763425637e-06
i(vdd) = -4.05814132298232e-11
Doing analysis at TEMP = 27.000000 and TNOM = 27.000000


No. of Data Rows : 1
REF_CODE_251
v(n0) = 1.069028072840105e+00
i(vref) = -8.03387295127329e-06
i(vdd) = -3.81848858088674e-11
Doing analysis at TEMP = 27.000000 and TNOM = 27.000000


No. of Data Rows : 1
REF_CODE_252
v(n0) = 1.073319961718665e+00
i(vref) = -5.05001158104522e-06
i(vdd) = -4.05789846169569e-11
Doing analysis at TEMP = 27.000000 and TNOM = 27.000000


No. of Data Rows : 1
REF_CODE_253
v(n0) = 1.077619499201777e+00
i(vref) = -7.05249789154398e-06
i(vdd) = -3.81828943463169e-11
Doing analysis at TEMP = 27.000000 and TNOM = 27.000000


No. of Data Rows : 1
REF_CODE_254
v(n0) = 1.081923808196484e+00
i(vref) = -5.06789461780836e-06
i(vdd) = -3.81800216442407e-11
Doing analysis at TEMP = 27.000000 and TNOM = 27.000000


No. of Data Rows : 1
REF_CODE_255
v(n0) = 1.086233045864524e+00
i(vref) = -5.07717510195402e-06
i(vdd) = -3.57823284891090e-11
ngspice-36 done
