
Compatibility modes selected: hs a


Circuit: * signed small-signal extracted latch diagnostic, no structural mos substitution.

option SCALE: Scale is set to 1e-06 for instance and model parameters
option SCALE: Scale is set to 1e-06 for instance and model parameters
Doing analysis at TEMP = 27.000000 and TNOM = 27.000000

Warning: veval: no DC value, transient time 0 value used
Warning: vreset: no DC value, transient time 0 value used

Initial Transient Solution
--------------------------

Node                                   Voltage
----                                   -------
vdd                                       1.75
vdd_active                                 1.8
vss                                          0
sense_p                               0.899875
sense_n                               0.900125
iso_tail                              0.176131
latch_sense_p                           1.1013
latch_sense_n                           1.0987
reset                                        0
eval                                         0
out_p                                     1.75
out_n                                     1.75
tail                                   1.33263
veval#branch                                 0
vreset#branch                                0
vn#branch                                    0
vp#branch                                    0
vss#branch                         1.69973e-11
vactive#branch                          -4e-06
vdd#branch                        -1.41497e-11


No. of Data Rows : 1052

  Measurements for Transient Analysis

op_final            =  3.994470e-02
on_final            =  6.406605e-01
lp_before           =  1.101302e+00
ln_before           =  1.098698e+00

binary raw file "waveform.raw"
Doing analysis at TEMP = 27.000000 and TNOM = 27.000000

Warning: veval: no DC value, transient time 0 value used
Warning: vreset: no DC value, transient time 0 value used

Initial Transient Solution
--------------------------

Node                                   Voltage
----                                   -------
vdd                                       1.75
vdd_active                                 1.8
vss                                          0
sense_p                               0.899875
sense_n                               0.900125
iso_tail                              0.183087
latch_sense_p                       0.00968875
latch_sense_n                       0.00976086
reset                                        0
eval                                         0
out_p                                 0.637658
out_n                                 0.637659
tail                                 0.0347297
veval#branch                       -0.00118442
vreset#branch                       0.00215603
vn#branch                         -0.000758514
vp#branch                         -0.000758326
vss#branch                          0.00565561
vactive#branch                     -0.00223979
vdd#branch                         -0.00287459


No. of Data Rows : 1055

  Measurements for Transient Analysis

op_final            =  1.467918e-02
on_final            =  1.240714e+00
lp_before           =  8.724647e-01
ln_before           =  8.704153e-01


Total analysis time (seconds) = 0.217

Total elapsed time (seconds) = 0.590 

Total DRAM available = 7943.238 MB.
DRAM currently available =  967.184 MB.
Maximum ngspice program size =   56.660 MB.
Current ngspice program size =   40.875 MB.

Shared ngspice pages =   10.375 MB.
Text (code) pages =    5.316 MB.
Stack = 0 bytes.
Library pages =   38.711 MB.

