
Circuit 1 cell sky130_fd_pr__nfet_01v8 and Circuit 2 cell sky130_fd_pr__nfet_01v8 are black boxes.
Warning: Equate pins:  cell sky130_fd_pr__nfet_01v8 is a placeholder, treated as a black box.
Warning: Equate pins:  cell sky130_fd_pr__nfet_01v8 is a placeholder, treated as a black box.

Subcircuit pins:
Circuit 1: sky130_fd_pr__nfet_01v8         |Circuit 2: sky130_fd_pr__nfet_01v8         
-------------------------------------------|-------------------------------------------
1                                          |1                                          
2                                          |2                                          
3                                          |3                                          
4                                          |4                                          
---------------------------------------------------------------------------------------
Cell pin lists are equivalent.
Device classes sky130_fd_pr__nfet_01v8 and sky130_fd_pr__nfet_01v8 are equivalent.

Subcircuit summary:
Circuit 1: preamp_port_candidate           |Circuit 2: preamp_port_candidate           
-------------------------------------------|-------------------------------------------
sky130_fd_pr__nfet_01v8 (2)                |sky130_fd_pr__nfet_01v8 (2)                
Number of devices: 2                       |Number of devices: 2                       
Number of nets: 6                          |Number of nets: 6                          
---------------------------------------------------------------------------------------
Resolving symmetries by property value.
Resolving symmetries by pin name.
Netlists match uniquely.

Subcircuit pins:
Circuit 1: preamp_port_candidate           |Circuit 2: preamp_port_candidate           
-------------------------------------------|-------------------------------------------
latch_sense_p_ext                          |latch_sense_p_ext                          
latch_sense_n_ext                          |latch_sense_n_ext                          
row_drive                                  |row_drive                                  
sar_comparator_input                       |sar_comparator_input                       
preamp_iso_tail_ext                        |preamp_iso_tail_ext                        
vss_escape                                 |vss_escape                                 
---------------------------------------------------------------------------------------
Cell pin lists are equivalent.
Device classes preamp_port_candidate and preamp_port_candidate are equivalent.

Final result: Circuits match uniquely.
.
