
Compatibility modes selected: hs a


Circuit: * signed small-signal extracted latch diagnostic, no structural mos substitution.

option SCALE: Scale is set to 1e-06 for instance and model parameters
option SCALE: Scale is set to 1e-06 for instance and model parameters
Doing analysis at TEMP = 27.000000 and TNOM = 27.000000

Warning: veval: no DC value, transient time 0 value used
Warning: vreset: no DC value, transient time 0 value used

Initial Transient Solution
--------------------------

Node                                   Voltage
----                                   -------
vdd                                        1.8
vdd_active                                 1.8
vss                                          0
sense_p                                0.90025
sense_n                                0.89975
iso_tail                              0.176131
latch_sense_p                           1.0974
latch_sense_n                           1.1026
reset                                        0
eval                                         0
out_p                                      1.8
out_n                                      1.8
tail                                   1.37524
veval#branch                                 0
vreset#branch                                0
vn#branch                                    0
vp#branch                                    0
vss#branch                         1.74136e-11
vactive#branch                    -2.55465e-17
vdd#branch                        -4.00002e-06


No. of Data Rows : 1047

  Measurements for Transient Analysis

op_final            =  1.069789e+00
on_final            =  1.600061e-02
lp_before           =  1.097396e+00
ln_before           =  1.102604e+00

binary raw file "waveform.raw"
Doing analysis at TEMP = 27.000000 and TNOM = 27.000000

Warning: veval: no DC value, transient time 0 value used
Warning: vreset: no DC value, transient time 0 value used

Initial Transient Solution
--------------------------

Node                                   Voltage
----                                   -------
vdd                                        1.8
vdd_active                                 1.8
vss                                          0
sense_p                                0.90025
sense_n                                0.89975
iso_tail                              0.169742
latch_sense_p                        0.0152475
latch_sense_n                        0.0150972
reset                                        0
eval                                         0
out_p                                 0.651977
out_n                                 0.651975
tail                                 0.0313475
veval#branch                      -0.000683569
vreset#branch                       0.00127251
vn#branch                         -0.000431456
vp#branch                         -0.000431672
vss#branch                          0.00327646
vactive#branch                     -0.00126151
vdd#branch                         -0.00174477


No. of Data Rows : 1055

  Measurements for Transient Analysis

op_final            =  1.297158e+00
on_final            =  1.390861e-02
lp_before           =  8.682558e-01
ln_before           =  8.721904e-01


Total analysis time (seconds) = 1.53

Total elapsed time (seconds) = 2.419 

Total DRAM available = 7943.238 MB.
DRAM currently available =  115.285 MB.
Maximum ngspice program size =   56.656 MB.
Current ngspice program size =   40.875 MB.

Shared ngspice pages =   10.375 MB.
Text (code) pages =    5.316 MB.
Stack = 0 bytes.
Library pages =   38.707 MB.

