
No compatibility mode selected!


Circuit: * extracted active converter macro decision-boundary transient.

Doing analysis at TEMP = 27.000000 and TNOM = 27.000000


Initial Transient Solution
--------------------------

Node                                   Voltage
----                                   -------
vss                                          0
vdd                                        1.8
row_drive                             0.899924
sar_comparator_input                  0.900076
reset                                        0
eval                                         0
vss_escape                                   0
vdd_uq0                                    1.8
vdd_ext                               -0.61887
latch_sense_p_ext                    -0.618896
latch_sense_n_ext                    -0.618896
iso_tail_ext                         -0.620903
tail_ext                             -0.018976
decision_p                           -0.251795
decision_n                           -0.243853
xu.shared_converter_mux_0/vdd         0.136855
xu.row_dac_10b_0/vdd                  0.891812
xu.sar_readout_12b_0/vss             -0.418656
xu.shared_converter_mux_0/vss         0.161464
xu.shared_converter_mux_0/mux_bus        0.161381
xu.sar_readout_12b_0/vdd             -0.375219
xu.row_dac_10b_0/vss                  0.891711
vddu#branch                                  0
vssx#branch                       -3.99999e-06
veval#branch                      -1.31929e-13
vreset#branch                     -2.12155e-12
vcomp#branch                      -1.33082e-15
vrow#branch                       -1.76086e-12
vdd#branch                        -1.32349e-22
vss#branch                         -3.6976e-13


No. of Data Rows : 1822

  Measurements for Transient Analysis

decision_p_v        =  -2.214793e-01
decision_n_v        =  -2.191830e-01
decision_diff_v     =  2.29623e-03
supply_charge_c     =   -3.25073e-26 from=  0.00000e+00 to=  1.80000e-08

Doing analysis at TEMP = 27.000000 and TNOM = 27.000000


Initial Transient Solution
--------------------------

Node                                   Voltage
----                                   -------
vss                                          0
vdd                                        1.8
row_drive                             0.899924
sar_comparator_input                  0.900076
reset                                        0
eval                                         0
vss_escape                                   0
vdd_uq0                                    1.8
vdd_ext                              -0.228045
latch_sense_p_ext                     -0.23705
latch_sense_n_ext                    -0.237024
iso_tail_ext                          0.224349
tail_ext                            0.00229877
decision_p                           -0.121947
decision_n                           -0.121947
xu.shared_converter_mux_0/vdd                0
xu.row_dac_10b_0/vdd                         0
xu.sar_readout_12b_0/vss                     0
xu.shared_converter_mux_0/vss                0
xu.shared_converter_mux_0/mux_bus               0
xu.sar_readout_12b_0/vdd                     0
xu.row_dac_10b_0/vss                         0
vddu#branch                                  0
vssx#branch                         0.00403157
veval#branch                       -0.00160978
vreset#branch                      0.000106525
vcomp#branch                       -0.00126624
vrow#branch                        -0.00126607
vdd#branch                                   0
vss#branch                                   0


No. of Data Rows : 1822

  Measurements for Transient Analysis

decision_p_v        =  -1.168925e-01
decision_n_v        =  -1.189505e-01
decision_diff_v     =  2.29623e-03
supply_charge_c     =   -3.24763e-26 from=  0.00000e+00 to=  1.80000e-08


Total analysis time (seconds) = 0.965

Total elapsed time (seconds) = 110.787 

Total DRAM available = 7943.230 MB.
DRAM currently available =  315.617 MB.
Maximum ngspice program size =  682.164 MB.
Current ngspice program size =  665.500 MB.

Shared ngspice pages =    9.625 MB.
Text (code) pages =    5.316 MB.
Stack = 0 bytes.
Library pages =  664.215 MB.

