
Compatibility modes selected: hs a


Circuit: * signed small-signal extracted latch diagnostic, no structural mos substitution.

option SCALE: Scale is set to 1e-06 for instance and model parameters
option SCALE: Scale is set to 1e-06 for instance and model parameters
Doing analysis at TEMP = 27.000000 and TNOM = 27.000000

Warning: veval: no DC value, transient time 0 value used
Warning: vreset: no DC value, transient time 0 value used

Initial Transient Solution
--------------------------

Node                                   Voltage
----                                   -------
vdd                                       1.75
vdd_active                                 1.8
vss                                          0
sense_p                                  0.895
sense_n                                  0.905
iso_tail                              0.176233
latch_sense_p                          1.15201
latch_sense_n                          1.04799
reset                                        0
eval                                         0
out_p                                     1.75
out_n                                     1.75
tail                                   1.33263
veval#branch                                 0
vreset#branch                                0
vn#branch                                    0
vp#branch                                    0
vss#branch                         1.70804e-11
vactive#branch                          -4e-06
vdd#branch                        -1.41497e-11


No. of Data Rows : 1052

  Measurements for Transient Analysis

op_final            =  1.301137e-02
on_final            =  1.353525e+00
lp_before           =  1.152011e+00
ln_before           =  1.047988e+00

binary raw file "waveform.raw"
Doing analysis at TEMP = 27.000000 and TNOM = 27.000000

Warning: veval: no DC value, transient time 0 value used
Warning: vreset: no DC value, transient time 0 value used

Initial Transient Solution
--------------------------

Node                                   Voltage
----                                   -------
vdd                                       1.75
vdd_active                                 1.8
vss                                          0
sense_p                                  0.895
sense_n                                  0.905
iso_tail                              0.187165
latch_sense_p                       0.00756781
latch_sense_n                        0.0104199
reset                                        0
eval                                         0
out_p                                 0.635863
out_n                                 0.635902
tail                                 0.0366902
veval#branch                       -0.00141521
vreset#branch                       0.00259349
vn#branch                          -0.00091614
vp#branch                         -0.000907107
vss#branch                          0.00676762
vactive#branch                     -0.00268911
vdd#branch                         -0.00343755


No. of Data Rows : 1056

  Measurements for Transient Analysis

op_final            =  1.139330e-02
on_final            =  1.438064e+00
lp_before           =  9.132916e-01
ln_before           =  8.309235e-01


Total analysis time (seconds) = 0.16

Total elapsed time (seconds) = 0.530 

Total DRAM available = 7943.238 MB.
DRAM currently available = 1033.812 MB.
Maximum ngspice program size =   56.656 MB.
Current ngspice program size =   40.625 MB.

Shared ngspice pages =   10.250 MB.
Text (code) pages =    5.316 MB.
Stack = 0 bytes.
Library pages =   38.707 MB.

