Warning: You are sending unauthenticated requests to the HF Hub. Please set a HF_TOKEN to enable higher rate limits and faster downloads.
Loading weights:   0%|          | 0/76 [00:00<?, ?it/s]Loading weights: 100%|██████████| 76/76 [00:00<00:00, 8843.34it/s]
{"status": "failed", "checks": {"two_shape_classes": true, "four_requests": true, "all_http_ok": true, "all_eight_tokens": false, "token_parity": false, "drained": true, "two_recaptures": false}}
terminate called after throwing an instance of 'c10::Error'
  what():  The graph should be registered to the state
Exception raised from unregister_graph at /pytorch/aten/src/ATen/cuda/CUDAGeneratorImpl.cpp:162 (most recent call first):
frame #0: c10::Error::Error(c10::SourceLocation, std::__cxx11::basic_string<char, std::char_traits<char>, std::allocator<char> >) + 0x9d (0x7d6827d7205d in /usr/local/lib/python3.13/dist-packages/torch/lib/libc10.so)
frame #1: c10::detail::torchCheckFail(char const*, char const*, unsigned int, char const*) + 0x69 (0x7d6827d067d3 in /usr/local/lib/python3.13/dist-packages/torch/lib/libc10.so)
frame #2: <unknown function> + 0xefbe5f (0x7d674ece4e5f in /usr/local/lib/python3.13/dist-packages/torch/lib/libtorch_cuda.so)
frame #3: at::cuda::CUDAGraph::~CUDAGraph() + 0x4c (0x7d674ece8a3c in /usr/local/lib/python3.13/dist-packages/torch/lib/libtorch_cuda.so)
frame #4: <unknown function> + 0xe738e2 (0x7d6799c128e2 in /usr/local/lib/python3.13/dist-packages/torch/lib/libtorch_python.so)
frame #5: <unknown function> + 0x403347 (0x7d67991a2347 in /usr/local/lib/python3.13/dist-packages/torch/lib/libtorch_python.so)
frame #6: <unknown function> + 0xe73d31 (0x7d6799c12d31 in /usr/local/lib/python3.13/dist-packages/torch/lib/libtorch_python.so)
frame #7: <unknown function> + 0x4118b1 (0x7d67991b08b1 in /usr/local/lib/python3.13/dist-packages/torch/lib/libtorch_python.so)
frame #8: <unknown function> + 0x41225e (0x7d67991b125e in /usr/local/lib/python3.13/dist-packages/torch/lib/libtorch_python.so)
frame #9: python3() [0x5ce87f]
frame #10: python3() [0x5ce142]
frame #11: python3() [0x5ce142]
frame #12: python3() [0x5ce142]
frame #13: python3() [0x56c45b]
frame #14: python3() [0x56d4ef]
<omitting python frames>
frame #16: python3() [0x5f0f34]
frame #17: python3() [0x44c614]
frame #19: python3() [0x448cf5]
frame #20: python3() [0x59156b]
frame #22: python3() [0x6638c7]
frame #24: python3() [0x4457d4]
frame #26: python3() [0x668025]
frame #27: python3() [0x58a7eb]
frame #28: python3() [0x43fe09]
frame #29: python3() [0x59156b]
frame #31: python3() [0x6638c7]
frame #33: python3() [0x4457d4]
frame #35: python3() [0x668025]
frame #36: python3() [0x58a7eb]
frame #37: python3() [0x43fe09]
frame #38: python3() [0x59156b]
frame #40: python3() [0x6638c7]
frame #42: python3() [0x4457d4]
frame #44: python3() [0x668025]
frame #45: python3() [0x58a7eb]
frame #46: python3() [0x43fe09]
frame #47: python3() [0x59156b]
frame #49: python3() [0x6638c7]
frame #51: python3() [0x4457d4]
frame #53: python3() [0x668025]
frame #54: python3() [0x58a7eb]
frame #55: python3() [0x43fe09]
frame #56: python3() [0x59156b]
frame #58: python3() [0x6638c7]
frame #60: python3() [0x4457d4]
frame #62: python3() [0x668025]

$ python run_static_graph_http.py --model-id EleutherAI/pythia-70m --revision a39f36b100fe8a5377810d56c3f4789b9c53ac42 --output reports/static-graph-http.json
