
Magic 8.3 revision 682 - Compiled on Sun Aug 30 07:01:46 PDT 2026.
Starting magic under Tcl interpreter
Using the terminal as the console.
WARNING: RLIMIT_NOFILE is above 1024 and Tcl_Version<9 this may cause runtime issues [rlim_cur=1048576]
Using NULL graphics device.
Processing system .magicrc file
Switching to WIRING tool.
Switching to NETLIST tool.
Switching to PICK tool.
Switching to BOX tool.
Sourcing design .magicrc for technology sky130A ...
2 Magic internal units = 1 Lambda
Input style sky130(): scaleFactor=2, multiplier=2
The following types are not handled by extraction and will be treated as non-electrical types:
    ubm 
Scaled tech values by 2 / 1 to match internal grid scaling
Loading sky130A Device Generator Menu ...
Loading "/home/mehtama1/git-repo/ai-hardware-analysis/analog-digital-chip-design-eda/evidence/aimc-simulator-adapters/active-converter-macro-candidate/two-single-preamp-parent-wired-20260913T463000Z/hierarchical-binding/extract-hierarchical.tcl" from command line.
Cell aimc_converter_macro_active_candidate read from path /home/mehtama1/git-repo/ai-hardware-analysis/analog-digital-chip-design-eda/evidence/aimc-simulator-adapters/active-converter-macro-candidate/two-single-preamp-parent-wired-20260913T463000Z
Scaled magic input cell aimc_converter_macro_active_candidate geometry by factor of 2
Cell preamp_n_nfet read from path /home/mehtama1/git-repo/ai-hardware-analysis/analog-digital-chip-design-eda/evidence/aimc-simulator-adapters/active-converter-macro-candidate/two-single-preamp-parent-wired-20260913T463000Z
Scaled magic input cell preamp_n_nfet geometry by factor of 2
Cell preamp_p_nfet read from path /home/mehtama1/git-repo/ai-hardware-analysis/analog-digital-chip-design-eda/evidence/aimc-simulator-adapters/active-converter-macro-candidate/two-single-preamp-parent-wired-20260913T463000Z
Scaled magic input cell preamp_p_nfet geometry by factor of 2
Cell escaped_input_latch read from path /home/mehtama1/git-repo/ai-hardware-analysis/analog-digital-chip-design-eda/evidence/aimc-simulator-adapters/active-converter-macro-candidate/two-single-preamp-parent-wired-20260913T463000Z
Scaled magic input cell escaped_input_latch geometry by factor of 2
Cell shared_converter_mux read from path /home/mehtama1/git-repo/ai-hardware-analysis/analog-digital-chip-design-eda/evidence/aimc-simulator-adapters/active-converter-macro-candidate/two-single-preamp-parent-wired-20260913T463000Z
Scaled magic input cell shared_converter_mux geometry by factor of 2
Cell sar_readout_12b read from path /home/mehtama1/git-repo/ai-hardware-analysis/analog-digital-chip-design-eda/evidence/aimc-simulator-adapters/active-converter-macro-candidate/two-single-preamp-parent-wired-20260913T463000Z
Scaled magic input cell sar_readout_12b geometry by factor of 2
Cell row_dac_10b read from path /home/mehtama1/git-repo/ai-hardware-analysis/analog-digital-chip-design-eda/evidence/aimc-simulator-adapters/active-converter-macro-candidate/two-single-preamp-parent-wired-20260913T463000Z
Scaled magic input cell row_dac_10b geometry by factor of 2
Processing timestamp mismatches.
Timestamp mismatches found in these cells: escaped_input_latch, shared_converter_mux, sar_readout_12b, row_dac_10b.
Total DRC errors found: 0
Extracting escaped_input_latch into /home/mehtama1/git-repo/ai-hardware-analysis/analog-digital-chip-design-eda/evidence/aimc-simulator-adapters/active-converter-macro-candidate/two-single-preamp-parent-wired-20260913T463000Z/escaped_input_latch.ext:
Processing escaped_input_latch
Extracting shared_converter_mux into /home/mehtama1/git-repo/ai-hardware-analysis/analog-digital-chip-design-eda/evidence/aimc-simulator-adapters/active-converter-macro-candidate/two-single-preamp-parent-wired-20260913T463000Z/shared_converter_mux.ext:
Processing shared_converter_mux
Extracting sar_readout_12b into /home/mehtama1/git-repo/ai-hardware-analysis/analog-digital-chip-design-eda/evidence/aimc-simulator-adapters/active-converter-macro-candidate/two-single-preamp-parent-wired-20260913T463000Z/sar_readout_12b.ext:
Processing sar_readout_12b
Extracting row_dac_10b into /home/mehtama1/git-repo/ai-hardware-analysis/analog-digital-chip-design-eda/evidence/aimc-simulator-adapters/active-converter-macro-candidate/two-single-preamp-parent-wired-20260913T463000Z/row_dac_10b.ext:
Processing row_dac_10b
Extracting preamp_n_nfet into /home/mehtama1/git-repo/ai-hardware-analysis/analog-digital-chip-design-eda/evidence/aimc-simulator-adapters/active-converter-macro-candidate/two-single-preamp-parent-wired-20260913T463000Z/preamp_n_nfet.ext:
Processing preamp_n_nfet
Extracting preamp_p_nfet into /home/mehtama1/git-repo/ai-hardware-analysis/analog-digital-chip-design-eda/evidence/aimc-simulator-adapters/active-converter-macro-candidate/two-single-preamp-parent-wired-20260913T463000Z/preamp_p_nfet.ext:
Processing preamp_p_nfet
Extracting aimc_converter_macro_active_candidate into /home/mehtama1/git-repo/ai-hardware-analysis/analog-digital-chip-design-eda/evidence/aimc-simulator-adapters/active-converter-macro-candidate/two-single-preamp-parent-wired-20260913T463000Z/aimc_converter_macro_active_candidate.ext:
Processing aimc_converter_macro_active_candidate
exttospice finished.
