
Compatibility modes selected: hs a


Circuit: * signed small-signal extracted latch diagnostic, no structural mos substitution.

option SCALE: Scale is set to 1e-06 for instance and model parameters
option SCALE: Scale is set to 1e-06 for instance and model parameters
Doing analysis at TEMP = 27.000000 and TNOM = 27.000000

Warning: veval: no DC value, transient time 0 value used
Warning: vreset: no DC value, transient time 0 value used

Initial Transient Solution
--------------------------

Node                                   Voltage
----                                   -------
vdd                                        1.8
vdd_active                                 1.8
vss                                          0
sense_p                                 0.9025
sense_n                                 0.8975
iso_tail                              0.178834
latch_sense_p                           1.5921
latch_sense_n                          1.60788
reset                                        0
eval                                         0
out_p                                      1.8
out_n                                      1.8
tail                                   1.41277
veval#branch                                 0
vreset#branch                                0
vn#branch                                    0
vp#branch                                    0
vss#branch                         1.49842e-10
vactive#branch                    -4.00013e-06
vdd#branch                        -1.50218e-11


No. of Data Rows : 1049

  Measurements for Transient Analysis

op_final            =  1.125954e-01
on_final            =  1.111797e-01
lp_before           =  1.594676e+00
ln_before           =  1.610460e+00

binary raw file "waveform.raw"
Doing analysis at TEMP = 27.000000 and TNOM = 27.000000

Warning: veval: no DC value, transient time 0 value used
Warning: vreset: no DC value, transient time 0 value used

Initial Transient Solution
--------------------------

Node                                   Voltage
----                                   -------
vdd                                        1.8
vdd_active                                 1.8
vss                                          0
sense_p                                 0.9025
sense_n                                 0.8975
iso_tail                              0.134484
latch_sense_p                        -0.175905
latch_sense_n                        -0.176951
reset                                        0
eval                                         0
out_p                                 0.307464
out_n                                 0.307442
tail                                 0.0143847
veval#branch                      -0.000533144
vreset#branch                      0.000978828
vn#branch                         -0.000394105
vp#branch                         -0.000395862
vss#branch                          0.00427657
vactive#branch                     -0.00244302
vdd#branch                         -0.00149326


No. of Data Rows : 1051

  Measurements for Transient Analysis

op_final            =  1.152427e-01
on_final            =  1.135234e-01
lp_before           =  1.177784e+00
ln_before           =  1.188898e+00


Total analysis time (seconds) = 0.175

Total elapsed time (seconds) = 0.537 

Total DRAM available = 7943.230 MB.
DRAM currently available = 1126.805 MB.
Maximum ngspice program size =   56.652 MB.
Current ngspice program size =   40.875 MB.

Shared ngspice pages =   10.625 MB.
Text (code) pages =    5.316 MB.
Stack = 0 bytes.
Library pages =   38.703 MB.

