
Circuit 1 cell sky130_fd_pr__nfet_01v8 and Circuit 2 cell sky130_fd_pr__nfet_01v8 are black boxes.
Warning: Equate pins:  cell sky130_fd_pr__nfet_01v8 is a placeholder, treated as a black box.
Warning: Equate pins:  cell sky130_fd_pr__nfet_01v8 is a placeholder, treated as a black box.

Subcircuit pins:
Circuit 1: sky130_fd_pr__nfet_01v8         |Circuit 2: sky130_fd_pr__nfet_01v8         
-------------------------------------------|-------------------------------------------
1                                          |1                                          
2                                          |2                                          
3                                          |3                                          
4                                          |4                                          
---------------------------------------------------------------------------------------
Cell pin lists are equivalent.
Device classes sky130_fd_pr__nfet_01v8 and sky130_fd_pr__nfet_01v8 are equivalent.

Circuit 1 cell sky130_fd_pr__pfet_01v8_hvt and Circuit 2 cell sky130_fd_pr__pfet_01v8_hvt are black boxes.
Warning: Equate pins:  cell sky130_fd_pr__pfet_01v8_hvt is a placeholder, treated as a black box.
Warning: Equate pins:  cell sky130_fd_pr__pfet_01v8_hvt is a placeholder, treated as a black box.

Subcircuit pins:
Circuit 1: sky130_fd_pr__pfet_01v8_hvt     |Circuit 2: sky130_fd_pr__pfet_01v8_hvt     
-------------------------------------------|-------------------------------------------
1                                          |1                                          
2                                          |2                                          
3                                          |3                                          
4                                          |4                                          
---------------------------------------------------------------------------------------
Cell pin lists are equivalent.
Device classes sky130_fd_pr__pfet_01v8_hvt and sky130_fd_pr__pfet_01v8_hvt are equivalent.

Circuit 1 cell sky130_fd_pr__pfet_01v8 and Circuit 2 cell sky130_fd_pr__pfet_01v8 are black boxes.
Warning: Equate pins:  cell sky130_fd_pr__pfet_01v8 is a placeholder, treated as a black box.
Warning: Equate pins:  cell sky130_fd_pr__pfet_01v8 is a placeholder, treated as a black box.

Subcircuit pins:
Circuit 1: sky130_fd_pr__pfet_01v8         |Circuit 2: sky130_fd_pr__pfet_01v8         
-------------------------------------------|-------------------------------------------
1                                          |1                                          
2                                          |2                                          
3                                          |3                                          
4                                          |4                                          
---------------------------------------------------------------------------------------
Cell pin lists are equivalent.
Device classes sky130_fd_pr__pfet_01v8 and sky130_fd_pr__pfet_01v8 are equivalent.

Circuit 1 cell sky130_fd_pr__cap_mim_m3_1 and Circuit 2 cell sky130_fd_pr__cap_mim_m3_1 are black boxes.
Warning: Equate pins:  cell sky130_fd_pr__cap_mim_m3_1 is a placeholder, treated as a black box.
Warning: Equate pins:  cell sky130_fd_pr__cap_mim_m3_1 is a placeholder, treated as a black box.

Subcircuit pins:
Circuit 1: sky130_fd_pr__cap_mim_m3_1      |Circuit 2: sky130_fd_pr__cap_mim_m3_1      
-------------------------------------------|-------------------------------------------
1                                          |1                                          
2                                          |2                                          
---------------------------------------------------------------------------------------
Cell pin lists are equivalent.
Device classes sky130_fd_pr__cap_mim_m3_1 and sky130_fd_pr__cap_mim_m3_1 are equivalent.

Circuit 1 cell sky130_fd_pr__special_nfet_01v8 and Circuit 2 cell sky130_fd_pr__special_nfet_01v8 are black boxes.
Warning: Equate pins:  cell sky130_fd_pr__special_nfet_01v8 is a placeholder, treated as a black box.
Warning: Equate pins:  cell sky130_fd_pr__special_nfet_01v8 is a placeholder, treated as a black box.

Subcircuit pins:
Circuit 1: sky130_fd_pr__special_nfet_01v8 |Circuit 2: sky130_fd_pr__special_nfet_01v8 
-------------------------------------------|-------------------------------------------
1                                          |1                                          
2                                          |2                                          
3                                          |3                                          
4                                          |4                                          
---------------------------------------------------------------------------------------
Cell pin lists are equivalent.
Device classes sky130_fd_pr__special_nfet_01v8 and sky130_fd_pr__special_nfet_01v8 are equivalent.

Class combined_latch_capture (0):  Merged 2 parallel devices.
Subcircuit summary:
Circuit 1: combined_latch_capture          |Circuit 2: combined_latch_capture          
-------------------------------------------|-------------------------------------------
sky130_fd_pr__nfet_01v8 (17)               |sky130_fd_pr__nfet_01v8 (17)               
sky130_fd_pr__pfet_01v8_hvt (12)           |sky130_fd_pr__pfet_01v8_hvt (12)           
sky130_fd_pr__pfet_01v8 (7)                |sky130_fd_pr__pfet_01v8 (7)                
sky130_fd_pr__cap_mim_m3_1 (4->2)          |sky130_fd_pr__cap_mim_m3_1 (4) **Mismatch* 
sky130_fd_pr__special_nfet_01v8 (4)        |sky130_fd_pr__special_nfet_01v8 (4)        
Number of devices: 42 **Mismatch**         |Number of devices: 44 **Mismatch**         
Number of nets: 27 **Mismatch**            |Number of nets: 30 **Mismatch**            
---------------------------------------------------------------------------------------
NET mismatches: Class fragments follow (with fanout counts):
Circuit 1: combined_latch_capture          |Circuit 2: combined_latch_capture          

---------------------------------------------------------------------------------------
Net: vss                                   |Net: vss                                   
  sky130_fd_pr__nfet_01v8/(1|3) = 12       |  sky130_fd_pr__nfet_01v8/(1|3) = 11       
  sky130_fd_pr__nfet_01v8/4 = 17           |  sky130_fd_pr__nfet_01v8/4 = 17           
  sky130_fd_pr__special_nfet_01v8/4 = 4    |  sky130_fd_pr__special_nfet_01v8/4 = 4    
  sky130_fd_pr__cap_mim_m3_1/2 = 2         |  sky130_fd_pr__cap_mim_m3_1/2 = 2         
  sky130_fd_pr__cap_mim_m3_1/1 = 1         |                                           
  sky130_fd_pr__pfet_01v8_hvt/4 = 12       |                                           
  sky130_fd_pr__pfet_01v8_hvt/2 = 2        |                                           
  sky130_fd_pr__pfet_01v8_hvt/(1|3) = 10   |                                           
  sky130_fd_pr__nfet_01v8/2 = 2            |                                           
  sky130_fd_pr__special_nfet_01v8/(1|3) =  |                                           
  sky130_fd_pr__pfet_01v8/(1|3) = 1        |                                           
                                           |                                           
Net: a_1592_36047#                         |Net: a_1592_36047#                         
  sky130_fd_pr__nfet_01v8/(1|3) = 1        |  sky130_fd_pr__nfet_01v8/(1|3) = 1        
  sky130_fd_pr__special_nfet_01v8/(1|3) =  |  sky130_fd_pr__special_nfet_01v8/(1|3) =  
                                           |  sky130_fd_pr__cap_mim_m3_1/1 = 1         
                                           |                                           
Net: a_1561_36413#                         |Net: a_1561_36413#                         
  sky130_fd_pr__pfet_01v8_hvt/(1|3) = 2    |  sky130_fd_pr__pfet_01v8_hvt/(1|3) = 2    
                                           |  sky130_fd_pr__cap_mim_m3_1/1 = 1         
                                           |                                           
Net: a_1975_36413#                         |Net: a_1975_36413#                         
  sky130_fd_pr__pfet_01v8_hvt/(1|3) = 2    |  sky130_fd_pr__pfet_01v8_hvt/(1|3) = 2    
                                           |  sky130_fd_pr__cap_mim_m3_1/1 = 1         
                                           |                                           
Net: a_2017_36047#                         |Net: a_2017_36047#                         
  sky130_fd_pr__special_nfet_01v8/(1|3) =  |  sky130_fd_pr__special_nfet_01v8/(1|3) =  
  sky130_fd_pr__nfet_01v8/(1|3) = 1        |  sky130_fd_pr__nfet_01v8/(1|3) = 1        
                                           |  sky130_fd_pr__cap_mim_m3_1/1 = 1         
                                           |                                           
Net: a_1891_36413#                         |Net: a_1891_36413#                         
  sky130_fd_pr__pfet_01v8_hvt/(1|3) = 2    |  sky130_fd_pr__pfet_01v8_hvt/(1|3) = 2    
  sky130_fd_pr__nfet_01v8/2 = 1            |  sky130_fd_pr__nfet_01v8/2 = 1            
  sky130_fd_pr__special_nfet_01v8/(1|3) =  |  sky130_fd_pr__special_nfet_01v8/(1|3) =  
  sky130_fd_pr__pfet_01v8_hvt/2 = 1        |  sky130_fd_pr__pfet_01v8_hvt/2 = 1        
  sky130_fd_pr__cap_mim_m3_1/1 = 1         |                                           
                                           |                                           
(no matching net)                          |Net: rx_n                                  
                                           |  sky130_fd_pr__nfet_01v8/(1|3) = 1        
                                           |  sky130_fd_pr__nfet_01v8/2 = 1            
                                           |  sky130_fd_pr__pfet_01v8_hvt/2 = 1        
                                           |  sky130_fd_pr__pfet_01v8/(1|3) = 1        
                                           |                                           
(no matching net)                          |Net: a_1466_36413#                         
                                           |  sky130_fd_pr__pfet_01v8_hvt/(1|3) = 2    
                                           |  sky130_fd_pr__pfet_01v8_hvt/2 = 1        
                                           |  sky130_fd_pr__special_nfet_01v8/(1|3) =  
                                           |  sky130_fd_pr__nfet_01v8/2 = 1            
                                           |                                           
(no matching net)                          |Net: vdd_capture                           
                                           |  sky130_fd_pr__pfet_01v8_hvt/4 = 12       
                                           |  sky130_fd_pr__pfet_01v8_hvt/(1|3) = 8    
                                           |  sky130_fd_pr__cap_mim_m3_1/2 = 2         
---------------------------------------------------------------------------------------
DEVICE mismatches: Class fragments follow (with node fanout counts):
Circuit 1: combined_latch_capture          |Circuit 2: combined_latch_capture          

---------------------------------------------------------------------------------------
Instance: sky130_fd_pr__cap_mim_m3_1:13    |Instance: sky130_fd_pr__cap_mim_m3_1:CHARG 
  1 = 65                                   |  1 = 3                                    
  2 = 65                                   |  2 = 22                                   
                                           |                                           
Instance: sky130_fd_pr__cap_mim_m3_1:24    |Instance: sky130_fd_pr__cap_mim_m3_1:CHARG 
  1 = 7                                    |  1 = 3                                    
  2 = 65                                   |  2 = 22                                   
                                           |                                           
(no matching instance)                     |Instance: sky130_fd_pr__cap_mim_m3_1:CHARG 
                                           |  1 = 3                                    
                                           |  2 = 34                                   
                                           |                                           
(no matching instance)                     |Instance: sky130_fd_pr__cap_mim_m3_1:CHARG 
                                           |  1 = 3                                    
                                           |  2 = 34                                   
---------------------------------------------------------------------------------------
Netlists do not match.
Port matching may fail to disambiguate symmetries.

Subcircuit pins:
Circuit 1: combined_latch_capture          |Circuit 2: combined_latch_capture          
-------------------------------------------|-------------------------------------------
vss                                        |(no pin, node is a_1466_36413#)            
vdd                                        |vdd                                        
latch_sense_p                              |latch_sense_p                              
latch_sense_n                              |latch_sense_n                              
capture_clk                                |capture_clk                                
iso_tail                                   |iso_tail                                   
captured_q                                 |captured_q                                 
reset                                      |reset                                      
rx_p                                       |rx_p                                       
tail                                       |tail                                       
eq_reset                                   |eq_reset                                   
eval                                       |eval                                       
sense_p                                    |sense_p                                    
sense_n                                    |sense_n                                    
vdd_active                                 |vdd_active                                 
out_n                                      |out_n                                      
out_p                                      |out_p                                      
(no pin, node is a_1891_36413#)            |vss                                        
(no pin, node is a_1891_36413#)            |rx_n                                       
(no pin, node is a_1891_36413#)            |vdd_capture                                
---------------------------------------------------------------------------------------
Cell pin lists for combined_latch_capture and combined_latch_capture altered to match.
Device classes combined_latch_capture and combined_latch_capture are equivalent.

Final result: Top level cell failed pin matching.
