
Magic 8.3 revision 682 - Compiled on Sun Aug 30 07:01:46 PDT 2026.
Starting magic under Tcl interpreter
Using the terminal as the console.
WARNING: RLIMIT_NOFILE is above 1024 and Tcl_Version<9 this may cause runtime issues [rlim_cur=1048576]
Using NULL graphics device.
Processing system .magicrc file
Switching to WIRING tool.
Switching to NETLIST tool.
Switching to PICK tool.
Switching to BOX tool.
Sourcing design .magicrc for technology sky130A ...
2 Magic internal units = 1 Lambda
Input style sky130(): scaleFactor=2, multiplier=2
The following types are not handled by extraction and will be treated as non-electrical types:
    ubm 
Scaled tech values by 2 / 1 to match internal grid scaling
Loading sky130A Device Generator Menu ...
Using technology "sky130A", version 1.0.493-0-g0fe599b
Cell combined_latch_capture read from current working directory
Total DRC errors found: 0
Extracting combined_latch_capture into combined_latch_capture.ext:
Processing combined_latch_capture
combined_latch_capture: 1 warning
exttospice finished.
/home/mehtama1/eda-tools/pdks/sky130A/libs.tech/magic/sky130A.tech: line 6102: section (none):
	Unrecognized layer (type) name "pdiffcont"
/home/mehtama1/eda-tools/pdks/sky130A/libs.tech/magic/sky130A.tech: line 6102: section (none):
	Unrecognized layer (type) name "ndiffcont"
Total of 1 warning.
Warning:  Ports "vdd_capture" and "rx_n" are electrically shorted.
Warning:  Ports "vdd_capture" and "vss" are electrically shorted.
