
Compatibility modes selected: hs a


Circuit: * signed small-signal extracted latch diagnostic, no structural mos substitution.

option SCALE: Scale is set to 1e-06 for instance and model parameters
option SCALE: Scale is set to 1e-06 for instance and model parameters
Doing analysis at TEMP = 27.000000 and TNOM = 27.000000

Warning: veval: no DC value, transient time 0 value used
Warning: vreset: no DC value, transient time 0 value used

Initial Transient Solution
--------------------------

Node                                   Voltage
----                                   -------
vdd                                       1.75
vdd_active                                 1.8
vss                                          0
sense_p                                  0.905
sense_n                                  0.895
iso_tail                              0.176233
latch_sense_p                          1.04799
latch_sense_n                          1.15201
reset                                        0
eval                                         0
out_p                                     1.75
out_n                                     1.75
tail                                   1.33263
veval#branch                                 0
vreset#branch                                0
vn#branch                                    0
vp#branch                                    0
vss#branch                         1.70804e-11
vactive#branch                          -4e-06
vdd#branch                        -1.41497e-11


No. of Data Rows : 1052

  Measurements for Transient Analysis

op_final            =  1.353489e+00
on_final            =  1.301190e-02
lp_before           =  1.047988e+00
ln_before           =  1.152011e+00

binary raw file "waveform.raw"
Doing analysis at TEMP = 27.000000 and TNOM = 27.000000

Warning: veval: no DC value, transient time 0 value used
Warning: vreset: no DC value, transient time 0 value used

Initial Transient Solution
--------------------------

Node                                   Voltage
----                                   -------
vdd                                       1.75
vdd_active                                 1.8
vss                                          0
sense_p                                  0.905
sense_n                                  0.895
iso_tail                              0.187062
latch_sense_p                        0.0104328
latch_sense_n                       0.00757995
reset                                        0
eval                                         0
out_p                                 0.635941
out_n                                 0.635901
tail                                 0.0366354
veval#branch                       -0.00140885
vreset#branch                       0.00258135
vn#branch                         -0.000902882
vp#branch                         -0.000911874
vss#branch                          0.00673688
vactive#branch                     -0.00267667
vdd#branch                         -0.00342195


No. of Data Rows : 1055

  Measurements for Transient Analysis

op_final            =  1.438016e+00
on_final            =  1.139421e-02
lp_before           =  8.308942e-01
ln_before           =  9.132847e-01


Total analysis time (seconds) = 0.118

Total elapsed time (seconds) = 0.562 

Total DRAM available = 7943.238 MB.
DRAM currently available = 1046.895 MB.
Maximum ngspice program size =   56.660 MB.
Current ngspice program size =   40.750 MB.

Shared ngspice pages =   10.250 MB.
Text (code) pages =    5.316 MB.
Stack = 0 bytes.
Library pages =   38.711 MB.

