
Compatibility modes selected: hs a


Circuit: * signed small-signal extracted latch diagnostic, no structural mos substitution.

option SCALE: Scale is set to 1e-06 for instance and model parameters
option SCALE: Scale is set to 1e-06 for instance and model parameters
Reset re-loads circuit * signed small-signal extracted latch diagnostic, no structural mos substitution.

Circuit: * signed small-signal extracted latch diagnostic, no structural mos substitution.

option SCALE: Scale is set to 1e-06 for instance and model parameters
option SCALE: Scale is set to 1e-06 for instance and model parameters
Doing analysis at TEMP = 27.000000 and TNOM = 27.000000

Warning: veqreset: no DC value, transient time 0 value used
Warning: veval: no DC value, transient time 0 value used
Warning: vreset: no DC value, transient time 0 value used
Warning: vn: no DC value, transient time 0 value used
Warning: vp: no DC value, transient time 0 value used

Initial Transient Solution
--------------------------

Node                                   Voltage
----                                   -------
vdd                                       1.75
vdd_active                                 1.8
vss                                          0
sense_p                                   0.88
sense_n                                   0.92
iso_tail                              0.178747
latch_sense_p                          1.13944
latch_sense_n                          1.06056
reset                                        0
eval                                         0
eq_reset                                     0
rx_p                               8.88229e-08
out_p                                     1.75
out_n                                     1.75
rx_n                               8.87903e-08
tail                                   1.33255
veqreset#branch                              0
veval#branch                                 0
vreset#branch                                0
vn#branch                                    0
vp#branch                                    0
vss#branch                         1.07789e-10
vactive#branch                    -4.00009e-06
vdd#branch                        -1.41183e-11


No. of Data Rows : 20567

  Measurements for Transient Analysis

op_final            =  6.599306e-03
on_final            =  1.713691e+00
lp_before           =  1.255177e+00
ln_before           =  9.705355e-01

binary raw file "waveform.raw"
Doing analysis at TEMP = 27.000000 and TNOM = 27.000000

Warning: veqreset: no DC value, transient time 0 value used
Warning: veval: no DC value, transient time 0 value used
Warning: vreset: no DC value, transient time 0 value used
Warning: vn: no DC value, transient time 0 value used
Warning: vp: no DC value, transient time 0 value used

Initial Transient Solution
--------------------------

Node                                   Voltage
----                                   -------
vdd                                       1.75
vdd_active                                 1.8
vss                                          0
sense_p                                   0.88
sense_n                                   0.92
iso_tail                              0.161516
latch_sense_p                         0.440002
latch_sense_n                         0.447119
reset                                        0
eval                                         0
eq_reset                                     0
rx_p                                  0.793573
out_p                                   0.8822
out_n                                  0.88022
rx_n                                  0.788726
tail                                 0.0650835
veqreset#branch                    0.000385263
veval#branch                      -0.000872251
vreset#branch                       0.00159764
vn#branch                         -0.000471699
vp#branch                         -0.000450408
vss#branch                          0.00572904
vactive#branch                     -0.00393931
vdd#branch                         -0.00198228


No. of Data Rows : 20572

  Measurements for Transient Analysis

op_final            =  5.103673e-03
on_final            =  1.734693e+00
lp_before           =  1.071451e+00
ln_before           =  7.779204e-01


Total analysis time (seconds) = 14.448

Total elapsed time (seconds) = 15.123 

Total DRAM available = 7943.238 MB.
DRAM currently available = 1049.219 MB.
Maximum ngspice program size =   49.824 MB.
Current ngspice program size =   33.938 MB.

Shared ngspice pages =   10.250 MB.
Text (code) pages =    5.316 MB.
Stack = 0 bytes.
Library pages =   31.875 MB.

