
Compatibility modes selected: hs a


Circuit: * signed small-signal extracted latch diagnostic, no structural mos substitution.

option SCALE: Scale is set to 1e-06 for instance and model parameters
option SCALE: Scale is set to 1e-06 for instance and model parameters
Doing analysis at TEMP = 27.000000 and TNOM = 27.000000

Warning: veval: no DC value, transient time 0 value used
Warning: vreset: no DC value, transient time 0 value used

Initial Transient Solution
--------------------------

Node                                   Voltage
----                                   -------
vdd                                        1.8
vdd_active                                 1.8
vss                                          0
sense_p                                0.90025
sense_n                                0.89975
iso_tail                              0.175531
latch_sense_p                          0.99707
latch_sense_n                          1.00293
reset                                        0
eval                                         0
out_p                                      1.8
out_n                                      1.8
tail                                   1.37524
veval#branch                                 0
vreset#branch                                0
vn#branch                                    0
vp#branch                                    0
vss#branch                         1.70721e-11
vactive#branch                    -2.55465e-17
vdd#branch                        -4.00002e-06


No. of Data Rows : 1047

  Measurements for Transient Analysis

op_final            =  1.480804e+00
on_final            =  1.039233e-02
lp_before           =  9.970699e-01
ln_before           =  1.002929e+00

binary raw file "waveform.raw"
Doing analysis at TEMP = 27.000000 and TNOM = 27.000000

Warning: veval: no DC value, transient time 0 value used
Warning: vreset: no DC value, transient time 0 value used

Initial Transient Solution
--------------------------

Node                                   Voltage
----                                   -------
vdd                                        1.8
vdd_active                                 1.8
vss                                          0
sense_p                                0.90025
sense_n                                0.89975
iso_tail                              0.175877
latch_sense_p                        0.0118635
latch_sense_n                         0.011716
reset                                        0
eval                                         0
out_p                                 0.646603
out_n                                 0.646601
tail                                 0.0326084
veval#branch                      -0.000872757
vreset#branch                       0.00163342
vn#branch                         -0.000554184
vp#branch                          -0.00055446
vss#branch                          0.00417647
vactive#branch                     -0.00162229
vdd#branch                         -0.00221019


No. of Data Rows : 1050

  Measurements for Transient Analysis

op_final            =  1.567274e+00
on_final            =  8.139600e-03
lp_before           =  7.397589e-01
ln_before           =  7.437593e-01


Total analysis time (seconds) = 0.403

Total elapsed time (seconds) = 1.159 

Total DRAM available = 7943.238 MB.
DRAM currently available =  915.727 MB.
Maximum ngspice program size =   56.656 MB.
Current ngspice program size =   40.625 MB.

Shared ngspice pages =   10.250 MB.
Text (code) pages =    5.316 MB.
Stack = 0 bytes.
Library pages =   38.707 MB.

