Netgen 1.5.323 compiled on Sat Sep  5 21:40:31 PDT 2026
Warning: netgen command 'format' use fully-qualified name '::netgen::format'
Warning: netgen command 'global' use fully-qualified name '::netgen::global'
Reading netlist file /home/mehtama1/git-repo/ai-hardware-analysis/analog-digital-chip-design-eda/evidence/aimc-simulator-adapters/active-converter-macro-candidate/two-single-preamp-parent-flat-triple-short-20260913T581000Z/lvs-v1/devices.spice for /home/mehtama1/git-repo/ai-hardware-analysis/analog-digital-chip-design-eda/evidence/aimc-simulator-adapters/active-converter-macro-candidate/two-single-preamp-parent-flat-triple-short-20260913T581000Z/lvs-v1/devices.spice aimc_converter_macro_active_candidate_flat_parallel
Call to undefined subcircuit sky130_fd_pr__nfet_01v8
Creating placeholder cell definition.
Call to undefined subcircuit sky130_fd_pr__pfet_01v8
Creating placeholder cell definition.
Reading netlist file /home/mehtama1/git-repo/ai-hardware-analysis/analog-digital-chip-design-eda/evidence/aimc-simulator-adapters/active-converter-macro-candidate/two-single-preamp-parent-flat-triple-short-20260913T581000Z/lvs-v1/macro_reference.spice for /home/mehtama1/git-repo/ai-hardware-analysis/analog-digital-chip-design-eda/evidence/aimc-simulator-adapters/active-converter-macro-candidate/two-single-preamp-parent-flat-triple-short-20260913T581000Z/lvs-v1/macro_reference.spice aimc_converter_macro_active_candidate_flat_parallel
Call to undefined subcircuit sky130_fd_pr__nfet_01v8
Creating placeholder cell definition.
Call to undefined subcircuit sky130_fd_pr__pfet_01v8
Creating placeholder cell definition.

Reading setup file /home/mehtama1/eda-tools/pdks/sky130A/libs.tech/netgen/sky130A_setup.tcl

Model sky130_fd_pr__nfet_01v8 pin 1 == 3
No property mult found for device sky130_fd_pr__nfet_01v8
No property sa found for device sky130_fd_pr__nfet_01v8
No property sb found for device sky130_fd_pr__nfet_01v8
No property sd found for device sky130_fd_pr__nfet_01v8
No property nf found for device sky130_fd_pr__nfet_01v8
No property nrd found for device sky130_fd_pr__nfet_01v8
No property nrs found for device sky130_fd_pr__nfet_01v8
No property area found for device sky130_fd_pr__nfet_01v8
No property perim found for device sky130_fd_pr__nfet_01v8
No property topography found for device sky130_fd_pr__nfet_01v8
Model sky130_fd_pr__nfet_01v8 pin 1 == 3
No property as found for device sky130_fd_pr__nfet_01v8
No property ad found for device sky130_fd_pr__nfet_01v8
No property ps found for device sky130_fd_pr__nfet_01v8
No property pd found for device sky130_fd_pr__nfet_01v8
No property mult found for device sky130_fd_pr__nfet_01v8
No property sa found for device sky130_fd_pr__nfet_01v8
No property sb found for device sky130_fd_pr__nfet_01v8
No property sd found for device sky130_fd_pr__nfet_01v8
No property nf found for device sky130_fd_pr__nfet_01v8
No property nrd found for device sky130_fd_pr__nfet_01v8
No property nrs found for device sky130_fd_pr__nfet_01v8
No property area found for device sky130_fd_pr__nfet_01v8
No property perim found for device sky130_fd_pr__nfet_01v8
No property topography found for device sky130_fd_pr__nfet_01v8
Model sky130_fd_pr__pfet_01v8 pin 1 == 3
No property mult found for device sky130_fd_pr__pfet_01v8
No property sa found for device sky130_fd_pr__pfet_01v8
No property sb found for device sky130_fd_pr__pfet_01v8
No property sd found for device sky130_fd_pr__pfet_01v8
No property nf found for device sky130_fd_pr__pfet_01v8
No property nrd found for device sky130_fd_pr__pfet_01v8
No property nrs found for device sky130_fd_pr__pfet_01v8
No property area found for device sky130_fd_pr__pfet_01v8
No property perim found for device sky130_fd_pr__pfet_01v8
No property topography found for device sky130_fd_pr__pfet_01v8
Model sky130_fd_pr__pfet_01v8 pin 1 == 3
No property as found for device sky130_fd_pr__pfet_01v8
No property ad found for device sky130_fd_pr__pfet_01v8
No property ps found for device sky130_fd_pr__pfet_01v8
No property pd found for device sky130_fd_pr__pfet_01v8
No property mult found for device sky130_fd_pr__pfet_01v8
No property sa found for device sky130_fd_pr__pfet_01v8
No property sb found for device sky130_fd_pr__pfet_01v8
No property sd found for device sky130_fd_pr__pfet_01v8
No property nf found for device sky130_fd_pr__pfet_01v8
No property nrd found for device sky130_fd_pr__pfet_01v8
No property nrs found for device sky130_fd_pr__pfet_01v8
No property area found for device sky130_fd_pr__pfet_01v8
No property perim found for device sky130_fd_pr__pfet_01v8
No property topography found for device sky130_fd_pr__pfet_01v8
Comparison output logged to file /home/mehtama1/git-repo/ai-hardware-analysis/analog-digital-chip-design-eda/evidence/aimc-simulator-adapters/active-converter-macro-candidate/two-single-preamp-parent-flat-triple-short-20260913T581000Z/lvs-v1/netgen.log
Logging to file "/home/mehtama1/git-repo/ai-hardware-analysis/analog-digital-chip-design-eda/evidence/aimc-simulator-adapters/active-converter-macro-candidate/two-single-preamp-parent-flat-triple-short-20260913T581000Z/lvs-v1/netgen.log" enabled
Circuit sky130_fd_pr__nfet_01v8 contains no devices.
Circuit sky130_fd_pr__pfet_01v8 contains no devices.

Contents of circuit 1:  Circuit: 'aimc_converter_macro_active_candidate_flat_parallel'
Circuit aimc_converter_macro_active_candidate_flat_parallel contains 17 device instances.
  Class: sky130_fd_pr__pfet_01v8 instances:   4
  Class: sky130_fd_pr__nfet_01v8 instances:  13
Circuit contains 13 nets, and 2 disconnected pins.
Contents of circuit 2:  Circuit: 'aimc_converter_macro_active_candidate_flat_parallel'
Circuit aimc_converter_macro_active_candidate_flat_parallel contains 17 device instances.
  Class: sky130_fd_pr__pfet_01v8 instances:   4
  Class: sky130_fd_pr__nfet_01v8 instances:  13
Circuit contains 13 nets, and 2 disconnected pins.

Circuit was modified by parallel/series device merging.
New circuit summary:

Contents of circuit 1:  Circuit: 'aimc_converter_macro_active_candidate_flat_parallel'
Circuit aimc_converter_macro_active_candidate_flat_parallel contains 13 device instances.
  Class: sky130_fd_pr__pfet_01v8 instances:   4
  Class: sky130_fd_pr__nfet_01v8 instances:   9
Circuit contains 13 nets, and 2 disconnected pins.
Contents of circuit 2:  Circuit: 'aimc_converter_macro_active_candidate_flat_parallel'
Circuit aimc_converter_macro_active_candidate_flat_parallel contains 13 device instances.
  Class: sky130_fd_pr__pfet_01v8 instances:   4
  Class: sky130_fd_pr__nfet_01v8 instances:   9
Circuit contains 13 nets, and 2 disconnected pins.

Circuit 1 contains 13 devices, Circuit 2 contains 13 devices.
Circuit 1 contains 13 nets,    Circuit 2 contains 13 nets.


Final result: 
Circuits match uniquely.
.
Logging to file "/home/mehtama1/git-repo/ai-hardware-analysis/analog-digital-chip-design-eda/evidence/aimc-simulator-adapters/active-converter-macro-candidate/two-single-preamp-parent-flat-triple-short-20260913T581000Z/lvs-v1/netgen.log" disabled
LVS Done.
