
Compatibility modes selected: hs a


Circuit: * installed mim model charge probe, not combined-circuit evidence.

Doing analysis at TEMP = 25.000000 and TNOM = 27.000000

Warning: vin: no DC value, transient time 0 value used

Initial Transient Solution
--------------------------

Node                                   Voltage
----                                   -------
top                                          0
xcap.xcap.a                                  0
xcap.xcap.b1                                 0
vin#branch                                   0


No. of Data Rows : 4014

  Measurements for Transient Analysis

final_v             =  1.000000e+00

binary raw file "waveform.raw"
Doing analysis at TEMP = 25.000000 and TNOM = 27.000000

Warning: vin: no DC value, transient time 0 value used

Initial Transient Solution
--------------------------

Node                                   Voltage
----                                   -------
top                                          0
xcap.xcap.a                                  0
xcap.xcap.b1                                 0
vin#branch                                   0


No. of Data Rows : 4014

  Measurements for Transient Analysis

final_v             =  1.000000e+00


Total analysis time (seconds) = 0.06

Total elapsed time (seconds) = 5.471 

Total DRAM available = 7943.238 MB.
DRAM currently available =  563.680 MB.
Maximum ngspice program size =   28.480 MB.
Current ngspice program size =   20.012 MB.

Shared ngspice pages =    9.750 MB.
Text (code) pages =    5.316 MB.
Stack = 0 bytes.
Library pages =   10.535 MB.

