
Compatibility modes selected: hs a


Circuit: * signed small-signal extracted latch diagnostic, no structural mos substitution.

option SCALE: Scale is set to 1e-06 for instance and model parameters
option SCALE: Scale is set to 1e-06 for instance and model parameters
Doing analysis at TEMP = 27.000000 and TNOM = 27.000000

Warning: veqn: no DC value, transient time 0 value used
Warning: veqp: no DC value, transient time 0 value used
Warning: veval: no DC value, transient time 0 value used
Warning: vreset: no DC value, transient time 0 value used
Warning: singular matrix:  check nodes xu.m1_1000_12500# and xu.m1_1000_12500#

Note: Starting dynamic gmin stepping
Trying gmin =   1.0000E-03 Note: One successful gmin step
Trying gmin =   1.0000E-04 Note: One successful gmin step
Trying gmin =   1.0000E-05 Note: One successful gmin step
Trying gmin =   1.0000E-06 Note: One successful gmin step
Trying gmin =   1.0000E-07 Note: One successful gmin step
Trying gmin =   1.0000E-08 Note: One successful gmin step
Trying gmin =   1.0000E-09 Note: One successful gmin step
Trying gmin =   1.0000E-10 Note: One successful gmin step
Trying gmin =   1.0000E-11 Note: One successful gmin step
Trying gmin =   1.0000E-12 Note: One successful gmin step
Trying gmin =   1.0000E-12 Note: One successful gmin step
Warning: singular matrix:  check nodes xu.m1_1000_12500# and xu.m1_1000_12500#

Warning: Dynamic gmin stepping failed
Note: Starting true gmin stepping
Trying gmin =   1.0000E-03 Warning: singular matrix:  check nodes xu.m1_1000_12500# and xu.m1_1000_12500#

Warning: Further gmin increment
Trying gmin =   5.6234E-03 Warning: singular matrix:  check nodes xu.m1_1000_12500# and xu.m1_1000_12500#

Warning: Further gmin increment
Trying gmin =   8.6596E-03 Warning: singular matrix:  check nodes xu.m1_1000_12500# and xu.m1_1000_12500#

Warning: Further gmin increment
Trying gmin =   9.6466E-03 Warning: singular matrix:  check nodes xu.m1_1000_12500# and xu.m1_1000_12500#

Warning: Further gmin increment
Trying gmin =   9.9105E-03 Warning: singular matrix:  check nodes xu.m1_1000_12500# and xu.m1_1000_12500#

Warning: Further gmin increment
Trying gmin =   9.9775E-03 Warning: singular matrix:  check nodes xu.m1_1000_12500# and xu.m1_1000_12500#

Warning: Further gmin increment
Trying gmin =   9.9944E-03 Warning: singular matrix:  check nodes xu.m1_1000_12500# and xu.m1_1000_12500#

Warning: Further gmin increment
Trying gmin =   9.9986E-03 Warning: singular matrix:  check nodes xu.m1_1000_12500# and xu.m1_1000_12500#

Warning: Further gmin increment
Trying gmin =   9.9996E-03 Warning: singular matrix:  check nodes xu.m1_1000_12500# and xu.m1_1000_12500#

Warning: Last gmin step failed
Warning: singular matrix:  check nodes xu.m1_1000_12500# and xu.m1_1000_12500#

Warning: True gmin stepping failed
Note: Starting source stepping
Supplies reduced to   0.0000% Warning: singular matrix:  check nodes xu.m1_1000_12500# and xu.m1_1000_12500#


Trying gmin =   1.0000E-02 Note: One successful gmin step
Trying gmin =   1.0000E-03 Note: One successful gmin step
Trying gmin =   1.0000E-04 Note: One successful gmin step
Trying gmin =   1.0000E-05 Note: One successful gmin step
Trying gmin =   1.0000E-06 Note: One successful gmin step
Trying gmin =   1.0000E-07 Note: One successful gmin step
Trying gmin =   1.0000E-08 Note: One successful gmin step
Trying gmin =   1.0000E-09 Note: One successful gmin step
Trying gmin =   1.0000E-10 Note: One successful gmin step
Trying gmin =   1.0000E-11 Note: One successful gmin step
Trying gmin =   1.0000E-12 Note: One successful gmin step
Note: One successful source step
Supplies reduced to   0.1000% Warning: singular matrix:  check nodes xu.m1_1000_12500# and xu.m1_1000_12500#

Supplies reduced to   0.0000% Warning: singular matrix:  check nodes xu.m1_1000_12500# and xu.m1_1000_12500#

Warning: source stepping failed
Note: Transient op started
Note: Transient op finished successfully

Initial Transient Solution
--------------------------

Node                                   Voltage
----                                   -------
vdd                                        1.8
vdd_active                                 1.8
vss                                          0
sense_p                                0.90025
sense_n                                0.89975
iso_tail                              0.173295
latch_sense_p                         0.676204
latch_sense_n                         0.683796
reset                                        0
eval                                         0
out_p                                      1.8
out_n                                      1.8
tail                                   1.29167
eqp                                          0
eqn                                        1.8
veqn#branch                        1.27801e-16
veqp#branch                        1.24176e-15
veval#branch                       4.40697e-12
vreset#branch                       3.1045e-16
vn#branch                         -1.54614e-14
vp#branch                         -1.95021e-14
vss#branch                         1.25487e-10
vactive#branch                    -1.07989e-11
vdd#branch                        -4.00015e-06


No. of Data Rows : 1070

  Measurements for Transient Analysis

op_final            =  1.109581e-03
on_final            =  1.779447e+00
lp_before           =  6.762039e-01
ln_before           =  6.837964e-01

binary raw file "waveform.raw"
Doing analysis at TEMP = 27.000000 and TNOM = 27.000000

Warning: veqn: no DC value, transient time 0 value used
Warning: veqp: no DC value, transient time 0 value used
Warning: veval: no DC value, transient time 0 value used
Warning: vreset: no DC value, transient time 0 value used

Initial Transient Solution
--------------------------

Node                                   Voltage
----                                   -------
vdd                                        1.8
vdd_active                                 1.8
vss                                          0
sense_p                                0.90025
sense_n                                0.89975
iso_tail                              0.180994
latch_sense_p                        0.0163536
latch_sense_n                        0.0162084
reset                                        0
eval                                         0
out_p                                 0.857701
out_n                                   0.8577
tail                                 0.0552103
eqp                                          0
eqn                                        1.8
veqn#branch                        -0.00330609
veqp#branch                         0.00199294
veval#branch                       -0.00109487
vreset#branch                       0.00208213
vn#branch                         -0.000700029
vp#branch                          -0.00070038
vss#branch                          0.00813395
vactive#branch                     -0.00169725
vdd#branch                         -0.00471439


No. of Data Rows : 1074

  Measurements for Transient Analysis

op_final            =  3.700277e-03
on_final            =  1.736405e+00
lp_before           =  4.291525e-01
ln_before           =  4.079819e-01


Total analysis time (seconds) = 0.922

Total elapsed time (seconds) = 1.993 

Total DRAM available = 7943.238 MB.
DRAM currently available =  130.738 MB.
Maximum ngspice program size =   56.660 MB.
Current ngspice program size =   40.750 MB.

Shared ngspice pages =   10.250 MB.
Text (code) pages =    5.316 MB.
Stack = 0 bytes.
Library pages =   38.711 MB.

