
Compatibility modes selected: hs a


Circuit: * signed small-signal extracted latch diagnostic, no structural mos substitution.

option SCALE: Scale is set to 1e-06 for instance and model parameters
option SCALE: Scale is set to 1e-06 for instance and model parameters
Reset re-loads circuit * signed small-signal extracted latch diagnostic, no structural mos substitution.

Circuit: * signed small-signal extracted latch diagnostic, no structural mos substitution.

option SCALE: Scale is set to 1e-06 for instance and model parameters
option SCALE: Scale is set to 1e-06 for instance and model parameters
Doing analysis at TEMP = 27.000000 and TNOM = 27.000000

Warning: veval: no DC value, transient time 0 value used
Warning: vreset: no DC value, transient time 0 value used
Warning: vn: no DC value, transient time 0 value used
Warning: vp: no DC value, transient time 0 value used

Initial Transient Solution
--------------------------

Node                                   Voltage
----                                   -------
vdd                                       1.75
vdd_active                                 1.8
vss                                          0
sense_p                                0.89975
sense_n                                0.90025
iso_tail                               0.17968
latch_sense_p                          1.10219
latch_sense_n                          1.09781
reset                                        0
eval                                         0
rx_p                               9.53605e-08
out_p                                     1.75
out_n                                     1.75
rx_n                               3.68625e-08
tail                                    1.3311
veval#branch                                 0
vreset#branch                                0
vn#branch                                    0
vp#branch                                    0
vss#branch                         8.48583e-11
vactive#branch                    -4.00007e-06
vdd#branch                        -1.41298e-11


No. of Data Rows : 10238

  Measurements for Transient Analysis

op_final            =  1.648888e-02
on_final            =  1.551509e+00
lp_before           =  1.102185e+00
ln_before           =  1.097814e+00

binary raw file "waveform.raw"
Doing analysis at TEMP = 27.000000 and TNOM = 27.000000

Warning: veval: no DC value, transient time 0 value used
Warning: vreset: no DC value, transient time 0 value used
Warning: vn: no DC value, transient time 0 value used
Warning: vp: no DC value, transient time 0 value used

Initial Transient Solution
--------------------------

Node                                   Voltage
----                                   -------
vdd                                       1.75
vdd_active                                 1.8
vss                                          0
sense_p                                0.89975
sense_n                                0.90025
iso_tail                              0.176611
latch_sense_p                        0.0210477
latch_sense_n                        0.0197132
reset                                        0
eval                                         0
rx_p                                  0.802117
out_p                                 0.872743
out_n                                 0.872765
rx_n                                  0.765508
tail                                 0.0555462
veval#branch                      -0.000873573
vreset#branch                       0.00159078
vn#branch                         -0.000555322
vp#branch                         -0.000557381
vss#branch                          0.00501271
vactive#branch                     -0.00263853
vdd#branch                         -0.00198269


No. of Data Rows : 10238

  Measurements for Transient Analysis

op_final            =  1.470095e-02
on_final            =  1.584725e+00
lp_before           =  8.704730e-01
ln_before           =  8.686263e-01


Total analysis time (seconds) = 11.91

Total elapsed time (seconds) = 12.511 

Total DRAM available = 7943.238 MB.
DRAM currently available =  169.852 MB.
Maximum ngspice program size =   53.078 MB.
Current ngspice program size =   37.559 MB.

Shared ngspice pages =   10.500 MB.
Text (code) pages =    5.316 MB.
Stack = 0 bytes.
Library pages =   35.129 MB.

