
No compatibility mode selected!


Circuit: * candidate 8-bit reference dac: ideal resistors, sky130 transmission gates.

Doing analysis at TEMP = 27.000000 and TNOM = 27.000000


No. of Data Rows : 1
REF_CODE_0
v(n0) = 1.002392147866081e-09
i(vref) = -2.07316463327185e-11
i(vdd) = -5.49722073417414e-11
Doing analysis at TEMP = 27.000000 and TNOM = 27.000000


No. of Data Rows : 1
REF_CODE_1
v(n0) = 4.562215985256331e-03
i(vref) = -3.85240469892250e-05
i(vdd) = -5.26362842201422e-11
Doing analysis at TEMP = 27.000000 and TNOM = 27.000000


No. of Data Rows : 1
REF_CODE_2
v(n0) = 9.106702043651577e-03
i(vref) = -3.85102002767924e-05
i(vdd) = -5.26242313614311e-11
Doing analysis at TEMP = 27.000000 and TNOM = 27.000000


No. of Data Rows : 1
REF_CODE_3
v(n0) = 1.378335878397216e-02
i(vref) = -5.83291405985512e-05
i(vdd) = -5.02672695135153e-11
Doing analysis at TEMP = 27.000000 and TNOM = 27.000000


No. of Data Rows : 1
REF_CODE_4
v(n0) = 1.816900525694567e-02
i(vref) = -3.85003951456595e-05
i(vdd) = -5.26188675964434e-11
Doing analysis at TEMP = 27.000000 and TNOM = 27.000000


No. of Data Rows : 1
REF_CODE_5
v(n0) = 2.282730632751332e-02
i(vref) = -6.76856461576444e-05
i(vdd) = -5.02728553231080e-11
Doing analysis at TEMP = 27.000000 and TNOM = 27.000000


No. of Data Rows : 1
REF_CODE_6
v(n0) = 2.750430350600243e-02
i(vref) = -5.82857411875977e-05
i(vdd) = -5.02495614562726e-11
Doing analysis at TEMP = 27.000000 and TNOM = 27.000000


No. of Data Rows : 1
REF_CODE_7
v(n0) = 3.227294652174541e-02
i(vref) = -6.84351668514100e-05
i(vdd) = -4.78815945226252e-11
Doing analysis at TEMP = 27.000000 and TNOM = 27.000000


No. of Data Rows : 1
REF_CODE_8
v(n0) = 3.624554912581753e-02
i(vref) = -3.84727524497471e-05
i(vdd) = -5.26161059166697e-11
Doing analysis at TEMP = 27.000000 and TNOM = 27.000000


No. of Data Rows : 1
REF_CODE_9
v(n0) = 4.089465781831177e-02
i(vref) = -7.23188458285045e-05
i(vdd) = -5.02749508690670e-11
Doing analysis at TEMP = 27.000000 and TNOM = 27.000000


No. of Data Rows : 1
REF_CODE_10
v(n0) = 4.554434930608889e-02
i(vref) = -6.76239732711871e-05
i(vdd) = -5.02575342453682e-11
Doing analysis at TEMP = 27.000000 and TNOM = 27.000000


No. of Data Rows : 1
REF_CODE_11
v(n0) = 5.030662974057898e-02
i(vref) = -8.26185524588463e-05
i(vdd) = -4.78948269932999e-11
Doing analysis at TEMP = 27.000000 and TNOM = 27.000000


No. of Data Rows : 1
REF_CODE_12
v(n0) = 5.487130286136355e-02
i(vref) = -5.82170629906337e-05
i(vdd) = -5.02408808999988e-11
Doing analysis at TEMP = 27.000000 and TNOM = 27.000000


No. of Data Rows : 1
REF_CODE_13
v(n0) = 5.961226019833116e-02
i(vref) = -8.25778551813503e-05
i(vdd) = -4.78890677113597e-11
Doing analysis at TEMP = 27.000000 and TNOM = 27.000000


No. of Data Rows : 1
REF_CODE_14
v(n0) = 6.439049530279378e-02
i(vref) = -6.83117237731603e-05
i(vdd) = -4.78612913190624e-11
Doing analysis at TEMP = 27.000000 and TNOM = 27.000000


No. of Data Rows : 1
REF_CODE_15
v(n0) = 6.924063785510771e-02
i(vref) = -7.34978298800998e-05
i(vdd) = -4.54895288104495e-11
Doing analysis at TEMP = 27.000000 and TNOM = 27.000000


No. of Data Rows : 1
REF_CODE_16
v(n0) = 7.230966888434485e-02
i(vref) = -3.83656016029959e-05
i(vdd) = -5.26146487489498e-11
Doing analysis at TEMP = 27.000000 and TNOM = 27.000000


No. of Data Rows : 1
REF_CODE_17
v(n0) = 7.695452666439546e-02
i(vref) = -7.45334451167326e-05
i(vdd) = -5.02761929310758e-11
Doing analysis at TEMP = 27.000000 and TNOM = 27.000000


No. of Data Rows : 1
REF_CODE_18
v(n0) = 8.159078195060888e-02
i(vref) = -7.21671358209180e-05
i(vdd) = -5.02615379871507e-11
Doing analysis at TEMP = 27.000000 and TNOM = 27.000000


No. of Data Rows : 1
REF_CODE_19
v(n0) = 8.635036353532786e-02
i(vref) = -8.95611414200904e-05
i(vdd) = -4.79015646592806e-11
Doing analysis at TEMP = 27.000000 and TNOM = 27.000000


No. of Data Rows : 1
REF_CODE_20
v(n0) = 9.086404932616063e-02
i(vref) = -6.74501421265272e-05
i(vdd) = -5.02502206511934e-11
Doing analysis at TEMP = 27.000000 and TNOM = 27.000000


No. of Data Rows : 1
REF_CODE_21
v(n0) = 9.560350998009132e-02
i(vref) = -9.42152354669922e-05
i(vdd) = -4.79009124032537e-11
Doing analysis at TEMP = 27.000000 and TNOM = 27.000000


No. of Data Rows : 1
REF_CODE_22
v(n0) = 1.003711932206666e-01
i(vref) = -8.23792669266787e-05
i(vdd) = -4.78757589128520e-11
Doing analysis at TEMP = 27.000000 and TNOM = 27.000000


No. of Data Rows : 1
REF_CODE_23
v(n0) = 1.052212763763559e-01
i(vref) = -9.00436334701608e-05
i(vdd) = -4.55055992887310e-11
Doing analysis at TEMP = 27.000000 and TNOM = 27.000000


No. of Data Rows : 1
REF_CODE_24
v(n0) = 1.094713888422555e-01
i(vref) = -5.79698554022440e-05
i(vdd) = -5.02364885801576e-11
Doing analysis at TEMP = 27.000000 and TNOM = 27.000000


No. of Data Rows : 1
REF_CODE_25
v(n0) = 1.141986387237477e-01
i(vref) = -8.93908174439649e-05
i(vdd) = -4.78930228808849e-11
Doing analysis at TEMP = 27.000000 and TNOM = 27.000000


No. of Data Rows : 1
REF_CODE_26
v(n0) = 1.189360626878615e-01
i(vref) = -8.22645894912945e-05
i(vdd) = -4.78727057995343e-11
Doing analysis at TEMP = 27.000000 and TNOM = 27.000000


No. of Data Rows : 1
REF_CODE_27
v(n0) = 1.237767505456783e-01
i(vref) = -9.47665352763400e-05
i(vdd) = -4.55080070849156e-11
Doing analysis at TEMP = 27.000000 and TNOM = 27.000000


No. of Data Rows : 1
REF_CODE_28
v(n0) = 1.284659925960408e-01
i(vref) = -6.79638585359512e-05
i(vdd) = -4.78509662449333e-11
Doing analysis at TEMP = 27.000000 and TNOM = 27.000000


No. of Data Rows : 1
REF_CODE_29
v(n0) = 1.332837624347062e-01
i(vref) = -8.98394083725734e-05
i(vdd) = -4.54966203600193e-11
Doing analysis at TEMP = 27.000000 and TNOM = 27.000000


No. of Data Rows : 1
REF_CODE_30
v(n0) = 1.381487214249315e-01
i(vref) = -7.30620951564279e-05
i(vdd) = -4.54667553606569e-11
Doing analysis at TEMP = 27.000000 and TNOM = 27.000000


No. of Data Rows : 1
REF_CODE_31
v(n0) = 1.430759459120820e-01
i(vref) = -7.56991561674792e-05
i(vdd) = -4.30929042449790e-11
Doing analysis at TEMP = 27.000000 and TNOM = 27.000000


No. of Data Rows : 1
REF_CODE_32
v(n0) = 1.442982095010693e-01
i(vref) = -3.79397273408321e-05
i(vdd) = -5.26129903533068e-11
Doing analysis at TEMP = 27.000000 and TNOM = 27.000000


No. of Data Rows : 1
REF_CODE_33
v(n0) = 1.489424054968745e-01
i(vref) = -7.52557952573255e-05
i(vdd) = -5.02765815091344e-11
Doing analysis at TEMP = 27.000000 and TNOM = 27.000000


No. of Data Rows : 1
REF_CODE_34
v(n0) = 1.535734092653934e-01
i(vref) = -7.40372510714807e-05
i(vdd) = -5.02629812770827e-11
Doing analysis at TEMP = 27.000000 and TNOM = 27.000000


No. of Data Rows : 1
REF_CODE_35
v(n0) = 1.583331638470789e-01
i(vref) = -9.26142784960610e-05
i(vdd) = -4.79041181722373e-11
Doing analysis at TEMP = 27.000000 and TNOM = 27.000000


No. of Data Rows : 1
REF_CODE_36
v(n0) = 1.628226563288795e-01
i(vref) = -7.16208760658958e-05
i(vdd) = -5.02554178827275e-11
Doing analysis at TEMP = 27.000000 and TNOM = 27.000000


No. of Data Rows : 1
REF_CODE_37
v(n0) = 1.675629529936552e-01
i(vref) = -9.95679322880737e-05
i(vdd) = -4.79060541236365e-11
Doing analysis at TEMP = 27.000000 and TNOM = 27.000000


No. of Data Rows : 1
REF_CODE_38
v(n0) = 1.723269909989454e-01
i(vref) = -8.89230193773959e-05
i(vdd) = -4.78830031180877e-11
Doing analysis at TEMP = 27.000000 and TNOM = 27.000000


No. of Data Rows : 1
REF_CODE_39
v(n0) = 1.771787024883712e-01
i(vref) = -9.78023477587839e-05
i(vdd) = -4.55135235055693e-11
Doing analysis at TEMP = 27.000000 and TNOM = 27.000000


No. of Data Rows : 1
REF_CODE_40
v(n0) = 1.813291028520357e-01
i(vref) = -6.67760549496118e-05
i(vdd) = -5.02457936368828e-11
Doing analysis at TEMP = 27.000000 and TNOM = 27.000000


No. of Data Rows : 1
REF_CODE_41
v(n0) = 1.860584576986588e-01
i(vref) = -9.93838515951548e-05
i(vdd) = -4.79037712275421e-11
Doing analysis at TEMP = 27.000000 and TNOM = 27.000000


No. of Data Rows : 1
REF_CODE_42
v(n0) = 1.907933071138943e-01
i(vref) = -9.34488257979465e-05
i(vdd) = -4.78842382412026e-11
Doing analysis at TEMP = 27.000000 and TNOM = 27.000000


No. of Data Rows : 1
REF_CODE_43
v(n0) = 1.956369165525895e-01
i(vref) = -1.07171859269419e-04
i(vdd) = -4.55205595439878e-11
Doing analysis at TEMP = 27.000000 and TNOM = 27.000000


No. of Data Rows : 1
REF_CODE_44
v(n0) = 2.003049287921821e-01
i(vref) = -8.15495157101000e-05
i(vdd) = -4.78654407776169e-11
Doing analysis at TEMP = 27.000000 and TNOM = 27.000000


No. of Data Rows : 1
REF_CODE_45
v(n0) = 2.051261654436933e-01
i(vref) = -1.04643750081716e-04
i(vdd) = -4.55122883824544e-11
Doing analysis at TEMP = 27.000000 and TNOM = 27.000000


No. of Data Rows : 1
REF_CODE_46
v(n0) = 2.099900602356358e-01
i(vref) = -8.90991280110393e-05
i(vdd) = -4.54837140173581e-11
Doing analysis at TEMP = 27.000000 and TNOM = 27.000000


No. of Data Rows : 1
REF_CODE_47
v(n0) = 2.149215239084467e-01
i(vref) = -9.29873826737370e-05
i(vdd) = -4.31098698405741e-11
Doing analysis at TEMP = 27.000000 and TNOM = 27.000000


No. of Data Rows : 1
REF_CODE_48
v(n0) = 2.184749296185569e-01
i(vref) = -5.69921329785667e-05
i(vdd) = -5.02331509721898e-11
Doing analysis at TEMP = 27.000000 and TNOM = 27.000000


No. of Data Rows : 1
REF_CODE_49
v(n0) = 2.231969393550275e-01
i(vref) = -9.19176616593770e-05
i(vdd) = -4.78927800195983e-11
Doing analysis at TEMP = 27.000000 and TNOM = 27.000000


No. of Data Rows : 1
REF_CODE_50
v(n0) = 2.279152200574927e-01
i(vref) = -8.83097532765142e-05
i(vdd) = -4.78772924084048e-11
Doing analysis at TEMP = 27.000000 and TNOM = 27.000000


No. of Data Rows : 1
REF_CODE_51
v(n0) = 2.327529961482073e-01
i(vref) = -1.04427398366745e-04
i(vdd) = -4.55160562018442e-11
Doing analysis at TEMP = 27.000000 and TNOM = 27.000000


No. of Data Rows : 1
REF_CODE_52
v(n0) = 2.373670747024829e-01
i(vref) = -8.11047755485646e-05
i(vdd) = -4.78635325817933e-11
Doing analysis at TEMP = 27.000000 and TNOM = 27.000000


No. of Data Rows : 1
REF_CODE_53
v(n0) = 2.421837138925067e-01
i(vref) = -1.06598034359351e-04
i(vdd) = -4.55128920662240e-11
Doing analysis at TEMP = 27.000000 and TNOM = 27.000000


No. of Data Rows : 1
REF_CODE_54
v(n0) = 2.470339034651605e-01
i(vref) = -9.34807335856269e-05
i(vdd) = -4.54869544808112e-11
Doing analysis at TEMP = 27.000000 and TNOM = 27.000000


No. of Data Rows : 1
REF_CODE_55
v(n0) = 2.519621736902570e-01
i(vref) = -9.98412718685529e-05
i(vdd) = -4.31159413727400e-11
Doing analysis at TEMP = 27.000000 and TNOM = 27.000000


No. of Data Rows : 1
REF_CODE_56
v(n0) = 2.563877778665012e-01
i(vref) = -6.66147918350706e-05
i(vdd) = -4.78447836904650e-11
Doing analysis at TEMP = 27.000000 and TNOM = 27.000000


No. of Data Rows : 1
REF_CODE_57
v(n0) = 2.611906267319137e-01
i(vref) = -9.67651840496181e-05
i(vdd) = -4.54992224452333e-11
Doing analysis at TEMP = 27.000000 and TNOM = 27.000000


No. of Data Rows : 1
REF_CODE_58
v(n0) = 2.660088578796991e-01
i(vref) = -8.83638162461689e-05
i(vdd) = -4.54783918857338e-11
Doing analysis at TEMP = 27.000000 and TNOM = 27.000000


No. of Data Rows : 1
REF_CODE_59
v(n0) = 2.709261576151047e-01
i(vref) = -9.95618516998560e-05
i(vdd) = -4.31122498811831e-11
Doing analysis at TEMP = 27.000000 and TNOM = 27.000000


No. of Data Rows : 1
REF_CODE_60
v(n0) = 2.757152571691630e-01
i(vref) = -7.14931715240652e-05
i(vdd) = -4.54543347405689e-11
Doing analysis at TEMP = 27.000000 and TNOM = 27.000000


No. of Data Rows : 1
REF_CODE_61
v(n0) = 2.806086745482135e-01
i(vref) = -9.20705094813270e-05
i(vdd) = -4.30984206656326e-11
Doing analysis at TEMP = 27.000000 and TNOM = 27.000000


No. of Data Rows : 1
REF_CODE_62
v(n0) = 2.855549065061231e-01
i(vref) = -7.39802383478268e-05
i(vdd) = -4.30677160601078e-11
Doing analysis at TEMP = 27.000000 and TNOM = 27.000000


No. of Data Rows : 1
REF_CODE_63
v(n0) = 2.905587581871276e-01
i(vref) = -7.52877000627457e-05
i(vdd) = -4.06918665429856e-11
Doing analysis at TEMP = 27.000000 and TNOM = 27.000000


No. of Data Rows : 1
REF_CODE_64
v(n0) = 2.882865286668526e-01
i(vref) = -3.62417545370918e-05
i(vdd) = -5.26107699072575e-11
Doing analysis at TEMP = 27.000000 and TNOM = 27.000000


No. of Data Rows : 1
REF_CODE_65
v(n0) = 2.929361408012499e-01
i(vref) = -7.41055329942939e-05
i(vdd) = -5.02742153463132e-11
Doing analysis at TEMP = 27.000000 and TNOM = 27.000000


No. of Data Rows : 1
REF_CODE_66
v(n0) = 2.975703366611348e-01
i(vref) = -7.34335771413713e-05
i(vdd) = -5.02627800491595e-11
Doing analysis at TEMP = 27.000000 and TNOM = 27.000000


No. of Data Rows : 1
REF_CODE_67
v(n0) = 3.023360474032885e-01
i(vref) = -9.25740541385062e-05
i(vdd) = -4.79039030665263e-11
Doing analysis at TEMP = 27.000000 and TNOM = 27.000000


No. of Data Rows : 1
REF_CODE_68
v(n0) = 3.068194197903488e-01
i(vref) = -7.21101519209484e-05
i(vdd) = -5.02551333880774e-11
Doing analysis at TEMP = 27.000000 and TNOM = 27.000000


No. of Data Rows : 1
REF_CODE_69
v(n0) = 3.115659751413382e-01
i(vref) = -1.00619311568737e-04
i(vdd) = -4.79075390469319e-11
Doing analysis at TEMP = 27.000000 and TNOM = 27.000000


No. of Data Rows : 1
REF_CODE_70
v(n0) = 3.163341531772929e-01
i(vref) = -9.05399479830775e-05
i(vdd) = -4.78844394691258e-11
Doing analysis at TEMP = 27.000000 and TNOM = 27.000000


No. of Data Rows : 1
REF_CODE_71
v(n0) = 3.211926416205756e-01
i(vref) = -9.99962183417362e-05
i(vdd) = -4.55162157964040e-11
Doing analysis at TEMP = 27.000000 and TNOM = 27.000000


No. of Data Rows : 1
REF_CODE_72
v(n0) = 3.252998003598182e-01
i(vref) = -6.94572158013579e-05
i(vdd) = -5.02492630838347e-11
Doing analysis at TEMP = 27.000000 and TNOM = 27.000000


No. of Data Rows : 1
REF_CODE_73
v(n0) = 3.300360564561111e-01
i(vref) = -1.02627825947270e-04
i(vdd) = -4.79065537239975e-11
Doing analysis at TEMP = 27.000000 and TNOM = 27.000000


No. of Data Rows : 1
REF_CODE_74
v(n0) = 3.347755776158930e-01
i(vref) = -9.72568130560429e-05
i(vdd) = -4.78888942390121e-11
Doing analysis at TEMP = 27.000000 and TNOM = 27.000000


No. of Data Rows : 1
REF_CODE_75
v(n0) = 3.396266257105688e-01
i(vref) = -1.11558114284034e-04
i(vdd) = -4.55263743370793e-11
Doing analysis at TEMP = 27.000000 and TNOM = 27.000000


No. of Data Rows : 1
REF_CODE_76
v(n0) = 3.442902779992135e-01
i(vref) = -8.64920516464012e-05
i(vdd) = -4.78703951478643e-11
Doing analysis at TEMP = 27.000000 and TNOM = 27.000000


No. of Data Rows : 1
REF_CODE_77
v(n0) = 3.491192013173415e-01
i(vref) = -1.10162629800336e-04
i(vdd) = -4.55180476643946e-11
Doing analysis at TEMP = 27.000000 and TNOM = 27.000000


No. of Data Rows : 1
REF_CODE_78
v(n0) = 3.539886781349292e-01
i(vref) = -9.52001320029791e-05
i(vdd) = -4.54895079937678e-11
Doing analysis at TEMP = 27.000000 and TNOM = 27.000000


No. of Data Rows : 1
REF_CODE_79
v(n0) = 3.589283436084047e-01
i(vref) = -9.96793229897949e-05
i(vdd) = -4.31169544512500e-11
Doing analysis at TEMP = 27.000000 and TNOM = 27.000000


No. of Data Rows : 1
REF_CODE_80
v(n0) = 3.622931049776756e-01
i(vref) = -6.40925219917394e-05
i(vdd) = -5.02409641667256e-11
Doing analysis at TEMP = 27.000000 and TNOM = 27.000000


No. of Data Rows : 1
REF_CODE_81
v(n0) = 3.670232022100160e-01
i(vref) = -9.95839712083395e-05
i(vdd) = -4.79020781374295e-11
Doing analysis at TEMP = 27.000000 and TNOM = 27.000000


No. of Data Rows : 1
REF_CODE_82
v(n0) = 3.717472677045230e-01
i(vref) = -9.65420085462727e-05
i(vdd) = -4.78872080877935e-11
Doing analysis at TEMP = 27.000000 and TNOM = 27.000000


No. of Data Rows : 1
REF_CODE_83
v(n0) = 3.765936951170540e-01
i(vref) = -1.13241403916010e-04
i(vdd) = -4.55256179976438e-11
Doing analysis at TEMP = 27.000000 and TNOM = 27.000000


No. of Data Rows : 1
REF_CODE_84
v(n0) = 3.812040803783931e-01
i(vref) = -9.04721273878918e-05
i(vdd) = -4.78741768450419e-11
Doing analysis at TEMP = 27.000000 and TNOM = 27.000000


No. of Data Rows : 1
REF_CODE_85
v(n0) = 3.860296136410640e-01
i(vref) = -1.16545395141436e-04
i(vdd) = -4.55228979512334e-11
Doing analysis at TEMP = 27.000000 and TNOM = 27.000000


No. of Data Rows : 1
REF_CODE_86
v(n0) = 3.908865260254253e-01
i(vref) = -1.04012781168013e-04
i(vdd) = -4.54978416053464e-11
Doing analysis at TEMP = 27.000000 and TNOM = 27.000000


No. of Data Rows : 1
REF_CODE_87
v(n0) = 3.958242276898572e-01
i(vref) = -1.10968250964898e-04
i(vdd) = -4.31268978862143e-11
Doing analysis at TEMP = 27.000000 and TNOM = 27.000000


No. of Data Rows : 1
REF_CODE_88
v(n0) = 4.002097471491365e-01
i(vref) = -7.82716515274622e-05
i(vdd) = -4.78576553386567e-11
Doing analysis at TEMP = 27.000000 and TNOM = 27.000000


No. of Data Rows : 1
REF_CODE_89
v(n0) = 4.050220182618017e-01
i(vref) = -1.09002108206635e-04
i(vdd) = -4.55127047160886e-11
Doing analysis at TEMP = 27.000000 and TNOM = 27.000000


No. of Data Rows : 1
REF_CODE_90
v(n0) = 4.098473846868789e-01
i(vref) = -1.01183240162823e-04
i(vdd) = -4.54918117065439e-11
Doing analysis at TEMP = 27.000000 and TNOM = 27.000000


No. of Data Rows : 1
REF_CODE_91
v(n0) = 4.147746653953157e-01
i(vref) = -1.12976879839493e-04
i(vdd) = -4.31266203304581e-11
Doing analysis at TEMP = 27.000000 and TNOM = 27.000000


No. of Data Rows : 1
REF_CODE_92
v(n0) = 4.195617807928063e-01
i(vref) = -8.54875514448434e-05
i(vdd) = -4.54690798901147e-11
Doing analysis at TEMP = 27.000000 and TNOM = 27.000000


No. of Data Rows : 1
REF_CODE_93
v(n0) = 4.244653696183572e-01
i(vref) = -1.06658214413184e-04
i(vdd) = -4.31144148160811e-11
Doing analysis at TEMP = 27.000000 and TNOM = 27.000000


No. of Data Rows : 1
REF_CODE_94
v(n0) = 4.294196347724473e-01
i(vref) = -8.91683503450530e-05
i(vdd) = -4.30829330544391e-11
Doing analysis at TEMP = 27.000000 and TNOM = 27.000000


No. of Data Rows : 1
REF_CODE_95
v(n0) = 4.344341907102358e-01
i(vref) = -9.10838098796454e-05
i(vdd) = -4.07084227438403e-11
Doing analysis at TEMP = 27.000000 and TNOM = 27.000000


No. of Data Rows : 1
REF_CODE_96
v(n0) = 4.366197281041407e-01
i(vref) = -5.30937065843664e-05
i(vdd) = -5.02278565961412e-11
Doing analysis at TEMP = 27.000000 and TNOM = 27.000000


No. of Data Rows : 1
REF_CODE_97
v(n0) = 4.413456760557595e-01
i(vref) = -8.97304348452710e-05
i(vdd) = -4.78903444678380e-11
Doing analysis at TEMP = 27.000000 and TNOM = 27.000000


No. of Data Rows : 1
REF_CODE_98
v(n0) = 4.460609702042145e-01
i(vref) = -8.78340074153850e-05
i(vdd) = -4.78756617683374e-11
Doing analysis at TEMP = 27.000000 and TNOM = 27.000000


No. of Data Rows : 1
REF_CODE_99
v(n0) = 4.509040195124552e-01
i(vref) = -1.05713208028816e-04
i(vdd) = -4.55166945800833e-11
Doing analysis at TEMP = 27.000000 and TNOM = 27.000000


No. of Data Rows : 1
REF_CODE_100
v(n0) = 4.554866974855511e-01
i(vref) = -8.40623498708004e-05
i(vdd) = -4.78663983449756e-11
Doing analysis at TEMP = 27.000000 and TNOM = 27.000000


No. of Data Rows : 1
REF_CODE_101
v(n0) = 4.603095474967888e-01
i(vref) = -1.11314230231613e-04
i(vdd) = -4.55172011193383e-11
Doing analysis at TEMP = 27.000000 and TNOM = 27.000000


No. of Data Rows : 1
REF_CODE_102
v(n0) = 4.651592395221077e-01
i(vref) = -9.99699775767124e-05
i(vdd) = -4.54929566240381e-11
Doing analysis at TEMP = 27.000000 and TNOM = 27.000000


No. of Data Rows : 1
REF_CODE_103
v(n0) = 4.700949914415345e-01
i(vref) = -1.08136812992454e-04
i(vdd) = -4.31233035391720e-11
Doing analysis at TEMP = 27.000000 and TNOM = 27.000000


No. of Data Rows : 1
REF_CODE_104
v(n0) = 4.743777817224328e-01
i(vref) = -7.65004169594982e-05
i(vdd) = -4.78546299809146e-11
Doing analysis at TEMP = 27.000000 and TNOM = 27.000000


No. of Data Rows : 1
REF_CODE_105
v(n0) = 4.791886723854548e-01
i(vref) = -1.08414088610594e-04
i(vdd) = -4.55116361264274e-11
Doing analysis at TEMP = 27.000000 and TNOM = 27.000000


No. of Data Rows : 1
REF_CODE_106
v(n0) = 4.840079377961060e-01
i(vref) = -1.01783516497668e-04
i(vdd) = -4.54921447734513e-11
Doing analysis at TEMP = 27.000000 and TNOM = 27.000000


No. of Data Rows : 1
REF_CODE_107
v(n0) = 4.889345952500182e-01
i(vref) = -1.14794368962786e-04
i(vdd) = -4.31275085088778e-11
Doing analysis at TEMP = 27.000000 and TNOM = 27.000000


No. of Data Rows : 1
REF_CODE_108
v(n0) = 4.936969223555352e-01
i(vref) = -8.84853503930494e-05
i(vdd) = -4.54711338027103e-11
Doing analysis at TEMP = 27.000000 and TNOM = 27.000000


No. of Data Rows : 1
REF_CODE_109
v(n0) = 4.986004685707215e-01
i(vref) = -1.10870731033803e-04
i(vdd) = -4.31176414017465e-11
Doing analysis at TEMP = 27.000000 and TNOM = 27.000000


No. of Data Rows : 1
REF_CODE_110
v(n0) = 5.035500957850596e-01
i(vref) = -9.46102361505280e-05
i(vdd) = -4.30890184643928e-11
Doing analysis at TEMP = 27.000000 and TNOM = 27.000000


No. of Data Rows : 1
REF_CODE_111
v(n0) = 5.085653269879165e-01
i(vref) = -9.77726918308987e-05
i(vdd) = -4.07144734593246e-11
Doing analysis at TEMP = 27.000000 and TNOM = 27.000000


No. of Data Rows : 1
REF_CODE_112
v(n0) = 5.124148040715645e-01
i(vref) = -6.12423246107969e-05
i(vdd) = -4.78366235512340e-11
Doing analysis at TEMP = 27.000000 and TNOM = 27.000000


No. of Data Rows : 1
REF_CODE_113
v(n0) = 5.172166357640090e-01
i(vref) = -9.54735889930826e-05
i(vdd) = -4.54953436035410e-11
Doing analysis at TEMP = 27.000000 and TNOM = 27.000000


No. of Data Rows : 1
REF_CODE_114
v(n0) = 5.220175135640549e-01
i(vref) = -9.11714027462429e-05
i(vdd) = -4.54795368032279e-11
Doing analysis at TEMP = 27.000000 and TNOM = 27.000000


No. of Data Rows : 1
REF_CODE_115
v(n0) = 5.269366089700945e-01
i(vref) = -1.06576314066959e-04
i(vdd) = -4.31175858905952e-11
Doing analysis at TEMP = 27.000000 and TNOM = 27.000000


No. of Data Rows : 1
REF_CODE_116
v(n0) = 5.316429548711551e-01
i(vref) = -8.25740523218891e-05
i(vdd) = -4.54636397972941e-11
Doing analysis at TEMP = 27.000000 and TNOM = 27.000000


No. of Data Rows : 1
REF_CODE_117
v(n0) = 5.365401972028039e-01
i(vref) = -1.07357615465843e-04
i(vdd) = -4.31129992817247e-11
Doing analysis at TEMP = 27.000000 and TNOM = 27.000000


No. of Data Rows : 1
REF_CODE_118
v(n0) = 5.414743014387159e-01
i(vref) = -9.35249452591673e-05
i(vdd) = -4.30862914790886e-11
Doing analysis at TEMP = 27.000000 and TNOM = 27.000000


No. of Data Rows : 1
REF_CODE_119
v(n0) = 5.464846206540817e-01
i(vref) = -9.91584779966115e-05
i(vdd) = -4.07139461033879e-11
Doing analysis at TEMP = 27.000000 and TNOM = 27.000000


No. of Data Rows : 1
REF_CODE_120
v(n0) = 5.510431825148052e-01
i(vref) = -6.52764876881027e-05
i(vdd) = -4.54426218876591e-11
Doing analysis at TEMP = 27.000000 and TNOM = 27.000000


No. of Data Rows : 1
REF_CODE_121
v(n0) = 5.559256719044136e-01
i(vref) = -9.47188941309218e-05
i(vdd) = -4.30970051312762e-11
Doing analysis at TEMP = 27.000000 and TNOM = 27.000000


No. of Data Rows : 1
REF_CODE_122
v(n0) = 5.608266420911834e-01
i(vref) = -8.56065807964639e-05
i(vdd) = -4.30750782265399e-11
Doing analysis at TEMP = 27.000000 and TNOM = 27.000000


No. of Data Rows : 1
REF_CODE_123
v(n0) = 5.658250497943353e-01
i(vref) = -9.60785852404137e-05
i(vdd) = -4.07081313102964e-11
Doing analysis at TEMP = 27.000000 and TNOM = 27.000000


No. of Data Rows : 1
REF_CODE_124
v(n0) = 5.707074784670932e-01
i(vref) = -6.73020863959945e-05
i(vdd) = -4.30496679970638e-11
Doing analysis at TEMP = 27.000000 and TNOM = 27.000000


No. of Data Rows : 1
REF_CODE_125
v(n0) = 5.756812905396306e-01
i(vref) = -8.71570509427008e-05
i(vdd) = -4.06942604613825e-11
Doing analysis at TEMP = 27.000000 and TNOM = 27.000000


No. of Data Rows : 1
REF_CODE_126
v(n0) = 5.807115333032553e-01
i(vref) = -6.83358288420175e-05
i(vdd) = -4.06627648219526e-11
Doing analysis at TEMP = 27.000000 and TNOM = 27.000000


No. of Data Rows : 1
REF_CODE_127
v(n0) = 5.857971962714381e-01
i(vref) = -6.89039724931786e-05
i(vdd) = -3.82860479430924e-11
Doing analysis at TEMP = 27.000000 and TNOM = 27.000000


No. of Data Rows : 1
REF_CODE_128
v(n0) = 5.785450171896667e-01
i(vref) = -2.94299415491203e-05
i(vdd) = -5.26037130521573e-11
Doing analysis at TEMP = 27.000000 and TNOM = 27.000000


No. of Data Rows : 1
REF_CODE_129
v(n0) = 5.832193144501563e-01
i(vref) = -6.75127838681635e-05
i(vdd) = -5.02674291080751e-11
Doing analysis at TEMP = 27.000000 and TNOM = 27.000000


No. of Data Rows : 1
REF_CODE_130
v(n0) = 5.878772079597933e-01
i(vref) = -6.70592811899154e-05
i(vdd) = -5.02548003211700e-11
Doing analysis at TEMP = 27.000000 and TNOM = 27.000000


No. of Data Rows : 1
REF_CODE_131
v(n0) = 5.926683538698774e-01
i(vref) = -8.64249653630780e-05
i(vdd) = -4.78971168282882e-11
Doing analysis at TEMP = 27.000000 and TNOM = 27.000000


No. of Data Rows : 1
REF_CODE_132
v(n0) = 5.971708992090494e-01
i(vref) = -6.61721934528567e-05
i(vdd) = -5.02481944941735e-11
Doing analysis at TEMP = 27.000000 and TNOM = 27.000000


No. of Data Rows : 1
REF_CODE_133
v(n0) = 6.019428922353292e-01
i(vref) = -9.49058716979036e-05
i(vdd) = -4.79009332199354e-11
Doing analysis at TEMP = 27.000000 and TNOM = 27.000000


No. of Data Rows : 1
REF_CODE_134
v(n0) = 6.067357427349078e-01
i(vref) = -8.50522436474047e-05
i(vdd) = -4.78778683365988e-11
Doing analysis at TEMP = 27.000000 and TNOM = 27.000000


No. of Data Rows : 1
REF_CODE_135
v(n0) = 6.116203882075494e-01
i(vref) = -9.47388034882788e-05
i(vdd) = -4.55097071139221e-11
Doing analysis at TEMP = 27.000000 and TNOM = 27.000000


No. of Data Rows : 1
REF_CODE_136
v(n0) = 6.157297814454351e-01
i(vref) = -6.43924462698854e-05
i(vdd) = -5.02428307291858e-11
Doing analysis at TEMP = 27.000000 and TNOM = 27.000000


No. of Data Rows : 1
REF_CODE_137
v(n0) = 6.204916371833964e-01
i(vref) = -9.77875668650493e-05
i(vdd) = -4.79019462984454e-11
Doing analysis at TEMP = 27.000000 and TNOM = 27.000000


No. of Data Rows : 1
REF_CODE_138
v(n0) = 6.252558609138322e-01
i(vref) = -9.26413826520569e-05
i(vdd) = -4.78831765904353e-11
Doing analysis at TEMP = 27.000000 and TNOM = 27.000000


No. of Data Rows : 1
REF_CODE_139
v(n0) = 6.301332493330746e-01
i(vref) = -1.07173210528557e-04
i(vdd) = -4.55205040328366e-11
Doing analysis at TEMP = 27.000000 and TNOM = 27.000000


No. of Data Rows : 1
REF_CODE_140
v(n0) = 6.348175652812317e-01
i(vref) = -8.23284193482069e-05
i(vdd) = -4.78668771286550e-11
Doing analysis at TEMP = 27.000000 and TNOM = 27.000000


No. of Data Rows : 1
REF_CODE_141
v(n0) = 6.396727958716318e-01
i(vref) = -1.06228607583054e-04
i(vdd) = -4.55148072009415e-11
Doing analysis at TEMP = 27.000000 and TNOM = 27.000000


No. of Data Rows : 1
REF_CODE_142
v(n0) = 6.445679132025794e-01
i(vref) = -9.14978657324520e-05
i(vdd) = -4.54858997689378e-11
Doing analysis at TEMP = 27.000000 and TNOM = 27.000000


No. of Data Rows : 1
REF_CODE_143
v(n0) = 6.495345965816919e-01
i(vref) = -9.62123284854264e-05
i(vdd) = -4.31132976541626e-11
Doing analysis at TEMP = 27.000000 and TNOM = 27.000000


No. of Data Rows : 1
REF_CODE_144
v(n0) = 6.528384783196589e-01
i(vref) = -6.07810032396885e-05
i(vdd) = -5.02377445199542e-11
Doing analysis at TEMP = 27.000000 and TNOM = 27.000000


No. of Data Rows : 1
REF_CODE_145
v(n0) = 6.575945513756243e-01
i(vref) = -9.64976446269832e-05
i(vdd) = -4.78986711405227e-11
Doing analysis at TEMP = 27.000000 and TNOM = 27.000000


No. of Data Rows : 1
REF_CODE_146
v(n0) = 6.623436241687444e-01
i(vref) = -9.36807268687941e-05
i(vdd) = -4.78840855855367e-11
Doing analysis at TEMP = 27.000000 and TNOM = 27.000000


No. of Data Rows : 1
REF_CODE_147
v(n0) = 6.672167857596962e-01
i(vref) = -1.10611476975366e-04
i(vdd) = -4.55231408125201e-11
Doing analysis at TEMP = 27.000000 and TNOM = 27.000000


No. of Data Rows : 1
REF_CODE_148
v(n0) = 6.718477879707574e-01
i(vref) = -8.80617528898005e-05
i(vdd) = -4.78717690488573e-11
Doing analysis at TEMP = 27.000000 and TNOM = 27.000000


No. of Data Rows : 1
REF_CODE_149
v(n0) = 6.767000279788377e-01
i(vref) = -1.14365545875826e-04
i(vdd) = -4.55222456952065e-11
Doing analysis at TEMP = 27.000000 and TNOM = 27.000000


No. of Data Rows : 1
REF_CODE_150
v(n0) = 6.815829115530357e-01
i(vref) = -1.02065162062318e-04
i(vdd) = -4.54951909478751e-11
Doing analysis at TEMP = 27.000000 and TNOM = 27.000000


No. of Data Rows : 1
REF_CODE_151
v(n0) = 6.865480460915765e-01
i(vref) = -1.09256947731520e-04
i(vdd) = -4.31255170463274e-11
Doing analysis at TEMP = 27.000000 and TNOM = 27.000000


No. of Data Rows : 1
REF_CODE_152
v(n0) = 6.909383433313413e-01
i(vref) = -7.67690186930371e-05
i(vdd) = -4.78558720429234e-11
Doing analysis at TEMP = 27.000000 and TNOM = 27.000000


No. of Data Rows : 1
REF_CODE_153
v(n0) = 6.957774258912768e-01
i(vref) = -1.07729754641041e-04
i(vdd) = -4.55113655095651e-11
Doing analysis at TEMP = 27.000000 and TNOM = 27.000000


No. of Data Rows : 1
REF_CODE_154
v(n0) = 7.006287353800631e-01
i(vref) = -1.00141977560431e-04
i(vdd) = -4.54906251556864e-11
Doing analysis at TEMP = 27.000000 and TNOM = 27.000000


No. of Data Rows : 1
REF_CODE_155
v(n0) = 7.055835756912434e-01
i(vref) = -1.12171932456630e-04
i(vdd) = -4.31251423460566e-11
Doing analysis at TEMP = 27.000000 and TNOM = 27.000000


No. of Data Rows : 1
REF_CODE_156
v(n0) = 7.103927589770291e-01
i(vref) = -8.49119839439257e-05
i(vdd) = -4.54683374284670e-11
Doing analysis at TEMP = 27.000000 and TNOM = 27.000000


No. of Data Rows : 1
REF_CODE_157
v(n0) = 7.153238462650033e-01
i(vref) = -1.06317922168116e-04
i(vdd) = -4.31135474543431e-11
Doing analysis at TEMP = 27.000000 and TNOM = 27.000000


No. of Data Rows : 1
REF_CODE_158
v(n0) = 7.203049812878588e-01
i(vref) = -8.90659902488511e-05
i(vdd) = -4.30835922493600e-11
Doing analysis at TEMP = 27.000000 and TNOM = 27.000000


No. of Data Rows : 1
REF_CODE_159
v(n0) = 7.253477526609833e-01
i(vref) = -9.12224072817959e-05
i(vdd) = -4.07088807108380e-11
Doing analysis at TEMP = 27.000000 and TNOM = 27.000000


No. of Data Rows : 1
REF_CODE_160
v(n0) = 7.272353396916839e-01
i(vref) = -5.33256468363367e-05
i(vdd) = -5.02285296688498e-11
Doing analysis at TEMP = 27.000000 and TNOM = 27.000000


No. of Data Rows : 1
REF_CODE_161
v(n0) = 7.319879531045588e-01
i(vref) = -9.01892767523932e-05
i(vdd) = -4.78916212243163e-11
Doing analysis at TEMP = 27.000000 and TNOM = 27.000000


No. of Data Rows : 1
REF_CODE_162
v(n0) = 7.367289000226831e-01
i(vref) = -8.85193619123058e-05
i(vdd) = -4.78776462919939e-11
Doing analysis at TEMP = 27.000000 and TNOM = 27.000000


No. of Data Rows : 1
REF_CODE_163
v(n0) = 7.415993926109183e-01
i(vref) = -1.06631730189443e-04
i(vdd) = -4.55178464364714e-11
Doing analysis at TEMP = 27.000000 and TNOM = 27.000000


No. of Data Rows : 1
REF_CODE_164
v(n0) = 7.462031144275424e-01
i(vref) = -8.52008546261578e-05
i(vdd) = -4.78679734738918e-11
Doing analysis at TEMP = 27.000000 and TNOM = 27.000000


No. of Data Rows : 1
REF_CODE_165
v(n0) = 7.510533794661435e-01
i(vref) = -1.12685108131590e-04
i(vdd) = -4.55186929815277e-11
Doing analysis at TEMP = 27.000000 and TNOM = 27.000000


No. of Data Rows : 1
REF_CODE_166
v(n0) = 7.559297124136892e-01
i(vref) = -1.01574717278874e-04
i(vdd) = -4.54945178751665e-11
Doing analysis at TEMP = 27.000000 and TNOM = 27.000000


No. of Data Rows : 1
REF_CODE_167
v(n0) = 7.608936232400390e-01
i(vref) = -1.09979810070524e-04
i(vdd) = -4.31257668465079e-11
Doing analysis at TEMP = 27.000000 and TNOM = 27.000000


No. of Data Rows : 1
REF_CODE_168
v(n0) = 7.651805756533396e-01
i(vref) = -7.85485300629147e-05
i(vdd) = -4.78571626771895e-11
Doing analysis at TEMP = 27.000000 and TNOM = 27.000000


No. of Data Rows : 1
REF_CODE_169
v(n0) = 7.700189910943609e-01
i(vref) = -1.10694403490287e-04
i(vdd) = -4.55143353561560e-11
Doing analysis at TEMP = 27.000000 and TNOM = 27.000000


No. of Data Rows : 1
REF_CODE_170
v(n0) = 7.748648690052369e-01
i(vref) = -1.04296606622850e-04
i(vdd) = -4.54957599371753e-11
Doing analysis at TEMP = 27.000000 and TNOM = 27.000000


No. of Data Rows : 1
REF_CODE_171
v(n0) = 7.798198173800435e-01
i(vref) = -1.17545794301033e-04
i(vdd) = -4.31303465164845e-11
Doing analysis at TEMP = 27.000000 and TNOM = 27.000000


No. of Data Rows : 1
REF_CODE_172
v(n0) = 7.846046730581552e-01
i(vref) = -9.14668696309387e-05
i(vdd) = -4.54750959111294e-11
Doing analysis at TEMP = 27.000000 and TNOM = 27.000000


No. of Data Rows : 1
REF_CODE_173
v(n0) = 7.895364459411902e-01
i(vref) = -1.14089566470831e-04
i(vdd) = -4.31210137041838e-11
Doing analysis at TEMP = 27.000000 and TNOM = 27.000000


No. of Data Rows : 1
REF_CODE_174
v(n0) = 7.945136333177862e-01
i(vref) = -9.80688347037516e-05
i(vdd) = -4.30926197503290e-11
Doing analysis at TEMP = 27.000000 and TNOM = 27.000000


No. of Data Rows : 1
REF_CODE_175
v(n0) = 7.995578243770256e-01
i(vref) = -1.01474376801820e-04
i(vdd) = -4.07186576123486e-11
Doing analysis at TEMP = 27.000000 and TNOM = 27.000000


No. of Data Rows : 1
REF_CODE_176
v(n0) = 8.033508490361976e-01
i(vref) = -6.51273135070332e-05
i(vdd) = -4.78412587323618e-11
Doing analysis at TEMP = 27.000000 and TNOM = 27.000000


No. of Data Rows : 1
REF_CODE_177
v(n0) = 8.081804746670054e-01
i(vref) = -9.95911814824283e-05
i(vdd) = -4.55004783850299e-11
Doing analysis at TEMP = 27.000000 and TNOM = 27.000000


No. of Data Rows : 1
REF_CODE_178
v(n0) = 8.130081615471505e-01
i(vref) = -9.55217009213095e-05
i(vdd) = -4.54835058505410e-11
Doing analysis at TEMP = 27.000000 and TNOM = 27.000000


No. of Data Rows : 1
REF_CODE_179
v(n0) = 8.179558342610352e-01
i(vref) = -1.11165493221743e-04
i(vdd) = -4.31225957719938e-11
Doing analysis at TEMP = 27.000000 and TNOM = 27.000000


No. of Data Rows : 1
REF_CODE_180
v(n0) = 8.226845512919441e-01
i(vref) = -8.73913240482264e-05
i(vdd) = -4.54696141849453e-11
Doing analysis at TEMP = 27.000000 and TNOM = 27.000000


No. of Data Rows : 1
REF_CODE_181
v(n0) = 8.276103147303044e-01
i(vref) = -1.12412840173260e-04
i(vdd) = -4.31180924298502e-11
Doing analysis at TEMP = 27.000000 and TNOM = 27.000000


No. of Data Rows : 1
REF_CODE_182
v(n0) = 8.325722029484682e-01
i(vref) = -9.88201219659485e-05
i(vdd) = -4.30918842275752e-11
Doing analysis at TEMP = 27.000000 and TNOM = 27.000000


No. of Data Rows : 1
REF_CODE_183
v(n0) = 8.376117916568979e-01
i(vref) = -1.04697505128835e-04
i(vdd) = -4.07202188634770e-11
Doing analysis at TEMP = 27.000000 and TNOM = 27.000000


No. of Data Rows : 1
REF_CODE_184
v(n0) = 8.421770549423762e-01
i(vref) = -7.10364420328890e-05
i(vdd) = -4.54490819978837e-11
Doing analysis at TEMP = 27.000000 and TNOM = 27.000000


No. of Data Rows : 1
REF_CODE_185
v(n0) = 8.470881209784145e-01
i(vref) = -1.00716407639212e-04
i(vdd) = -4.31032848302593e-11
Doing analysis at TEMP = 27.000000 and TNOM = 27.000000


No. of Data Rows : 1
REF_CODE_186
v(n0) = 8.520167922405504e-01
i(vref) = -9.18427442380777e-05
i(vdd) = -4.30819199759291e-11
Doing analysis at TEMP = 27.000000 and TNOM = 27.000000


No. of Data Rows : 1
REF_CODE_187
v(n0) = 8.570445479215046e-01
i(vref) = -1.02558453677512e-04
i(vdd) = -4.07148134651258e-11
Doing analysis at TEMP = 27.000000 and TNOM = 27.000000


No. of Data Rows : 1
REF_CODE_188
v(n0) = 8.619507892386424e-01
i(vref) = -7.40198392934527e-05
i(vdd) = -4.30571134302227e-11
Doing analysis at TEMP = 27.000000 and TNOM = 27.000000


No. of Data Rows : 1
REF_CODE_189
v(n0) = 8.669538593569623e-01
i(vref) = -9.41173739572008e-05
i(vdd) = -4.07014075221035e-11
Doing analysis at TEMP = 27.000000 and TNOM = 27.000000


No. of Data Rows : 1
REF_CODE_190
v(n0) = 8.720127382882791e-01
i(vref) = -7.55416986588545e-05
i(vdd) = -4.06705294442311e-11
Doing analysis at TEMP = 27.000000 and TNOM = 27.000000


No. of Data Rows : 1
REF_CODE_191
v(n0) = 8.771283969205264e-01
i(vref) = -7.63581968622300e-05
i(vdd) = -3.82938056264770e-11
Doing analysis at TEMP = 27.000000 and TNOM = 27.000000


No. of Data Rows : 1
REF_CODE_192
v(n0) = 8.772842818129183e-01
i(vref) = -3.74325371657487e-05
i(vdd) = -5.02110575339998e-11
Doing analysis at TEMP = 27.000000 and TNOM = 27.000000


No. of Data Rows : 1
REF_CODE_193
v(n0) = 8.820369943132316e-01
i(vref) = -7.48408082389597e-05
i(vdd) = -4.78742323561931e-11
Doing analysis at TEMP = 27.000000 and TNOM = 27.000000


No. of Data Rows : 1
REF_CODE_194
v(n0) = 8.867758109846591e-01
i(vref) = -7.37146514306485e-05
i(vdd) = -4.78610553966696e-11
Doing analysis at TEMP = 27.000000 and TNOM = 27.000000


No. of Data Rows : 1
REF_CODE_195
v(n0) = 8.916468312363672e-01
i(vref) = -9.23872589547699e-05
i(vdd) = -4.55024698475803e-11
Doing analysis at TEMP = 27.000000 and TNOM = 27.000000


No. of Data Rows : 1
REF_CODE_196
v(n0) = 8.962392004178096e-01
i(vref) = -7.14841184679322e-05
i(vdd) = -4.78525968850008e-11
Doing analysis at TEMP = 27.000000 and TNOM = 27.000000


No. of Data Rows : 1
REF_CODE_197
v(n0) = 9.010903361823241e-01
i(vref) = -9.95272323990519e-05
i(vdd) = -4.55052384662480e-11
Doing analysis at TEMP = 27.000000 and TNOM = 27.000000


No. of Data Rows : 1
REF_CODE_198
v(n0) = 9.059653757363617e-01
i(vref) = -8.89793492129109e-05
i(vdd) = -4.54815143879905e-11
Doing analysis at TEMP = 27.000000 and TNOM = 27.000000


No. of Data Rows : 1
REF_CODE_199
v(n0) = 9.109305702300907e-01
i(vref) = -9.79580114190285e-05
i(vdd) = -4.31120000810026e-11
Doing analysis at TEMP = 27.000000 and TNOM = 27.000000


No. of Data Rows : 1
REF_CODE_200
v(n0) = 9.151693392220467e-01
i(vref) = -6.70163576199291e-05
i(vdd) = -4.78455261521127e-11
Doing analysis at TEMP = 27.000000 and TNOM = 27.000000


No. of Data Rows : 1
REF_CODE_201
v(n0) = 9.200093137792278e-01
i(vref) = -9.97217171927887e-05
i(vdd) = -4.55026016865645e-11
Doing analysis at TEMP = 27.000000 and TNOM = 27.000000


No. of Data Rows : 1
REF_CODE_202
v(n0) = 9.248544965387172e-01
i(vref) = -9.38848334161682e-05
i(vdd) = -4.54839776953264e-11
Doing analysis at TEMP = 27.000000 and TNOM = 27.000000


No. of Data Rows : 1
REF_CODE_203
v(n0) = 9.298114338581217e-01
i(vref) = -1.07708825980577e-04
i(vdd) = -4.31196120476152e-11
Doing analysis at TEMP = 27.000000 and TNOM = 27.000000


No. of Data Rows : 1
REF_CODE_204
v(n0) = 9.345865743658509e-01
i(vref) = -8.21840502546357e-05
i(vdd) = -4.54652843151493e-11
Doing analysis at TEMP = 27.000000 and TNOM = 27.000000


No. of Data Rows : 1
REF_CODE_205
v(n0) = 9.395206284177731e-01
i(vref) = -1.05379609844744e-04
i(vdd) = -4.31125898869844e-11
Doing analysis at TEMP = 27.000000 and TNOM = 27.000000


No. of Data Rows : 1
REF_CODE_206
v(n0) = 9.444979277920269e-01
i(vref) = -8.99377084522226e-05
i(vdd) = -4.30834951048453e-11
Doing analysis at TEMP = 27.000000 and TNOM = 27.000000


No. of Data Rows : 1
REF_CODE_207
v(n0) = 9.495448135892676e-01
i(vref) = -9.39305812681617e-05
i(vdd) = -4.07107889066616e-11
Doing analysis at TEMP = 27.000000 and TNOM = 27.000000


No. of Data Rows : 1
REF_CODE_208
v(n0) = 9.531461834866606e-01
i(vref) = -5.80096852250125e-05
i(vdd) = -4.78337855436273e-11
Doing analysis at TEMP = 27.000000 and TNOM = 27.000000


No. of Data Rows : 1
REF_CODE_209
v(n0) = 9.579786171811455e-01
i(vref) = -9.30359883501218e-05
i(vdd) = -4.54940668470627e-11
Doing analysis at TEMP = 27.000000 and TNOM = 27.000000


No. of Data Rows : 1
REF_CODE_210
v(n0) = 9.628067960827260e-01
i(vref) = -8.95292113979623e-05
i(vdd) = -4.54783571912643e-11
Doing analysis at TEMP = 27.000000 and TNOM = 27.000000


No. of Data Rows : 1
REF_CODE_211
v(n0) = 9.677577330595633e-01
i(vref) = -1.05751127728107e-04
i(vdd) = -4.31166630177060e-11
Doing analysis at TEMP = 27.000000 and TNOM = 27.000000


No. of Data Rows : 1
REF_CODE_212
v(n0) = 9.724775204232471e-01
i(vref) = -8.25281176776962e-05
i(vdd) = -4.54650206371809e-11
Doing analysis at TEMP = 27.000000 and TNOM = 27.000000


No. of Data Rows : 1
REF_CODE_213
v(n0) = 9.774068336738834e-01
i(vref) = -1.08125997478503e-04
i(vdd) = -4.31140956269616e-11
Doing analysis at TEMP = 27.000000 and TNOM = 27.000000


No. of Data Rows : 1
REF_CODE_214
v(n0) = 9.823700475351899e-01
i(vref) = -9.51145224899702e-05
i(vdd) = -4.30878388524292e-11
Doing analysis at TEMP = 27.000000 and TNOM = 27.000000


No. of Data Rows : 1
REF_CODE_215
v(n0) = 9.874136219350997e-01
i(vref) = -1.01583063226305e-04
i(vdd) = -4.07170269722812e-11
Doing analysis at TEMP = 27.000000 and TNOM = 27.000000


No. of Data Rows : 1
REF_CODE_216
v(n0) = 9.919337187948345e-01
i(vref) = -6.84535319170803e-05
i(vdd) = -4.54466811405929e-11
Doing analysis at TEMP = 27.000000 and TNOM = 27.000000


No. of Data Rows : 1
REF_CODE_217
v(n0) = 9.968489136114407e-01
i(vref) = -9.87098597347268e-05
i(vdd) = -4.31013280621784e-11
Doing analysis at TEMP = 27.000000 and TNOM = 27.000000


No. of Data Rows : 1
REF_CODE_218
v(n0) = 1.001779393977206e+00
i(vref) = -9.04152218884332e-05
i(vdd) = -4.30805252582545e-11
Doing analysis at TEMP = 27.000000 and TNOM = 27.000000


No. of Data Rows : 1
REF_CODE_219
v(n0) = 1.006811733548596e+00
i(vref) = -1.01722698088615e-04
i(vdd) = -4.07142791702952e-11
Doing analysis at TEMP = 27.000000 and TNOM = 27.000000


No. of Data Rows : 1
REF_CODE_220
v(n0) = 1.011710643995921e+00
i(vref) = -7.37609078768633e-05
i(vdd) = -4.30563293352115e-11
Doing analysis at TEMP = 27.000000 and TNOM = 27.000000


No. of Data Rows : 1
REF_CODE_221
v(n0) = 1.016718534759627e+00
i(vref) = -9.44479244104151e-05
i(vdd) = -4.07018793668890e-11
Doing analysis at TEMP = 27.000000 and TNOM = 27.000000


No. of Data Rows : 1
REF_CODE_222
v(n0) = 1.021780024305790e+00
i(vref) = -7.64689974306883e-05
i(vdd) = -4.06708278166690e-11
Doing analysis at TEMP = 27.000000 and TNOM = 27.000000


No. of Data Rows : 1
REF_CODE_223
v(n0) = 1.026900938713289e+00
i(vref) = -7.78895265464801e-05
i(vdd) = -3.82957623945579e-11
Doing analysis at TEMP = 27.000000 and TNOM = 27.000000


No. of Data Rows : 1
REF_CODE_224
v(n0) = 1.029760422164151e+00
i(vref) = -3.96589378713457e-05
i(vdd) = -4.78135239734279e-11
Doing analysis at TEMP = 27.000000 and TNOM = 27.000000


No. of Data Rows : 1
REF_CODE_225
v(n0) = 1.034586235822794e+00
i(vref) = -7.58298820268175e-05
i(vdd) = -4.54749501943574e-11
Doing analysis at TEMP = 27.000000 and TNOM = 27.000000


No. of Data Rows : 1
REF_CODE_226
v(n0) = 1.039403099461026e+00
i(vref) = -7.34684820379018e-05
i(vdd) = -4.54614818012899e-11
Doing analysis at TEMP = 27.000000 and TNOM = 27.000000


No. of Data Rows : 1
REF_CODE_227
v(n0) = 1.044348146714395e+00
i(vref) = -9.08694079083945e-05
i(vdd) = -4.31012517343454e-11
Doing analysis at TEMP = 27.000000 and TNOM = 27.000000


No. of Data Rows : 1
REF_CODE_228
v(n0) = 1.049037484650335e+00
i(vref) = -6.87666739908665e-05
i(vdd) = -4.54496509871838e-11
Doing analysis at TEMP = 27.000000 and TNOM = 27.000000


No. of Data Rows : 1
REF_CODE_229
v(n0) = 1.053961628021376e+00
i(vref) = -9.55422654800494e-05
i(vdd) = -4.31004676393343e-11
Doing analysis at TEMP = 27.000000 and TNOM = 27.000000


No. of Data Rows : 1
REF_CODE_230
v(n0) = 1.058915046226572e+00
i(vref) = -8.37187004912042e-05
i(vdd) = -4.30758970160205e-11
Doing analysis at TEMP = 27.000000 and TNOM = 27.000000


No. of Data Rows : 1
REF_CODE_231
v(n0) = 1.063954146041205e+00
i(vref) = -9.13975626024158e-05
i(vdd) = -4.07063827090326e-11
Doing analysis at TEMP = 27.000000 and TNOM = 27.000000


No. of Data Rows : 1
REF_CODE_232
v(n0) = 1.068368318650771e+00
i(vref) = -5.93379405715213e-05
i(vdd) = -4.54366197444322e-11
Doing analysis at TEMP = 27.000000 and TNOM = 27.000000


No. of Data Rows : 1
REF_CODE_233
v(n0) = 1.073279675312494e+00
i(vref) = -9.07763804093425e-05
i(vdd) = -4.30934524175974e-11
Doing analysis at TEMP = 27.000000 and TNOM = 27.000000


No. of Data Rows : 1
REF_CODE_234
v(n0) = 1.078201516870309e+00
i(vref) = -8.36694181891391e-05
i(vdd) = -4.30736418755018e-11
Doing analysis at TEMP = 27.000000 and TNOM = 27.000000


No. of Data Rows : 1
REF_CODE_235
v(n0) = 1.083230737043913e+00
i(vref) = -9.61928555943785e-05
i(vdd) = -4.07088876497319e-11
Doing analysis at TEMP = 27.000000 and TNOM = 27.000000


No. of Data Rows : 1
REF_CODE_236
v(n0) = 1.088102100103388e+00
i(vref) = -6.94126757432937e-05
i(vdd) = -4.30519231375825e-11
Doing analysis at TEMP = 27.000000 and TNOM = 27.000000


No. of Data Rows : 1
REF_CODE_237
v(n0) = 1.093107478536867e+00
i(vref) = -9.13130801487472e-05
i(vdd) = -4.06976882749710e-11
Doing analysis at TEMP = 27.000000 and TNOM = 27.000000


No. of Data Rows : 1
REF_CODE_238
v(n0) = 1.098161765253975e+00
i(vref) = -7.45626386751814e-05
i(vdd) = -4.06683992038026e-11
Doing analysis at TEMP = 27.000000 and TNOM = 27.000000


No. of Data Rows : 1
REF_CODE_239
v(n0) = 1.103280849505055e+00
i(vref) = -7.72286995149353e-05
i(vdd) = -3.82952003441517e-11
Doing analysis at TEMP = 27.000000 and TNOM = 27.000000


No. of Data Rows : 1
REF_CODE_240
v(n0) = 1.107370474097970e+00
i(vref) = -4.03117847779927e-05
i(vdd) = -4.54154075457680e-11
Doing analysis at TEMP = 27.000000 and TNOM = 27.000000


No. of Data Rows : 1
REF_CODE_241
v(n0) = 1.112271473850839e+00
i(vref) = -7.40683738676812e-05
i(vdd) = -4.30746688317996e-11
Doing analysis at TEMP = 27.000000 and TNOM = 27.000000


No. of Data Rows : 1
REF_CODE_242
v(n0) = 1.117173467981828e+00
i(vref) = -6.92913088611547e-05
i(vdd) = -4.30576616028411e-11
Doing analysis at TEMP = 27.000000 and TNOM = 27.000000


No. of Data Rows : 1
REF_CODE_243
v(n0) = 1.122193828973464e+00
i(vref) = -8.42090925533829e-05
i(vdd) = -4.06953637455132e-11
Doing analysis at TEMP = 27.000000 and TNOM = 27.000000


No. of Data Rows : 1
REF_CODE_244
v(n0) = 1.127007237173789e+00
i(vref) = -5.97410600200532e-05
i(vdd) = -4.30413552021669e-11
Doing analysis at TEMP = 27.000000 and TNOM = 27.000000


No. of Data Rows : 1
REF_CODE_245
v(n0) = 1.132005039749259e+00
i(vref) = -8.40397309390247e-05
i(vdd) = -4.06897640581327e-11
Doing analysis at TEMP = 27.000000 and TNOM = 27.000000


No. of Data Rows : 1
REF_CODE_246
v(n0) = 1.137042366171459e+00
i(vref) = -6.97181145686780e-05
i(vdd) = -4.06625705329233e-11
Doing analysis at TEMP = 27.000000 and TNOM = 27.000000


No. of Data Rows : 1
REF_CODE_247
v(n0) = 1.142155268120076e+00
i(vref) = -7.48550991273582e-05
i(vdd) = -3.82912729302021e-11
Doing analysis at TEMP = 27.000000 and TNOM = 27.000000


No. of Data Rows : 1
REF_CODE_248
v(n0) = 1.146847927461499e+00
i(vref) = -4.05202631110499e-05
i(vdd) = -4.30184568522840e-11
Doing analysis at TEMP = 27.000000 and TNOM = 27.000000


No. of Data Rows : 1
REF_CODE_249
v(n0) = 1.151830155755614e+00
i(vref) = -6.94792608183143e-05
i(vdd) = -4.06728470347950e-11
Doing analysis at TEMP = 27.000000 and TNOM = 27.000000


No. of Data Rows : 1
REF_CODE_250
v(n0) = 1.156833210159226e+00
i(vref) = -5.98813268192481e-05
i(vdd) = -4.06507744132867e-11
Doing analysis at TEMP = 27.000000 and TNOM = 27.000000


No. of Data Rows : 1
REF_CODE_251
v(n0) = 1.161933418697173e+00
i(vref) = -6.98577714952904e-05
i(vdd) = -3.82835638190748e-11
Doing analysis at TEMP = 27.000000 and TNOM = 27.000000


No. of Data Rows : 1
REF_CODE_252
v(n0) = 1.166925191883038e+00
i(vref) = -4.05969520846000e-05
i(vdd) = -4.06245315165421e-11
Doing analysis at TEMP = 27.000000 and TNOM = 27.000000


No. of Data Rows : 1
REF_CODE_253
v(n0) = 1.172000074966781e+00
i(vref) = -5.99590058527623e-05
i(vdd) = -3.82688741806803e-11
Doing analysis at TEMP = 27.000000 and TNOM = 27.000000


No. of Data Rows : 1
REF_CODE_254
v(n0) = 1.177134435599162e+00
i(vref) = -4.06388464908477e-05
i(vdd) = -3.82373299689931e-11
Doing analysis at TEMP = 27.000000 and TNOM = 27.000000


No. of Data Rows : 1
REF_CODE_255
v(n0) = 1.182323157875637e+00
i(vref) = -4.07026836800385e-05
i(vdd) = -3.58610224848732e-11
ngspice-36 done
