
Traceback (most recent call last):
  File "/content/gpu-mode-curriculum/model-integration/run_attention_benchmark.py", line 122, in <module>
    raise SystemExit(main())
                     ~~~~^^
  File "/content/gpu-mode-curriculum/model-integration/run_attention_benchmark.py", line 102, in main
    report = benchmark(args.device, args.sequence, args.repeat)
  File "/content/gpu-mode-curriculum/model-integration/run_attention_benchmark.py", line 43, in benchmark
    output = model(x)
  File "/usr/local/lib/python3.13/dist-packages/torch/nn/modules/module.py", line 1779, in _wrapped_call_impl
    return self._call_impl(*args, **kwargs)
           ~~~~~~~~~~~~~~~^^^^^^^^^^^^^^^^^
  File "/usr/local/lib/python3.13/dist-packages/torch/nn/modules/module.py", line 1790, in _call_impl
    return forward_call(*args, **kwargs)
  File "/content/gpu-mode-curriculum/model-integration/model_integration/tiny_transformer.py", line 65, in forward
    return self._forward(x)
           ~~~~~~~~~~~~~^^^
  File "/content/gpu-mode-curriculum/model-integration/model_integration/tiny_transformer.py", line 114, in _forward
    from flash_attention_backward.recomputed import recomputed_attention
  File "/content/gpu-mode-curriculum/flash-attention-backward/flash_attention_backward/__init__.py", line 1, in <module>
    from .analyzer import build_flash_attention_backward_report
ModuleNotFoundError: No module named 'flash_attention_backward.analyzer'
