

Traceback (most recent call last):
  File "/content/gpu-mode-curriculum/model-integration/run_attention_benchmark.py", line 122, in <module>
    raise SystemExit(main())
                     ~~~~^^
  File "/content/gpu-mode-curriculum/model-integration/run_attention_benchmark.py", line 102, in main
    report = benchmark(args.device, args.sequence, args.repeat)
  File "/content/gpu-mode-curriculum/model-integration/run_attention_benchmark.py", line 43, in benchmark
    output = model(x)
  File "/usr/local/lib/python3.13/dist-packages/torch/nn/modules/module.py", line 1779, in _wrapped_call_impl
    return self._call_impl(*args, **kwargs)
           ~~~~~~~~~~~~~~~^^^^^^^^^^^^^^^^^
  File "/usr/local/lib/python3.13/dist-packages/torch/nn/modules/module.py", line 1790, in _call_impl
    return forward_call(*args, **kwargs)
  File "/content/gpu-mode-curriculum/model-integration/model_integration/tiny_transformer.py", line 65, in forward
    return self._forward(x)
           ~~~~~~~~~~~~~^^^
  File "/content/gpu-mode-curriculum/model-integration/model_integration/tiny_transformer.py", line 114, in _forward
    from flash_attention_backward.recomputed import recomputed_attention
  File "/content/gpu-mode-curriculum/flash-attention-backward/flash_attention_backward/__init__.py", line 1, in <module>
    from .analyzer import build_flash_attention_backward_report
ModuleNotFoundError: No module named 'flash_attention_backward.analyzer'

[0;31m---------------------------------------------------------------------------[0m[0;31mRuntimeError[0m                              Traceback (most recent call last)[0;32m/tmp/ipykernel_451/3302551718.py[0m in [0;36m<cell line: 0>[0;34m()[0m
[1;32m     16[0m     [0mprint[0m[0;34m([0m[0mresult[0m[0;34m.[0m[0mstdout[0m[0;34m[[0m[0;34m-[0m[0;36m12000[0m[0;34m:[0m[0;34m][0m[0;34m)[0m[0;34m[0m[0;34m[0m[0m
[1;32m     17[0m     [0mprint[0m[0;34m([0m[0mresult[0m[0;34m.[0m[0mstderr[0m[0;34m[[0m[0;34m-[0m[0;36m12000[0m[0;34m:[0m[0;34m][0m[0;34m,[0m [0mfile[0m[0;34m=[0m[0msys[0m[0;34m.[0m[0mstderr[0m[0;34m)[0m[0;34m[0m[0;34m[0m[0m
[0;32m---> 18[0;31m     [0;32mraise[0m [0mRuntimeError[0m[0;34m([0m[0;34mf'attention benchmark return code {result.returncode}'[0m[0;34m)[0m[0;34m[0m[0;34m[0m[0m
[0m[1;32m     19[0m [0mreport[0m [0;34m=[0m [0mjson[0m[0;34m.[0m[0mloads[0m[0;34m([0m[0;34m([0m[0mroot[0m [0;34m/[0m [0;34m'model-integration/reports/attention-benchmark-cuda.json'[0m[0;34m)[0m[0;34m.[0m[0mread_text[0m[0;34m([0m[0;34m)[0m[0;34m)[0m[0;34m[0m[0;34m[0m[0m
[1;32m     20[0m [0mprint[0m[0;34m([0m[0mjson[0m[0;34m.[0m[0mdumps[0m[0;34m([0m[0;34m{[0m[0;34m'status'[0m[0;34m:[0m [0mreport[0m[0;34m[[0m[0;34m'status'[0m[0;34m][0m[0;34m,[0m [0;34m'gpu_execution_accepted'[0m[0;34m:[0m [0mreport[0m[0;34m[[0m[0;34m'gpu_execution_accepted'[0m[0;34m][0m[0;34m,[0m [0;34m'rows'[0m[0;34m:[0m [0;34m[[0m[0;34m{[0m[0;34m'backend'[0m[0;34m:[0m [0mx[0m[0;34m[[0m[0;34m'backend'[0m[0;34m][0m[0;34m,[0m [0;34m'median_seconds'[0m[0;34m:[0m [0mx[0m[0;34m[[0m[0;34m'median_seconds'[0m[0;34m][0m[0;34m,[0m [0;34m'peak_bytes'[0m[0;34m:[0m [0mx[0m[0;34m[[0m[0;34m'memory'[0m[0;34m][0m[0;34m.[0m[0mget[0m[0;34m([0m[0;34m'peak_allocated_bytes'[0m[0;34m)[0m[0;34m}[0m [0;32mfor[0m [0mx[0m [0;32min[0m [0mreport[0m[0;34m[[0m[0;34m'rows'[0m[0;34m][0m[0;34m][0m[0;34m}[0m[0;34m)[0m[0;34m)[0m[0;34m[0m[0;34m[0m[0m
[0;31mRuntimeError[0m: attention benchmark return code 1
