
Compatibility modes selected: hs a


Circuit: * signed small-signal extracted latch diagnostic, no structural mos substitution.

option SCALE: Scale is set to 1e-06 for instance and model parameters
option SCALE: Scale is set to 1e-06 for instance and model parameters
Doing analysis at TEMP = 27.000000 and TNOM = 27.000000

Warning: veval: no DC value, transient time 0 value used
Warning: vreset: no DC value, transient time 0 value used

Initial Transient Solution
--------------------------

Node                                   Voltage
----                                   -------
vdd                                        1.8
vdd_active                                 1.8
vss                                          0
sense_p                                0.89975
sense_n                                0.90025
iso_tail                              0.179683
latch_sense_p                          1.78008
latch_sense_n                          1.77992
reset                                        0
eval                                         0
out_p                                      1.8
tail                                   1.38732
out_n                                      1.8
veval#branch                                 0
vreset#branch                                0
vn#branch                                    0
vp#branch                                    0
vss#branch                         5.35952e-10
vactive#branch                    -4.00052e-06
vdd#branch                        -1.47163e-11


No. of Data Rows : 1043

  Measurements for Transient Analysis

op_final            =  1.086463e-01
on_final            =  1.086582e-01
lp_before           =  1.780078e+00
ln_before           =  1.779917e+00

binary raw file "waveform.raw"
Doing analysis at TEMP = 27.000000 and TNOM = 27.000000

Warning: veval: no DC value, transient time 0 value used
Warning: vreset: no DC value, transient time 0 value used

Initial Transient Solution
--------------------------

Node                                   Voltage
----                                   -------
vdd                                        1.8
vdd_active                                 1.8
vss                                          0
sense_p                                0.89975
sense_n                                0.90025
iso_tail                              0.697754
latch_sense_p                          0.32095
latch_sense_n                         0.321096
reset                                        0
eval                                         0
out_p                                 0.597705
tail                                  0.154447
out_n                                  0.59771
veval#branch                      -0.000623123
vreset#branch                       0.00119062
vn#branch                         -0.000281907
vp#branch                         -0.000281786
vss#branch                          0.00199519
vactive#branch                    -0.000941021
vdd#branch                         -0.00106197


No. of Data Rows : 1048

  Measurements for Transient Analysis

op_final            =  1.086463e-01
on_final            =  1.086582e-01
lp_before           =  1.780148e+00
ln_before           =  1.779988e+00


Total analysis time (seconds) = 0.32

Total elapsed time (seconds) = 1.098 

Total DRAM available = 7943.230 MB.
DRAM currently available =  120.059 MB.
Maximum ngspice program size =   56.531 MB.
Current ngspice program size =   40.875 MB.

Shared ngspice pages =   10.500 MB.
Text (code) pages =    5.316 MB.
Stack = 0 bytes.
Library pages =   38.582 MB.

