Warning: veval: no DC value, transient time 0 value used
Warning: vreset: no DC value, transient time 0 value used
 Reference value :  2.00000e-13
 Reference value :  1.96319e-09
 Reference value :  3.96319e-09
 Reference value :  1.31632e-08
 Reference value :  2.29032e-08
 Reference value :  2.85832e-08
 Reference value :  3.53832e-08
 Reference value :  4.61632e-08
 Reference value :  5.22832e-08
 Reference value :  6.08832e-08
 Reference value :  7.24632e-08
 Reference value :  8.33828e-08
 Reference value :  1.00563e-07
 Reference value :  1.11283e-07
 Reference value :  1.21203e-07
 Reference value :  1.32383e-07
 Reference value :  1.46523e-07
 Reference value :  1.58283e-07
 Reference value :  1.61883e-07
 Reference value :  1.63883e-07
 Reference value :  1.65843e-07
 Reference value :  1.70003e-07
Warning: veval: no DC value, transient time 0 value used
Warning: vreset: no DC value, transient time 0 value used
 Reference value :  5.47200e-13
 Reference value :  3.52319e-09
 Reference value :  5.96319e-09
 Reference value :  9.46319e-09
 Reference value :  1.34832e-08
 Reference value :  1.64632e-08
 Reference value :  1.88232e-08
 Reference value :  2.06432e-08
 Reference value :  2.37032e-08
 Reference value :  2.61032e-08
 Reference value :  2.85832e-08
 Reference value :  3.24232e-08
 Reference value :  4.01232e-08
 Reference value :  4.91032e-08
 Reference value :  5.52632e-08
 Reference value :  6.41632e-08
 Reference value :  7.44832e-08
 Reference value :  8.58028e-08
 Reference value :  9.65428e-08
 Reference value :  1.04363e-07
 Reference value :  1.17643e-07
 Reference value :  1.27923e-07
 Reference value :  1.36063e-07
 Reference value :  1.43443e-07
 Reference value :  1.55483e-07
 Reference value :  1.69983e-07
Original line no.: 61, new internal line no.: 865:
insertnumber: fails.
  s = ".measure tran decision_diff_v param=   -1.508293899110669e-06   " u=" -1.508293899110669e-06  " id=0
