
No compatibility mode selected!


Circuit: * extracted active converter macro decision-boundary transient.

Option cshunt: 22 capacitors added with 1e-15 F each
Doing analysis at TEMP = 27.000000 and TNOM = 27.000000

Using transient initial conditions

No. of Data Rows : 8631

  Measurements for Transient Analysis

decision_p_v        =  1.797178e+00
decision_n_v        =  1.797176e+00
decision_diff_v     =  -1.50829e-06
supply_charge_c     =   -1.90534e-15 from=  2.00000e-13 to=  2.00000e-08
active_supply_charge_c=   -4.08893e-13 from=  2.00000e-13 to=  2.00000e-08
p0_0                =  1.799605e+00
p0_1                =  1.799606e+00
p0_2                =  9.935467e-01
p0_3                =  2.065677e-01
p0_4                =  1.095614e+00
p0_5                =  1.538308e-01
p0_6                =  1.538308e-01
p1_0                =  1.811999e+00
p1_1                =  1.820232e+00
p1_2                =  9.845781e-01
p1_3                =  1.980955e-01
p1_4                =  6.285558e-01
p1_5                =  1.537328e-01
p1_6                =  1.539949e-01
p2_0                =  1.522742e+00
p2_1                =  9.195512e-03
p2_2                =  9.537424e-01
p2_3                =  2.066074e-01
p2_4                =  9.445385e-03
p2_5                =  1.538248e-01
p2_6                =  1.537323e-01
p3_0                =  1.451116e+00
p3_1                =  1.100151e-02
p3_2                =  9.847195e-01
p3_3                =  2.066892e-01
p3_4                =  1.108342e-02
p3_5                =  1.538900e-01
p3_6                =  1.538703e-01
p4_0                =  1.427891e+00
p4_1                =  1.154050e-02
p4_2                =  9.930583e-01
p4_3                =  2.065664e-01
p4_4                =  1.154444e-02
p4_5                =  1.538305e-01
p4_6                =  1.538297e-01
p5_0                =  1.426782e+00
p5_1                =  1.156564e-02
p5_2                =  9.934381e-01
p5_3                =  2.065603e-01
p5_4                =  1.156563e-02
p5_5                =  1.538276e-01
p5_6                =  1.538276e-01

Doing analysis at TEMP = 27.000000 and TNOM = 27.000000

Using transient initial conditions

No. of Data Rows : 8631

  Measurements for Transient Analysis

decision_p_v        =  1.797178e+00
decision_n_v        =  1.797176e+00
decision_diff_v     =  -1.50829e-06
supply_charge_c     =   -1.90534e-15 from=  2.00000e-13 to=  2.00000e-08
active_supply_charge_c=   -4.08893e-13 from=  2.00000e-13 to=  2.00000e-08
p0_0                =  1.799605e+00
p0_1                =  1.799606e+00
p0_2                =  9.935467e-01
p0_3                =  2.065677e-01
p0_4                =  1.095614e+00
p0_5                =  1.538308e-01
p0_6                =  1.538308e-01
p1_0                =  1.811999e+00
p1_1                =  1.820232e+00
p1_2                =  9.845781e-01
p1_3                =  1.980955e-01
p1_4                =  6.285558e-01
p1_5                =  1.537328e-01
p1_6                =  1.539949e-01
p2_0                =  1.522742e+00
p2_1                =  9.195512e-03
p2_2                =  9.537424e-01
p2_3                =  2.066074e-01
p2_4                =  9.445385e-03
p2_5                =  1.538248e-01
p2_6                =  1.537323e-01
p3_0                =  1.451116e+00
p3_1                =  1.100151e-02
p3_2                =  9.847195e-01
p3_3                =  2.066892e-01
p3_4                =  1.108342e-02
p3_5                =  1.538900e-01
p3_6                =  1.538703e-01
p4_0                =  1.427891e+00
p4_1                =  1.154050e-02
p4_2                =  9.930583e-01
p4_3                =  2.065664e-01
p4_4                =  1.154444e-02
p4_5                =  1.538305e-01
p4_6                =  1.538297e-01
p5_0                =  1.426782e+00
p5_1                =  1.156564e-02
p5_2                =  9.934381e-01
p5_3                =  2.065603e-01
p5_4                =  1.156563e-02
p5_5                =  1.538276e-01
p5_6                =  1.538276e-01


Total analysis time (seconds) = 12.345

Total elapsed time (seconds) = 16.025 

Total DRAM available = 7943.238 MB.
DRAM currently available =   83.938 MB.
Maximum ngspice program size =  123.488 MB.
Current ngspice program size =  107.500 MB.

Shared ngspice pages =   10.125 MB.
Text (code) pages =    5.316 MB.
Stack = 0 bytes.
Library pages =  105.539 MB.

