
No compatibility mode selected!


Circuit: * candidate 8-bit reference dac: ideal resistors, sky130 transmission gates.

Doing analysis at TEMP = 27.000000 and TNOM = 27.000000


No. of Data Rows : 1
REF_CODE_0
v(n0) = 1.012468688653455e-09
i(vref) = -2.07316463327090e-11
i(vdd) = -5.49722073417414e-11
Doing analysis at TEMP = 27.000000 and TNOM = 27.000000


No. of Data Rows : 1
REF_CODE_26
v(n0) = 1.201322624636945e-01
i(vref) = -8.22526964781181e-05
i(vdd) = -4.78725808994440e-11
Doing analysis at TEMP = 27.000000 and TNOM = 27.000000


No. of Data Rows : 1
REF_CODE_127
v(n0) = 5.917317968764753e-01
i(vref) = -6.86151678495441e-05
i(vdd) = -3.82852013980362e-11
Doing analysis at TEMP = 27.000000 and TNOM = 27.000000


No. of Data Rows : 1
REF_CODE_128
v(n0) = 5.845038353953622e-01
i(vref) = -2.91485549979186e-05
i(vdd) = -5.26026167069205e-11
Doing analysis at TEMP = 27.000000 and TNOM = 27.000000


No. of Data Rows : 1
REF_CODE_255
v(n0) = 1.194560418560880e+00
i(vref) = -3.95257274876681e-05
i(vdd) = -3.58576085490725e-11
ngspice-36 done
