
Compatibility modes selected: hs a


Circuit: * signed small-signal extracted latch diagnostic, no structural mos substitution.

option SCALE: Scale is set to 1e-06 for instance and model parameters
option SCALE: Scale is set to 1e-06 for instance and model parameters
Doing analysis at TEMP = 27.000000 and TNOM = 27.000000

Warning: veval: no DC value, transient time 0 value used
Warning: vreset: no DC value, transient time 0 value used

Initial Transient Solution
--------------------------

Node                                   Voltage
----                                   -------
vdd                                        1.8
vdd_active                                 1.8
vss                                          0
sense_p                                0.89975
sense_n                                0.90025
iso_tail                              0.178804
latch_sense_p                          1.60078
latch_sense_n                           1.5992
reset                                        0
eval                                         0
out_p                                      1.8
out_n                                      1.8
tail                                   1.38965
veval#branch                                 0
vreset#branch                                0
vn#branch                                    0
vp#branch                                    0
vss#branch                         1.49705e-10
vactive#branch                    -4.00013e-06
vdd#branch                        -1.47981e-11


No. of Data Rows : 1051

  Measurements for Transient Analysis

op_final            =  7.747993e-02
on_final            =  7.755630e-02
lp_before           =  1.600783e+00
ln_before           =  1.599204e+00

binary raw file "waveform.raw"
Doing analysis at TEMP = 27.000000 and TNOM = 27.000000

Warning: veval: no DC value, transient time 0 value used
Warning: vreset: no DC value, transient time 0 value used

Initial Transient Solution
--------------------------

Node                                   Voltage
----                                   -------
vdd                                        1.8
vdd_active                                 1.8
vss                                          0
sense_p                                0.89975
sense_n                                0.90025
iso_tail                              0.177459
latch_sense_p                       -0.0936755
latch_sense_n                       -0.0935522
reset                                        0
eval                                         0
out_p                                 0.360228
out_n                                 0.360231
tail                                 0.0182005
veval#branch                      -0.000867137
vreset#branch                       0.00160899
vn#branch                         -0.000600105
vp#branch                         -0.000599831
vss#branch                          0.00486635
vactive#branch                     -0.00205669
vdd#branch                         -0.00235558


No. of Data Rows : 1054

  Measurements for Transient Analysis

op_final            =  7.746837e-02
on_final            =  7.754478e-02
lp_before           =  1.582277e+00
ln_before           =  1.580724e+00


Total analysis time (seconds) = 1.649

Total elapsed time (seconds) = 2.687 

Total DRAM available = 7943.234 MB.
DRAM currently available =  231.129 MB.
Maximum ngspice program size =   56.660 MB.
Current ngspice program size =   41.000 MB.

Shared ngspice pages =   10.500 MB.
Text (code) pages =    5.316 MB.
Stack = 0 bytes.
Library pages =   38.711 MB.

