
Compatibility modes selected: hs a


Circuit: * signed small-signal extracted latch diagnostic, no structural mos substitution.

option SCALE: Scale is set to 1e-06 for instance and model parameters
option SCALE: Scale is set to 1e-06 for instance and model parameters
Doing analysis at TEMP = 27.000000 and TNOM = 27.000000

Warning: veval: no DC value, transient time 0 value used
Warning: vreset: no DC value, transient time 0 value used

Initial Transient Solution
--------------------------

Node                                   Voltage
----                                   -------
vdd                                       1.75
vdd_active                                 1.8
vss                                          0
sense_p                                0.90025
sense_n                                0.89975
iso_tail                              0.176131
latch_sense_p                           1.0974
latch_sense_n                           1.1026
reset                                        0
eval                                         0
out_p                                     1.75
out_n                                     1.75
tail                                   1.33263
veval#branch                                 0
vreset#branch                                0
vn#branch                                    0
vp#branch                                    0
vss#branch                         1.69974e-11
vactive#branch                          -4e-06
vdd#branch                        -1.41497e-11


No. of Data Rows : 1052

  Measurements for Transient Analysis

op_final            =  9.216669e-01
on_final            =  1.700790e-02
lp_before           =  1.097396e+00
ln_before           =  1.102604e+00

binary raw file "waveform.raw"
Doing analysis at TEMP = 27.000000 and TNOM = 27.000000

Warning: veval: no DC value, transient time 0 value used
Warning: vreset: no DC value, transient time 0 value used

Initial Transient Solution
--------------------------

Node                                   Voltage
----                                   -------
vdd                                       1.75
vdd_active                                 1.8
vss                                          0
sense_p                                0.90025
sense_n                                0.89975
iso_tail                              0.183107
latch_sense_p                       0.00979212
latch_sense_n                       0.00964791
reset                                        0
eval                                         0
out_p                                  0.63765
out_n                                 0.637648
tail                                 0.0347384
veval#branch                       -0.00118546
vreset#branch                       0.00215799
vn#branch                         -0.000758917
vp#branch                         -0.000759294
vss#branch                          0.00566059
vactive#branch                      -0.0022418
vdd#branch                         -0.00287711


No. of Data Rows : 1055

  Measurements for Transient Analysis

op_final            =  1.265938e+00
on_final            =  1.435400e-02
lp_before           =  8.693762e-01
ln_before           =  8.735103e-01


Total analysis time (seconds) = 0.213

Total elapsed time (seconds) = 0.662 

Total DRAM available = 7943.238 MB.
DRAM currently available = 1032.652 MB.
Maximum ngspice program size =   56.656 MB.
Current ngspice program size =   40.500 MB.

Shared ngspice pages =   10.125 MB.
Text (code) pages =    5.316 MB.
Stack = 0 bytes.
Library pages =   38.707 MB.

