
Compatibility modes selected: hs a


Circuit: * signed small-signal extracted latch diagnostic, no structural mos substitution.

option SCALE: Scale is set to 1e-06 for instance and model parameters
option SCALE: Scale is set to 1e-06 for instance and model parameters
Doing analysis at TEMP = 27.000000 and TNOM = 27.000000

Warning: veval: no DC value, transient time 0 value used
Warning: vreset: no DC value, transient time 0 value used

Initial Transient Solution
--------------------------

Node                                   Voltage
----                                   -------
vdd                                        1.8
vdd_active                                 1.8
vss                                          0
sense_p                               0.899924
sense_n                               0.900076
iso_tail                              0.178804
latch_sense_p                          1.60023
latch_sense_n                          1.59975
reset                                        0
eval                                         0
out_p                                      1.8
out_n                                      1.8
tail                                   1.41277
veval#branch                                 0
vreset#branch                                0
vn#branch                                    0
vp#branch                                    0
vss#branch                         1.49929e-10
vactive#branch                    -4.00013e-06
vdd#branch                        -1.50218e-11


No. of Data Rows : 1050

  Measurements for Transient Analysis

op_final            =  5.658993e-02
on_final            =  5.660086e-02
lp_before           =  1.600235e+00
ln_before           =  1.599752e+00

binary raw file "waveform.raw"
Doing analysis at TEMP = 27.000000 and TNOM = 27.000000

Warning: veval: no DC value, transient time 0 value used
Warning: vreset: no DC value, transient time 0 value used

Initial Transient Solution
--------------------------

Node                                   Voltage
----                                   -------
vdd                                        1.8
vdd_active                                 1.8
vss                                          0
sense_p                               0.899924
sense_n                               0.900076
iso_tail                              0.356419
latch_sense_p                       -0.0893779
latch_sense_n                        -0.089351
reset                                        0
eval                                         0
out_p                                 0.333066
out_n                                 0.333068
tail                                  0.157605
veval#branch                        -0.0124257
vreset#branch                        0.0355253
vn#branch                           -0.0127883
vp#branch                           -0.0127864
vss#branch                           0.0871004
vactive#branch                      -0.0394713
vdd#branch                           -0.045158


No. of Data Rows : 1059

  Measurements for Transient Analysis

op_final            =  5.655408e-02
on_final            =  5.656335e-02
lp_before           =  1.576484e+00
ln_before           =  1.576557e+00


Total analysis time (seconds) = 0.274

Total elapsed time (seconds) = 0.850 

Total DRAM available = 7943.230 MB.
DRAM currently available =  193.875 MB.
Maximum ngspice program size =   56.656 MB.
Current ngspice program size =   40.750 MB.

Shared ngspice pages =   10.250 MB.
Text (code) pages =    5.316 MB.
Stack = 0 bytes.
Library pages =   38.707 MB.

