

Traceback (most recent call last):
  File "/content/gpu-mode-curriculum/model-integration/run_attention_benchmark.py", line 122, in <module>
    raise SystemExit(main())
                     ~~~~^^
  File "/content/gpu-mode-curriculum/model-integration/run_attention_benchmark.py", line 114, in main
    path.write_text(json.dumps(report, indent=2, allow_nan=False) + "\n")
    ~~~~~~~~~~~~~~~^^^^^^^^^^^^^^^^^^^^^^^^^^^^^^^^^^^^^^^^^^^^^^^^^^^^^^
  File "/usr/lib/python3.13/pathlib/_local.py", line 555, in write_text
    return PathBase.write_text(self, data, encoding, errors, newline)
           ~~~~~~~~~~~~~~~~~~~^^^^^^^^^^^^^^^^^^^^^^^^^^^^^^^^^^^^^^^
  File "/usr/lib/python3.13/pathlib/_abc.py", line 651, in write_text
    with self.open(mode='w', encoding=encoding, errors=errors, newline=newline) as f:
         ~~~~~~~~~^^^^^^^^^^^^^^^^^^^^^^^^^^^^^^^^^^^^^^^^^^^^^^^^^^^^^^^^^^^^^
  File "/usr/lib/python3.13/pathlib/_local.py", line 537, in open
    return io.open(self, mode, buffering, encoding, errors, newline)
           ~~~~~~~^^^^^^^^^^^^^^^^^^^^^^^^^^^^^^^^^^^^^^^^^^^^^^^^^^
FileNotFoundError: [Errno 2] No such file or directory: '/content/gpu-mode-curriculum/model-integration/reports/attention-benchmark-cuda.json'

[0;31m---------------------------------------------------------------------------[0m[0;31mRuntimeError[0m                              Traceback (most recent call last)[0;32m/tmp/ipykernel_1524/3302551718.py[0m in [0;36m<cell line: 0>[0;34m()[0m
[1;32m     16[0m     [0mprint[0m[0;34m([0m[0mresult[0m[0;34m.[0m[0mstdout[0m[0;34m[[0m[0;34m-[0m[0;36m12000[0m[0;34m:[0m[0;34m][0m[0;34m)[0m[0;34m[0m[0;34m[0m[0m
[1;32m     17[0m     [0mprint[0m[0;34m([0m[0mresult[0m[0;34m.[0m[0mstderr[0m[0;34m[[0m[0;34m-[0m[0;36m12000[0m[0;34m:[0m[0;34m][0m[0;34m,[0m [0mfile[0m[0;34m=[0m[0msys[0m[0;34m.[0m[0mstderr[0m[0;34m)[0m[0;34m[0m[0;34m[0m[0m
[0;32m---> 18[0;31m     [0;32mraise[0m [0mRuntimeError[0m[0;34m([0m[0;34mf'attention benchmark return code {result.returncode}'[0m[0;34m)[0m[0;34m[0m[0;34m[0m[0m
[0m[1;32m     19[0m [0mreport[0m [0;34m=[0m [0mjson[0m[0;34m.[0m[0mloads[0m[0;34m([0m[0;34m([0m[0mroot[0m [0;34m/[0m [0;34m'model-integration/reports/attention-benchmark-cuda.json'[0m[0;34m)[0m[0;34m.[0m[0mread_text[0m[0;34m([0m[0;34m)[0m[0;34m)[0m[0;34m[0m[0;34m[0m[0m
[1;32m     20[0m [0mprint[0m[0;34m([0m[0mjson[0m[0;34m.[0m[0mdumps[0m[0;34m([0m[0;34m{[0m[0;34m'status'[0m[0;34m:[0m [0mreport[0m[0;34m[[0m[0;34m'status'[0m[0;34m][0m[0;34m,[0m [0;34m'gpu_execution_accepted'[0m[0;34m:[0m [0mreport[0m[0;34m[[0m[0;34m'gpu_execution_accepted'[0m[0;34m][0m[0;34m,[0m [0;34m'rows'[0m[0;34m:[0m [0;34m[[0m[0;34m{[0m[0;34m'backend'[0m[0;34m:[0m [0mx[0m[0;34m[[0m[0;34m'backend'[0m[0;34m][0m[0;34m,[0m [0;34m'median_seconds'[0m[0;34m:[0m [0mx[0m[0;34m[[0m[0;34m'median_seconds'[0m[0;34m][0m[0;34m,[0m [0;34m'peak_bytes'[0m[0;34m:[0m [0mx[0m[0;34m[[0m[0;34m'memory'[0m[0;34m][0m[0;34m.[0m[0mget[0m[0;34m([0m[0;34m'peak_allocated_bytes'[0m[0;34m)[0m[0;34m}[0m [0;32mfor[0m [0mx[0m [0;32min[0m [0mreport[0m[0;34m[[0m[0;34m'rows'[0m[0;34m][0m[0;34m][0m[0;34m}[0m[0;34m)[0m[0;34m)[0m[0;34m[0m[0;34m[0m[0m
[0;31mRuntimeError[0m: attention benchmark return code 1
