
Compatibility modes selected: hs a


Circuit: * signed small-signal extracted latch diagnostic, no structural mos substitution.

option SCALE: Scale is set to 1e-06 for instance and model parameters
option SCALE: Scale is set to 1e-06 for instance and model parameters
Doing analysis at TEMP = 25.000000 and TNOM = 27.000000

Warning: vcap: no DC value, transient time 0 value used
Warning: veqreset: no DC value, transient time 0 value used
Warning: veval: no DC value, transient time 0 value used
Warning: vreset: no DC value, transient time 0 value used
Warning: vn: no DC value, transient time 0 value used
Warning: vp: no DC value, transient time 0 value used

Initial Transient Solution
--------------------------

Node                                   Voltage
----                                   -------
vdd                                       1.75
vdd_active                                 1.8
vss                                          0
sense_p                                0.89975
sense_n                                0.90025
iso_tail                               0.17521
latch_sense_p                          1.10058
latch_sense_n                          1.09942
reset                                        0
eval                                         0
eq_reset                                     0
rx_p                               7.57342e-08
out_p                                     1.75
out_n                                     1.75
rx_n                               7.57342e-08
tail                                   1.32988
vdd_capture                                1.8
capture_clk                                  0
captured_q                         2.67658e-09
vcap#branch                                  0
vdcap#branch                      -3.16104e-11
veqreset#branch                              0
veval#branch                                 0
vreset#branch                                0
vn#branch                                    0
vp#branch                                    0
vss#branch                         1.27656e-10
vactive#branch                    -4.00008e-06
vdd#branch                        -1.40494e-11


No. of Data Rows : 10374

  Measurements for Transient Analysis

op_final            =  1.631251e-02
on_final            =  1.553791e+00
lp_before           =  1.114730e+00
ln_before           =  1.110982e+00

binary raw file "waveform.raw"
Doing analysis at TEMP = 25.000000 and TNOM = 27.000000

Warning: vcap: no DC value, transient time 0 value used
Warning: veqreset: no DC value, transient time 0 value used
Warning: veval: no DC value, transient time 0 value used
Warning: vreset: no DC value, transient time 0 value used
Warning: vn: no DC value, transient time 0 value used
Warning: vp: no DC value, transient time 0 value used

Initial Transient Solution
--------------------------

Node                                   Voltage
----                                   -------
vdd                                       1.75
vdd_active                                 1.8
vss                                          0
sense_p                                0.89975
sense_n                                0.90025
iso_tail                              0.158855
latch_sense_p                         0.444607
latch_sense_n                         0.444682
reset                                        0
eval                                         0
eq_reset                                     0
rx_p                                  0.714152
out_p                                 0.888604
out_n                                 0.889207
rx_n                                  0.851446
tail                                 0.0637359
vdd_capture                                1.8
capture_clk                                  0
captured_q                            0.834706
vcap#branch                         0.00011727
vdcap#branch                      -0.000823003
veqreset#branch                    0.000220701
veval#branch                      -0.000502327
vreset#branch                      0.000908155
vn#branch                         -0.000263792
vp#branch                         -0.000263633
vss#branch                          0.00402099
vactive#branch                     -0.00225591
vdd#branch                         -0.00116245


No. of Data Rows : 10386

  Measurements for Transient Analysis

op_final            =  1.413765e-02
on_final            =  1.593839e+00
lp_before           =  9.267156e-01
ln_before           =  9.245994e-01


Total analysis time (seconds) = 18.809

Total elapsed time (seconds) = 21.246 

Total DRAM available = 7943.238 MB.
DRAM currently available =  403.738 MB.
Maximum ngspice program size =  103.477 MB.
Current ngspice program size =   86.609 MB.

Shared ngspice pages =    9.250 MB.
Text (code) pages =    5.316 MB.
Stack = 0 bytes.
Library pages =   85.527 MB.

