
Compatibility modes selected: hs a


Circuit: * signed small-signal extracted latch diagnostic, no structural mos substitution.

option SCALE: Scale is set to 1e-06 for instance and model parameters
option SCALE: Scale is set to 1e-06 for instance and model parameters
Doing analysis at TEMP = 27.000000 and TNOM = 27.000000

Warning: veval: no DC value, transient time 0 value used
Warning: vreset: no DC value, transient time 0 value used

Initial Transient Solution
--------------------------

Node                                   Voltage
----                                   -------
vdd                                        1.8
vdd_active                                 1.8
vss                                          0
sense_p                                   0.95
sense_n                                   0.85
iso_tail                              0.190843
latch_sense_p                          1.46365
latch_sense_n                          1.73634
reset                                        0
eval                                         0
out_p                                      1.8
out_n                                      1.8
tail                                   1.37715
veval#branch                                 0
vreset#branch                                0
vn#branch                                    0
vp#branch                                    0
vss#branch                         1.07892e-10
vactive#branch                    -4.00009e-06
vdd#branch                        -1.46814e-11


No. of Data Rows : 1050

  Measurements for Transient Analysis

op_final            =  1.385449e-01
on_final            =  1.040454e-01
lp_before           =  1.463647e+00
ln_before           =  1.736344e+00

binary raw file "waveform.raw"
Doing analysis at TEMP = 27.000000 and TNOM = 27.000000

Warning: veval: no DC value, transient time 0 value used
Warning: vreset: no DC value, transient time 0 value used

Initial Transient Solution
--------------------------

Node                                   Voltage
----                                   -------
vdd                                        1.8
vdd_active                                 1.8
vss                                          0
sense_p                                   0.95
sense_n                                   0.85
iso_tail                              0.185094
latch_sense_p                        0.0304395
latch_sense_n                       0.00182858
reset                                        0
eval                                         0
out_p                                 0.641251
out_n                                 0.640858
tail                                 0.0358666
veval#branch                       -0.00126713
vreset#branch                       0.00239874
vn#branch                         -0.000768967
vp#branch                         -0.000849862
vss#branch                          0.00608729
vactive#branch                     -0.00241773
vdd#branch                         -0.00318635


No. of Data Rows : 1055

  Measurements for Transient Analysis

op_final            =  1.385486e-01
on_final            =  1.040447e-01
lp_before           =  1.380742e+00
ln_before           =  1.641259e+00


Total analysis time (seconds) = 0.279

Total elapsed time (seconds) = 0.728 

Total DRAM available = 7943.230 MB.
DRAM currently available =  198.488 MB.
Maximum ngspice program size =   56.656 MB.
Current ngspice program size =   40.750 MB.

Shared ngspice pages =   10.250 MB.
Text (code) pages =    5.316 MB.
Stack = 0 bytes.
Library pages =   38.707 MB.

