
Compatibility modes selected: hs a


Circuit: * signed small-signal extracted latch diagnostic, no structural mos substitution.

option SCALE: Scale is set to 1e-06 for instance and model parameters
option SCALE: Scale is set to 1e-06 for instance and model parameters
Doing analysis at TEMP = 25.000000 and TNOM = 27.000000

Warning: vcap: no DC value, transient time 0 value used
Warning: veqreset: no DC value, transient time 0 value used
Warning: veval: no DC value, transient time 0 value used
Warning: vreset: no DC value, transient time 0 value used
Warning: vn: no DC value, transient time 0 value used
Warning: vp: no DC value, transient time 0 value used

Initial Transient Solution
--------------------------

Node                                   Voltage
----                                   -------
vdd                                       1.75
vdd_active                                 1.8
vss                                          0
sense_p                                0.89975
sense_n                                0.90025
iso_tail                               0.17521
latch_sense_p                          1.10058
latch_sense_n                          1.09942
reset                                        0
eval                                         0
eq_reset                                     0
rx_p                               7.57342e-08
out_p                                     1.75
vdd_capture                                1.8
out_n                                     1.75
rx_n                               7.57342e-08
captured_q                                 1.8
tail                                   1.32988
capture_clk                                  0
xu.xcharge0.a                              1.8
xu.xcharge0.b1                             1.8
xu.xcharge1.a                              1.8
xu.xcharge1.b1                             1.8
xu.xcharge2.a                                0
xu.xcharge2.b1                               0
xu.xcharge3.a                                0
xu.xcharge3.b1                               0
vcap#branch                                  0
vdcap#branch                      -2.90908e-11
veqreset#branch                              0
veval#branch                                 0
vreset#branch                                0
vn#branch                                    0
vp#branch                                    0
vss#branch                         1.25131e-10
vactive#branch                    -4.00008e-06
vdd#branch                        -1.40494e-11


No. of Data Rows : 40501

  Measurements for Transient Analysis

op_final            =  1.632153e-02
on_final            =  1.553623e+00
lp_before           =  1.114730e+00
ln_before           =  1.110981e+00

binary raw file "waveform.raw"
Doing analysis at TEMP = 25.000000 and TNOM = 27.000000

Warning: vcap: no DC value, transient time 0 value used
Warning: veqreset: no DC value, transient time 0 value used
Warning: veval: no DC value, transient time 0 value used
Warning: vreset: no DC value, transient time 0 value used
Warning: vn: no DC value, transient time 0 value used
Warning: vp: no DC value, transient time 0 value used

Initial Transient Solution
--------------------------

Node                                   Voltage
----                                   -------
vdd                                       1.75
vdd_active                                 1.8
vss                                          0
sense_p                                0.89975
sense_n                                0.90025
iso_tail                              0.167953
latch_sense_p                         0.445575
latch_sense_n                         0.445663
reset                                        0
eval                                         0
eq_reset                                     0
rx_p                                  0.823619
out_p                                 0.873421
vdd_capture                                1.8
out_n                                 0.873744
rx_n                                  0.899118
captured_q                            0.901722
tail                                 0.0740462
capture_clk                                  0
xu.xcharge0.a                              1.8
xu.xcharge0.b1                             1.8
xu.xcharge1.a                              1.8
xu.xcharge1.b1                             1.8
xu.xcharge2.a                                0
xu.xcharge2.b1                               0
xu.xcharge3.a                                0
xu.xcharge3.b1                               0
vcap#branch                         0.00045058
vdcap#branch                       -0.00322895
veqreset#branch                    0.000862371
veval#branch                       -0.00189782
vreset#branch                       0.00358079
vn#branch                          -0.00102845
vp#branch                          -0.00102782
vss#branch                           0.0153285
vactive#branch                     -0.00871406
vdd#branch                         -0.00432916


No. of Data Rows : 40501

  Measurements for Transient Analysis

op_final            =  1.418096e-02
on_final            =  1.593085e+00
lp_before           =  9.284222e-01
ln_before           =  9.263066e-01


Total analysis time (seconds) = 111.426

Total elapsed time (seconds) = 122.899 

Total DRAM available = 7943.238 MB.
DRAM currently available =  286.988 MB.
Maximum ngspice program size =  151.641 MB.
Current ngspice program size =  135.352 MB.

Shared ngspice pages =   10.000 MB.
Text (code) pages =    5.316 MB.
Stack = 0 bytes.
Library pages =  133.691 MB.

