
Compatibility modes selected: hs a


Circuit: * signed small-signal extracted latch diagnostic, no structural mos substitution.

option SCALE: Scale is set to 1e-06 for instance and model parameters
option SCALE: Scale is set to 1e-06 for instance and model parameters
Doing analysis at TEMP = 27.000000 and TNOM = 27.000000

Warning: veval: no DC value, transient time 0 value used
Warning: vreset: no DC value, transient time 0 value used

Initial Transient Solution
--------------------------

Node                                   Voltage
----                                   -------
vdd                                       1.75
vdd_active                                 1.8
vss                                          0
sense_p                                0.90025
sense_n                                0.89975
iso_tail                              0.176131
latch_sense_p                           1.0974
latch_sense_n                           1.1026
reset                                        0
eval                                         0
out_p                                     1.75
out_n                                     1.75
tail                                   1.33263
veval#branch                                 0
vreset#branch                                0
vn#branch                                    0
vp#branch                                    0
vss#branch                         1.69974e-11
vactive#branch                          -4e-06
vdd#branch                        -1.41486e-11


No. of Data Rows : 1052

  Measurements for Transient Analysis

op_final            =  1.553418e+00
on_final            =  1.646057e-02
lp_before           =  1.097396e+00
ln_before           =  1.102604e+00

binary raw file "waveform.raw"
Doing analysis at TEMP = 27.000000 and TNOM = 27.000000

Warning: veval: no DC value, transient time 0 value used
Warning: vreset: no DC value, transient time 0 value used

Initial Transient Solution
--------------------------

Node                                   Voltage
----                                   -------
vdd                                       1.75
vdd_active                                 1.8
vss                                          0
sense_p                                0.90025
sense_n                                0.89975
iso_tail                              0.223892
latch_sense_p                        0.0322422
latch_sense_n                        0.0321021
reset                                        0
eval                                         0
out_p                                 0.850901
out_n                                 0.850899
tail                                 0.0967352
veval#branch                       -0.00535149
vreset#branch                        0.0112378
vn#branch                          -0.00380428
vp#branch                          -0.00380616
vss#branch                           0.0308382
vactive#branch                      -0.0159542
vdd#branch                          -0.0131639


No. of Data Rows : 1060

  Measurements for Transient Analysis

op_final            =  1.584555e+00
on_final            =  1.476862e-02
lp_before           =  8.796000e-01
ln_before           =  8.837593e-01


Total analysis time (seconds) = 0.426

Total elapsed time (seconds) = 1.088 

Total DRAM available = 7943.238 MB.
DRAM currently available =  215.883 MB.
Maximum ngspice program size =   56.652 MB.
Current ngspice program size =   40.500 MB.

Shared ngspice pages =   10.000 MB.
Text (code) pages =    5.316 MB.
Stack = 0 bytes.
Library pages =   38.703 MB.

