
Circuit 1 cell sky130_fd_pr__nfet_01v8 and Circuit 2 cell sky130_fd_pr__nfet_01v8 are black boxes.
Warning: Equate pins:  cell sky130_fd_pr__nfet_01v8 is a placeholder, treated as a black box.
Warning: Equate pins:  cell sky130_fd_pr__nfet_01v8 is a placeholder, treated as a black box.

Subcircuit pins:
Circuit 1: sky130_fd_pr__nfet_01v8         |Circuit 2: sky130_fd_pr__nfet_01v8         
-------------------------------------------|-------------------------------------------
1                                          |1                                          
2                                          |2                                          
3                                          |3                                          
4                                          |4                                          
---------------------------------------------------------------------------------------
Cell pin lists are equivalent.
Device classes sky130_fd_pr__nfet_01v8 and sky130_fd_pr__nfet_01v8 are equivalent.

Cell preamp_port_candidate (0) disconnected node: row_drive
Cell preamp_port_candidate (0) disconnected node: sar_comparator_input
Subcircuit summary:
Circuit 1: preamp_port_candidate           |Circuit 2: preamp_port_candidate           
-------------------------------------------|-------------------------------------------
sky130_fd_pr__nfet_01v8 (2)                |sky130_fd_pr__nfet_01v8 (2)                
Number of devices: 2                       |Number of devices: 2                       
Number of nets: 6                          |Number of nets: 6                          
---------------------------------------------------------------------------------------
Resolving symmetries by property value.
Resolving symmetries by pin name.
Netlists match uniquely with port and property errors.
  Parallelized instances disagree on pin connections.
    Circuit1 instance sky130_fd_pr__nfet_01v8:1 pin a_1120_400# connections are no connects (1)
    Circuit2 instance sky130_fd_pr__nfet_01v8:preamp_p pin row_drive connections are tied together (0)
  Parallelized instances disagree on pin connections.
    Circuit1 instance sky130_fd_pr__nfet_01v8:0 pin a_3560_400# connections are no connects (1)
    Circuit2 instance sky130_fd_pr__nfet_01v8:preamp_n pin sar_comparator_input connections are tied together (0)

Subcircuit pins:
Circuit 1: preamp_port_candidate           |Circuit 2: preamp_port_candidate           
-------------------------------------------|-------------------------------------------
latch_sense_p_ext                          |latch_sense_p_ext                          
latch_sense_n_ext                          |latch_sense_n_ext                          
preamp_iso_tail_ext                        |preamp_iso_tail_ext                        
vss_escape                                 |vss_escape                                 
(no pin, node is a_1120_400#)              |row_drive                                  
(no pin, node is a_3560_400#)              |sar_comparator_input                       
row_drive                                  |(no matching pin)                          
sar_comparator_input                       |(no matching pin)                          
---------------------------------------------------------------------------------------
Cell pin lists for preamp_port_candidate and preamp_port_candidate altered to match.
Device classes preamp_port_candidate and preamp_port_candidate are equivalent.

Final result: Top level cell failed pin matching.

The following cells had property errors:
 preamp_port_candidate
