
Compatibility modes selected: hs a


Circuit: * signed small-signal extracted latch diagnostic, no structural mos substitution.

option SCALE: Scale is set to 1e-06 for instance and model parameters
option SCALE: Scale is set to 1e-06 for instance and model parameters
Doing analysis at TEMP = 27.000000 and TNOM = 27.000000

Warning: veval: no DC value, transient time 0 value used
Warning: vreset: no DC value, transient time 0 value used
Warning: vn: no DC value, transient time 0 value used
Warning: vp: no DC value, transient time 0 value used

Initial Transient Solution
--------------------------

Node                                   Voltage
----                                   -------
vdd                                       1.75
vdd_active                                 1.8
vss                                          0
sense_p                                0.89975
sense_n                                0.90025
iso_tail                              0.173974
latch_sense_p                          1.09772
latch_sense_n                          1.10228
reset                                        0
eval                                         0
rx_p                               2.02095e-07
out_p                                     1.75
out_n                                     1.75
rx_n                               8.74693e-08
tail                                   1.33094
veval#branch                                 0
vreset#branch                                0
vn#branch                                    0
vp#branch                                    0
vss#branch                         1.64408e-10
vactive#branch                    -4.00015e-06
vdd#branch                        -1.41294e-11


No. of Data Rows : 10233

  Measurements for Transient Analysis

op_final            =  1.679390e-02
on_final            =  1.548307e+00
lp_before           =  1.097716e+00
ln_before           =  1.102284e+00

binary raw file "waveform.raw"
Doing analysis at TEMP = 27.000000 and TNOM = 27.000000

Warning: veval: no DC value, transient time 0 value used
Warning: vreset: no DC value, transient time 0 value used
Warning: vn: no DC value, transient time 0 value used
Warning: vp: no DC value, transient time 0 value used

Initial Transient Solution
--------------------------

Node                                   Voltage
----                                   -------
vdd                                       1.75
vdd_active                                 1.8
vss                                          0
sense_p                                0.89975
sense_n                                0.90025
iso_tail                              0.175863
latch_sense_p                        0.0203101
latch_sense_n                        0.0182481
reset                                        0
eval                                         0
rx_p                                  0.816587
out_p                                 0.873896
out_n                                  0.87291
rx_n                                  0.793253
tail                                 0.0558571
veval#branch                      -0.000873989
vreset#branch                       0.00158982
vn#branch                         -0.000553116
vp#branch                          -0.00055688
vss#branch                          0.00501168
vactive#branch                     -0.00263975
vdd#branch                         -0.00198176


No. of Data Rows : 10238

  Measurements for Transient Analysis

op_final            =  1.492907e-02
on_final            =  1.582761e+00
lp_before           =  8.688675e-01
ln_before           =  8.738581e-01


Total analysis time (seconds) = 6.772

Total elapsed time (seconds) = 7.225 

Total DRAM available = 7943.238 MB.
DRAM currently available =  186.004 MB.
Maximum ngspice program size =   62.629 MB.
Current ngspice program size =   46.637 MB.

Shared ngspice pages =   10.375 MB.
Text (code) pages =    5.316 MB.
Stack = 0 bytes.
Library pages =   44.680 MB.

