
Compatibility modes selected: hs a


Circuit: * signed small-signal extracted latch diagnostic, no structural mos substitution.

option SCALE: Scale is set to 1e-06 for instance and model parameters
option SCALE: Scale is set to 1e-06 for instance and model parameters
Doing analysis at TEMP = 27.000000 and TNOM = 27.000000

Warning: veval: no DC value, transient time 0 value used
Warning: vreset: no DC value, transient time 0 value used

Initial Transient Solution
--------------------------

Node                                   Voltage
----                                   -------
vdd                                        1.8
vdd_active                                 1.8
vss                                          0
sense_p                                 0.8975
sense_n                                 0.9025
iso_tail                              0.178834
latch_sense_p                          1.60788
latch_sense_n                           1.5921
reset                                        0
eval                                         0
out_p                                      1.8
out_n                                      1.8
tail                                    1.3753
veval#branch                                 0
vreset#branch                                0
vn#branch                                    0
vp#branch                                    0
vss#branch                         1.49492e-10
vactive#branch                    -4.00013e-06
vdd#branch                         -1.4672e-11


No. of Data Rows : 1050

  Measurements for Transient Analysis

op_final            =  1.235496e-01
on_final            =  1.259292e-01
lp_before           =  1.609384e+00
ln_before           =  1.593599e+00

binary raw file "waveform.raw"
Doing analysis at TEMP = 27.000000 and TNOM = 27.000000

Warning: veval: no DC value, transient time 0 value used
Warning: vreset: no DC value, transient time 0 value used

Initial Transient Solution
--------------------------

Node                                   Voltage
----                                   -------
vdd                                        1.8
vdd_active                                 1.8
vss                                          0
sense_p                                 0.8975
sense_n                                 0.9025
iso_tail                              0.186828
latch_sense_p                        0.0140918
latch_sense_n                        0.0155146
reset                                        0
eval                                         0
out_p                                  0.63971
out_n                                  0.63973
tail                                 0.0372559
veval#branch                       -0.00143272
vreset#branch                       0.00272531
vn#branch                         -0.000921253
vp#branch                         -0.000916661
vss#branch                          0.00688633
vactive#branch                     -0.00274006
vdd#branch                         -0.00360496


No. of Data Rows : 1057

  Measurements for Transient Analysis

op_final            =  1.250483e-01
on_final            =  1.275592e-01
lp_before           =  1.409260e+00
ln_before           =  1.395339e+00


Total analysis time (seconds) = 0.179

Total elapsed time (seconds) = 0.553 

Total DRAM available = 7943.230 MB.
DRAM currently available = 1114.281 MB.
Maximum ngspice program size =   56.656 MB.
Current ngspice program size =   40.500 MB.

Shared ngspice pages =   10.250 MB.
Text (code) pages =    5.316 MB.
Stack = 0 bytes.
Library pages =   38.707 MB.

