
Compatibility modes selected: hs a


Circuit: * signed small-signal extracted latch diagnostic, no structural mos substitution.

option SCALE: Scale is set to 1e-06 for instance and model parameters
option SCALE: Scale is set to 1e-06 for instance and model parameters
Reset re-loads circuit * signed small-signal extracted latch diagnostic, no structural mos substitution.

Circuit: * signed small-signal extracted latch diagnostic, no structural mos substitution.

option SCALE: Scale is set to 1e-06 for instance and model parameters
option SCALE: Scale is set to 1e-06 for instance and model parameters
Doing analysis at TEMP = 27.000000 and TNOM = 27.000000

Warning: veval: no DC value, transient time 0 value used
Warning: vreset: no DC value, transient time 0 value used
Warning: vn: no DC value, transient time 0 value used
Warning: vp: no DC value, transient time 0 value used

Initial Transient Solution
--------------------------

Node                                   Voltage
----                                   -------
vdd                                       1.75
vdd_active                                 1.8
vss                                          0
sense_p                                  0.905
sense_n                                  0.895
iso_tail                              0.177828
latch_sense_p                          1.11466
latch_sense_n                          1.08534
reset                                        0
eval                                         0
rx_p                               5.46152e-08
out_p                                     1.75
out_n                                     1.75
rx_n                               8.97384e-08
tail                                   1.33181
veval#branch                                 0
vreset#branch                                0
vn#branch                                    0
vp#branch                                    0
vss#branch                         9.06686e-11
vactive#branch                    -4.00008e-06
vdd#branch                         -1.4113e-11


No. of Data Rows : 15355

  Measurements for Transient Analysis

op_final            =  1.569904e-02
on_final            =  1.567309e+00
lp_before           =  1.114659e+00
ln_before           =  1.085340e+00

binary raw file "waveform.raw"
Doing analysis at TEMP = 27.000000 and TNOM = 27.000000

Warning: veval: no DC value, transient time 0 value used
Warning: vreset: no DC value, transient time 0 value used
Warning: vn: no DC value, transient time 0 value used
Warning: vp: no DC value, transient time 0 value used

Initial Transient Solution
--------------------------

Node                                   Voltage
----                                   -------
vdd                                       1.75
vdd_active                                 1.8
vss                                          0
sense_p                                  0.905
sense_n                                  0.895
iso_tail                              0.175304
latch_sense_p                        0.0201505
latch_sense_n                        0.0187204
reset                                        0
eval                                         0
rx_p                                  0.796235
out_p                                 0.872246
out_n                                 0.872639
rx_n                                  0.802204
tail                                 0.0554285
veval#branch                      -0.000874534
vreset#branch                       0.00160442
vn#branch                         -0.000553733
vp#branch                          -0.00055478
vss#branch                          0.00500623
vactive#branch                     -0.00263866
vdd#branch                         -0.00199294


No. of Data Rows : 15354

  Measurements for Transient Analysis

op_final            =  1.393320e-02
on_final            =  1.598998e+00
lp_before           =  8.804917e-01
ln_before           =  8.587195e-01


Total analysis time (seconds) = 13.886

Total elapsed time (seconds) = 15.657 

Total DRAM available = 7943.238 MB.
DRAM currently available =  519.027 MB.
Maximum ngspice program size =   54.809 MB.
Current ngspice program size =   38.914 MB.

Shared ngspice pages =   10.125 MB.
Text (code) pages =    5.316 MB.
Stack = 0 bytes.
Library pages =   36.859 MB.

