
Compatibility modes selected: hs a


Circuit: * signed small-signal extracted latch diagnostic, no structural mos substitution.

option SCALE: Scale is set to 1e-06 for instance and model parameters
option SCALE: Scale is set to 1e-06 for instance and model parameters
Reset re-loads circuit * signed small-signal extracted latch diagnostic, no structural mos substitution.

Circuit: * signed small-signal extracted latch diagnostic, no structural mos substitution.

option SCALE: Scale is set to 1e-06 for instance and model parameters
option SCALE: Scale is set to 1e-06 for instance and model parameters
Doing analysis at TEMP = 27.000000 and TNOM = 27.000000

Warning: veval: no DC value, transient time 0 value used
Warning: vreset: no DC value, transient time 0 value used
Warning: vn: no DC value, transient time 0 value used
Warning: vp: no DC value, transient time 0 value used

Initial Transient Solution
--------------------------

Node                                   Voltage
----                                   -------
vdd                                       1.75
vdd_active                                 1.8
vss                                          0
sense_p                                0.89975
sense_n                                0.90025
iso_tail                              0.177935
latch_sense_p                          1.16807
latch_sense_n                          1.03193
reset                                        0
eval                                         0
rx_p                               5.46152e-08
out_p                                     1.75
out_n                                     1.75
rx_n                               8.97384e-08
tail                                   1.33181
veval#branch                                 0
vreset#branch                                0
vn#branch                                    0
vp#branch                                    0
vss#branch                         9.08048e-11
vactive#branch                    -4.00008e-06
vdd#branch                         -1.4113e-11


No. of Data Rows : 10237

  Measurements for Transient Analysis

op_final            =  1.257192e-02
on_final            =  1.622292e+00
lp_before           =  1.168069e+00
ln_before           =  1.031930e+00

binary raw file "waveform.raw"
Doing analysis at TEMP = 27.000000 and TNOM = 27.000000

Warning: veval: no DC value, transient time 0 value used
Warning: vreset: no DC value, transient time 0 value used
Warning: vn: no DC value, transient time 0 value used
Warning: vp: no DC value, transient time 0 value used

Initial Transient Solution
--------------------------

Node                                   Voltage
----                                   -------
vdd                                       1.75
vdd_active                                 1.8
vss                                          0
sense_p                                0.89975
sense_n                                0.90025
iso_tail                              0.175313
latch_sense_p                        0.0186111
latch_sense_n                        0.0202643
reset                                        0
eval                                         0
rx_p                                  0.796251
out_p                                 0.872229
out_n                                 0.872656
rx_n                                  0.802188
tail                                 0.0554286
veval#branch                      -0.000874534
vreset#branch                       0.00160442
vn#branch                         -0.000556669
vp#branch                         -0.000551856
vss#branch                          0.00500624
vactive#branch                     -0.00263866
vdd#branch                         -0.00199294


No. of Data Rows : 10238

  Measurements for Transient Analysis

op_final            =  1.102687e-02
on_final            =  1.647473e+00
lp_before           =  9.227224e-01
ln_before           =  8.164670e-01


Total analysis time (seconds) = 9.027

Total elapsed time (seconds) = 10.223 

Total DRAM available = 7943.238 MB.
DRAM currently available =  666.652 MB.
Maximum ngspice program size =   53.074 MB.
Current ngspice program size =   37.281 MB.

Shared ngspice pages =   10.250 MB.
Text (code) pages =    5.316 MB.
Stack = 0 bytes.
Library pages =   35.125 MB.

