
Compatibility modes selected: hs a


Circuit: * signed small-signal extracted latch diagnostic, no structural mos substitution.

option SCALE: Scale is set to 1e-06 for instance and model parameters
option SCALE: Scale is set to 1e-06 for instance and model parameters
Doing analysis at TEMP = 27.000000 and TNOM = 27.000000

Warning: veval: no DC value, transient time 0 value used
Warning: vreset: no DC value, transient time 0 value used

Initial Transient Solution
--------------------------

Node                                   Voltage
----                                   -------
vdd                                        1.8
vdd_active                                 1.8
vss                                          0
sense_p                               0.899923
sense_n                               0.900076
iso_tail                              0.178804
latch_sense_p                          1.60023
latch_sense_n                          1.59975
reset                                        0
eval                                         0
out_p                                      1.8
out_n                                      1.8
tail                                    1.3753
veval#branch                                 0
vreset#branch                                0
vn#branch                                    0
vp#branch                                    0
vss#branch                         1.49579e-10
vactive#branch                    -4.00013e-06
vdd#branch                         -1.4672e-11


No. of Data Rows : 1052

  Measurements for Transient Analysis

op_final            =  1.910568e-01
on_final            =  1.912164e-01
lp_before           =  1.600235e+00
ln_before           =  1.599752e+00

binary raw file "waveform.raw"
Doing analysis at TEMP = 27.000000 and TNOM = 27.000000

Warning: veval: no DC value, transient time 0 value used
Warning: vreset: no DC value, transient time 0 value used

Initial Transient Solution
--------------------------

Node                                   Voltage
----                                   -------
vdd                                        1.8
vdd_active                                 1.8
vss                                          0
sense_p                               0.899923
sense_n                               0.900076
iso_tail                              0.165992
latch_sense_p                        0.0384379
latch_sense_n                        0.0384839
reset                                        0
eval                                         0
out_p                                 0.880751
out_n                                 0.880751
tail                                 0.0553209
veval#branch                       -0.00056482
vreset#branch                        0.0010586
vn#branch                         -0.000351452
vp#branch                         -0.000351396
vss#branch                          0.00314618
vactive#branch                     -0.00158494
vdd#branch                         -0.00135618


No. of Data Rows : 1052

  Measurements for Transient Analysis

op_final            =  1.910500e-01
on_final            =  1.912095e-01
lp_before           =  1.587578e+00
ln_before           =  1.587100e+00


Total analysis time (seconds) = 0.125

Total elapsed time (seconds) = 0.474 

Total DRAM available = 7943.234 MB.
DRAM currently available =  405.273 MB.
Maximum ngspice program size =   56.656 MB.
Current ngspice program size =   40.625 MB.

Shared ngspice pages =   10.250 MB.
Text (code) pages =    5.316 MB.
Stack = 0 bytes.
Library pages =   38.707 MB.

