
Compatibility modes selected: hs a


Circuit: * signed small-signal extracted latch diagnostic, no structural mos substitution.

option SCALE: Scale is set to 1e-06 for instance and model parameters
option SCALE: Scale is set to 1e-06 for instance and model parameters
Doing analysis at TEMP = 27.000000 and TNOM = 27.000000

Warning: veval: no DC value, transient time 0 value used
Warning: vreset: no DC value, transient time 0 value used

Initial Transient Solution
--------------------------

Node                                   Voltage
----                                   -------
vdd                                        1.8
vdd_active                                 1.8
vss                                          0
sense_p                               0.900076
sense_n                               0.899923
iso_tail                              0.178804
latch_sense_p                          1.59975
latch_sense_n                          1.60023
reset                                        0
eval                                         0
out_p                                      1.8
out_n                                      1.8
tail                                   1.41277
veval#branch                                 0
vreset#branch                                0
vn#branch                                    0
vp#branch                                    0
vss#branch                         1.49929e-10
vactive#branch                    -4.00013e-06
vdd#branch                        -1.50218e-11


No. of Data Rows : 1051

  Measurements for Transient Analysis

op_final            =  9.782760e-02
on_final            =  9.780415e-02
lp_before           =  1.599752e+00
ln_before           =  1.600235e+00

binary raw file "waveform.raw"
Doing analysis at TEMP = 27.000000 and TNOM = 27.000000

Warning: veval: no DC value, transient time 0 value used
Warning: vreset: no DC value, transient time 0 value used

Initial Transient Solution
--------------------------

Node                                   Voltage
----                                   -------
vdd                                        1.8
vdd_active                                 1.8
vss                                          0
sense_p                               0.900076
sense_n                               0.899923
iso_tail                              0.451399
latch_sense_p                        0.0898825
latch_sense_n                        0.0898503
reset                                        0
eval                                         0
out_p                                 0.597181
out_n                                 0.597179
tail                                  0.329041
veval#branch                        -0.0170078
vreset#branch                        0.0866575
vn#branch                           -0.0251065
vp#branch                           -0.0251106
vss#branch                            0.176443
vactive#branch                        -0.10518
vdd#branch                          -0.0907003


No. of Data Rows : 1068

  Measurements for Transient Analysis

op_final            =  9.776911e-02
on_final            =  9.774440e-02
lp_before           =  1.579434e+00
ln_before           =  1.580090e+00


Total analysis time (seconds) = 0.181

Total elapsed time (seconds) = 0.510 

Total DRAM available = 7943.234 MB.
DRAM currently available =  349.703 MB.
Maximum ngspice program size =   56.656 MB.
Current ngspice program size =   40.875 MB.

Shared ngspice pages =   10.375 MB.
Text (code) pages =    5.316 MB.
Stack = 0 bytes.
Library pages =   38.707 MB.

