Warning: veval: no DC value, transient time 0 value used
Warning: vreset: no DC value, transient time 0 value used
 Reference value :  2.00000e-13
 Reference value :  3.62676e-10
 Reference value :  1.86268e-09
 Reference value :  2.62268e-09
 Reference value :  4.40268e-09
 Reference value :  5.36268e-09
 Reference value :  6.50268e-09
 Reference value :  8.96561e-09
 Reference value :  1.21056e-08
 Reference value :  1.47656e-08
 Reference value :  1.68056e-08
 Reference value :  1.82256e-08
 Reference value :  1.89256e-08
Warning: veval: no DC value, transient time 0 value used
Warning: vreset: no DC value, transient time 0 value used
 Reference value :  9.02676e-10
 Reference value :  1.76268e-09
 Reference value :  2.08268e-09
 Reference value :  3.04268e-09
 Reference value :  3.20268e-09
 Reference value :  4.32268e-09
 Reference value :  8.92561e-09
 Reference value :  1.12456e-08
 Reference value :  1.15656e-08
 Reference value :  1.18456e-08
 Reference value :  1.29856e-08
Original line no.: 61, new internal line no.: 891:
insertnumber: fails.
  s = ".measure tran decision_diff_v param=   -1.799985965796050e+00   " u=" -1.799985965796050e+00  " id=0
