
Compatibility modes selected: hs a


Circuit: * signed small-signal extracted latch diagnostic, no structural mos substitution.

option SCALE: Scale is set to 1e-06 for instance and model parameters
option SCALE: Scale is set to 1e-06 for instance and model parameters
Doing analysis at TEMP = 25.000000 and TNOM = 27.000000

Warning: vcap: no DC value, transient time 0 value used
Warning: veqreset: no DC value, transient time 0 value used
Warning: veval: no DC value, transient time 0 value used
Warning: vreset: no DC value, transient time 0 value used
Warning: vn: no DC value, transient time 0 value used
Warning: vp: no DC value, transient time 0 value used

Initial Transient Solution
--------------------------

Node                                   Voltage
----                                   -------
vdd                                       1.75
vdd_active                                 1.8
vss                                          0
sense_p                                0.89975
sense_n                                0.90025
iso_tail                               0.17521
latch_sense_p                          1.10058
latch_sense_n                          1.09942
reset                                        0
eval                                         0
eq_reset                                     0
rx_p                               7.57342e-08
out_p                                     1.75
vdd_capture                                1.8
out_n                                     1.75
rx_n                               7.57342e-08
captured_q                                 1.8
tail                                   1.32988
capture_clk                                  0
vcap#branch                                  0
vdcap#branch                      -2.90856e-11
veqreset#branch                              0
veval#branch                                 0
vreset#branch                                0
vn#branch                                    0
vp#branch                                    0
vss#branch                         1.25131e-10
vactive#branch                    -4.00008e-06
vdd#branch                        -1.40494e-11


No. of Data Rows : 40500

  Measurements for Transient Analysis

op_final            =  1.632738e-02
on_final            =  1.553514e+00
lp_before           =  1.114730e+00
ln_before           =  1.110981e+00

binary raw file "waveform.raw"
Doing analysis at TEMP = 25.000000 and TNOM = 27.000000

Warning: vcap: no DC value, transient time 0 value used
Warning: veqreset: no DC value, transient time 0 value used
Warning: veval: no DC value, transient time 0 value used
Warning: vreset: no DC value, transient time 0 value used
Warning: vn: no DC value, transient time 0 value used
Warning: vp: no DC value, transient time 0 value used

Initial Transient Solution
--------------------------

Node                                   Voltage
----                                   -------
vdd                                       1.75
vdd_active                                 1.8
vss                                          0
sense_p                                0.89975
sense_n                                0.90025
iso_tail                              0.167953
latch_sense_p                         0.445575
latch_sense_n                         0.445663
reset                                        0
eval                                         0
eq_reset                                     0
rx_p                                  0.823619
out_p                                 0.873421
vdd_capture                                1.8
out_n                                 0.873744
rx_n                                  0.899118
captured_q                            0.901721
tail                                 0.0740462
capture_clk                                  0
vcap#branch                        0.000450579
vdcap#branch                       -0.00322894
veqreset#branch                    0.000862369
veval#branch                       -0.00189781
vreset#branch                       0.00358078
vn#branch                          -0.00102845
vp#branch                          -0.00102782
vss#branch                           0.0153285
vactive#branch                     -0.00871404
vdd#branch                         -0.00432915


No. of Data Rows : 40516

  Measurements for Transient Analysis

op_final            =  1.419281e-02
on_final            =  1.592883e+00
lp_before           =  9.284304e-01
ln_before           =  9.262968e-01


Total analysis time (seconds) = 42.729

Total elapsed time (seconds) = 44.296 

Total DRAM available = 7943.238 MB.
DRAM currently available =  141.676 MB.
Maximum ngspice program size =  143.047 MB.
Current ngspice program size =  126.738 MB.

Shared ngspice pages =   10.000 MB.
Text (code) pages =    5.316 MB.
Stack = 0 bytes.
Library pages =  125.098 MB.

