
Compatibility modes selected: hs a


Circuit: * signed small-signal extracted latch diagnostic, no structural mos substitution.

option SCALE: Scale is set to 1e-06 for instance and model parameters
option SCALE: Scale is set to 1e-06 for instance and model parameters
Doing analysis at TEMP = 27.000000 and TNOM = 27.000000

Warning: veval: no DC value, transient time 0 value used
Warning: vreset: no DC value, transient time 0 value used

Initial Transient Solution
--------------------------

Node                                   Voltage
----                                   -------
vdd                                        1.8
vdd_active                                 1.8
vss                                          0
sense_p                                0.90025
sense_n                                0.89975
iso_tail                              0.178804
latch_sense_p                           1.5992
latch_sense_n                          1.60078
reset                                        0
eval                                         0
out_p                                      1.8
out_n                                      1.8
tail                                   1.38965
veval#branch                                 0
vreset#branch                                0
vn#branch                                    0
vp#branch                                    0
vss#branch                         1.49705e-10
vactive#branch                    -4.00013e-06
vdd#branch                        -1.47981e-11


No. of Data Rows : 1051

  Measurements for Transient Analysis

op_final            =  7.755630e-02
on_final            =  7.747993e-02
lp_before           =  1.599204e+00
ln_before           =  1.600783e+00

binary raw file "waveform.raw"
Doing analysis at TEMP = 27.000000 and TNOM = 27.000000

Warning: veval: no DC value, transient time 0 value used
Warning: vreset: no DC value, transient time 0 value used

Initial Transient Solution
--------------------------

Node                                   Voltage
----                                   -------
vdd                                        1.8
vdd_active                                 1.8
vss                                          0
sense_p                                0.90025
sense_n                                0.89975
iso_tail                               0.17744
latch_sense_p                       -0.0935435
latch_sense_n                       -0.0936668
reset                                        0
eval                                         0
out_p                                 0.360234
out_n                                 0.360232
tail                                 0.0181977
veval#branch                      -0.000866808
vreset#branch                       0.00160836
vn#branch                         -0.000599596
vp#branch                          -0.00059987
vss#branch                          0.00486453
vactive#branch                     -0.00205591
vdd#branch                          -0.0023547


No. of Data Rows : 1054

  Measurements for Transient Analysis

op_final            =  7.754478e-02
on_final            =  7.746837e-02
lp_before           =  1.580724e+00
ln_before           =  1.582277e+00


Total analysis time (seconds) = 0.846

Total elapsed time (seconds) = 1.612 

Total DRAM available = 7943.234 MB.
DRAM currently available =  218.316 MB.
Maximum ngspice program size =   56.668 MB.
Current ngspice program size =   40.750 MB.

Shared ngspice pages =   10.250 MB.
Text (code) pages =    5.316 MB.
Stack = 0 bytes.
Library pages =   38.719 MB.

