
Compatibility modes selected: hs a


Circuit: * signed small-signal extracted latch diagnostic, no structural mos substitution.

option SCALE: Scale is set to 1e-06 for instance and model parameters
option SCALE: Scale is set to 1e-06 for instance and model parameters
Doing analysis at TEMP = 27.000000 and TNOM = 27.000000

Warning: veval: no DC value, transient time 0 value used
Warning: vreset: no DC value, transient time 0 value used
Warning: vn: no DC value, transient time 0 value used
Warning: vp: no DC value, transient time 0 value used

Initial Transient Solution
--------------------------

Node                                   Voltage
----                                   -------
vdd                                       1.75
vdd_active                                 1.8
vss                                          0
sense_p                                0.89975
sense_n                                0.90025
iso_tail                               0.20594
latch_sense_p                          1.10268
latch_sense_n                          1.09732
reset                                        0
eval                                         0
rx_p                               3.41044e-06
out_p                                     1.75
out_n                                     1.75
rx_n                               3.41044e-06
tail                                   1.36207
veval#branch                                 0
vreset#branch                                0
vn#branch                                    0
vp#branch                                    0
vss#branch                         4.81013e-09
vactive#branch                     -4.0048e-06
vdd#branch                        -1.45195e-11


No. of Data Rows : 10231

  Measurements for Transient Analysis

op_final            =  1.893147e-02
on_final            =  1.531064e+00
lp_before           =  1.102683e+00
ln_before           =  1.097316e+00

binary raw file "waveform.raw"
Doing analysis at TEMP = 27.000000 and TNOM = 27.000000

Warning: veval: no DC value, transient time 0 value used
Warning: vreset: no DC value, transient time 0 value used
Warning: vn: no DC value, transient time 0 value used
Warning: vp: no DC value, transient time 0 value used

Initial Transient Solution
--------------------------

Node                                   Voltage
----                                   -------
vdd                                       1.75
vdd_active                                 1.8
vss                                          0
sense_p                                0.89975
sense_n                                0.90025
iso_tail                              0.206423
latch_sense_p                        0.0321568
latch_sense_n                        0.0323218
reset                                        0
eval                                         0
rx_p                                   0.66972
out_p                                 0.894378
out_n                                  0.89438
rx_n                                  0.669717
tail                                 0.0708418
veval#branch                      -0.000857355
vreset#branch                       0.00165148
vn#branch                         -0.000568745
vp#branch                         -0.000568468
vss#branch                          0.00483971
vactive#branch                     -0.00252296
vdd#branch                         -0.00197766


No. of Data Rows : 10230

  Measurements for Transient Analysis

op_final            =  1.724364e-02
on_final            =  1.561030e+00
lp_before           =  8.900351e-01
ln_before           =  8.857249e-01


Total analysis time (seconds) = 2.048

Total elapsed time (seconds) = 2.525 

Total DRAM available = 7943.238 MB.
DRAM currently available =  842.062 MB.
Maximum ngspice program size =   62.676 MB.
Current ngspice program size =   46.535 MB.

Shared ngspice pages =   10.125 MB.
Text (code) pages =    5.316 MB.
Stack = 0 bytes.
Library pages =   44.727 MB.

