
No compatibility mode selected!


Circuit: * extracted active converter macro decision-boundary transient.

Option cshunt: 16 capacitors added with 1e-15 F each
Doing analysis at TEMP = 27.000000 and TNOM = 27.000000

Using transient initial conditions

No. of Data Rows : 633

  Measurements for Transient Analysis

decision_p_v        =  1.113734e-01
decision_n_v        =  1.116058e-01
decision_diff_v     =  2.32479e-04
supply_charge_c     =   -5.04216e-17 from=  2.00000e-13 to=  1.20000e-08

Doing analysis at TEMP = 27.000000 and TNOM = 27.000000

Using transient initial conditions

No. of Data Rows : 633

  Measurements for Transient Analysis

decision_p_v        =  1.113734e-01
decision_n_v        =  1.116058e-01
decision_diff_v     =  2.32479e-04
supply_charge_c     =   -5.04216e-17 from=  2.00000e-13 to=  1.20000e-08


Total analysis time (seconds) = 0.106

Total elapsed time (seconds) = 0.608 

Total DRAM available = 7943.230 MB.
DRAM currently available = 1286.629 MB.
Maximum ngspice program size =  106.598 MB.
Current ngspice program size =   89.750 MB.

Shared ngspice pages =    9.375 MB.
Text (code) pages =    5.316 MB.
Stack = 0 bytes.
Library pages =   88.648 MB.

