
Compatibility modes selected: hs a


Circuit: * signed small-signal extracted latch diagnostic, no structural mos substitution.

option SCALE: Scale is set to 1e-06 for instance and model parameters
option SCALE: Scale is set to 1e-06 for instance and model parameters
Doing analysis at TEMP = 27.000000 and TNOM = 27.000000

Warning: veval: no DC value, transient time 0 value used
Warning: vreset: no DC value, transient time 0 value used

Initial Transient Solution
--------------------------

Node                                   Voltage
----                                   -------
vdd                                        1.8
vdd_active                                 1.8
vss                                          0
sense_p                               0.899924
sense_n                               0.900076
iso_tail                              0.178804
latch_sense_p                          1.60023
latch_sense_n                          1.59975
reset                                        0
eval                                         0
out_p                                      1.8
out_n                                      1.8
tail                                   1.38965
veval#branch                                 0
vreset#branch                                0
vn#branch                                    0
vp#branch                                    0
vss#branch                         1.49705e-10
vactive#branch                    -4.00013e-06
vdd#branch                         -1.4798e-11


No. of Data Rows : 1051

  Measurements for Transient Analysis

op_final            =  7.750652e-02
on_final            =  7.752965e-02
lp_before           =  1.600235e+00
ln_before           =  1.599752e+00

binary raw file "waveform.raw"
Doing analysis at TEMP = 27.000000 and TNOM = 27.000000

Warning: veval: no DC value, transient time 0 value used
Warning: vreset: no DC value, transient time 0 value used

Initial Transient Solution
--------------------------

Node                                   Voltage
----                                   -------
vdd                                        1.8
vdd_active                                 1.8
vss                                          0
sense_p                               0.899924
sense_n                               0.900076
iso_tail                              0.176939
latch_sense_p                        -0.093389
latch_sense_n                       -0.0933512
reset                                        0
eval                                         0
out_p                                 0.360333
out_n                                 0.360334
tail                                  0.018122
veval#branch                      -0.000858012
vreset#branch                       0.00159165
vn#branch                         -0.000593486
vp#branch                         -0.000593403
vss#branch                           0.0048158
vactive#branch                     -0.00203527
vdd#branch                         -0.00233127


No. of Data Rows : 1052

  Measurements for Transient Analysis

op_final            =  7.749501e-02
on_final            =  7.751810e-02
lp_before           =  1.581714e+00
ln_before           =  1.581279e+00


Total analysis time (seconds) = 0.515

Total elapsed time (seconds) = 1.434 

Total DRAM available = 7943.230 MB.
DRAM currently available =  259.328 MB.
Maximum ngspice program size =   56.660 MB.
Current ngspice program size =   40.625 MB.

Shared ngspice pages =   10.250 MB.
Text (code) pages =    5.316 MB.
Stack = 0 bytes.
Library pages =   38.711 MB.

