
Compatibility modes selected: hs a


Circuit: * signed small-signal extracted latch diagnostic, no structural mos substitution.

option SCALE: Scale is set to 1e-06 for instance and model parameters
option SCALE: Scale is set to 1e-06 for instance and model parameters
Doing analysis at TEMP = 27.000000 and TNOM = 27.000000

Warning: veval: no DC value, transient time 0 value used
Warning: vreset: no DC value, transient time 0 value used
Warning: vn: no DC value, transient time 0 value used
Warning: vp: no DC value, transient time 0 value used

Initial Transient Solution
--------------------------

Node                                   Voltage
----                                   -------
vdd                                       1.75
vdd_active                                 1.8
vss                                          0
sense_p                                0.89975
sense_n                                0.90025
iso_tail                              0.216543
latch_sense_p                          1.10269
latch_sense_n                          1.09731
reset                                        0
eval                                         0
out_p                                     1.75
out_n                                     1.75
tail                                   1.37517
veval#branch                                 0
vreset#branch                                0
vn#branch                                    0
vp#branch                                    0
vss#branch                         1.75856e-11
vactive#branch                          -4e-06
vdd#branch                        -1.47398e-11


No. of Data Rows : 10256

  Measurements for Transient Analysis

op_final            =  1.942853e-02
on_final            =  1.341218e+00
lp_before           =  1.102691e+00
ln_before           =  1.097308e+00

binary raw file "waveform.raw"
Doing analysis at TEMP = 27.000000 and TNOM = 27.000000

Warning: veval: no DC value, transient time 0 value used
Warning: vreset: no DC value, transient time 0 value used
Warning: vn: no DC value, transient time 0 value used
Warning: vp: no DC value, transient time 0 value used

Initial Transient Solution
--------------------------

Node                                   Voltage
----                                   -------
vdd                                       1.75
vdd_active                                 1.8
vss                                          0
sense_p                                0.89975
sense_n                                0.90025
iso_tail                              0.222853
latch_sense_p                        0.0410827
latch_sense_n                         0.041255
reset                                        0
eval                                         0
out_p                                 0.972459
out_n                                 0.972461
tail                                 0.0904141
veval#branch                      -0.000844123
vreset#branch                        0.0015291
vn#branch                         -0.000571634
vp#branch                          -0.00057136
vss#branch                          0.00469333
vactive#branch                     -0.00232697
vdd#branch                         -0.00191234


No. of Data Rows : 10256

  Measurements for Transient Analysis

op_final            =  1.782207e-02
on_final            =  1.409405e+00
lp_before           =  9.006059e-01
ln_before           =  8.962559e-01


Total analysis time (seconds) = 1.672

Total elapsed time (seconds) = 2.093 

Total DRAM available = 7943.238 MB.
DRAM currently available =  591.598 MB.
Maximum ngspice program size =   61.312 MB.
Current ngspice program size =   45.277 MB.

Shared ngspice pages =   10.250 MB.
Text (code) pages =    5.316 MB.
Stack = 0 bytes.
Library pages =   43.363 MB.

