Warning: You are sending unauthenticated requests to the HF Hub. Please set a HF_TOKEN to enable higher rate limits and faster downloads.
Loading weights:   0%|          | 0/76 [00:00<?, ?it/s]Loading weights: 100%|██████████| 76/76 [00:00<00:00, 7638.25it/s]
Traceback (most recent call last):
  File "/content/architecture-characterization/static_cache_graph_probe.py", line 113, in <module>
    raise SystemExit(main())
                     ~~~~^^
  File "/content/architecture-characterization/static_cache_graph_probe.py", line 80, in main
    graph_out = model(input_ids=ids, attention_mask=mask, position_ids=position_ids,
                      cache_position=cache_position, past_key_values=cache, use_cache=True)
  File "/usr/local/lib/python3.13/dist-packages/torch/nn/modules/module.py", line 1779, in _wrapped_call_impl
    return self._call_impl(*args, **kwargs)
           ~~~~~~~~~~~~~~~^^^^^^^^^^^^^^^^^
  File "/usr/local/lib/python3.13/dist-packages/torch/nn/modules/module.py", line 1790, in _call_impl
    return forward_call(*args, **kwargs)
  File "/usr/local/lib/python3.13/dist-packages/transformers/utils/generic.py", line 907, in wrapper
    output = func(self, *args, **kwargs)
  File "/usr/local/lib/python3.13/dist-packages/transformers/models/gpt_neox/modeling_gpt_neox.py", line 452, in forward
    outputs: BaseModelOutputWithPast = self.gpt_neox(
                                       ~~~~~~~~~~~~~^
        input_ids,
        ^^^^^^^^^^
    ...<5 lines>...
        **kwargs,
        ^^^^^^^^^
    )
    ^
  File "/usr/local/lib/python3.13/dist-packages/torch/nn/modules/module.py", line 1779, in _wrapped_call_impl
    return self._call_impl(*args, **kwargs)
           ~~~~~~~~~~~~~~~^^^^^^^^^^^^^^^^^
  File "/usr/local/lib/python3.13/dist-packages/torch/nn/modules/module.py", line 1790, in _call_impl
    return forward_call(*args, **kwargs)
  File "/usr/local/lib/python3.13/dist-packages/transformers/utils/generic.py", line 1036, in wrapper
    output = func(self, *args, **kwargs)
  File "/usr/local/lib/python3.13/dist-packages/transformers/utils/output_capturing.py", line 252, in wrapper
    outputs = func(self, *args, **kwargs)
  File "/usr/local/lib/python3.13/dist-packages/transformers/models/gpt_neox/modeling_gpt_neox.py", line 355, in forward
    causal_mask = create_causal_mask(
        config=self.config,
    ...<3 lines>...
        position_ids=position_ids,
    )
  File "/usr/local/lib/python3.13/dist-packages/transformers/masking_utils.py", line 1001, in create_causal_mask
    causal_mask = mask_interface(
        batch_size=batch_size,
    ...<10 lines>...
        device=device,
    )
  File "/usr/local/lib/python3.13/dist-packages/transformers/masking_utils.py", line 633, in eager_mask
    mask = torch.where(mask, torch.tensor(0.0, device=mask.device, dtype=dtype), min_dtype)
                             ~~~~~~~~~~~~^^^^^^^^^^^^^^^^^^^^^^^^^^^^^^^^^^^^^^
RuntimeError: Cannot copy between CPU and CUDA tensors during CUDA graph capture unless the CPU tensor is pinned. Please use tensor.pin_memory() or allocate the tensor with pin_memory=True.
$ python static_cache_graph_probe.py --model-id EleutherAI/pythia-70m --revision a39f36b100fe8a5377810d56c3f4789b9c53ac42 --output reports/static-cache-graph.json
