
Compatibility modes selected: hs a


Circuit: * signed small-signal extracted latch diagnostic, no structural mos substitution.

option SCALE: Scale is set to 1e-06 for instance and model parameters
option SCALE: Scale is set to 1e-06 for instance and model parameters
Doing analysis at TEMP = 27.000000 and TNOM = 27.000000

Warning: veval: no DC value, transient time 0 value used
Warning: vreset: no DC value, transient time 0 value used
Warning: vn: no DC value, transient time 0 value used
Warning: vp: no DC value, transient time 0 value used

Initial Transient Solution
--------------------------

Node                                   Voltage
----                                   -------
vdd                                       1.75
vdd_active                                 1.8
vss                                          0
sense_p                                0.89975
sense_n                                0.90025
iso_tail                              0.176131
latch_sense_p                           1.1026
latch_sense_n                           1.0974
reset                                        0
eval                                         0
out_p                                     1.75
out_n                                     1.75
tail                                   1.33263
veval#branch                                 0
vreset#branch                                0
vn#branch                                    0
vp#branch                                    0
vss#branch                         1.69974e-11
vactive#branch                          -4e-06
vdd#branch                        -1.41487e-11


No. of Data Rows : 10344

  Measurements for Transient Analysis

op_final            =  1.645398e-02
on_final            =  1.553538e+00
lp_before           =  1.102604e+00
ln_before           =  1.097396e+00

binary raw file "waveform.raw"
Doing analysis at TEMP = 27.000000 and TNOM = 27.000000

Warning: veval: no DC value, transient time 0 value used
Warning: vreset: no DC value, transient time 0 value used
Warning: vn: no DC value, transient time 0 value used
Warning: vp: no DC value, transient time 0 value used

Initial Transient Solution
--------------------------

Node                                   Voltage
----                                   -------
vdd                                       1.75
vdd_active                                 1.8
vss                                          0
sense_p                                0.89975
sense_n                                0.90025
iso_tail                              0.215759
latch_sense_p                        0.0267138
latch_sense_n                        0.0268532
reset                                        0
eval                                         0
out_p                                 0.853141
out_n                                 0.853143
tail                                 0.0873548
veval#branch                       -0.00437212
vreset#branch                       0.00888762
vn#branch                          -0.00303368
vp#branch                          -0.00303217
vss#branch                           0.0249061
vactive#branch                      -0.0128569
vdd#branch                          -0.0105028


No. of Data Rows : 10349

  Measurements for Transient Analysis

op_final            =  1.473138e-02
on_final            =  1.585206e+00
lp_before           =  8.813735e-01
ln_before           =  8.772294e-01


Total analysis time (seconds) = 2.681

Total elapsed time (seconds) = 3.275 

Total DRAM available = 7943.238 MB.
DRAM currently available =  617.473 MB.
Maximum ngspice program size =   61.207 MB.
Current ngspice program size =   45.266 MB.

Shared ngspice pages =   10.375 MB.
Text (code) pages =    5.316 MB.
Stack = 0 bytes.
Library pages =   43.258 MB.

