
Compatibility modes selected: hs a


Circuit: * signed small-signal extracted latch diagnostic, no structural mos substitution.

option SCALE: Scale is set to 1e-06 for instance and model parameters
option SCALE: Scale is set to 1e-06 for instance and model parameters
Doing analysis at TEMP = 27.000000 and TNOM = 27.000000

Warning: veval: no DC value, transient time 0 value used
Warning: vreset: no DC value, transient time 0 value used
Warning: vn: no DC value, transient time 0 value used
Warning: vp: no DC value, transient time 0 value used

Initial Transient Solution
--------------------------

Node                                   Voltage
----                                   -------
vdd                                       1.75
vdd_active                                 1.8
vss                                          0
sense_p                                0.89975
sense_n                                0.90025
iso_tail                              0.176131
latch_sense_p                           1.1026
latch_sense_n                           1.0974
reset                                        0
eval                                         0
out_p                                     1.75
out_n                                     1.75
tail                                   1.33263
rx_p                               8.69281e-08
rx_n                               8.69281e-08
veval#branch                                 0
vreset#branch                                0
vn#branch                                    0
vp#branch                                    0
vss#branch                         1.07267e-10
vactive#branch                    -4.00009e-06
vdd#branch                        -1.41487e-11


No. of Data Rows : 10238

  Measurements for Transient Analysis

op_final            =  1.646059e-02
on_final            =  1.553439e+00
lp_before           =  1.102604e+00
ln_before           =  1.097396e+00

binary raw file "waveform.raw"
Doing analysis at TEMP = 27.000000 and TNOM = 27.000000

Warning: veval: no DC value, transient time 0 value used
Warning: vreset: no DC value, transient time 0 value used
Warning: vn: no DC value, transient time 0 value used
Warning: vp: no DC value, transient time 0 value used

Initial Transient Solution
--------------------------

Node                                   Voltage
----                                   -------
vdd                                       1.75
vdd_active                                 1.8
vss                                          0
sense_p                                0.89975
sense_n                                0.90025
iso_tail                              0.175828
latch_sense_p                        0.0193804
latch_sense_n                        0.0195278
reset                                        0
eval                                         0
out_p                                 0.872069
out_n                                  0.87207
tail                                 0.0557031
rx_p                                   0.70849
rx_n                                  0.708487
veval#branch                       -0.00087386
vreset#branch                       0.00159305
vn#branch                         -0.000555158
vp#branch                         -0.000554878
vss#branch                          0.00497118
vactive#branch                      -0.0025994
vdd#branch                         -0.00198493


No. of Data Rows : 10238

  Measurements for Transient Analysis

op_final            =  1.466902e-02
on_final            =  1.586359e+00
lp_before           =  8.725027e-01
ln_before           =  8.683861e-01


Total analysis time (seconds) = 4.717

Total elapsed time (seconds) = 5.277 

Total DRAM available = 7943.238 MB.
DRAM currently available =  493.105 MB.
Maximum ngspice program size =   62.465 MB.
Current ngspice program size =   46.258 MB.

Shared ngspice pages =   10.125 MB.
Text (code) pages =    5.316 MB.
Stack = 0 bytes.
Library pages =   44.516 MB.

