
Compatibility modes selected: hs a


Circuit: * signed small-signal extracted latch diagnostic, no structural mos substitution.

option SCALE: Scale is set to 1e-06 for instance and model parameters
option SCALE: Scale is set to 1e-06 for instance and model parameters
Doing analysis at TEMP = 25.000000 and TNOM = 27.000000

Warning: veqreset: no DC value, transient time 0 value used
Warning: veval: no DC value, transient time 0 value used
Warning: vreset: no DC value, transient time 0 value used
Warning: vn: no DC value, transient time 0 value used
Warning: vp: no DC value, transient time 0 value used

Initial Transient Solution
--------------------------

Node                                   Voltage
----                                   -------
vdd                                       1.75
vdd_active                                 1.8
vss                                          0
sense_p                                0.89975
sense_n                                0.90025
iso_tail                               0.17521
latch_sense_p                          1.10058
latch_sense_n                          1.09942
reset                                        0
eval                                         0
eq_reset                                     0
rx_p                               7.57342e-08
out_p                                     1.75
out_n                                     1.75
rx_n                               7.57342e-08
tail                                   1.32988
vdd_capture                                1.8
capture_clk                                  0
captured_q                         2.67658e-09
vcap#branch                                  0
vdcap#branch                      -3.16104e-11
veqreset#branch                              0
veval#branch                                 0
vreset#branch                                0
vn#branch                                    0
vp#branch                                    0
vss#branch                         1.27656e-10
vactive#branch                    -4.00008e-06
vdd#branch                        -1.40494e-11


No. of Data Rows : 10295

  Measurements for Transient Analysis

op_final            =  1.631251e-02
on_final            =  1.553791e+00
lp_before           =  1.114730e+00
ln_before           =  1.110982e+00

binary raw file "waveform.raw"
Doing analysis at TEMP = 25.000000 and TNOM = 27.000000

Warning: veqreset: no DC value, transient time 0 value used
Warning: veval: no DC value, transient time 0 value used
Warning: vreset: no DC value, transient time 0 value used
Warning: vn: no DC value, transient time 0 value used
Warning: vp: no DC value, transient time 0 value used

Initial Transient Solution
--------------------------

Node                                   Voltage
----                                   -------
vdd                                       1.75
vdd_active                                 1.8
vss                                          0
sense_p                                0.89975
sense_n                                0.90025
iso_tail                              0.166602
latch_sense_p                         0.445232
latch_sense_n                          0.44532
reset                                        0
eval                                         0
eq_reset                                     0
rx_p                                  0.819946
out_p                                 0.874267
out_n                                 0.874636
rx_n                                   0.90644
tail                                 0.0721709
vdd_capture                                1.8
capture_clk                                  0
captured_q                             0.78269
vcap#branch                        0.000404721
vdcap#branch                       -0.00252921
veqreset#branch                    0.000772496
veval#branch                       -0.00170805
vreset#branch                       0.00320351
vn#branch                          -0.00092166
vp#branch                         -0.000921102
vss#branch                           0.0133998
vactive#branch                     -0.00781901
vdd#branch                         -0.00388552


No. of Data Rows : 10301

  Measurements for Transient Analysis

op_final            =  1.415452e-02
on_final            =  1.593541e+00
lp_before           =  9.281031e-01
ln_before           =  9.259997e-01


Total analysis time (seconds) = 84.149

Total elapsed time (seconds) = 95.386 

Total DRAM available = 7943.238 MB.
DRAM currently available =  127.363 MB.
Maximum ngspice program size =  103.465 MB.
Current ngspice program size =   85.172 MB.

Shared ngspice pages =    7.875 MB.
Text (code) pages =    5.316 MB.
Stack = 0 bytes.
Library pages =   85.516 MB.

