
Compatibility modes selected: hs a


Circuit: * signed small-signal extracted latch diagnostic, no structural mos substitution.

option SCALE: Scale is set to 1e-06 for instance and model parameters
option SCALE: Scale is set to 1e-06 for instance and model parameters
Doing analysis at TEMP = 27.000000 and TNOM = 27.000000

Warning: veval: no DC value, transient time 0 value used
Warning: vreset: no DC value, transient time 0 value used
Warning: vn: no DC value, transient time 0 value used
Warning: vp: no DC value, transient time 0 value used

Initial Transient Solution
--------------------------

Node                                   Voltage
----                                   -------
vdd                                       1.75
vdd_active                                 1.8
vss                                          0
sense_p                                0.89975
sense_n                                0.90025
iso_tail                              0.176131
latch_sense_p                           1.1026
latch_sense_n                           1.0974
reset                                        0
eval                                         0
out_p                                     1.75
out_n                                     1.75
tail                                   1.33263
veval#branch                                 0
vreset#branch                                0
vn#branch                                    0
vp#branch                                    0
vss#branch                         1.69974e-11
vactive#branch                          -4e-06
vdd#branch                        -1.41497e-11


No. of Data Rows : 10359

  Measurements for Transient Analysis

op_final            =  1.674956e-02
on_final            =  9.477186e-01
lp_before           =  1.102604e+00
ln_before           =  1.097396e+00

binary raw file "waveform.raw"
Doing analysis at TEMP = 27.000000 and TNOM = 27.000000

Warning: veval: no DC value, transient time 0 value used
Warning: vreset: no DC value, transient time 0 value used
Warning: vn: no DC value, transient time 0 value used
Warning: vp: no DC value, transient time 0 value used

Initial Transient Solution
--------------------------

Node                                   Voltage
----                                   -------
vdd                                       1.75
vdd_active                                 1.8
vss                                          0
sense_p                                0.89975
sense_n                                0.90025
iso_tail                              0.164394
latch_sense_p                        0.0180266
latch_sense_n                        0.0181793
reset                                        0
eval                                         0
out_p                                 0.651845
out_n                                 0.651847
tail                                 0.0302303
veval#branch                      -0.000558512
vreset#branch                      0.000998721
vn#branch                          -0.00035128
vp#branch                         -0.000351102
vss#branch                          0.00267321
vactive#branch                     -0.00103965
vdd#branch                         -0.00137538


No. of Data Rows : 10352

  Measurements for Transient Analysis

op_final            =  1.422875e-02
on_final            =  1.275087e+00
lp_before           =  8.711175e-01
ln_before           =  8.670146e-01


Total analysis time (seconds) = 2.087

Total elapsed time (seconds) = 2.441 

Total DRAM available = 7943.238 MB.
DRAM currently available =  142.160 MB.
Maximum ngspice program size =   61.277 MB.
Current ngspice program size =   45.434 MB.

Shared ngspice pages =   10.500 MB.
Text (code) pages =    5.316 MB.
Stack = 0 bytes.
Library pages =   43.328 MB.

