
Compatibility modes selected: hs a


Circuit: * signed small-signal extracted latch diagnostic, no structural mos substitution.

option SCALE: Scale is set to 1e-06 for instance and model parameters
option SCALE: Scale is set to 1e-06 for instance and model parameters
Doing analysis at TEMP = 27.000000 and TNOM = 27.000000

Warning: veval: no DC value, transient time 0 value used
Warning: vreset: no DC value, transient time 0 value used

Initial Transient Solution
--------------------------

Node                                   Voltage
----                                   -------
vdd                                        1.8
vdd_active                                 1.8
vss                                          0
sense_p                               0.899924
sense_n                               0.900076
iso_tail                              0.178804
latch_sense_p                          1.60023
latch_sense_n                          1.59975
reset                                        0
eval                                         0
out_p                                      1.8
out_n                                      1.8
tail                                   1.41277
veval#branch                                 0
vreset#branch                                0
vn#branch                                    0
vp#branch                                    0
vss#branch                         1.49929e-10
vactive#branch                    -4.00013e-06
vdd#branch                        -1.50218e-11


No. of Data Rows : 1049

  Measurements for Transient Analysis

op_final            =  9.755671e-02
on_final            =  9.757923e-02
lp_before           =  1.600235e+00
ln_before           =  1.599752e+00

binary raw file "waveform.raw"
Doing analysis at TEMP = 27.000000 and TNOM = 27.000000

Warning: veval: no DC value, transient time 0 value used
Warning: vreset: no DC value, transient time 0 value used

Initial Transient Solution
--------------------------

Node                                   Voltage
----                                   -------
vdd                                        1.8
vdd_active                                 1.8
vss                                          0
sense_p                               0.899924
sense_n                               0.900076
iso_tail                              0.134501
latch_sense_p                        -0.176452
latch_sense_n                         -0.17642
reset                                        0
eval                                         0
out_p                                  0.30745
out_n                                 0.307451
tail                                 0.0143859
veval#branch                      -0.000533256
vreset#branch                      0.000979038
vn#branch                         -0.000395095
vp#branch                         -0.000395041
vss#branch                          0.00427744
vactive#branch                     -0.00244352
vdd#branch                         -0.00149356


No. of Data Rows : 1051

  Measurements for Transient Analysis

op_final            =  9.748956e-02
on_final            =  9.750671e-02
lp_before           =  1.593054e+00
ln_before           =  1.593607e+00


Total analysis time (seconds) = 1.018

Total elapsed time (seconds) = 2.043 

Total DRAM available = 7943.230 MB.
DRAM currently available =  413.820 MB.
Maximum ngspice program size =   56.660 MB.
Current ngspice program size =   40.750 MB.

Shared ngspice pages =   10.250 MB.
Text (code) pages =    5.316 MB.
Stack = 0 bytes.
Library pages =   38.711 MB.

