
Compatibility modes selected: hs a


Circuit: * signed small-signal extracted latch diagnostic, no structural mos substitution.

option SCALE: Scale is set to 1e-06 for instance and model parameters
option SCALE: Scale is set to 1e-06 for instance and model parameters
Doing analysis at TEMP = 27.000000 and TNOM = 27.000000

Warning: veval: no DC value, transient time 0 value used
Warning: vreset: no DC value, transient time 0 value used

Initial Transient Solution
--------------------------

Node                                   Voltage
----                                   -------
vdd                                        1.8
vdd_active                                 1.8
vss                                          0
sense_p                               0.900076
sense_n                               0.899923
iso_tail                                0.2422
latch_sense_p                          1.74992
latch_sense_n                          1.75007
reset                                        0
eval                                         0
out_p                                      1.8
out_n                                      1.8
tail                                   1.39494
veval#branch                                 0
vreset#branch                                0
vn#branch                                    0
vp#branch                                    0
vss#branch                         1.03197e-10
vactive#branch                    -1.00009e-06
vdd#branch                        -1.48249e-11


No. of Data Rows : 1051

  Measurements for Transient Analysis

op_final            =  7.302777e-02
on_final            =  7.302262e-02
lp_before           =  1.749919e+00
ln_before           =  1.750073e+00

binary raw file "waveform.raw"
Doing analysis at TEMP = 27.000000 and TNOM = 27.000000

Warning: veval: no DC value, transient time 0 value used
Warning: vreset: no DC value, transient time 0 value used

Initial Transient Solution
--------------------------

Node                                   Voltage
----                                   -------
vdd                                        1.8
vdd_active                                 1.8
vss                                          0
sense_p                               0.900076
sense_n                               0.899923
iso_tail                              0.186327
latch_sense_p                       -0.0966799
latch_sense_n                       -0.0967168
reset                                        0
eval                                         0
out_p                                 0.359078
out_n                                 0.359077
tail                                 0.0194129
veval#branch                       -0.00100459
vreset#branch                       0.00187136
vn#branch                         -0.000698299
vp#branch                         -0.000698396
vss#branch                          0.00563154
vactive#branch                     -0.00237986
vdd#branch                         -0.00272275


No. of Data Rows : 1057

  Measurements for Transient Analysis

op_final            =  7.301216e-02
on_final            =  7.300696e-02
lp_before           =  1.724727e+00
ln_before           =  1.724926e+00


Total analysis time (seconds) = 0.117

Total elapsed time (seconds) = 0.416 

Total DRAM available = 7943.234 MB.
DRAM currently available =  477.957 MB.
Maximum ngspice program size =   56.652 MB.
Current ngspice program size =   41.000 MB.

Shared ngspice pages =   10.500 MB.
Text (code) pages =    5.316 MB.
Stack = 0 bytes.
Library pages =   38.703 MB.

