Warning: veval: no DC value, transient time 0 value used
Warning: vreset: no DC value, transient time 0 value used
 Reference value :  2.00000e-13
 Reference value :  1.22676e-10
 Reference value :  7.22676e-10
 Reference value :  1.14268e-09
 Reference value :  1.52268e-09
 Reference value :  2.18268e-09
 Reference value :  7.58268e-09
 Reference value :  1.23457e-08
 Reference value :  1.67057e-08
 Reference value :  1.70257e-08
Warning: veval: no DC value, transient time 0 value used
Warning: vreset: no DC value, transient time 0 value used
 Reference value :  4.00268e-09
 Reference value :  6.78268e-09
 Reference value :  7.08268e-09
 Reference value :  7.46268e-09
 Reference value :  7.80268e-09
 Reference value :  8.02000e-09
 Reference value :  1.50857e-08
Original line no.: 61, new internal line no.: 891:
insertnumber: fails.
  s = ".measure tran decision_diff_v param=   -3.854268544093817e-02   " u=" -3.854268544093817e-02  " id=0
