
No compatibility mode selected!


Circuit: * extracted active converter macro decision-boundary transient.

Option cshunt: 27 capacitors added with 1e-15 F each
Doing analysis at TEMP = 27.000000 and TNOM = 27.000000

Using transient initial conditions

No. of Data Rows : 1031

  Measurements for Transient Analysis

decision_p_v        =  1.420380e-01
decision_n_v        =  1.034953e-01
decision_diff_v     =  -3.85427e-02
supply_charge_c     =   -1.90479e-15 from=  2.00000e-13 to=  2.00000e-08
active_supply_charge_c=   -1.12823e-12 from=  2.00000e-13 to=  2.00000e-08

Doing analysis at TEMP = 27.000000 and TNOM = 27.000000

Using transient initial conditions

No. of Data Rows : 1031

  Measurements for Transient Analysis

decision_p_v        =  1.420380e-01
decision_n_v        =  1.034953e-01
decision_diff_v     =  -3.85427e-02
supply_charge_c     =   -1.90479e-15 from=  2.00000e-13 to=  2.00000e-08
active_supply_charge_c=   -1.12823e-12 from=  2.00000e-13 to=  2.00000e-08


Total analysis time (seconds) = 7.808

Total elapsed time (seconds) = 10.733 

Total DRAM available = 7943.238 MB.
DRAM currently available =  250.613 MB.
Maximum ngspice program size =  118.535 MB.
Current ngspice program size =  102.375 MB.

Shared ngspice pages =   10.125 MB.
Text (code) pages =    5.316 MB.
Stack = 0 bytes.
Library pages =  100.586 MB.

