Warning: veval: no DC value, transient time 0 value used
Warning: vreset: no DC value, transient time 0 value used
 Reference value :  2.00000e-13
 Reference value :  1.20521e-12
 Reference value :  4.31877e-11
 Reference value :  3.43188e-10
 Reference value :  6.40319e-09
 Reference value :  1.17010e-08
 Reference value :  1.61810e-08
 Reference value :  2.57810e-08
 Reference value :  2.95010e-08
 Reference value :  3.73410e-08
 Reference value :  4.27810e-08
 Reference value :  4.90810e-08
 Reference value :  5.42210e-08
 Reference value :  5.94010e-08
 Reference value :  6.42610e-08
 Reference value :  6.58810e-08
 Reference value :  6.77810e-08
 Reference value :  7.25610e-08
 Reference value :  7.52410e-08
 Reference value :  7.88410e-08
 Reference value :  8.16210e-08
 Reference value :  8.61610e-08
 Reference value :  9.12010e-08
Warning: veval: no DC value, transient time 0 value used
Warning: vreset: no DC value, transient time 0 value used
 Reference value :  2.00000e-13
 Reference value :  5.28319e-09
 Reference value :  9.70102e-09
 Reference value :  1.31410e-08
 Reference value :  1.51610e-08
 Reference value :  2.15010e-08
 Reference value :  2.44010e-08
 Reference value :  2.63210e-08
 Reference value :  2.93810e-08
 Reference value :  3.51010e-08
 Reference value :  3.85810e-08
 Reference value :  4.55610e-08
 Reference value :  5.22010e-08
 Reference value :  5.38610e-08
 Reference value :  5.58010e-08
 Reference value :  5.82610e-08
 Reference value :  6.30410e-08
 Reference value :  6.81410e-08
 Reference value :  7.79810e-08
 Reference value :  9.26210e-08
Original line no.: 61, new internal line no.: 865:
insertnumber: fails.
  s = ".measure tran decision_diff_v param=   -3.212638018502464e-01   " u=" -3.212638018502464e-01  " id=0
