
No compatibility mode selected!


Circuit: * extracted active converter macro decision-boundary transient.

Option cshunt: 22 capacitors added with 1e-15 F each
Doing analysis at TEMP = 27.000000 and TNOM = 27.000000

Using transient initial conditions

No. of Data Rows : 5031

  Measurements for Transient Analysis

decision_p_v        =  3.787132e-01
decision_n_v        =  5.744938e-02
decision_diff_v     =  -3.21264e-01
supply_charge_c     =   -1.90479e-15 from=  2.00000e-13 to=  2.00000e-08
active_supply_charge_c=   -9.87157e-13 from=  2.00000e-13 to=  2.00000e-08
p0_0                =  1.787247e+00
p0_1                =  1.786504e+00
p0_2                =  1.119897e+00
p0_3                =  1.673795e+00
p0_4                =  9.516564e-01
p0_5                =  1.894202e-01
p0_6                =  1.892378e-01
p1_0                =  1.755777e+00
p1_1                =  1.743826e+00
p1_2                =  1.096931e+00
p1_3                =  1.576862e+00
p1_4                =  5.351516e-01
p1_5                =  1.880313e-01
p1_6                =  1.887276e-01
p2_0                =  3.787132e-01
p2_1                =  5.744938e-02
p2_2                =  1.125131e+00
p2_3                =  1.671446e+00
p2_4                =  2.236400e-02
p2_5                =  1.892775e-01
p2_6                =  1.892704e-01
p3_0                =  2.902993e-01
p3_1                =  7.440122e-02
p3_2                =  1.130716e+00
p3_3                =  1.669080e+00
p3_4                =  2.332652e-02
p3_5                =  1.892929e-01
p3_6                =  1.892904e-01
p4_0                =  2.895221e-01
p4_1                =  7.456329e-02
p4_2                =  1.131024e+00
p4_3                =  1.668966e+00
p4_4                =  2.333939e-02
p4_5                =  1.892920e-01
p4_6                =  1.892920e-01
p5_0                =  2.895215e-01
p5_1                =  7.456342e-02
p5_2                =  1.131024e+00
p5_3                =  1.668966e+00
p5_4                =  2.333940e-02
p5_5                =  1.892920e-01
p5_6                =  1.892920e-01

Doing analysis at TEMP = 27.000000 and TNOM = 27.000000

Using transient initial conditions

No. of Data Rows : 5031

  Measurements for Transient Analysis

decision_p_v        =  3.787132e-01
decision_n_v        =  5.744938e-02
decision_diff_v     =  -3.21264e-01
supply_charge_c     =   -1.90479e-15 from=  2.00000e-13 to=  2.00000e-08
active_supply_charge_c=   -9.87157e-13 from=  2.00000e-13 to=  2.00000e-08
p0_0                =  1.787247e+00
p0_1                =  1.786504e+00
p0_2                =  1.119897e+00
p0_3                =  1.673795e+00
p0_4                =  9.516564e-01
p0_5                =  1.894202e-01
p0_6                =  1.892378e-01
p1_0                =  1.755777e+00
p1_1                =  1.743826e+00
p1_2                =  1.096931e+00
p1_3                =  1.576862e+00
p1_4                =  5.351516e-01
p1_5                =  1.880313e-01
p1_6                =  1.887276e-01
p2_0                =  3.787132e-01
p2_1                =  5.744938e-02
p2_2                =  1.125131e+00
p2_3                =  1.671446e+00
p2_4                =  2.236400e-02
p2_5                =  1.892775e-01
p2_6                =  1.892704e-01
p3_0                =  2.902993e-01
p3_1                =  7.440122e-02
p3_2                =  1.130716e+00
p3_3                =  1.669080e+00
p3_4                =  2.332652e-02
p3_5                =  1.892929e-01
p3_6                =  1.892904e-01
p4_0                =  2.895221e-01
p4_1                =  7.456329e-02
p4_2                =  1.131024e+00
p4_3                =  1.668966e+00
p4_4                =  2.333939e-02
p4_5                =  1.892920e-01
p4_6                =  1.892920e-01
p5_0                =  2.895215e-01
p5_1                =  7.456342e-02
p5_2                =  1.131024e+00
p5_3                =  1.668966e+00
p5_4                =  2.333940e-02
p5_5                =  1.892920e-01
p5_6                =  1.892920e-01


Total analysis time (seconds) = 17.366

Total elapsed time (seconds) = 26.076 

Total DRAM available = 7943.238 MB.
DRAM currently available = 1478.324 MB.
Maximum ngspice program size =  120.945 MB.
Current ngspice program size =  105.125 MB.

Shared ngspice pages =   10.375 MB.
Text (code) pages =    5.316 MB.
Stack = 0 bytes.
Library pages =  102.996 MB.

