
No compatibility mode selected!


Circuit: * extracted active converter macro decision-boundary transient.

Option cshunt: 21 capacitors added with 1e-15 F each
Doing analysis at TEMP = 27.000000 and TNOM = 27.000000

Using transient initial conditions

No. of Data Rows : 1032

  Measurements for Transient Analysis

decision_p_v        =  1.187864e-01
decision_n_v        =  1.188579e-01
decision_diff_v     =  7.14994e-05
supply_charge_c     =   -1.59733e-15 from=  2.00000e-13 to=  2.00000e-08

Doing analysis at TEMP = 27.000000 and TNOM = 27.000000

Using transient initial conditions

No. of Data Rows : 1032

  Measurements for Transient Analysis

decision_p_v        =  1.187864e-01
decision_n_v        =  1.188579e-01
decision_diff_v     =  7.14994e-05
supply_charge_c     =   -1.59733e-15 from=  2.00000e-13 to=  2.00000e-08


Total analysis time (seconds) = 0.201

Total elapsed time (seconds) = 0.765 

Total DRAM available = 7943.230 MB.
DRAM currently available =  804.543 MB.
Maximum ngspice program size =  106.691 MB.
Current ngspice program size =   90.000 MB.

Shared ngspice pages =    9.500 MB.
Text (code) pages =    5.316 MB.
Stack = 0 bytes.
Library pages =   88.742 MB.

