
Compatibility modes selected: hs a


Circuit: * signed small-signal extracted latch diagnostic, no structural mos substitution.

option SCALE: Scale is set to 1e-06 for instance and model parameters
option SCALE: Scale is set to 1e-06 for instance and model parameters
Doing analysis at TEMP = 27.000000 and TNOM = 27.000000

Warning: veval: no DC value, transient time 0 value used
Warning: vreset: no DC value, transient time 0 value used

Initial Transient Solution
--------------------------

Node                                   Voltage
----                                   -------
vdd                                        1.8
vdd_active                                 1.8
vss                                          0
sense_p                                 0.9025
sense_n                                 0.8975
iso_tail                              0.179715
latch_sense_p                          1.77919
latch_sense_n                           1.7808
reset                                        0
eval                                         0
out_p                                      1.8
out_n                                      1.8
tail                                   1.38725
veval#branch                                 0
vreset#branch                                0
vn#branch                                    0
vp#branch                                    0
vss#branch                         5.35644e-10
vactive#branch                    -4.00052e-06
vdd#branch                        -1.47326e-11


No. of Data Rows : 1034

  Measurements for Transient Analysis

op_final            =  1.087121e-01
on_final            =  1.085925e-01
lp_before           =  1.779194e+00
ln_before           =  1.780801e+00

binary raw file "waveform.raw"
Doing analysis at TEMP = 27.000000 and TNOM = 27.000000

Warning: veval: no DC value, transient time 0 value used
Warning: vreset: no DC value, transient time 0 value used

Initial Transient Solution
--------------------------

Node                                   Voltage
----                                   -------
vdd                                        1.8
vdd_active                                 1.8
vss                                          0
sense_p                                 0.9025
sense_n                                 0.8975
iso_tail                              0.172241
latch_sense_p                          0.15689
latch_sense_n                         0.155573
reset                                        0
eval                                         0
out_p                                  0.65233
out_n                                  0.65231
tail                                 0.0342234
veval#branch                      -0.000759005
vreset#branch                       0.00141694
vn#branch                         -0.000430273
vp#branch                         -0.000432848
vss#branch                          0.00385229
vactive#branch                     -0.00173129
vdd#branch                         -0.00191982


No. of Data Rows : 1037

  Measurements for Transient Analysis

op_final            =  1.087121e-01
on_final            =  1.085925e-01
lp_before           =  1.779379e+00
ln_before           =  1.780987e+00


Total analysis time (seconds) = 0.311

Total elapsed time (seconds) = 0.950 

Total DRAM available = 7943.230 MB.
DRAM currently available =  110.582 MB.
Maximum ngspice program size =   56.660 MB.
Current ngspice program size =   40.625 MB.

Shared ngspice pages =   10.250 MB.
Text (code) pages =    5.316 MB.
Stack = 0 bytes.
Library pages =   38.711 MB.

