
Circuit 1 cell sky130_fd_pr__nfet_01v8 and Circuit 2 cell sky130_fd_pr__nfet_01v8 are black boxes.
Warning: Equate pins:  cell sky130_fd_pr__nfet_01v8 is a placeholder, treated as a black box.
Warning: Equate pins:  cell sky130_fd_pr__nfet_01v8 is a placeholder, treated as a black box.

Subcircuit pins:
Circuit 1: sky130_fd_pr__nfet_01v8         |Circuit 2: sky130_fd_pr__nfet_01v8         
-------------------------------------------|-------------------------------------------
1                                          |1                                          
2                                          |2                                          
3                                          |3                                          
4                                          |4                                          
---------------------------------------------------------------------------------------
Cell pin lists are equivalent.
Device classes sky130_fd_pr__nfet_01v8 and sky130_fd_pr__nfet_01v8 are equivalent.

Circuit 1 cell sky130_fd_pr__pfet_01v8 and Circuit 2 cell sky130_fd_pr__pfet_01v8 are black boxes.
Warning: Equate pins:  cell sky130_fd_pr__pfet_01v8 is a placeholder, treated as a black box.
Warning: Equate pins:  cell sky130_fd_pr__pfet_01v8 is a placeholder, treated as a black box.

Subcircuit pins:
Circuit 1: sky130_fd_pr__pfet_01v8         |Circuit 2: sky130_fd_pr__pfet_01v8         
-------------------------------------------|-------------------------------------------
1                                          |1                                          
2                                          |2                                          
3                                          |3                                          
4                                          |4                                          
---------------------------------------------------------------------------------------
Cell pin lists are equivalent.
Device classes sky130_fd_pr__pfet_01v8 and sky130_fd_pr__pfet_01v8 are equivalent.
Flattening unmatched subcell sky130_isolated_frontend_active_load_latch_v2 in circuit aimc_converter_macro_active_candidate_flat (1)(1 instance)

Cell aimc_converter_macro_active_candidate_flat (0) disconnected node: vss
Cell aimc_converter_macro_active_candidate_flat (0) disconnected node: vdd
Cell aimc_converter_macro_active_candidate_flat (1) disconnected node: vss
Cell aimc_converter_macro_active_candidate_flat (1) disconnected node: vdd
Subcircuit summary:
Circuit 1: aimc_converter_macro_active_can |Circuit 2: aimc_converter_macro_active_can 
-------------------------------------------|-------------------------------------------
sky130_fd_pr__nfet_01v8 (9)                |sky130_fd_pr__nfet_01v8 (9)                
sky130_fd_pr__pfet_01v8 (4)                |sky130_fd_pr__pfet_01v8 (4)                
Number of devices: 13                      |Number of devices: 13                      
Number of nets: 14 **Mismatch**            |Number of nets: 13 **Mismatch**            
---------------------------------------------------------------------------------------
NET mismatches: Class fragments follow (with fanout counts):
Circuit 1: aimc_converter_macro_active_can |Circuit 2: aimc_converter_macro_active_can 

---------------------------------------------------------------------------------------
Net: row_drive                             |Net: row_drive                             
  sky130_fd_pr__nfet_01v8/2 = 2            |  sky130_fd_pr__nfet_01v8/2 = 2            
                                           |                                           
Net: sar_comparator_input                  |Net: sar_comparator_input                  
  sky130_fd_pr__nfet_01v8/2 = 1            |  sky130_fd_pr__nfet_01v8/2 = 2            
                                           |                                           
Net: iso_tail_ext                          |Net: iso_tail_ext                          
  sky130_fd_pr__nfet_01v8/(1|3) = 2        |  sky130_fd_pr__nfet_01v8/(1|3) = 2        
                                           |                                           
Net: physical_preamp_p.latch_sense_p_ext   |Net: preamp_iso_tail_ext                   
  sky130_fd_pr__nfet_01v8/(1|3) = 1        |  sky130_fd_pr__nfet_01v8/(1|3) = 2        
                                           |                                           
Net: latch_sense_p_ext                     |Net: latch_sense_p_ext                     
  sky130_fd_pr__nfet_01v8/2 = 1            |  sky130_fd_pr__nfet_01v8/2 = 1            
  sky130_fd_pr__nfet_01v8/(1|3) = 1        |  sky130_fd_pr__nfet_01v8/(1|3) = 2        
                                           |                                           
Net: latch_sense_n_ext                     |Net: latch_sense_n_ext                     
  sky130_fd_pr__nfet_01v8/(1|3) = 4        |  sky130_fd_pr__nfet_01v8/(1|3) = 2        
  sky130_fd_pr__nfet_01v8/2 = 1            |  sky130_fd_pr__nfet_01v8/2 = 1            
                                           |                                           
Net: physical_preamp_n.sar_comparator_inpu |(no matching net)                          
  sky130_fd_pr__nfet_01v8/2 = 1            |                                           
---------------------------------------------------------------------------------------
Netlists do not match.
Port matching may fail to disambiguate symmetries.

Subcircuit pins:
Circuit 1: aimc_converter_macro_active_can |Circuit 2: aimc_converter_macro_active_can 
-------------------------------------------|-------------------------------------------
latch_sense_n_ext                          |row_drive **Mismatch**                     
sar_comparator_input                       |iso_tail_ext **Mismatch**                  
latch_sense_p_ext                          |latch_sense_p_ext                          
row_drive                                  |latch_sense_n_ext **Mismatch**             
Cell pin lists are equivalent.
Device classes aimc_converter_macro_active_candidate_flat and aimc_converter_macro_active_candidate_flat are equivalent.

Final result: Netlists do not match.
Port matching may fail to disambiguate symmetries.
