
Compatibility modes selected: hs a


Circuit: * signed small-signal extracted latch diagnostic, no structural mos substitution.

option SCALE: Scale is set to 1e-06 for instance and model parameters
option SCALE: Scale is set to 1e-06 for instance and model parameters
Doing analysis at TEMP = 27.000000 and TNOM = 27.000000

Warning: veval: no DC value, transient time 0 value used
Warning: vreset: no DC value, transient time 0 value used

Initial Transient Solution
--------------------------

Node                                   Voltage
----                                   -------
vdd                                       1.75
vdd_active                                 1.8
vss                                          0
sense_p                                 0.8995
sense_n                                 0.9005
iso_tail                              0.176132
latch_sense_p                          1.10521
latch_sense_n                          1.09479
reset                                        0
eval                                         0
out_p                                     1.75
out_n                                     1.75
tail                                   1.33263
veval#branch                                 0
vreset#branch                                0
vn#branch                                    0
vp#branch                                    0
vss#branch                          1.6998e-11
vactive#branch                          -4e-06
vdd#branch                        -1.41497e-11


No. of Data Rows : 1052

  Measurements for Transient Analysis

op_final            =  1.586162e-02
on_final            =  1.095064e+00
lp_before           =  1.105207e+00
ln_before           =  1.094792e+00

binary raw file "waveform.raw"
Doing analysis at TEMP = 27.000000 and TNOM = 27.000000

Warning: veval: no DC value, transient time 0 value used
Warning: vreset: no DC value, transient time 0 value used

Initial Transient Solution
--------------------------

Node                                   Voltage
----                                   -------
vdd                                       1.75
vdd_active                                 1.8
vss                                          0
sense_p                                 0.8995
sense_n                                 0.9005
iso_tail                               0.18343
latch_sense_p                       0.00950085
latch_sense_n                       0.00978901
reset                                        0
eval                                         0
out_p                                 0.637489
out_n                                 0.637493
tail                                 0.0348783
veval#branch                       -0.00120219
vreset#branch                       0.00218951
vn#branch                          -0.00077054
vp#branch                         -0.000769775
vss#branch                          0.00574099
vactive#branch                     -0.00227425
vdd#branch                         -0.00291774


No. of Data Rows : 1052

  Measurements for Transient Analysis

op_final            =  1.391219e-02
on_final            =  1.297285e+00
lp_before           =  8.756115e-01
ln_before           =  8.673784e-01


Total analysis time (seconds) = 0.228

Total elapsed time (seconds) = 0.711 

Total DRAM available = 7943.238 MB.
DRAM currently available =  980.520 MB.
Maximum ngspice program size =   56.656 MB.
Current ngspice program size =   40.750 MB.

Shared ngspice pages =   10.375 MB.
Text (code) pages =    5.316 MB.
Stack = 0 bytes.
Library pages =   38.707 MB.

