calibration code 0 cache hit
calibration code 1 cache hit
calibration code 2 cache hit
calibration code 3 cache hit
calibration code 4 cache hit
calibration code 5 cache hit
calibration code 6 cache hit
calibration code 7 cache hit
calibration code 8 cache hit
calibration code 9 cache hit
calibration code 10 cache hit
calibration code 11 cache hit
calibration code 12 cache hit
calibration code 13 cache hit
calibration code 14 cache hit
calibration code 15 cache hit
conversion expected 0 decision 1 code 8 attempt 1/4
conversion expected 0 decision 2 code 4 attempt 1/4
conversion expected 0 decision 3 code 2 attempt 1/4
conversion expected 0 decision 4 code 1 attempt 1/4
conversion expected 2 decision 1 code 8 attempt 1/4
conversion expected 2 decision 2 code 4 attempt 1/4
conversion expected 2 decision 3 code 2 attempt 1/4
conversion expected 2 decision 4 code 3 attempt 1/4
conversion expected 4 decision 1 code 8 attempt 1/4
conversion expected 4 decision 2 code 4 attempt 1/4
conversion expected 4 decision 2 code 4 attempt 2/4
conversion expected 4 decision 3 code 6 attempt 1/4
conversion expected 4 decision 4 code 5 attempt 1/4
conversion expected 6 decision 1 code 8 attempt 1/4
conversion expected 6 decision 2 code 4 attempt 1/4
conversion expected 6 decision 3 code 6 attempt 1/4
conversion expected 6 decision 4 code 7 attempt 1/4
conversion expected 7 decision 1 code 8 attempt 1/4
conversion expected 7 decision 2 code 4 attempt 1/4
conversion expected 7 decision 3 code 6 attempt 1/4
conversion expected 7 decision 4 code 7 attempt 1/4
status,calibrated_physical_sar_characterized_not_continuous_multicycle_proof
calibration,16/16
comparisons,20/20
correct_conversions,5/5
