
Compatibility modes selected: hs a


Circuit: * signed small-signal extracted latch diagnostic, no structural mos substitution.

option SCALE: Scale is set to 1e-06 for instance and model parameters
option SCALE: Scale is set to 1e-06 for instance and model parameters
Doing analysis at TEMP = 27.000000 and TNOM = 27.000000

Warning: veval: no DC value, transient time 0 value used
Warning: vreset: no DC value, transient time 0 value used

Initial Transient Solution
--------------------------

Node                                   Voltage
----                                   -------
vdd                                        1.8
vdd_active                                 1.8
vss                                          0
sense_p                                   0.91
sense_n                                   0.89
iso_tail                              0.179291
latch_sense_p                           1.5686
latch_sense_n                          1.63138
reset                                        0
eval                                         0
out_p                                      1.8
out_n                                      1.8
tail                                   1.37533
veval#branch                                 0
vreset#branch                                0
vn#branch                                    0
vp#branch                                    0
vss#branch                         1.48161e-10
vactive#branch                    -4.00013e-06
vdd#branch                        -1.46722e-11


No. of Data Rows : 1050

  Measurements for Transient Analysis

op_final            =  1.228728e-01
on_final            =  1.152005e-01
lp_before           =  1.568604e+00
ln_before           =  1.631383e+00

binary raw file "waveform.raw"
Doing analysis at TEMP = 27.000000 and TNOM = 27.000000

Warning: veval: no DC value, transient time 0 value used
Warning: vreset: no DC value, transient time 0 value used

Initial Transient Solution
--------------------------

Node                                   Voltage
----                                   -------
vdd                                        1.8
vdd_active                                 1.8
vss                                          0
sense_p                                   0.91
sense_n                                   0.89
iso_tail                               0.18866
latch_sense_p                        0.0170645
latch_sense_n                        0.0113974
reset                                        0
eval                                         0
out_p                                 0.639029
out_n                                 0.638951
tail                                 0.0382696
veval#branch                       -0.00155125
vreset#branch                       0.00296102
vn#branch                         -0.000988372
vp#branch                          -0.00100829
vss#branch                          0.00746127
vactive#branch                     -0.00297195
vdd#branch                         -0.00390642


No. of Data Rows : 1056

  Measurements for Transient Analysis

op_final            =  1.228678e-01
on_final            =  1.151956e-01
lp_before           =  1.566226e+00
ln_before           =  1.629202e+00


Total analysis time (seconds) = 0.453

Total elapsed time (seconds) = 0.896 

Total DRAM available = 7943.230 MB.
DRAM currently available =  214.488 MB.
Maximum ngspice program size =   56.652 MB.
Current ngspice program size =   40.750 MB.

Shared ngspice pages =   10.250 MB.
Text (code) pages =    5.316 MB.
Stack = 0 bytes.
Library pages =   38.703 MB.

