
Compatibility modes selected: hs a


Circuit: * signed small-signal extracted latch diagnostic, no structural mos substitution.

option SCALE: Scale is set to 1e-06 for instance and model parameters
option SCALE: Scale is set to 1e-06 for instance and model parameters
Doing analysis at TEMP = 27.000000 and TNOM = 27.000000

Warning: veval: no DC value, transient time 0 value used
Warning: vreset: no DC value, transient time 0 value used

Initial Transient Solution
--------------------------

Node                                   Voltage
----                                   -------
vdd                                       1.75
vdd_active                                 1.8
vss                                          0
sense_p                                0.89975
sense_n                                0.90025
iso_tail                              0.176131
latch_sense_p                           1.1026
latch_sense_n                           1.0974
reset                                        0
eval                                         0
out_p                                     1.75
out_n                                     1.75
tail                                   1.33263
veval#branch                                 0
vreset#branch                                0
vn#branch                                    0
vp#branch                                    0
vss#branch                         1.69974e-11
vactive#branch                          -4e-06
vdd#branch                        -1.41487e-11


No. of Data Rows : 1052

  Measurements for Transient Analysis

op_final            =  1.645398e-02
on_final            =  1.553538e+00
lp_before           =  1.102604e+00
ln_before           =  1.097396e+00

binary raw file "waveform.raw"
Doing analysis at TEMP = 27.000000 and TNOM = 27.000000

Warning: veval: no DC value, transient time 0 value used
Warning: vreset: no DC value, transient time 0 value used

Initial Transient Solution
--------------------------

Node                                   Voltage
----                                   -------
vdd                                       1.75
vdd_active                                 1.8
vss                                          0
sense_p                                0.89975
sense_n                                0.90025
iso_tail                              0.224552
latch_sense_p                        0.0325586
latch_sense_n                        0.0326987
reset                                        0
eval                                         0
out_p                                 0.850725
out_n                                 0.850727
tail                                 0.0974919
veval#branch                       -0.00543061
vreset#branch                        0.0114345
vn#branch                          -0.00387026
vp#branch                          -0.00386834
vss#branch                           0.0313239
vactive#branch                      -0.0162083
vdd#branch                          -0.0133848


No. of Data Rows : 1057

  Measurements for Transient Analysis

op_final            =  1.475188e-02
on_final            =  1.584841e+00
lp_before           =  8.839504e-01
ln_before           =  8.797997e-01


Total analysis time (seconds) = 1.054

Total elapsed time (seconds) = 1.669 

Total DRAM available = 7943.238 MB.
DRAM currently available =  229.660 MB.
Maximum ngspice program size =   56.656 MB.
Current ngspice program size =   40.500 MB.

Shared ngspice pages =   10.000 MB.
Text (code) pages =    5.316 MB.
Stack = 0 bytes.
Library pages =   38.707 MB.

