
Compatibility modes selected: hs a


Circuit: * signed small-signal extracted latch diagnostic, no structural mos substitution.

option SCALE: Scale is set to 1e-06 for instance and model parameters
option SCALE: Scale is set to 1e-06 for instance and model parameters
Doing analysis at TEMP = 27.000000 and TNOM = 27.000000

Warning: veval: no DC value, transient time 0 value used
Warning: vreset: no DC value, transient time 0 value used
Warning: singular matrix:  check nodes xu.m1_1000_12500# and xu.m1_1000_12500#

Note: Starting dynamic gmin stepping
Trying gmin =   1.0000E-03 Note: One successful gmin step
Trying gmin =   1.0000E-04 Note: One successful gmin step
Trying gmin =   1.0000E-05 Note: One successful gmin step
Trying gmin =   1.0000E-06 Note: One successful gmin step
Trying gmin =   1.0000E-07 Note: One successful gmin step
Trying gmin =   1.0000E-08 Note: One successful gmin step
Trying gmin =   1.0000E-09 Note: One successful gmin step
Trying gmin =   1.0000E-10 Note: One successful gmin step
Trying gmin =   1.0000E-11 Note: One successful gmin step
Trying gmin =   1.0000E-12 Note: One successful gmin step
Trying gmin =   1.0000E-12 Note: One successful gmin step
Warning: singular matrix:  check nodes xu.m1_3440_12500# and xu.m1_3440_12500#

Warning: Dynamic gmin stepping failed
Note: Starting true gmin stepping
Trying gmin =   1.0000E-03 Warning: singular matrix:  check nodes xu.m1_3440_12500# and xu.m1_3440_12500#

Warning: Further gmin increment
Trying gmin =   5.6234E-03 Warning: singular matrix:  check nodes xu.m1_3440_12500# and xu.m1_3440_12500#

Warning: Further gmin increment
Trying gmin =   8.6596E-03 Warning: singular matrix:  check nodes xu.m1_3440_12500# and xu.m1_3440_12500#

Warning: Further gmin increment
Trying gmin =   9.6466E-03 Warning: singular matrix:  check nodes xu.m1_3440_12500# and xu.m1_3440_12500#

Warning: Further gmin increment
Trying gmin =   9.9105E-03 Warning: singular matrix:  check nodes xu.m1_3440_12500# and xu.m1_3440_12500#

Warning: Further gmin increment
Trying gmin =   9.9775E-03 Warning: singular matrix:  check nodes xu.m1_3440_12500# and xu.m1_3440_12500#

Warning: Further gmin increment
Trying gmin =   9.9944E-03 Warning: singular matrix:  check nodes xu.m1_3440_12500# and xu.m1_3440_12500#

Warning: Further gmin increment
Trying gmin =   9.9986E-03 Warning: singular matrix:  check nodes xu.m1_3440_12500# and xu.m1_3440_12500#

Warning: Further gmin increment
Trying gmin =   9.9996E-03 Warning: singular matrix:  check nodes xu.m1_3440_12500# and xu.m1_3440_12500#

Warning: Last gmin step failed
Warning: singular matrix:  check nodes xu.m1_3440_12500# and xu.m1_3440_12500#

Warning: True gmin stepping failed
Note: Starting source stepping
Supplies reduced to   0.0000% Warning: singular matrix:  check nodes xu.m1_3440_12500# and xu.m1_3440_12500#


Trying gmin =   1.0000E-02 Note: One successful gmin step
Trying gmin =   1.0000E-03 Note: One successful gmin step
Trying gmin =   1.0000E-04 Note: One successful gmin step
Trying gmin =   1.0000E-05 Note: One successful gmin step
Trying gmin =   1.0000E-06 Note: One successful gmin step
Trying gmin =   1.0000E-07 Note: One successful gmin step
Trying gmin =   1.0000E-08 Note: One successful gmin step
Trying gmin =   1.0000E-09 Note: One successful gmin step
Trying gmin =   1.0000E-10 Note: One successful gmin step
Trying gmin =   1.0000E-11 Note: One successful gmin step
Trying gmin =   1.0000E-12 Note: One successful gmin step
Note: One successful source step
Supplies reduced to   0.1000% Warning: singular matrix:  check nodes xu.m1_3440_12500# and xu.m1_3440_12500#

Supplies reduced to   0.0000% Warning: singular matrix:  check nodes xu.m1_3440_12500# and xu.m1_3440_12500#

Warning: source stepping failed
Note: Transient op started
Note: Transient op finished successfully

Initial Transient Solution
--------------------------

Node                                   Voltage
----                                   -------
vdd                                        1.8
vdd_active                                 1.8
vss                                          0
sense_p                                0.89975
sense_n                                0.90025
iso_tail                              0.176131
latch_sense_p                           1.1026
latch_sense_n                           1.0974
reset                                        0
eval                                         0
out_p                                      1.8
out_n                                      1.8
tail                                   1.28293
veval#branch                       4.44917e-12
vreset#branch                      4.42777e-16
vn#branch                          -1.6756e-14
vp#branch                         -2.48305e-14
vss#branch                         1.72869e-10
vactive#branch                    -1.07985e-11
vdd#branch                         -4.0002e-06


No. of Data Rows : 1050

  Measurements for Transient Analysis

op_final            =  1.161870e+00
on_final            =  1.542152e-02
lp_before           =  1.102604e+00
ln_before           =  1.097396e+00

binary raw file "waveform.raw"
Doing analysis at TEMP = 27.000000 and TNOM = 27.000000

Warning: veval: no DC value, transient time 0 value used
Warning: vreset: no DC value, transient time 0 value used

Initial Transient Solution
--------------------------

Node                                   Voltage
----                                   -------
vdd                                        1.8
vdd_active                                 1.8
vss                                          0
sense_p                                0.89975
sense_n                                0.90025
iso_tail                              0.165889
latch_sense_p                        0.0172768
latch_sense_n                        0.0174288
reset                                        0
eval                                         0
out_p                                  0.65592
out_n                                 0.655922
tail                                 0.0305007
veval#branch                      -0.000590251
vreset#branch                       0.00109588
vn#branch                         -0.000371609
vp#branch                         -0.000371422
vss#branch                          0.00283369
vactive#branch                      -0.0010844
vdd#branch                         -0.00151589


No. of Data Rows : 1050

  Measurements for Transient Analysis

op_final            =  1.167427e+00
on_final            =  1.538421e-02
lp_before           =  1.059273e+00
ln_before           =  1.022222e+00


Total analysis time (seconds) = 0.301

Total elapsed time (seconds) = 0.951 

Total DRAM available = 7943.238 MB.
DRAM currently available =  784.957 MB.
Maximum ngspice program size =   56.535 MB.
Current ngspice program size =   40.750 MB.

Shared ngspice pages =   10.250 MB.
Text (code) pages =    5.316 MB.
Stack = 0 bytes.
Library pages =   38.586 MB.

