Warning: veval: no DC value, transient time 0 value used
Warning: vreset: no DC value, transient time 0 value used
 Reference value :  2.00000e-13
 Reference value :  8.63192e-10
 Reference value :  2.44319e-09
 Reference value :  4.46319e-09
 Reference value :  7.64319e-09
 Reference value :  8.84096e-09
 Reference value :  1.13410e-08
 Reference value :  1.31410e-08
 Reference value :  1.51210e-08
 Reference value :  1.61010e-08
 Reference value :  1.78810e-08
 Reference value :  2.19610e-08
 Reference value :  2.53210e-08
 Reference value :  2.97810e-08
 Reference value :  3.24610e-08
 Reference value :  3.54210e-08
 Reference value :  3.75610e-08
 Reference value :  4.35610e-08
 Reference value :  4.62810e-08
 Reference value :  4.79210e-08
 Reference value :  5.02210e-08
 Reference value :  5.24210e-08
 Reference value :  5.45810e-08
 Reference value :  5.76210e-08
 Reference value :  6.05810e-08
 Reference value :  6.16610e-08
 Reference value :  6.33010e-08
 Reference value :  6.42810e-08
 Reference value :  6.53610e-08
 Reference value :  6.65810e-08
 Reference value :  6.76410e-08
 Reference value :  6.84810e-08
 Reference value :  6.95610e-08
 Reference value :  7.05610e-08
 Reference value :  7.16410e-08
 Reference value :  7.40210e-08
 Reference value :  7.58010e-08
 Reference value :  7.98210e-08
 Reference value :  8.09010e-08
 Reference value :  8.20010e-08
 Reference value :  8.37610e-08
 Reference value :  8.52810e-08
 Reference value :  8.61010e-08
 Reference value :  8.76410e-08
 Reference value :  8.90010e-08
 Reference value :  9.00610e-08
 Reference value :  9.05810e-08
 Reference value :  9.11810e-08
 Reference value :  9.15410e-08
 Reference value :  9.24410e-08
 Reference value :  9.28810e-08
 Reference value :  9.36610e-08
 Reference value :  9.49410e-08
 Reference value :  9.65810e-08
 Reference value :  9.87010e-08
 Reference value :  9.95410e-08
Warning: veval: no DC value, transient time 0 value used
Warning: vreset: no DC value, transient time 0 value used
 Reference value :  3.68000e-13
 Reference value :  4.43192e-10
 Reference value :  1.04319e-09
 Reference value :  1.62319e-09
 Reference value :  3.22319e-09
 Reference value :  5.28319e-09
 Reference value :  7.76319e-09
 Reference value :  1.24410e-08
 Reference value :  1.52010e-08
 Reference value :  1.76210e-08
 Reference value :  1.91210e-08
 Reference value :  2.20010e-08
 Reference value :  2.70810e-08
 Reference value :  3.10010e-08
 Reference value :  3.47610e-08
 Reference value :  3.98210e-08
 Reference value :  4.52010e-08
 Reference value :  4.71010e-08
 Reference value :  4.90410e-08
 Reference value :  5.14610e-08
 Reference value :  5.37610e-08
 Reference value :  5.59410e-08
 Reference value :  6.07210e-08
 Reference value :  6.58810e-08
 Reference value :  6.68410e-08
 Reference value :  6.71610e-08
 Reference value :  6.74610e-08
 Reference value :  6.78210e-08
 Reference value :  6.81210e-08
 Reference value :  6.84410e-08
 Reference value :  6.87810e-08
 Reference value :  6.91810e-08
 Reference value :  6.94810e-08
 Reference value :  6.97810e-08
 Reference value :  7.00810e-08
 Reference value :  7.04010e-08
 Reference value :  7.08010e-08
 Reference value :  7.10410e-08
 Reference value :  7.15410e-08
 Reference value :  7.25410e-08
 Reference value :  7.37210e-08
 Reference value :  7.45210e-08
 Reference value :  7.61810e-08
 Reference value :  7.78210e-08
 Reference value :  8.01410e-08
 Reference value :  8.08810e-08
 Reference value :  8.33010e-08
 Reference value :  8.42610e-08
 Reference value :  8.69610e-08
 Reference value :  9.06410e-08
 Reference value :  9.56610e-08
 Reference value :  9.69810e-08
 Reference value :  9.85210e-08
 Reference value :  9.97210e-08
Original line no.: 61, new internal line no.: 865:
insertnumber: fails.
  s = ".measure tran decision_diff_v param=   -1.197179423988781e-03   " u=" -1.197179423988781e-03  " id=0
