
 /----------------------------------------------------------------------------\
 |                                                                            |
 |  yosys -- Yosys Open SYnthesis Suite                                       |
 |                                                                            |
 |  Copyright (C) 2012 - 2019  Clifford Wolf <clifford@clifford.at>           |
 |                                                                            |
 |  Permission to use, copy, modify, and/or distribute this software for any  |
 |  purpose with or without fee is hereby granted, provided that the above    |
 |  copyright notice and this permission notice appear in all copies.         |
 |                                                                            |
 |  THE SOFTWARE IS PROVIDED "AS IS" AND THE AUTHOR DISCLAIMS ALL WARRANTIES  |
 |  WITH REGARD TO THIS SOFTWARE INCLUDING ALL IMPLIED WARRANTIES OF          |
 |  MERCHANTABILITY AND FITNESS. IN NO EVENT SHALL THE AUTHOR BE LIABLE FOR   |
 |  ANY SPECIAL, DIRECT, INDIRECT, OR CONSEQUENTIAL DAMAGES OR ANY DAMAGES    |
 |  WHATSOEVER RESULTING FROM LOSS OF USE, DATA OR PROFITS, WHETHER IN AN     |
 |  ACTION OF CONTRACT, NEGLIGENCE OR OTHER TORTIOUS ACTION, ARISING OUT OF   |
 |  OR IN CONNECTION WITH THE USE OR PERFORMANCE OF THIS SOFTWARE.            |
 |                                                                            |
 \----------------------------------------------------------------------------/

 Yosys 0.9 (git sha1 1979e0b)


-- Running command `read_verilog -sv /home/mehtama1/git-repo/ai-hardware-analysis/analog-digital-chip-design-eda/benchmarks/seeded_counter/counter.sv; hierarchy -top counter; proc; write_json /home/mehtama1/git-repo/ai-hardware-analysis/analog-digital-chip-design-eda/benchmarks/seeded_counter/runs/latest/structural/rtl-structural.json' --

1. Executing Verilog-2005 frontend: /home/mehtama1/git-repo/ai-hardware-analysis/analog-digital-chip-design-eda/benchmarks/seeded_counter/counter.sv
Parsing SystemVerilog input from `/home/mehtama1/git-repo/ai-hardware-analysis/analog-digital-chip-design-eda/benchmarks/seeded_counter/counter.sv' to AST representation.
Generating RTLIL representation for module `\counter'.
Successfully finished Verilog frontend.

2. Executing HIERARCHY pass (managing design hierarchy).

2.1. Analyzing design hierarchy..
Top module:  \counter

2.2. Analyzing design hierarchy..
Top module:  \counter
Removed 0 unused modules.

3. Executing PROC pass (convert processes to netlists).

3.1. Executing PROC_CLEAN pass (remove empty switches from decision trees).
Cleaned up 0 empty switches.

3.2. Executing PROC_RMDEAD pass (remove dead branches from decision trees).
Marked 1 switch rules as full_case in process $proc$/home/mehtama1/git-repo/ai-hardware-analysis/analog-digital-chip-design-eda/benchmarks/seeded_counter/counter.sv:2$1 in module counter.
Removed a total of 0 dead cases.

3.3. Executing PROC_INIT pass (extract init attributes).

3.4. Executing PROC_ARST pass (detect async resets in processes).

3.5. Executing PROC_MUX pass (convert decision trees to multiplexers).
Creating decoders for process `\counter.$proc$/home/mehtama1/git-repo/ai-hardware-analysis/analog-digital-chip-design-eda/benchmarks/seeded_counter/counter.sv:2$1'.
     1/1: $0\counter_q[3:0]

3.6. Executing PROC_DLATCH pass (convert process syncs to latches).

3.7. Executing PROC_DFF pass (convert process syncs to FFs).
Creating register for signal `\counter.\counter_q' using process `\counter.$proc$/home/mehtama1/git-repo/ai-hardware-analysis/analog-digital-chip-design-eda/benchmarks/seeded_counter/counter.sv:2$1'.
  created $dff cell `$procdff$6' with positive edge clock.

3.8. Executing PROC_CLEAN pass (remove empty switches from decision trees).
Found and cleaned up 1 empty switch in `\counter.$proc$/home/mehtama1/git-repo/ai-hardware-analysis/analog-digital-chip-design-eda/benchmarks/seeded_counter/counter.sv:2$1'.
Removing empty process `counter.$proc$/home/mehtama1/git-repo/ai-hardware-analysis/analog-digital-chip-design-eda/benchmarks/seeded_counter/counter.sv:2$1'.
Cleaned up 1 empty switch.

4. Executing JSON backend.

End of script. Logfile hash: e49a4a6da4
CPU: user 0.00s system 0.01s, MEM: 15.55 MB total, 9.50 MB resident
Yosys 0.9 (git sha1 1979e0b)
Time spent: 34% 2x read_verilog (0 sec), 25% 2x write_json (0 sec), ...
