
Compatibility modes selected: hs a


Circuit: * signed small-signal extracted latch diagnostic, no structural mos substitution.

option SCALE: Scale is set to 1e-06 for instance and model parameters
option SCALE: Scale is set to 1e-06 for instance and model parameters
Doing analysis at TEMP = 27.000000 and TNOM = 27.000000

Warning: veval: no DC value, transient time 0 value used
Warning: vreset: no DC value, transient time 0 value used

Initial Transient Solution
--------------------------

Node                                   Voltage
----                                   -------
vdd                                        1.8
vdd_active                                 1.8
vss                                          0
sense_p                                0.90025
sense_n                                0.89975
iso_tail                              0.173294
latch_sense_p                         0.676203
latch_sense_n                         0.683796
reset                                        0
eval                                         0
out_p                                      1.8
tail                                   1.37532
out_n                                      1.8
veval#branch                                 0
vreset#branch                                0
vn#branch                                    0
vp#branch                                    0
vss#branch                         1.64019e-11
vactive#branch                     1.60868e-17
vdd#branch                        -4.00002e-06


No. of Data Rows : 1052

  Measurements for Transient Analysis

op_final            =  7.309048e-04
on_final            =  1.782588e+00
lp_before           =  6.762033e-01
ln_before           =  6.837957e-01

binary raw file "waveform.raw"
Doing analysis at TEMP = 27.000000 and TNOM = 27.000000

Warning: veval: no DC value, transient time 0 value used
Warning: vreset: no DC value, transient time 0 value used

Initial Transient Solution
--------------------------

Node                                   Voltage
----                                   -------
vdd                                        1.8
vdd_active                                 1.8
vss                                          0
sense_p                                0.90025
sense_n                                0.89975
iso_tail                               1.72501
latch_sense_p                      -0.00136297
latch_sense_n                      -0.00159507
reset                                        0
eval                                         0
out_p                                 0.491384
tail                                  0.109528
out_n                                 0.491378
veval#branch                        -0.0047918
vreset#branch                        0.0103019
vn#branch                          -0.00308033
vp#branch                           -0.0030815
vss#branch                           0.0151413
vactive#branch                     -0.00600378
vdd#branch                         -0.00848977


No. of Data Rows : 1058

  Measurements for Transient Analysis

op_final            =  7.330796e-04
on_final            =  1.782520e+00
lp_before           =  6.763866e-01
ln_before           =  6.839756e-01


Total analysis time (seconds) = 0.569

Total elapsed time (seconds) = 1.196 

Total DRAM available = 7943.238 MB.
DRAM currently available =  370.824 MB.
Maximum ngspice program size =   56.527 MB.
Current ngspice program size =   40.250 MB.

Shared ngspice pages =    9.875 MB.
Text (code) pages =    5.316 MB.
Stack = 0 bytes.
Library pages =   38.578 MB.

