Warning: veval: no DC value, transient time 0 value used
Warning: vreset: no DC value, transient time 0 value used
 Reference value :  2.00000e-13
 Reference value :  5.46267e-09
 Reference value :  8.23259e-09
 Reference value :  1.01256e-08
 Reference value :  1.28656e-08
 Reference value :  1.31856e-08
 Reference value :  1.35456e-08
 Reference value :  1.44456e-08
Warning: veval: no DC value, transient time 0 value used
Warning: vreset: no DC value, transient time 0 value used
 Reference value :  7.38267e-09
 Reference value :  1.46256e-08
 Reference value :  1.49256e-08
 Reference value :  1.52656e-08
 Reference value :  1.55856e-08
 Reference value :  1.59056e-08
 Reference value :  1.62456e-08
 Reference value :  1.65656e-08
 Reference value :  1.69056e-08
 Reference value :  1.72456e-08
 Reference value :  1.75656e-08
 Reference value :  1.79056e-08
 Reference value :  1.82256e-08
 Reference value :  1.85056e-08
 Reference value :  1.94456e-08
Original line no.: 61, new internal line no.: 891:
insertnumber: fails.
  s = ".measure tran decision_diff_v param=   -1.799982997674944e+00   " u=" -1.799982997674944e+00  " id=0
