
Compatibility modes selected: hs a


Circuit: * signed small-signal extracted latch diagnostic, no structural mos substitution.

option SCALE: Scale is set to 1e-06 for instance and model parameters
option SCALE: Scale is set to 1e-06 for instance and model parameters
Reset re-loads circuit * signed small-signal extracted latch diagnostic, no structural mos substitution.

Circuit: * signed small-signal extracted latch diagnostic, no structural mos substitution.

option SCALE: Scale is set to 1e-06 for instance and model parameters
option SCALE: Scale is set to 1e-06 for instance and model parameters
Doing analysis at TEMP = 27.000000 and TNOM = 27.000000

Warning: veqreset: no DC value, transient time 0 value used
Warning: veval: no DC value, transient time 0 value used
Warning: vreset: no DC value, transient time 0 value used
Warning: vn: no DC value, transient time 0 value used
Warning: vp: no DC value, transient time 0 value used

Initial Transient Solution
--------------------------

Node                                   Voltage
----                                   -------
vdd                                       1.75
vdd_active                                 1.8
vss                                          0
sense_p                               0.900937
sense_n                               0.899062
iso_tail                              0.176946
latch_sense_p                          1.09772
latch_sense_n                          1.10228
reset                                        0
eval                                         0
eq_reset                                     0
rx_p                               8.88229e-08
out_p                                     1.75
out_n                                     1.75
rx_n                               8.87903e-08
tail                                   1.33255
veqreset#branch                              0
veval#branch                                 0
vreset#branch                                0
vn#branch                                    0
vp#branch                                    0
vss#branch                         1.07764e-10
vactive#branch                    -4.00009e-06
vdd#branch                        -1.41183e-11


No. of Data Rows : 10288

  Measurements for Transient Analysis

op_final            =  1.707080e-02
on_final            =  1.540324e+00
lp_before           =  1.105295e+00
ln_before           =  1.121093e+00

binary raw file "waveform.raw"
Doing analysis at TEMP = 27.000000 and TNOM = 27.000000

Warning: veqreset: no DC value, transient time 0 value used
Warning: veval: no DC value, transient time 0 value used
Warning: vreset: no DC value, transient time 0 value used
Warning: vn: no DC value, transient time 0 value used
Warning: vp: no DC value, transient time 0 value used

Initial Transient Solution
--------------------------

Node                                   Voltage
----                                   -------
vdd                                       1.75
vdd_active                                 1.8
vss                                          0
sense_p                               0.900937
sense_n                               0.899062
iso_tail                              0.161386
latch_sense_p                         0.442839
latch_sense_n                         0.444338
reset                                        0
eval                                         0
eq_reset                                     0
rx_p                                  0.793504
out_p                                 0.882264
out_n                                  0.88016
rx_n                                  0.788782
tail                                 0.0650861
veqreset#branch                    0.000385281
veval#branch                       -0.00087225
vreset#branch                       0.00159764
vn#branch                         -0.000459977
vp#branch                          -0.00046209
vss#branch                          0.00572895
vactive#branch                     -0.00393928
vdd#branch                         -0.00198228


No. of Data Rows : 10287

  Measurements for Transient Analysis

op_final            =  1.474759e-02
on_final            =  1.583917e+00
lp_before           =  9.161028e-01
ln_before           =  9.344236e-01


Total analysis time (seconds) = 22.512

Total elapsed time (seconds) = 24.346 

Total DRAM available = 7943.238 MB.
DRAM currently available =  117.523 MB.
Maximum ngspice program size =   55.336 MB.
Current ngspice program size =   39.250 MB.

Shared ngspice pages =   10.000 MB.
Text (code) pages =    5.316 MB.
Stack = 0 bytes.
Library pages =   37.387 MB.

