Warning: veval: no DC value, transient time 0 value used
Warning: vreset: no DC value, transient time 0 value used
 Reference value :  2.00000e-13
 Reference value :  6.18319e-09
 Reference value :  2.49810e-08
 Reference value :  3.94010e-08
 Reference value :  4.79210e-08
 Reference value :  5.78010e-08
 Reference value :  6.98810e-08
 Reference value :  8.07810e-08
 Reference value :  9.69210e-08
Warning: veval: no DC value, transient time 0 value used
Warning: vreset: no DC value, transient time 0 value used
 Reference value :  8.21770e-09
 Reference value :  2.36410e-08
 Reference value :  4.01410e-08
 Reference value :  5.65610e-08
 Reference value :  7.80410e-08
 Reference value :  9.83010e-08
Original line no.: 61, new internal line no.: 865:
insertnumber: fails.
  s = ".measure tran decision_diff_v param=   -1.797858641446219e+00   " u=" -1.797858641446219e+00  " id=0
