
No compatibility mode selected!


Circuit: * extracted active converter macro decision-boundary transient.

Option cshunt: 22 capacitors added with 1e-15 F each
Doing analysis at TEMP = 27.000000 and TNOM = 27.000000

Using transient initial conditions

No. of Data Rows : 5031

  Measurements for Transient Analysis

decision_p_v        =  1.797975e+00
decision_n_v        =  1.164121e-04
decision_diff_v     =  -1.79786e+00
supply_charge_c     =   -1.90507e-15 from=  2.00000e-13 to=  2.00000e-08
active_supply_charge_c=   -4.33155e-13 from=  2.00000e-13 to=  2.00000e-08
p0_0                =  1.786204e+00
p0_1                =  1.787747e+00
p0_2                =  4.703424e-01
p0_3                =  4.993117e-01
p0_4                =  9.494400e-01
p0_5                =  1.717101e-01
p0_6                =  1.712287e-01
p1_0                =  1.750611e+00
p1_1                =  1.752190e+00
p1_2                =  4.708892e-01
p1_3                =  4.969407e-01
p1_4                =  5.274644e-01
p1_5                =  1.714676e-01
p1_6                =  1.712889e-01
p2_0                =  1.797975e+00
p2_1                =  1.164121e-04
p2_2                =  5.690609e-01
p2_3                =  5.758898e-01
p2_4                =  9.971317e-05
p2_5                =  1.724227e-01
p2_6                =  1.723216e-01
p3_0                =  1.796321e+00
p3_1                =  1.555134e-04
p3_2                =  5.945389e-01
p3_3                =  5.962088e-01
p3_4                =  1.546223e-04
p3_5                =  1.725712e-01
p3_6                =  1.725509e-01
p4_0                =  1.795762e+00
p4_1                =  1.746230e-04
p4_2                =  6.009032e-01
p4_3                =  5.987762e-01
p4_4                =  1.746731e-04
p4_5                =  1.725952e-01
p4_6                =  1.725943e-01
p5_0                =  1.795734e+00
p5_1                =  1.757180e-04
p5_2                =  6.012008e-01
p5_3                =  5.987977e-01
p5_4                =  1.757089e-04
p5_5                =  1.725958e-01
p5_6                =  1.725958e-01

Doing analysis at TEMP = 27.000000 and TNOM = 27.000000

Using transient initial conditions

No. of Data Rows : 5031

  Measurements for Transient Analysis

decision_p_v        =  1.797975e+00
decision_n_v        =  1.164121e-04
decision_diff_v     =  -1.79786e+00
supply_charge_c     =   -1.90507e-15 from=  2.00000e-13 to=  2.00000e-08
active_supply_charge_c=   -4.33155e-13 from=  2.00000e-13 to=  2.00000e-08
p0_0                =  1.786204e+00
p0_1                =  1.787747e+00
p0_2                =  4.703424e-01
p0_3                =  4.993117e-01
p0_4                =  9.494400e-01
p0_5                =  1.717101e-01
p0_6                =  1.712287e-01
p1_0                =  1.750611e+00
p1_1                =  1.752190e+00
p1_2                =  4.708892e-01
p1_3                =  4.969407e-01
p1_4                =  5.274644e-01
p1_5                =  1.714676e-01
p1_6                =  1.712889e-01
p2_0                =  1.797975e+00
p2_1                =  1.164121e-04
p2_2                =  5.690609e-01
p2_3                =  5.758898e-01
p2_4                =  9.971317e-05
p2_5                =  1.724227e-01
p2_6                =  1.723216e-01
p3_0                =  1.796321e+00
p3_1                =  1.555134e-04
p3_2                =  5.945389e-01
p3_3                =  5.962088e-01
p3_4                =  1.546223e-04
p3_5                =  1.725712e-01
p3_6                =  1.725509e-01
p4_0                =  1.795762e+00
p4_1                =  1.746230e-04
p4_2                =  6.009032e-01
p4_3                =  5.987762e-01
p4_4                =  1.746731e-04
p4_5                =  1.725952e-01
p4_6                =  1.725943e-01
p5_0                =  1.795734e+00
p5_1                =  1.757180e-04
p5_2                =  6.012008e-01
p5_3                =  5.987977e-01
p5_4                =  1.757089e-04
p5_5                =  1.725958e-01
p5_6                =  1.725958e-01


Total analysis time (seconds) = 2.981

Total elapsed time (seconds) = 8.073 

Total DRAM available = 7943.238 MB.
DRAM currently available =  105.703 MB.
Maximum ngspice program size =  120.949 MB.
Current ngspice program size =  104.875 MB.

Shared ngspice pages =   10.000 MB.
Text (code) pages =    5.316 MB.
Stack = 0 bytes.
Library pages =  103.000 MB.

