
Compatibility modes selected: hs a


Circuit: * signed small-signal extracted latch diagnostic, no structural mos substitution.

option SCALE: Scale is set to 1e-06 for instance and model parameters
option SCALE: Scale is set to 1e-06 for instance and model parameters
Doing analysis at TEMP = 27.000000 and TNOM = 27.000000

Warning: veval: no DC value, transient time 0 value used
Warning: vreset: no DC value, transient time 0 value used

Initial Transient Solution
--------------------------

Node                                   Voltage
----                                   -------
vdd                                        1.8
vdd_active                                 1.8
vss                                          0
sense_p                               0.899923
sense_n                               0.900076
iso_tail                              0.178804
latch_sense_p                          1.60023
latch_sense_n                          1.59975
reset                                        0
eval                                         0
out_p                                      1.8
tail                                   1.38982
out_n                                      1.8
veval#branch                                 0
vreset#branch                                0
vn#branch                                    0
vp#branch                                    0
vss#branch                         1.49641e-10
vactive#branch                    -4.00013e-06
vdd#branch                        -1.47289e-11


No. of Data Rows : 1051

  Measurements for Transient Analysis

op_final            =  7.702080e-02
on_final            =  7.704357e-02
lp_before           =  1.600235e+00
ln_before           =  1.599752e+00

binary raw file "waveform.raw"
Doing analysis at TEMP = 27.000000 and TNOM = 27.000000

Warning: veval: no DC value, transient time 0 value used
Warning: vreset: no DC value, transient time 0 value used

Initial Transient Solution
--------------------------

Node                                   Voltage
----                                   -------
vdd                                        1.8
vdd_active                                 1.8
vss                                          0
sense_p                               0.899923
sense_n                               0.900076
iso_tail                               1.02184
latch_sense_p                        -0.122976
latch_sense_n                        -0.122911
reset                                        0
eval                                         0
out_p                                 0.239349
tail                                 0.0354018
out_n                                 0.239352
veval#branch                      -0.000562026
vreset#branch                       0.00103707
vn#branch                         -0.000372027
vp#branch                         -0.000371989
vss#branch                          0.00204607
vactive#branch                    -0.000828745
vdd#branch                        -0.000952358


No. of Data Rows : 1054

  Measurements for Transient Analysis

op_final            =  7.702050e-02
on_final            =  7.704328e-02
lp_before           =  1.600702e+00
ln_before           =  1.600217e+00


Total analysis time (seconds) = 0.129

Total elapsed time (seconds) = 0.445 

Total DRAM available = 7943.234 MB.
DRAM currently available =  198.254 MB.
Maximum ngspice program size =   56.527 MB.
Current ngspice program size =   40.625 MB.

Shared ngspice pages =   10.375 MB.
Text (code) pages =    5.316 MB.
Stack = 0 bytes.
Library pages =   38.578 MB.

