Warning: veval: no DC value, transient time 0 value used
Warning: vreset: no DC value, transient time 0 value used
 Reference value :  2.00000e-13
 Reference value :  4.78532e-12
 Reference value :  2.63188e-10
 Reference value :  6.03188e-10
 Reference value :  9.03188e-10
 Reference value :  1.16319e-09
 Reference value :  1.52319e-09
 Reference value :  1.82319e-09
 Reference value :  2.76319e-09
 Reference value :  3.64319e-09
 Reference value :  6.22319e-09
 Reference value :  1.13010e-08
Warning: veval: no DC value, transient time 0 value used
Warning: vreset: no DC value, transient time 0 value used
 Reference value :  2.46375e-11
 Reference value :  4.24319e-09
 Reference value :  8.01400e-09
 Reference value :  1.12010e-08
 Reference value :  1.33210e-08
 Reference value :  1.79210e-08
Original line no.: 61, new internal line no.: 865:
insertnumber: fails.
  s = ".measure tran decision_diff_v param=   -3.212638018502464e-01   " u=" -3.212638018502464e-01  " id=0
