
Magic 8.3 revision 682 - Compiled on Sun Aug 30 07:01:46 PDT 2026.
Starting magic under Tcl interpreter
Using the terminal as the console.
WARNING: RLIMIT_NOFILE is above 1024 and Tcl_Version<9 this may cause runtime issues [rlim_cur=1048576]
Using NULL graphics device.
Processing system .magicrc file
Switching to WIRING tool.
Switching to NETLIST tool.
Switching to PICK tool.
Switching to BOX tool.
Sourcing design .magicrc for technology sky130A ...
2 Magic internal units = 1 Lambda
Input style sky130(): scaleFactor=2, multiplier=2
The following types are not handled by extraction and will be treated as non-electrical types:
    ubm 
Scaled tech values by 2 / 1 to match internal grid scaling
Loading sky130A Device Generator Menu ...
Using technology "sky130A", version 1.0.493-0-g0fe599b
Cell aimc_converter_macro_active_candidate read from current working directory
Scaled magic input cell aimc_converter_macro_active_candidate geometry by factor of 2
Cell preamp_n_nfet read from current working directory
Scaled magic input cell preamp_n_nfet geometry by factor of 2
Cell preamp_p_nfet read from current working directory
Scaled magic input cell preamp_p_nfet geometry by factor of 2
Cell escaped_input_latch read from current working directory
Scaled magic input cell escaped_input_latch geometry by factor of 2
Cell shared_converter_mux read from current working directory
Scaled magic input cell shared_converter_mux geometry by factor of 2
Cell sar_readout_12b read from current working directory
Scaled magic input cell sar_readout_12b geometry by factor of 2
Cell row_dac_10b read from current working directory
Scaled magic input cell row_dac_10b geometry by factor of 2
Processing timestamp mismatches.
Timestamp mismatches found in these cells: escaped_input_latch, shared_converter_mux, sar_readout_12b, row_dac_10b.
Total DRC errors found: 0
Extracting aimc_converter_macro_active_candidate_flat into aimc_converter_macro_active_candidate_flat.ext:
Processing aimc_converter_macro_active_candidate_flat
Warning:  Ports "vdd_ext" and "vdd_active_ext" are electrically shorted.
exttospice finished.
