
No compatibility mode selected!


Circuit: * extracted active converter macro decision-boundary transient.

Option cshunt: 22 capacitors added with 1e-15 F each
Doing analysis at TEMP = 27.000000 and TNOM = 27.000000

Using transient initial conditions

No. of Data Rows : 1031

  Measurements for Transient Analysis

decision_p_v        =  7.302918e-02
decision_n_v        =  2.967164e-01
decision_diff_v     =  2.23687e-01
supply_charge_c     =   -1.90534e-15 from=  2.00000e-13 to=  2.00000e-08
active_supply_charge_c=   -1.03675e-12 from=  2.00000e-13 to=  2.00000e-08

Doing analysis at TEMP = 27.000000 and TNOM = 27.000000

Using transient initial conditions

No. of Data Rows : 1031

  Measurements for Transient Analysis

decision_p_v        =  7.302918e-02
decision_n_v        =  2.967164e-01
decision_diff_v     =  2.23687e-01
supply_charge_c     =   -1.90534e-15 from=  2.00000e-13 to=  2.00000e-08
active_supply_charge_c=   -1.03675e-12 from=  2.00000e-13 to=  2.00000e-08


Total analysis time (seconds) = 1.297

Total elapsed time (seconds) = 3.054 

Total DRAM available = 7943.238 MB.
DRAM currently available =  517.707 MB.
Maximum ngspice program size =  118.449 MB.
Current ngspice program size =  102.625 MB.

Shared ngspice pages =   10.250 MB.
Text (code) pages =    5.316 MB.
Stack = 0 bytes.
Library pages =  100.500 MB.

