
No compatibility mode selected!


Circuit: * extracted active converter macro decision-boundary transient.

Option cshunt: 26 capacitors added with 1e-15 F each
Doing analysis at TEMP = 27.000000 and TNOM = 27.000000

Using transient initial conditions

No. of Data Rows : 1432

  Measurements for Transient Analysis

decision_p_v        =  1.368515e-01
decision_n_v        =  1.370771e-01
decision_diff_v     =  2.25627e-04
supply_charge_c     =   -1.90508e-15 from=  2.00000e-13 to=  2.80000e-08
active_supply_charge_c=   -1.85849e-12 from=  2.00000e-13 to=  2.80000e-08

Doing analysis at TEMP = 27.000000 and TNOM = 27.000000

Using transient initial conditions

No. of Data Rows : 1432

  Measurements for Transient Analysis

decision_p_v        =  1.368515e-01
decision_n_v        =  1.370771e-01
decision_diff_v     =  2.25627e-04
supply_charge_c     =   -1.90508e-15 from=  2.00000e-13 to=  2.80000e-08
active_supply_charge_c=   -1.85849e-12 from=  2.00000e-13 to=  2.80000e-08


Total analysis time (seconds) = 0.362

Total elapsed time (seconds) = 1.110 

Total DRAM available = 7943.234 MB.
DRAM currently available =   90.125 MB.
Maximum ngspice program size =  130.312 MB.
Current ngspice program size =  114.250 MB.

Shared ngspice pages =   10.375 MB.
Text (code) pages =    5.316 MB.
Stack = 0 bytes.
Library pages =  112.363 MB.

