
Compatibility modes selected: hs a


Circuit: * signed small-signal extracted latch diagnostic, no structural mos substitution.

option SCALE: Scale is set to 1e-06 for instance and model parameters
option SCALE: Scale is set to 1e-06 for instance and model parameters
Doing analysis at TEMP = 27.000000 and TNOM = 27.000000

Warning: veval: no DC value, transient time 0 value used
Warning: vreset: no DC value, transient time 0 value used

Initial Transient Solution
--------------------------

Node                                   Voltage
----                                   -------
vdd                                        1.8
vdd_active                                 1.8
vss                                          0
sense_p                               0.900076
sense_n                               0.899924
iso_tail                              0.178804
latch_sense_p                          1.59975
latch_sense_n                          1.60023
reset                                        0
eval                                         0
out_p                                      1.8
out_n                                      1.8
tail                                   1.38965
veval#branch                                 0
vreset#branch                                0
vn#branch                                    0
vp#branch                                    0
vss#branch                         1.49705e-10
vactive#branch                    -4.00013e-06
vdd#branch                         -1.4798e-11


No. of Data Rows : 1050

  Measurements for Transient Analysis

op_final            =  1.307513e-01
on_final            =  1.307002e-01
lp_before           =  1.599752e+00
ln_before           =  1.600235e+00

binary raw file "waveform.raw"
Doing analysis at TEMP = 27.000000 and TNOM = 27.000000

Warning: veval: no DC value, transient time 0 value used
Warning: vreset: no DC value, transient time 0 value used

Initial Transient Solution
--------------------------

Node                                   Voltage
----                                   -------
vdd                                        1.8
vdd_active                                 1.8
vss                                          0
sense_p                               0.900076
sense_n                               0.899924
iso_tail                               0.15627
latch_sense_p                       -0.0721446
latch_sense_n                       -0.0721846
reset                                        0
eval                                         0
out_p                                 0.562997
out_n                                 0.562996
tail                                 0.0301175
veval#branch                      -0.000559545
vreset#branch                       0.00103641
vn#branch                         -0.000380331
vp#branch                         -0.000380386
vss#branch                          0.00383609
vactive#branch                     -0.00208719
vdd#branch                         -0.00146905


No. of Data Rows : 1050

  Measurements for Transient Analysis

op_final            =  1.307345e-01
on_final            =  1.306833e-01
lp_before           =  1.580834e+00
ln_before           =  1.581338e+00


Total analysis time (seconds) = 2.068

Total elapsed time (seconds) = 2.874 

Total DRAM available = 7943.230 MB.
DRAM currently available =  117.863 MB.
Maximum ngspice program size =   56.660 MB.
Current ngspice program size =   40.875 MB.

Shared ngspice pages =   10.375 MB.
Text (code) pages =    5.316 MB.
Stack = 0 bytes.
Library pages =   38.711 MB.

