{
  "status": "repeated_diagnostic_fail",
  "waveform_legal": false,
  "node_voltage_extrema_v": {
    "v(out_p)": [
      0.011309651099815597,
      1.787246330011184
    ],
    "v(out_n)": [
      0.01131563592345777,
      1.7872806653744508
    ],
    "v(latch_sense_p)": [
      0.9416393844103093,
      1.294959549706125
    ],
    "v(latch_sense_n)": [
      0.9376598787777284,
      1.2949451454930307
    ],
    "v(iso_tail)": [
      0.2049658272394603,
      0.20690109900020126
    ],
    "v(tail)": [
      0.013071036275401827,
      1.4484573997196293
    ],
    "v(rx_p)": [
      -0.002032755020619212,
      1.8016468966893102
    ],
    "v(rx_n)": [
      -0.0020223890715204158,
      1.801646176934166
    ]
  },
  "rows": [
    {
      "cycle": 0,
      "input_diff_mv": -0.5,
      "sample_outputs_v": [
        0.018931469239036776,
        1.5310644511612084
      ],
      "sample_polarity_pass": true,
      "hold_min_signed_diff_v": 1.5025287234661826,
      "hold_margin_pass": true,
      "reset_outputs_v": [
        1.7499999398665587,
        1.749999939866558
      ],
      "reset_pass": true,
      "receiver_hold_high_min_v": 1.8000005034433484,
      "receiver_hold_low_max_v": 5.799007607132232e-05,
      "receiver_hold_pass": true,
      "pass": false
    },
    {
      "cycle": 1,
      "input_diff_mv": 0.5,
      "sample_outputs_v": [
        1.5282018675488762,
        0.019088559284798558
      ],
      "sample_polarity_pass": true,
      "hold_min_signed_diff_v": 1.5003491108839142,
      "hold_margin_pass": true,
      "reset_outputs_v": [
        1.7492377238922807,
        1.7492397410202305
      ],
      "reset_pass": true,
      "receiver_hold_high_min_v": 1.8000004074766969,
      "receiver_hold_low_max_v": 5.979420131300289e-05,
      "receiver_hold_pass": true,
      "pass": false
    },
    {
      "cycle": 2,
      "input_diff_mv": -0.5,
      "sample_outputs_v": [
        0.0190768855790214,
        1.528410025879522
      ],
      "sample_polarity_pass": true,
      "hold_min_signed_diff_v": 1.5005029812489479,
      "hold_margin_pass": true,
      "reset_outputs_v": [
        1.749239709960815,
        1.7492376688296003
      ],
      "reset_pass": true,
      "receiver_hold_high_min_v": 1.800000458235624,
      "receiver_hold_low_max_v": 5.9673381979655835e-05,
      "receiver_hold_pass": true,
      "pass": false
    },
    {
      "cycle": 3,
      "input_diff_mv": 0.5,
      "sample_outputs_v": [
        1.5282018033955562,
        0.019088562635910154
      ],
      "sample_polarity_pass": true,
      "hold_min_signed_diff_v": 1.5003490601732066,
      "hold_margin_pass": true,
      "reset_outputs_v": [
        1.7492377261974705,
        1.7492397431347042
      ],
      "reset_pass": true,
      "receiver_hold_high_min_v": 1.8000004074758345,
      "receiver_hold_low_max_v": 5.979424339138534e-05,
      "receiver_hold_pass": true,
      "pass": false
    }
  ],
  "accepted_converter": false,
  "boundary": "Nominal TT ideal-source sub-block simulation; see contract for receiver view and physical integration limits."
}
/home/mehtama1/git-repo/ai-hardware-analysis/analog-digital-chip-design-eda/evidence/aimc-simulator-adapters/latch-repeated-readout/20260906T204413551383Z
