{
  "status": "repeated_diagnostic_fail",
  "waveform_legal": false,
  "node_voltage_extrema_v": {
    "v(out_p)": [
      0.0038813805339152213,
      1.7842941475664307
    ],
    "v(out_n)": [
      0.00389079443986371,
      1.7842988576008383
    ],
    "v(latch_sense_p)": [
      0.9726166616369507,
      1.2401094759095082
    ],
    "v(latch_sense_n)": [
      0.9686889947227006,
      1.2400927345697899
    ],
    "v(iso_tail)": [
      0.14537579503242637,
      0.14671140955102588
    ],
    "v(tail)": [
      0.006320475404047229,
      1.3879077403827262
    ],
    "v(rx_p)": [
      -0.0032053736910983566,
      1.802653413492197
    ],
    "v(rx_n)": [
      -0.003202787233360242,
      1.802591000112183
    ]
  },
  "rows": [
    {
      "cycle": 0,
      "input_diff_mv": -0.5,
      "sample_outputs_v": [
        0.014056915391166732,
        1.5749901623727325
      ],
      "sample_polarity_pass": true,
      "hold_min_signed_diff_v": 1.5543339376474823,
      "hold_margin_pass": true,
      "reset_outputs_v": [
        1.7499999230348442,
        1.7499999230348315
      ],
      "reset_pass": true,
      "receiver_hold_high_min_v": 1.8000002309797605,
      "receiver_hold_low_max_v": -3.3529291744586885e-06,
      "receiver_hold_pass": true,
      "pass": false
    },
    {
      "cycle": 1,
      "input_diff_mv": 0.5,
      "sample_outputs_v": [
        1.5706767621670927,
        0.014274557535022558
      ],
      "sample_polarity_pass": true,
      "hold_min_signed_diff_v": 1.5511325046016824,
      "hold_margin_pass": true,
      "reset_outputs_v": [
        1.7486278342609243,
        1.7486316344186483
      ],
      "reset_pass": true,
      "receiver_hold_high_min_v": 1.7999980301276386,
      "receiver_hold_low_max_v": 4.9664627118639615e-06,
      "receiver_hold_pass": true,
      "pass": false
    },
    {
      "cycle": 2,
      "input_diff_mv": -0.5,
      "sample_outputs_v": [
        0.014247870327967071,
        1.5711903347603777
      ],
      "sample_polarity_pass": true,
      "hold_min_signed_diff_v": 1.5515044624776353,
      "hold_margin_pass": true,
      "reset_outputs_v": [
        1.748631544498245,
        1.748627676624716
      ],
      "reset_pass": true,
      "receiver_hold_high_min_v": 1.7999988119155617,
      "receiver_hold_low_max_v": 1.8061864086127906e-06,
      "receiver_hold_pass": true,
      "pass": false
    },
    {
      "cycle": 3,
      "input_diff_mv": 0.5,
      "sample_outputs_v": [
        1.570677406124114,
        0.014274523330843784
      ],
      "sample_polarity_pass": true,
      "hold_min_signed_diff_v": 1.5511329593351344,
      "hold_margin_pass": true,
      "reset_outputs_v": [
        1.7486278569425542,
        1.7486316556901875
      ],
      "reset_pass": true,
      "receiver_hold_high_min_v": 1.799998031603412,
      "receiver_hold_low_max_v": 4.960825934485769e-06,
      "receiver_hold_pass": true,
      "pass": false
    }
  ],
  "accepted_converter": false,
  "boundary": "Nominal TT ideal-source sub-block simulation; see contract for receiver view and physical integration limits."
}
/home/mehtama1/git-repo/ai-hardware-analysis/analog-digital-chip-design-eda/evidence/aimc-simulator-adapters/latch-repeated-readout/20260906T204416481353Z
