{
  "status": "repeated_diagnostic_fail",
  "waveform_legal": false,
  "node_voltage_extrema_v": {
    "v(out_p)": [
      0.00708665009848998,
      1.7817819053551474
    ],
    "v(out_n)": [
      0.00709205392612393,
      1.781785100311045
    ],
    "v(latch_sense_p)": [
      0.9644999896278721,
      1.2586521446506265
    ],
    "v(latch_sense_n)": [
      0.9600610057889253,
      1.258641035459254
    ],
    "v(iso_tail)": [
      0.14165176718021918,
      0.1431279051605402
    ],
    "v(tail)": [
      0.00828381479958896,
      1.3077127479917114
    ],
    "v(rx_p)": [
      -0.0023732391115942053,
      1.8027604364539453
    ],
    "v(rx_n)": [
      -0.002372457974555105,
      1.8027215445359823
    ]
  },
  "rows": [
    {
      "cycle": 0,
      "input_diff_mv": -0.5,
      "sample_outputs_v": [
        0.013051561923116769,
        1.5352321040360941
      ],
      "sample_polarity_pass": true,
      "hold_min_signed_diff_v": 1.512346036026729,
      "hold_margin_pass": true,
      "reset_outputs_v": [
        1.7499999431113151,
        1.7499999431113145
      ],
      "reset_pass": true,
      "receiver_hold_high_min_v": 1.8000004553013536,
      "receiver_hold_low_max_v": -2.8966118483096335e-06,
      "receiver_hold_pass": true,
      "pass": false
    },
    {
      "cycle": 1,
      "input_diff_mv": 0.5,
      "sample_outputs_v": [
        1.5316387357228518,
        0.013179855973894214
      ],
      "sample_polarity_pass": true,
      "hold_min_signed_diff_v": 1.5096578705909491,
      "hold_margin_pass": true,
      "reset_outputs_v": [
        1.7492112532851978,
        1.749213623767545
      ],
      "reset_pass": true,
      "receiver_hold_high_min_v": 1.8000003397150066,
      "receiver_hold_low_max_v": -2.613685055406767e-06,
      "receiver_hold_pass": true,
      "pass": false
    },
    {
      "cycle": 2,
      "input_diff_mv": -0.5,
      "sample_outputs_v": [
        0.01316987895316127,
        1.531914948745374
      ],
      "sample_polarity_pass": true,
      "hold_min_signed_diff_v": 1.5098630251774865,
      "hold_margin_pass": true,
      "reset_outputs_v": [
        1.7492135753008722,
        1.7492111776621708
      ],
      "reset_pass": true,
      "receiver_hold_high_min_v": 1.8000004081698369,
      "receiver_hold_low_max_v": -2.6267404894379016e-06,
      "receiver_hold_pass": true,
      "pass": false
    },
    {
      "cycle": 3,
      "input_diff_mv": 0.5,
      "sample_outputs_v": [
        1.5316386971937217,
        0.013179857165433231
      ],
      "sample_polarity_pass": true,
      "hold_min_signed_diff_v": 1.5096578319378295,
      "hold_margin_pass": true,
      "reset_outputs_v": [
        1.749211259266272,
        1.7492136294127374
      ],
      "reset_pass": true,
      "receiver_hold_high_min_v": 1.800000339714639,
      "receiver_hold_low_max_v": -2.6136821763278473e-06,
      "receiver_hold_pass": true,
      "pass": false
    }
  ],
  "accepted_converter": false,
  "boundary": "Nominal TT ideal-source sub-block simulation; see contract for receiver view and physical integration limits."
}
/home/mehtama1/git-repo/ai-hardware-analysis/analog-digital-chip-design-eda/evidence/aimc-simulator-adapters/latch-repeated-readout/20260906T204425866039Z
