
No compatibility mode selected!


Circuit: * extracted active converter macro decision-boundary transient.

Option cshunt: 21 capacitors added with 1e-15 F each
Doing analysis at TEMP = 27.000000 and TNOM = 27.000000

Using transient initial conditions

No. of Data Rows : 1033

  Measurements for Transient Analysis

decision_p_v        =  9.717565e-02
decision_n_v        =  9.724418e-02
decision_diff_v     =  6.85331e-05
supply_charge_c     =   -1.59733e-15 from=  2.00000e-13 to=  2.00000e-08

Doing analysis at TEMP = 27.000000 and TNOM = 27.000000

Using transient initial conditions

No. of Data Rows : 1033

  Measurements for Transient Analysis

decision_p_v        =  9.717565e-02
decision_n_v        =  9.724418e-02
decision_diff_v     =  6.85331e-05
supply_charge_c     =   -1.59733e-15 from=  2.00000e-13 to=  2.00000e-08


Total analysis time (seconds) = 0.15

Total elapsed time (seconds) = 0.705 

Total DRAM available = 7943.230 MB.
DRAM currently available = 1264.492 MB.
Maximum ngspice program size =  106.676 MB.
Current ngspice program size =   90.250 MB.

Shared ngspice pages =    9.750 MB.
Text (code) pages =    5.316 MB.
Stack = 0 bytes.
Library pages =   88.727 MB.

