
Compatibility modes selected: hs a


Circuit: * signed small-signal extracted latch diagnostic, no structural mos substitution.

option SCALE: Scale is set to 1e-06 for instance and model parameters
option SCALE: Scale is set to 1e-06 for instance and model parameters
Doing analysis at TEMP = 27.000000 and TNOM = 27.000000

Warning: veval: no DC value, transient time 0 value used
Warning: vreset: no DC value, transient time 0 value used

Initial Transient Solution
--------------------------

Node                                   Voltage
----                                   -------
vdd                                        1.8
vdd_active                                 1.8
vss                                          0
sense_p                                   0.89
sense_n                                   0.91
iso_tail                              0.179291
latch_sense_p                          1.63138
latch_sense_n                           1.5686
reset                                        0
eval                                         0
out_p                                      1.8
out_n                                      1.8
tail                                   1.38968
veval#branch                                 0
vreset#branch                                0
vn#branch                                    0
vp#branch                                    0
vss#branch                         1.48287e-10
vactive#branch                    -4.00013e-06
vdd#branch                        -1.47982e-11


No. of Data Rows : 1052

  Measurements for Transient Analysis

op_final            =  1.273403e-01
on_final            =  1.338519e-01
lp_before           =  1.631383e+00
ln_before           =  1.568604e+00

binary raw file "waveform.raw"
Doing analysis at TEMP = 27.000000 and TNOM = 27.000000

Warning: veval: no DC value, transient time 0 value used
Warning: vreset: no DC value, transient time 0 value used

Initial Transient Solution
--------------------------

Node                                   Voltage
----                                   -------
vdd                                        1.8
vdd_active                                 1.8
vss                                          0
sense_p                                   0.89
sense_n                                   0.91
iso_tail                              0.156238
latch_sense_p                        -0.074728
latch_sense_n                       -0.0694991
reset                                        0
eval                                         0
out_p                                 0.562983
out_n                                  0.56306
tail                                 0.0301113
veval#branch                      -0.000558705
vreset#branch                       0.00103483
vn#branch                         -0.000383356
vp#branch                         -0.000376202
vss#branch                          0.00383046
vactive#branch                     -0.00208408
vdd#branch                         -0.00146694


No. of Data Rows : 1052

  Measurements for Transient Analysis

op_final            =  1.273186e-01
on_final            =  1.338305e-01
lp_before           =  1.627113e+00
ln_before           =  1.564196e+00


Total analysis time (seconds) = 0.145

Total elapsed time (seconds) = 0.558 

Total DRAM available = 7943.230 MB.
DRAM currently available =  395.535 MB.
Maximum ngspice program size =   56.660 MB.
Current ngspice program size =   40.750 MB.

Shared ngspice pages =   10.250 MB.
Text (code) pages =    5.316 MB.
Stack = 0 bytes.
Library pages =   38.711 MB.

