
Compatibility modes selected: hs a


Circuit: * signed small-signal extracted latch diagnostic, no structural mos substitution.

option SCALE: Scale is set to 1e-06 for instance and model parameters
option SCALE: Scale is set to 1e-06 for instance and model parameters
Doing analysis at TEMP = 27.000000 and TNOM = 27.000000

Warning: veval: no DC value, transient time 0 value used
Warning: vreset: no DC value, transient time 0 value used

Initial Transient Solution
--------------------------

Node                                   Voltage
----                                   -------
vdd                                        1.8
vdd_active                                 1.8
vss                                          0
sense_p                                 0.9025
sense_n                                 0.8975
iso_tail                              0.178834
latch_sense_p                           1.5921
latch_sense_n                          1.60788
reset                                        0
eval                                         0
out_p                                      1.8
out_n                                      1.8
tail                                   1.38966
veval#branch                                 0
vreset#branch                                0
vn#branch                                    0
vp#branch                                    0
vss#branch                         1.49618e-10
vactive#branch                    -4.00013e-06
vdd#branch                        -1.47981e-11


No. of Data Rows : 1052

  Measurements for Transient Analysis

op_final            =  1.313144e-01
on_final            =  1.296806e-01
lp_before           =  1.592102e+00
ln_before           =  1.607885e+00

binary raw file "waveform.raw"
Doing analysis at TEMP = 27.000000 and TNOM = 27.000000

Warning: veval: no DC value, transient time 0 value used
Warning: vreset: no DC value, transient time 0 value used

Initial Transient Solution
--------------------------

Node                                   Voltage
----                                   -------
vdd                                        1.8
vdd_active                                 1.8
vss                                          0
sense_p                                 0.9025
sense_n                                 0.8975
iso_tail                              0.154984
latch_sense_p                       -0.0706552
latch_sense_n                       -0.0719665
reset                                        0
eval                                         0
out_p                                 0.563443
out_n                                 0.563424
tail                                 0.0300139
veval#branch                      -0.000545406
vreset#branch                       0.00100981
vn#branch                         -0.000369592
vp#branch                         -0.000371339
vss#branch                          0.00374099
vactive#branch                     -0.00203479
vdd#branch                         -0.00143367


No. of Data Rows : 1051

  Measurements for Transient Analysis

op_final            =  1.312930e-01
on_final            =  1.296591e-01
lp_before           =  1.587740e+00
ln_before           =  1.603597e+00


Total analysis time (seconds) = 0.241

Total elapsed time (seconds) = 0.653 

Total DRAM available = 7943.230 MB.
DRAM currently available =  958.879 MB.
Maximum ngspice program size =   56.656 MB.
Current ngspice program size =   40.750 MB.

Shared ngspice pages =   10.250 MB.
Text (code) pages =    5.316 MB.
Stack = 0 bytes.
Library pages =   38.707 MB.

