Warning: veval: no DC value, transient time 0 value used
Warning: vreset: no DC value, transient time 0 value used
 Reference value :  2.00000e-13
 Reference value :  1.44610e-08
 Reference value :  2.82810e-08
 Reference value :  5.43610e-08
 Reference value :  7.82210e-08
Warning: veval: no DC value, transient time 0 value used
Warning: vreset: no DC value, transient time 0 value used
 Reference value :  2.00000e-13
 Reference value :  2.55810e-08
 Reference value :  3.91010e-08
 Reference value :  5.19410e-08
 Reference value :  6.74410e-08
 Reference value :  7.82010e-08
 Reference value :  7.85010e-08
 Reference value :  7.88210e-08
 Reference value :  7.91810e-08
 Reference value :  7.95210e-08
 Reference value :  8.99810e-08
Original line no.: 61, new internal line no.: 865:
insertnumber: fails.
  s = ".measure tran decision_diff_v param=   -1.797952683027637e+00   " u=" -1.797952683027637e+00  " id=0
