
No compatibility mode selected!


Circuit: * extracted active converter macro decision-boundary transient.

Option cshunt: 22 capacitors added with 1e-15 F each
Doing analysis at TEMP = 27.000000 and TNOM = 27.000000

Using transient initial conditions

No. of Data Rows : 5031

  Measurements for Transient Analysis

decision_p_v        =  1.798066e+00
decision_n_v        =  1.130399e-04
decision_diff_v     =  -1.79795e+00
supply_charge_c     =   -1.90506e-15 from=  2.00000e-13 to=  2.00000e-08
active_supply_charge_c=   -4.33080e-13 from=  2.00000e-13 to=  2.00000e-08
p0_0                =  1.786203e+00
p0_1                =  1.787748e+00
p0_2                =  4.689547e-01
p0_3                =  5.010521e-01
p0_4                =  9.494404e-01
p0_5                =  1.717084e-01
p0_6                =  1.712298e-01
p1_0                =  1.750608e+00
p1_1                =  1.752193e+00
p1_2                =  4.694452e-01
p1_3                =  4.987277e-01
p1_4                =  5.274647e-01
p1_5                =  1.714660e-01
p1_6                =  1.712899e-01
p2_0                =  1.798066e+00
p2_1                =  1.130399e-04
p2_2                =  5.669465e-01
p2_3                =  5.781095e-01
p2_4                =  9.588184e-05
p2_5                =  1.724223e-01
p2_6                =  1.723219e-01
p3_0                =  1.796492e+00
p3_1                =  1.485806e-04
p3_2                =  5.922087e-01
p3_3                =  5.985756e-01
p3_4                =  1.475631e-04
p3_5                =  1.725710e-01
p3_6                =  1.725510e-01
p4_0                =  1.795962e+00
p4_1                =  1.664297e-04
p4_2                =  5.985041e-01
p4_3                =  6.011781e-01
p4_4                =  1.664739e-04
p4_5                =  1.725952e-01
p4_6                =  1.725943e-01
p5_0                =  1.795935e+00
p5_1                =  1.674588e-04
p5_2                =  5.987975e-01
p5_3                =  6.012009e-01
p5_4                =  1.674498e-04
p5_5                =  1.725958e-01
p5_6                =  1.725958e-01

Doing analysis at TEMP = 27.000000 and TNOM = 27.000000

Using transient initial conditions

No. of Data Rows : 5031

  Measurements for Transient Analysis

decision_p_v        =  1.798066e+00
decision_n_v        =  1.130399e-04
decision_diff_v     =  -1.79795e+00
supply_charge_c     =   -1.90506e-15 from=  2.00000e-13 to=  2.00000e-08
active_supply_charge_c=   -4.33080e-13 from=  2.00000e-13 to=  2.00000e-08
p0_0                =  1.786203e+00
p0_1                =  1.787748e+00
p0_2                =  4.689547e-01
p0_3                =  5.010521e-01
p0_4                =  9.494404e-01
p0_5                =  1.717084e-01
p0_6                =  1.712298e-01
p1_0                =  1.750608e+00
p1_1                =  1.752193e+00
p1_2                =  4.694452e-01
p1_3                =  4.987277e-01
p1_4                =  5.274647e-01
p1_5                =  1.714660e-01
p1_6                =  1.712899e-01
p2_0                =  1.798066e+00
p2_1                =  1.130399e-04
p2_2                =  5.669465e-01
p2_3                =  5.781095e-01
p2_4                =  9.588184e-05
p2_5                =  1.724223e-01
p2_6                =  1.723219e-01
p3_0                =  1.796492e+00
p3_1                =  1.485806e-04
p3_2                =  5.922087e-01
p3_3                =  5.985756e-01
p3_4                =  1.475631e-04
p3_5                =  1.725710e-01
p3_6                =  1.725510e-01
p4_0                =  1.795962e+00
p4_1                =  1.664297e-04
p4_2                =  5.985041e-01
p4_3                =  6.011781e-01
p4_4                =  1.664739e-04
p4_5                =  1.725952e-01
p4_6                =  1.725943e-01
p5_0                =  1.795935e+00
p5_1                =  1.674588e-04
p5_2                =  5.987975e-01
p5_3                =  6.012009e-01
p5_4                =  1.674498e-04
p5_5                =  1.725958e-01
p5_6                =  1.725958e-01


Total analysis time (seconds) = 3.674

Total elapsed time (seconds) = 5.753 

Total DRAM available = 7943.238 MB.
DRAM currently available =   83.629 MB.
Maximum ngspice program size =  120.953 MB.
Current ngspice program size =  104.875 MB.

Shared ngspice pages =   10.000 MB.
Text (code) pages =    5.316 MB.
Stack = 0 bytes.
Library pages =  103.004 MB.

