
 /----------------------------------------------------------------------------\
 |                                                                            |
 |  yosys -- Yosys Open SYnthesis Suite                                       |
 |                                                                            |
 |  Copyright (C) 2012 - 2019  Clifford Wolf <clifford@clifford.at>           |
 |                                                                            |
 |  Permission to use, copy, modify, and/or distribute this software for any  |
 |  purpose with or without fee is hereby granted, provided that the above    |
 |  copyright notice and this permission notice appear in all copies.         |
 |                                                                            |
 |  THE SOFTWARE IS PROVIDED "AS IS" AND THE AUTHOR DISCLAIMS ALL WARRANTIES  |
 |  WITH REGARD TO THIS SOFTWARE INCLUDING ALL IMPLIED WARRANTIES OF          |
 |  MERCHANTABILITY AND FITNESS. IN NO EVENT SHALL THE AUTHOR BE LIABLE FOR   |
 |  ANY SPECIAL, DIRECT, INDIRECT, OR CONSEQUENTIAL DAMAGES OR ANY DAMAGES    |
 |  WHATSOEVER RESULTING FROM LOSS OF USE, DATA OR PROFITS, WHETHER IN AN     |
 |  ACTION OF CONTRACT, NEGLIGENCE OR OTHER TORTIOUS ACTION, ARISING OUT OF   |
 |  OR IN CONNECTION WITH THE USE OR PERFORMANCE OF THIS SOFTWARE.            |
 |                                                                            |
 \----------------------------------------------------------------------------/

 Yosys 0.9 (git sha1 1979e0b)


-- Running command `read_verilog -sv /home/mehtama1/git-repo/ai-hardware-analysis/analog-digital-chip-design-eda/benchmarks/register_peripheral/csr_regs.sv; hierarchy -top csr_regs' --

1. Executing Verilog-2005 frontend: /home/mehtama1/git-repo/ai-hardware-analysis/analog-digital-chip-design-eda/benchmarks/register_peripheral/csr_regs.sv
Parsing SystemVerilog input from `/home/mehtama1/git-repo/ai-hardware-analysis/analog-digital-chip-design-eda/benchmarks/register_peripheral/csr_regs.sv' to AST representation.
Generating RTLIL representation for module `\csr_regs'.
Successfully finished Verilog frontend.

2. Executing HIERARCHY pass (managing design hierarchy).

2.1. Analyzing design hierarchy..
Top module:  \csr_regs

2.2. Analyzing design hierarchy..
Top module:  \csr_regs
Removed 0 unused modules.

End of script. Logfile hash: fc4e829f6f
CPU: user 0.01s system 0.01s, MEM: 15.55 MB total, 9.25 MB resident
Yosys 0.9 (git sha1 1979e0b)
Time spent: 91% 2x read_verilog (0 sec), 8% 1x hierarchy (0 sec)
