Warning: vregen: no DC value, transient time 0 value used
Warning: vsample: no DC value, transient time 0 value used
Warning: vsamplebar: no DC value, transient time 0 value used
Warning: veval: no DC value, transient time 0 value used
Warning: vreset: no DC value, transient time 0 value used
 Reference value :  2.00000e-13
 Reference value :  8.51693e-12
 Reference value :  2.82434e-10
 Reference value :  6.42434e-10
 Reference value :  1.00243e-09
 Reference value :  1.32243e-09
 Reference value :  1.64243e-09
 Reference value :  2.02243e-09
 Reference value :  2.34243e-09
 Reference value :  2.66243e-09
 Reference value :  3.00243e-09
 Reference value :  3.36243e-09
 Reference value :  3.66243e-09
 Reference value :  3.94243e-09
 Reference value :  1.26263e-08
Warning: vregen: no DC value, transient time 0 value used
Warning: vsample: no DC value, transient time 0 value used
Warning: vsamplebar: no DC value, transient time 0 value used
Warning: veval: no DC value, transient time 0 value used
Warning: vreset: no DC value, transient time 0 value used
 Reference value :  4.24338e-11
 Reference value :  6.52243e-09
 Reference value :  1.00463e-08
 Reference value :  1.62263e-08
Original line no.: 64, new internal line no.: 875:
insertnumber: fails.
  s = ".measure tran decision_diff_v param=   -1.800001203543408e+00   " u=" -1.800001203543408e+00  " id=0
