
Compatibility modes selected: hs a


Circuit: * signed small-signal extracted latch diagnostic, no structural mos substitution.

option SCALE: Scale is set to 1e-06 for instance and model parameters
option SCALE: Scale is set to 1e-06 for instance and model parameters
Reset re-loads circuit * signed small-signal extracted latch diagnostic, no structural mos substitution.

Circuit: * signed small-signal extracted latch diagnostic, no structural mos substitution.

option SCALE: Scale is set to 1e-06 for instance and model parameters
option SCALE: Scale is set to 1e-06 for instance and model parameters
Doing analysis at TEMP = 27.000000 and TNOM = 27.000000

Warning: veval: no DC value, transient time 0 value used
Warning: vreset: no DC value, transient time 0 value used
Warning: vn: no DC value, transient time 0 value used
Warning: vp: no DC value, transient time 0 value used

Initial Transient Solution
--------------------------

Node                                   Voltage
----                                   -------
vdd                                       1.75
vdd_active                                 1.8
vss                                          0
sense_p                                   0.89
sense_n                                   0.91
iso_tail                              0.178727
latch_sense_p                          1.26556
latch_sense_n                         0.934441
reset                                        0
eval                                         0
rx_p                               5.46152e-08
out_p                                     1.75
out_n                                     1.75
rx_n                               8.97384e-08
tail                                   1.33181
veval#branch                                 0
vreset#branch                                0
vn#branch                                    0
vp#branch                                    0
vss#branch                         9.17649e-11
vactive#branch                    -4.00008e-06
vdd#branch                         -1.4113e-11


No. of Data Rows : 20469

  Measurements for Transient Analysis

op_final            =  7.725449e-03
on_final            =  1.697564e+00
lp_before           =  1.265557e+00
ln_before           =  9.344415e-01

binary raw file "waveform.raw"
Doing analysis at TEMP = 27.000000 and TNOM = 27.000000

Warning: veval: no DC value, transient time 0 value used
Warning: vreset: no DC value, transient time 0 value used
Warning: vn: no DC value, transient time 0 value used
Warning: vp: no DC value, transient time 0 value used

Initial Transient Solution
--------------------------

Node                                   Voltage
----                                   -------
vdd                                       1.75
vdd_active                                 1.8
vss                                          0
sense_p                                   0.89
sense_n                                   0.91
iso_tail                              0.175394
latch_sense_p                        0.0157604
latch_sense_n                         0.023139
reset                                        0
eval                                         0
rx_p                                  0.796281
out_p                                 0.872199
out_n                                 0.872687
rx_n                                  0.802158
tail                                 0.0554289
veval#branch                      -0.000874534
vreset#branch                       0.00160442
vn#branch                         -0.000562145
vp#branch                         -0.000546449
vss#branch                          0.00500631
vactive#branch                     -0.00263866
vdd#branch                         -0.00199294


No. of Data Rows : 20470

  Measurements for Transient Analysis

op_final            =  6.607073e-03
on_final            =  1.713867e+00
lp_before           =  9.996225e-01
ln_before           =  7.392426e-01


Total analysis time (seconds) = 14.047

Total elapsed time (seconds) = 14.750 

Total DRAM available = 7943.238 MB.
DRAM currently available =  864.320 MB.
Maximum ngspice program size =   48.355 MB.
Current ngspice program size =   32.426 MB.

Shared ngspice pages =   10.250 MB.
Text (code) pages =    5.316 MB.
Stack = 0 bytes.
Library pages =   30.406 MB.

