
Compatibility modes selected: hs a


Circuit: * signed small-signal extracted latch diagnostic, no structural mos substitution.

option SCALE: Scale is set to 1e-06 for instance and model parameters
option SCALE: Scale is set to 1e-06 for instance and model parameters
Doing analysis at TEMP = -40.000000 and TNOM = 27.000000

Warning: veval: no DC value, transient time 0 value used
Warning: vreset: no DC value, transient time 0 value used
Warning: vn: no DC value, transient time 0 value used
Warning: vp: no DC value, transient time 0 value used

Initial Transient Solution
--------------------------

Node                                   Voltage
----                                   -------
vdd                                       1.75
vdd_active                                 1.8
vss                                          0
sense_p                                0.89975
sense_n                                0.90025
iso_tail                              0.142409
latch_sense_p                          1.10298
latch_sense_n                          1.09702
reset                                        0
eval                                         0
rx_p                                4.1896e-09
out_p                                     1.75
out_n                                     1.75
rx_n                                4.1896e-09
tail                                   1.23135
veval#branch                                 0
vreset#branch                                0
vn#branch                                    0
vp#branch                                    0
vss#branch                         2.16433e-11
vactive#branch                    -4.00001e-06
vdd#branch                         -1.3058e-11


No. of Data Rows : 10264

  Measurements for Transient Analysis

op_final            =  1.305156e-02
on_final            =  1.535232e+00
lp_before           =  1.102979e+00
ln_before           =  1.097020e+00

binary raw file "waveform.raw"
Doing analysis at TEMP = -40.000000 and TNOM = 27.000000

Warning: veval: no DC value, transient time 0 value used
Warning: vreset: no DC value, transient time 0 value used
Warning: vn: no DC value, transient time 0 value used
Warning: vp: no DC value, transient time 0 value used

Initial Transient Solution
--------------------------

Node                                   Voltage
----                                   -------
vdd                                       1.75
vdd_active                                 1.8
vss                                          0
sense_p                                0.89975
sense_n                                0.90025
iso_tail                              0.163552
latch_sense_p                         0.016013
latch_sense_n                        0.0161685
reset                                        0
eval                                         0
rx_p                                  0.813918
out_p                                 0.858006
out_n                                 0.858008
rx_n                                  0.813917
tail                                 0.0495167
veval#branch                      -0.000816474
vreset#branch                       0.00147499
vn#branch                         -0.000527633
vp#branch                         -0.000527358
vss#branch                          0.00474384
vactive#branch                     -0.00247164
vdd#branch                         -0.00187972


No. of Data Rows : 10267

  Measurements for Transient Analysis

op_final            =  1.156635e-02
on_final            =  1.574772e+00
lp_before           =  8.849191e-01
ln_before           =  8.800973e-01


Total analysis time (seconds) = 2.173

Total elapsed time (seconds) = 2.590 

Total DRAM available = 7943.238 MB.
DRAM currently available =  813.719 MB.
Maximum ngspice program size =   62.703 MB.
Current ngspice program size =   46.836 MB.

Shared ngspice pages =   10.500 MB.
Text (code) pages =    5.316 MB.
Stack = 0 bytes.
Library pages =   44.754 MB.

