
Compatibility modes selected: hs a


Circuit: * signed small-signal extracted latch diagnostic, no structural mos substitution.

option SCALE: Scale is set to 1e-06 for instance and model parameters
option SCALE: Scale is set to 1e-06 for instance and model parameters
Doing analysis at TEMP = 27.000000 and TNOM = 27.000000

Warning: veqn: no DC value, transient time 0 value used
Warning: veqp: no DC value, transient time 0 value used
Warning: veval: no DC value, transient time 0 value used
Warning: vreset: no DC value, transient time 0 value used

Initial Transient Solution
--------------------------

Node                                   Voltage
----                                   -------
vdd                                        1.8
vdd_active                                 1.8
vss                                          0
sense_p                                 0.9025
sense_n                                 0.8975
iso_tail                              0.178834
latch_sense_p                           1.5921
latch_sense_n                          1.60788
reset                                        0
eval                                         0
out_p                                      1.8
out_n                                      1.8
tail                                    1.3753
eqp                                          0
eqn                                        1.8
veqn#branch                                  0
veqp#branch                                  0
veval#branch                                 0
vreset#branch                                0
vn#branch                                    0
vp#branch                                    0
vss#branch                         1.53112e-10
vactive#branch                    -4.00013e-06
vdd#branch                         -1.8292e-11


No. of Data Rows : 1073

  Measurements for Transient Analysis

op_final            =  1.198179e-01
on_final            =  1.179188e-01
lp_before           =  1.593169e+00
ln_before           =  1.608953e+00

binary raw file "waveform.raw"
Doing analysis at TEMP = 27.000000 and TNOM = 27.000000

Warning: veqn: no DC value, transient time 0 value used
Warning: veqp: no DC value, transient time 0 value used
Warning: veval: no DC value, transient time 0 value used
Warning: vreset: no DC value, transient time 0 value used

Initial Transient Solution
--------------------------

Node                                   Voltage
----                                   -------
vdd                                        1.8
vdd_active                                 1.8
vss                                          0
sense_p                                 0.9025
sense_n                                 0.8975
iso_tail                               0.16618
latch_sense_p                        0.0383532
latch_sense_n                        0.0368489
reset                                        0
eval                                         0
out_p                                 0.862085
out_n                                 0.862072
tail                                 0.0528844
eqp                                          0
eqn                                        1.8
veqn#branch                        -0.00168992
veqp#branch                         0.00102988
veval#branch                      -0.000570715
vreset#branch                        0.0010688
vn#branch                         -0.000354227
vp#branch                         -0.000356069
vss#branch                          0.00424708
vactive#branch                    -0.000907752
vdd#branch                         -0.00247108


No. of Data Rows : 1076

  Measurements for Transient Analysis

op_final            =  1.198597e-01
on_final            =  1.179573e-01
lp_before           =  1.393137e+00
ln_before           =  1.406955e+00


Total analysis time (seconds) = 0.195

Total elapsed time (seconds) = 0.549 

Total DRAM available = 7943.230 MB.
DRAM currently available = 1099.984 MB.
Maximum ngspice program size =   56.793 MB.
Current ngspice program size =   40.875 MB.

Shared ngspice pages =   10.250 MB.
Text (code) pages =    5.316 MB.
Stack = 0 bytes.
Library pages =   38.844 MB.

