
Compatibility modes selected: hs a


Circuit: * signed small-signal extracted latch diagnostic, no structural mos substitution.

option SCALE: Scale is set to 1e-06 for instance and model parameters
option SCALE: Scale is set to 1e-06 for instance and model parameters
Doing analysis at TEMP = 27.000000 and TNOM = 27.000000

Warning: veval: no DC value, transient time 0 value used
Warning: vreset: no DC value, transient time 0 value used

Initial Transient Solution
--------------------------

Node                                   Voltage
----                                   -------
vdd                                        1.8
vdd_active                                 1.8
vss                                          0
sense_p                                   0.85
sense_n                                   0.95
iso_tail                              0.190843
latch_sense_p                          1.73634
latch_sense_n                          1.46365
reset                                        0
eval                                         0
out_p                                      1.8
out_n                                      1.8
tail                                   1.39147
veval#branch                                 0
vreset#branch                                0
vn#branch                                    0
vp#branch                                    0
vss#branch                         1.08018e-10
vactive#branch                    -4.00009e-06
vdd#branch                        -1.48073e-11


No. of Data Rows : 1052

  Measurements for Transient Analysis

op_final            =  1.178560e-01
on_final            =  1.472552e-01
lp_before           =  1.736344e+00
ln_before           =  1.463647e+00

binary raw file "waveform.raw"
Doing analysis at TEMP = 27.000000 and TNOM = 27.000000

Warning: veval: no DC value, transient time 0 value used
Warning: vreset: no DC value, transient time 0 value used

Initial Transient Solution
--------------------------

Node                                   Voltage
----                                   -------
vdd                                        1.8
vdd_active                                 1.8
vss                                          0
sense_p                                   0.85
sense_n                                   0.95
iso_tail                               0.15755
latch_sense_p                         -0.08531
latch_sense_n                        -0.059194
reset                                        0
eval                                         0
out_p                                 0.562742
out_n                                 0.563125
tail                                 0.0301349
veval#branch                      -0.000561688
vreset#branch                       0.00104044
vn#branch                         -0.000400036
vp#branch                         -0.000364135
vss#branch                          0.00385096
vactive#branch                     -0.00209513
vdd#branch                         -0.00147441


No. of Data Rows : 1051

  Measurements for Transient Analysis

op_final            =  1.178318e-01
on_final            =  1.472324e-01
lp_before           =  1.732083e+00
ln_before           =  1.458722e+00


Total analysis time (seconds) = 0.168

Total elapsed time (seconds) = 0.559 

Total DRAM available = 7943.230 MB.
DRAM currently available =  410.617 MB.
Maximum ngspice program size =   56.656 MB.
Current ngspice program size =   40.750 MB.

Shared ngspice pages =   10.375 MB.
Text (code) pages =    5.316 MB.
Stack = 0 bytes.
Library pages =   38.707 MB.

