
No compatibility mode selected!


Circuit: * extracted active converter macro decision-boundary transient.

Option cshunt: 15 capacitors added with 1e-15 F each
Doing analysis at TEMP = 27.000000 and TNOM = 27.000000

Using transient initial conditions

No. of Data Rows : 1030

  Measurements for Transient Analysis

decision_p_v        =  1.368563e-01
decision_n_v        =  1.370869e-01
decision_diff_v     =  2.30622e-04
supply_charge_c     =   -9.39825e-17 from=  2.00000e-13 to=  2.00000e-08
active_supply_charge_c=   -1.04690e-12 from=  2.00000e-13 to=  2.00000e-08

Doing analysis at TEMP = 27.000000 and TNOM = 27.000000

Using transient initial conditions

No. of Data Rows : 1030

  Measurements for Transient Analysis

decision_p_v        =  1.368563e-01
decision_n_v        =  1.370869e-01
decision_diff_v     =  2.30622e-04
supply_charge_c     =   -9.39825e-17 from=  2.00000e-13 to=  2.00000e-08
active_supply_charge_c=   -1.04690e-12 from=  2.00000e-13 to=  2.00000e-08


Total analysis time (seconds) = 0.11

Total elapsed time (seconds) = 0.596 

Total DRAM available = 7943.234 MB.
DRAM currently available =  493.430 MB.
Maximum ngspice program size =  118.441 MB.
Current ngspice program size =  102.750 MB.

Shared ngspice pages =   10.500 MB.
Text (code) pages =    5.316 MB.
Stack = 0 bytes.
Library pages =  100.492 MB.

