
Compatibility modes selected: hs a


Circuit: * signed small-signal extracted latch diagnostic, no structural mos substitution.

option SCALE: Scale is set to 1e-06 for instance and model parameters
option SCALE: Scale is set to 1e-06 for instance and model parameters
Doing analysis at TEMP = 27.000000 and TNOM = 27.000000

Warning: veval: no DC value, transient time 0 value used
Warning: vreset: no DC value, transient time 0 value used
Warning: singular matrix:  check nodes xu.m1_3440_12500# and xu.m1_3440_12500#

Note: Starting dynamic gmin stepping
Trying gmin =   1.0000E-03 Note: One successful gmin step
Trying gmin =   1.0000E-04 Note: One successful gmin step
Trying gmin =   1.0000E-05 Note: One successful gmin step
Trying gmin =   1.0000E-06 Note: One successful gmin step
Trying gmin =   1.0000E-07 Note: One successful gmin step
Trying gmin =   1.0000E-08 Note: One successful gmin step
Trying gmin =   1.0000E-09 Note: One successful gmin step
Trying gmin =   1.0000E-10 Note: One successful gmin step
Trying gmin =   1.0000E-11 Note: One successful gmin step
Trying gmin =   1.0000E-12 Note: One successful gmin step
Trying gmin =   1.0000E-12 Note: One successful gmin step
Warning: singular matrix:  check nodes xu.m1_3440_12500# and xu.m1_3440_12500#

Warning: Dynamic gmin stepping failed
Note: Starting true gmin stepping
Trying gmin =   1.0000E-03 Warning: singular matrix:  check nodes xu.m1_3440_12500# and xu.m1_3440_12500#

Warning: Further gmin increment
Trying gmin =   5.6234E-03 Warning: singular matrix:  check nodes xu.m1_3440_12500# and xu.m1_3440_12500#

Warning: Further gmin increment
Trying gmin =   8.6596E-03 Warning: singular matrix:  check nodes xu.m1_3440_12500# and xu.m1_3440_12500#

Warning: Further gmin increment
Trying gmin =   9.6466E-03 Warning: singular matrix:  check nodes xu.m1_3440_12500# and xu.m1_3440_12500#

Warning: Further gmin increment
Trying gmin =   9.9105E-03 Warning: singular matrix:  check nodes xu.m1_3440_12500# and xu.m1_3440_12500#

Warning: Further gmin increment
Trying gmin =   9.9775E-03 Warning: singular matrix:  check nodes xu.m1_3440_12500# and xu.m1_3440_12500#

Warning: Further gmin increment
Trying gmin =   9.9944E-03 Warning: singular matrix:  check nodes xu.m1_3440_12500# and xu.m1_3440_12500#

Warning: Further gmin increment
Trying gmin =   9.9986E-03 Warning: singular matrix:  check nodes xu.m1_3440_12500# and xu.m1_3440_12500#

Warning: Further gmin increment
Trying gmin =   9.9996E-03 Warning: singular matrix:  check nodes xu.m1_3440_12500# and xu.m1_3440_12500#

Warning: Last gmin step failed
Warning: singular matrix:  check nodes xu.m1_3440_12500# and xu.m1_3440_12500#

Warning: True gmin stepping failed
Note: Starting source stepping
Supplies reduced to   0.0000% Warning: singular matrix:  check nodes xu.m1_3440_12500# and xu.m1_3440_12500#


Trying gmin =   1.0000E-02 Note: One successful gmin step
Trying gmin =   1.0000E-03 Note: One successful gmin step
Trying gmin =   1.0000E-04 Note: One successful gmin step
Trying gmin =   1.0000E-05 Note: One successful gmin step
Trying gmin =   1.0000E-06 Note: One successful gmin step
Trying gmin =   1.0000E-07 Note: One successful gmin step
Trying gmin =   1.0000E-08 Note: One successful gmin step
Trying gmin =   1.0000E-09 Note: One successful gmin step
Trying gmin =   1.0000E-10 Note: One successful gmin step
Trying gmin =   1.0000E-11 Note: One successful gmin step
Trying gmin =   1.0000E-12 Note: One successful gmin step
Note: One successful source step
Supplies reduced to   0.1000% Warning: singular matrix:  check nodes xu.m1_3440_12500# and xu.m1_3440_12500#

Supplies reduced to   0.0000% Warning: singular matrix:  check nodes xu.m1_3440_12500# and xu.m1_3440_12500#

Warning: source stepping failed
Note: Transient op started
Note: Transient op finished successfully

Initial Transient Solution
--------------------------

Node                                   Voltage
----                                   -------
vdd                                        1.8
vdd_active                                 1.8
vss                                          0
sense_p                                0.89975
sense_n                                0.90025
iso_tail                              0.173295
latch_sense_p                         0.683796
latch_sense_n                         0.676204
reset                                        0
eval                                         0
out_p                                      1.8
out_n                                      1.8
tail                                   1.29167
veval#branch                       4.40582e-12
vreset#branch                      3.10272e-16
vn#branch                         -1.77052e-14
vp#branch                         -1.77617e-14
vss#branch                         1.21836e-10
vactive#branch                     -1.0799e-11
vdd#branch                        -4.00014e-06


No. of Data Rows : 1053

  Measurements for Transient Analysis

op_final            =  1.775762e+00
on_final            =  1.381097e-03
lp_before           =  6.837963e-01
ln_before           =  6.762040e-01

binary raw file "waveform.raw"
Doing analysis at TEMP = 27.000000 and TNOM = 27.000000

Warning: veval: no DC value, transient time 0 value used
Warning: vreset: no DC value, transient time 0 value used

Initial Transient Solution
--------------------------

Node                                   Voltage
----                                   -------
vdd                                        1.8
vdd_active                                 1.8
vss                                          0
sense_p                                0.89975
sense_n                                0.90025
iso_tail                              0.191656
latch_sense_p                       0.00808339
latch_sense_n                       0.00822453
reset                                        0
eval                                         0
out_p                                 0.638057
out_n                                 0.638059
tail                                 0.0393911
veval#branch                       -0.00171894
vreset#branch                        0.0032972
vn#branch                          -0.00111666
vp#branch                          -0.00111611
vss#branch                          0.00825882
vactive#branch                     -0.00326629
vdd#branch                         -0.00434202


No. of Data Rows : 1055

  Measurements for Transient Analysis

op_final            =  1.725840e+00
on_final            =  4.632624e-03
lp_before           =  4.312605e-01
ln_before           =  4.278253e-01


Total analysis time (seconds) = 0.183

Total elapsed time (seconds) = 0.545 

Total DRAM available = 7943.238 MB.
DRAM currently available =  988.785 MB.
Maximum ngspice program size =   56.645 MB.
Current ngspice program size =   40.750 MB.

Shared ngspice pages =   10.375 MB.
Text (code) pages =    5.316 MB.
Stack = 0 bytes.
Library pages =   38.695 MB.

