
Circuit 1 cell sky130_fd_pr__nfet_01v8 and Circuit 2 cell sky130_fd_pr__nfet_01v8 are black boxes.
Warning: Equate pins:  cell sky130_fd_pr__nfet_01v8 is a placeholder, treated as a black box.
Warning: Equate pins:  cell sky130_fd_pr__nfet_01v8 is a placeholder, treated as a black box.

Subcircuit pins:
Circuit 1: sky130_fd_pr__nfet_01v8         |Circuit 2: sky130_fd_pr__nfet_01v8         
-------------------------------------------|-------------------------------------------
1                                          |1                                          
2                                          |2                                          
3                                          |3                                          
4                                          |4                                          
---------------------------------------------------------------------------------------
Cell pin lists are equivalent.
Device classes sky130_fd_pr__nfet_01v8 and sky130_fd_pr__nfet_01v8 are equivalent.

Circuit 1 cell sky130_fd_pr__pfet_01v8 and Circuit 2 cell sky130_fd_pr__pfet_01v8 are black boxes.
Warning: Equate pins:  cell sky130_fd_pr__pfet_01v8 is a placeholder, treated as a black box.
Warning: Equate pins:  cell sky130_fd_pr__pfet_01v8 is a placeholder, treated as a black box.

Subcircuit pins:
Circuit 1: sky130_fd_pr__pfet_01v8         |Circuit 2: sky130_fd_pr__pfet_01v8         
-------------------------------------------|-------------------------------------------
1                                          |1                                          
2                                          |2                                          
3                                          |3                                          
4                                          |4                                          
---------------------------------------------------------------------------------------
Cell pin lists are equivalent.
Device classes sky130_fd_pr__pfet_01v8 and sky130_fd_pr__pfet_01v8 are equivalent.
Flattening unmatched subcell sky130_isolated_frontend_active_load_latch_v2 in circuit aimc_converter_macro_active_candidate_flat_parallel (1)(1 instance)

Cell aimc_converter_macro_active_candidate_flat_parallel (0) disconnected node: vss
Cell aimc_converter_macro_active_candidate_flat_parallel (0) disconnected node: vdd
Cell aimc_converter_macro_active_candidate_flat_parallel (1) disconnected node: vss
Cell aimc_converter_macro_active_candidate_flat_parallel (1) disconnected node: vdd
Class aimc_converter_macro_active_candidate_flat_parallel (0):  Merged 2 parallel devices.
Class aimc_converter_macro_active_candidate_flat_parallel (1):  Merged 2 parallel devices.
Cell aimc_converter_macro_active_candidate_flat_parallel (0) disconnected node: vss
Cell aimc_converter_macro_active_candidate_flat_parallel (0) disconnected node: vdd
Cell aimc_converter_macro_active_candidate_flat_parallel (1) disconnected node: vss
Cell aimc_converter_macro_active_candidate_flat_parallel (1) disconnected node: vdd
Subcircuit summary:
Circuit 1: aimc_converter_macro_active_can |Circuit 2: aimc_converter_macro_active_can 
-------------------------------------------|-------------------------------------------
sky130_fd_pr__nfet_01v8 (11->9)            |sky130_fd_pr__nfet_01v8 (11->9)            
sky130_fd_pr__pfet_01v8 (4)                |sky130_fd_pr__pfet_01v8 (4)                
Number of devices: 13                      |Number of devices: 13                      
Number of nets: 13                         |Number of nets: 13                         
---------------------------------------------------------------------------------------
Resolving symmetries by property value.
Resolving symmetries by pin name.
Netlists match uniquely.

Subcircuit pins:
Circuit 1: aimc_converter_macro_active_can |Circuit 2: aimc_converter_macro_active_can 
-------------------------------------------|-------------------------------------------
eval                                       |eval                                       
tail_ext                                   |tail_ext                                   
decision_p                                 |decision_p                                 
decision_n                                 |decision_n                                 
vdd_ext                                    |vdd_ext                                    
vss_escape                                 |vss_escape                                 
reset                                      |reset                                      
row_drive                                  |row_drive                                  
sar_comparator_input                       |sar_comparator_input                       
iso_tail_ext                               |iso_tail_ext                               
preamp_iso_tail_ext                        |preamp_iso_tail_ext                        
latch_sense_p_ext                          |latch_sense_p_ext                          
latch_sense_n_ext                          |latch_sense_n_ext                          
vss                                        |vss                                        
vdd                                        |vdd                                        
---------------------------------------------------------------------------------------
Cell pin lists are equivalent.
Device classes aimc_converter_macro_active_candidate_flat_parallel and aimc_converter_macro_active_candidate_flat_parallel are equivalent.

Final result: Circuits match uniquely.
.
