
Compatibility modes selected: hs a


Circuit: * signed small-signal extracted latch diagnostic, no structural mos substitution.

option SCALE: Scale is set to 1e-06 for instance and model parameters
option SCALE: Scale is set to 1e-06 for instance and model parameters
Doing analysis at TEMP = 27.000000 and TNOM = 27.000000

Warning: veval: no DC value, transient time 0 value used
Warning: vreset: no DC value, transient time 0 value used

Initial Transient Solution
--------------------------

Node                                   Voltage
----                                   -------
vdd                                        1.8
vdd_active                                 1.8
vss                                          0
sense_p                               0.899923
sense_n                               0.900076
iso_tail                              0.295698
latch_sense_p                          1.78752
latch_sense_n                          1.78748
reset                                        0
eval                                         0
out_p                                      1.8
out_n                                      1.8
tail                                   1.40388
veval#branch                                 0
vreset#branch                                0
vn#branch                                    0
vp#branch                                    0
vss#branch                          3.9725e-11
vactive#branch                    -2.50025e-07
vdd#branch                        -1.48702e-11


No. of Data Rows : 1051

  Measurements for Transient Analysis

op_final            =  7.213124e-02
on_final            =  7.213245e-02
lp_before           =  1.787520e+00
ln_before           =  1.787477e+00

binary raw file "waveform.raw"
Doing analysis at TEMP = 27.000000 and TNOM = 27.000000

Warning: veval: no DC value, transient time 0 value used
Warning: vreset: no DC value, transient time 0 value used

Initial Transient Solution
--------------------------

Node                                   Voltage
----                                   -------
vdd                                        1.8
vdd_active                                 1.8
vss                                          0
sense_p                               0.899923
sense_n                               0.900076
iso_tail                              0.207401
latch_sense_p                        -0.102978
latch_sense_n                        -0.102943
reset                                        0
eval                                         0
out_p                                 0.359105
out_n                                 0.359106
tail                                 0.0253658
veval#branch                       -0.00163682
vreset#branch                       0.00310531
vn#branch                           -0.0011605
vp#branch                          -0.00116034
vss#branch                          0.00917087
vactive#branch                     -0.00388197
vdd#branch                         -0.00443681


No. of Data Rows : 1053

  Measurements for Transient Analysis

op_final            =  7.214361e-02
on_final            =  7.214492e-02
lp_before           =  1.754546e+00
ln_before           =  1.754509e+00


Total analysis time (seconds) = 0.142

Total elapsed time (seconds) = 0.432 

Total DRAM available = 7943.234 MB.
DRAM currently available =  212.141 MB.
Maximum ngspice program size =   56.656 MB.
Current ngspice program size =   41.000 MB.

Shared ngspice pages =   10.500 MB.
Text (code) pages =    5.316 MB.
Stack = 0 bytes.
Library pages =   38.707 MB.

