Warning: veval: no DC value, transient time 0 value used
Warning: vreset: no DC value, transient time 0 value used
 Reference value :  2.00000e-13
 Reference value :  5.58268e-09
 Reference value :  8.44562e-09
 Reference value :  1.32456e-08
 Reference value :  1.93856e-08
Warning: veval: no DC value, transient time 0 value used
Warning: vreset: no DC value, transient time 0 value used
 Reference value :  4.00268e-09
 Reference value :  8.48562e-09
 Reference value :  8.82562e-09
 Reference value :  9.04562e-09
 Reference value :  9.30562e-09
 Reference value :  1.55856e-08
 Reference value :  1.64656e-08
 Reference value :  1.68056e-08
 Reference value :  1.71056e-08
 Reference value :  1.74056e-08
 Reference value :  1.76656e-08
 Reference value :  1.79656e-08
 Reference value :  1.82856e-08
Original line no.: 61, new internal line no.: 891:
insertnumber: fails.
  s = ".measure tran decision_diff_v param=   -1.799905760316564e+00   " u=" -1.799905760316564e+00  " id=0
