
No compatibility mode selected!


Circuit: * extracted active converter macro decision-boundary transient.

Option cshunt: 27 capacitors added with 1e-15 F each
Doing analysis at TEMP = 27.000000 and TNOM = 27.000000

Using transient initial conditions

No. of Data Rows : 1031

  Measurements for Transient Analysis

decision_p_v        =  1.800002e+00
decision_n_v        =  9.658941e-05
decision_diff_v     =  -1.79991e+00
supply_charge_c     =   -1.90507e-15 from=  2.00000e-13 to=  2.00000e-08

Doing analysis at TEMP = 27.000000 and TNOM = 27.000000

Using transient initial conditions

No. of Data Rows : 1031

  Measurements for Transient Analysis

decision_p_v        =  1.800002e+00
decision_n_v        =  9.658941e-05
decision_diff_v     =  -1.79991e+00
supply_charge_c     =   -1.90507e-15 from=  2.00000e-13 to=  2.00000e-08


Total analysis time (seconds) = 7.446

Total elapsed time (seconds) = 10.988 

Total DRAM available = 7943.230 MB.
DRAM currently available =  158.094 MB.
Maximum ngspice program size =  118.551 MB.
Current ngspice program size =  102.750 MB.

Shared ngspice pages =   10.375 MB.
Text (code) pages =    5.316 MB.
Stack = 0 bytes.
Library pages =  100.602 MB.

