
Compatibility modes selected: hs a


Circuit: * signed small-signal extracted latch diagnostic, no structural mos substitution.

option SCALE: Scale is set to 1e-06 for instance and model parameters
option SCALE: Scale is set to 1e-06 for instance and model parameters
Doing analysis at TEMP = 27.000000 and TNOM = 27.000000

Warning: veval: no DC value, transient time 0 value used
Warning: vreset: no DC value, transient time 0 value used

Initial Transient Solution
--------------------------

Node                                   Voltage
----                                   -------
vdd                                        1.8
vdd_active                                 1.8
vss                                          0
sense_p                               0.899923
sense_n                               0.900076
iso_tail                             -0.705947
latch_sense_p                        -0.654849
latch_sense_n                        -0.654854
reset                                        0
eval                                         0
out_p                                      1.8
out_n                                      1.8
tail                                    1.3896
veval#branch                                 0
vreset#branch                                0
vn#branch                                    0
vp#branch                                    0
vss#branch                         -3.0903e-05
vactive#branch                     -4.9097e-05
vdd#branch                        -1.47978e-11


No. of Data Rows : 1051

  Measurements for Transient Analysis

op_final            =  1.799981e+00
on_final            =  7.225873e-07
lp_before           =  -6.548492e-01
ln_before           =  -6.548539e-01

binary raw file "waveform.raw"
Doing analysis at TEMP = 27.000000 and TNOM = 27.000000

Warning: veval: no DC value, transient time 0 value used
Warning: vreset: no DC value, transient time 0 value used

Initial Transient Solution
--------------------------

Node                                   Voltage
----                                   -------
vdd                                        1.8
vdd_active                                 1.8
vss                                          0
sense_p                               0.899923
sense_n                               0.900076
iso_tail                              0.114062
latch_sense_p                       -0.0896074
latch_sense_n                       -0.0895694
reset                                        0
eval                                         0
out_p                                 0.362309
out_n                                  0.36231
tail                                 0.0170356
veval#branch                      -0.000728542
vreset#branch                       0.00134653
vn#branch                         -0.000509263
vp#branch                         -0.000509187
vss#branch                          0.00403978
vactive#branch                     -0.00173201
vdd#branch                         -0.00198731


No. of Data Rows : 1056

  Measurements for Transient Analysis

op_final            =  1.799985e+00
on_final            =  5.796595e-07
lp_before           =  -6.548156e-01
ln_before           =  -6.548201e-01


Total analysis time (seconds) = 0.158

Total elapsed time (seconds) = 0.493 

Total DRAM available = 7943.234 MB.
DRAM currently available =  368.492 MB.
Maximum ngspice program size =   56.656 MB.
Current ngspice program size =   40.875 MB.

Shared ngspice pages =   10.500 MB.
Text (code) pages =    5.316 MB.
Stack = 0 bytes.
Library pages =   38.707 MB.

