Warning: You are sending unauthenticated requests to the HF Hub. Please set a HF_TOKEN to enable higher rate limits and faster downloads.
Loading weights:   0%|          | 0/76 [00:00<?, ?it/s]Loading weights: 100%|██████████| 76/76 [00:00<00:00, 7465.97it/s]
Traceback (most recent call last):
  File "/content/architecture-characterization/static_cache_graph_probe.py", line 167, in <module>
    raise SystemExit(main())
                     ~~~~^^
  File "/content/architecture-characterization/static_cache_graph_probe.py", line 130, in main
    reuse_output = model(input_ids=ids, attention_mask=mask, position_ids=position_ids,
                         cache_position=cache_position, past_key_values=cache, use_cache=True)
  File "/usr/local/lib/python3.13/dist-packages/torch/nn/modules/module.py", line 1779, in _wrapped_call_impl
    return self._call_impl(*args, **kwargs)
           ~~~~~~~~~~~~~~~^^^^^^^^^^^^^^^^^
  File "/usr/local/lib/python3.13/dist-packages/torch/nn/modules/module.py", line 1790, in _call_impl
    return forward_call(*args, **kwargs)
  File "/usr/local/lib/python3.13/dist-packages/transformers/utils/generic.py", line 907, in wrapper
    output = func(self, *args, **kwargs)
  File "/usr/local/lib/python3.13/dist-packages/transformers/models/gpt_neox/modeling_gpt_neox.py", line 452, in forward
    outputs: BaseModelOutputWithPast = self.gpt_neox(
                                       ~~~~~~~~~~~~~^
        input_ids,
        ^^^^^^^^^^
    ...<5 lines>...
        **kwargs,
        ^^^^^^^^^
    )
    ^
  File "/usr/local/lib/python3.13/dist-packages/torch/nn/modules/module.py", line 1779, in _wrapped_call_impl
    return self._call_impl(*args, **kwargs)
           ~~~~~~~~~~~~~~~^^^^^^^^^^^^^^^^^
  File "/usr/local/lib/python3.13/dist-packages/torch/nn/modules/module.py", line 1790, in _call_impl
    return forward_call(*args, **kwargs)
  File "/usr/local/lib/python3.13/dist-packages/transformers/utils/generic.py", line 1036, in wrapper
    output = func(self, *args, **kwargs)
  File "/usr/local/lib/python3.13/dist-packages/transformers/utils/output_capturing.py", line 252, in wrapper
    outputs = func(self, *args, **kwargs)
  File "/usr/local/lib/python3.13/dist-packages/transformers/models/gpt_neox/modeling_gpt_neox.py", line 366, in forward
    hidden_states = layer(
        hidden_states,
    ...<5 lines>...
        **kwargs,
    )
  File "/usr/local/lib/python3.13/dist-packages/transformers/modeling_layers.py", line 93, in __call__
    return super().__call__(*args, **kwargs)
           ~~~~~~~~~~~~~~~~^^^^^^^^^^^^^^^^^
  File "/usr/local/lib/python3.13/dist-packages/torch/nn/modules/module.py", line 1779, in _wrapped_call_impl
    return self._call_impl(*args, **kwargs)
           ~~~~~~~~~~~~~~~^^^^^^^^^^^^^^^^^
  File "/usr/local/lib/python3.13/dist-packages/torch/nn/modules/module.py", line 1790, in _call_impl
    return forward_call(*args, **kwargs)
  File "/usr/local/lib/python3.13/dist-packages/transformers/models/gpt_neox/modeling_gpt_neox.py", line 268, in forward
    attn_output, _ = self.attention(
                     ~~~~~~~~~~~~~~^
        self.input_layernorm(hidden_states),
        ^^^^^^^^^^^^^^^^^^^^^^^^^^^^^^^^^^^^
    ...<5 lines>...
        **kwargs,
        ^^^^^^^^^
    )
    ^
  File "/usr/local/lib/python3.13/dist-packages/torch/nn/modules/module.py", line 1779, in _wrapped_call_impl
    return self._call_impl(*args, **kwargs)
           ~~~~~~~~~~~~~~~^^^^^^^^^^^^^^^^^
  File "/usr/local/lib/python3.13/dist-packages/torch/nn/modules/module.py", line 1790, in _call_impl
    return forward_call(*args, **kwargs)
  File "/usr/local/lib/python3.13/dist-packages/transformers/models/gpt_neox/modeling_gpt_neox.py", line 218, in forward
    query_states, key_states = apply_rotary_pos_emb(query_states, key_states, cos, sin)
                               ~~~~~~~~~~~~~~~~~~~~^^^^^^^^^^^^^^^^^^^^^^^^^^^^^^^^^^^^
  File "/usr/local/lib/python3.13/dist-packages/transformers/models/gpt_neox/modeling_gpt_neox.py", line 157, in apply_rotary_pos_emb
    q_embed = torch.cat([q_embed, q_pass], dim=-1)
RuntimeError: Sizes of tensors must match except in dimension 3. Expected size 5 but got size 1 for tensor number 1 in the list.
$ python static_cache_graph_probe.py --model-id EleutherAI/pythia-70m --revision a39f36b100fe8a5377810d56c3f4789b9c53ac42 --reuse-policy recapture --output reports/static-cache-graph.json
