
No compatibility mode selected!


Circuit: * extracted active converter macro decision-boundary transient.

Option cshunt: 22 capacitors added with 1e-15 F each
Doing analysis at TEMP = 27.000000 and TNOM = 27.000000

Using transient initial conditions

No. of Data Rows : 5031

  Measurements for Transient Analysis

decision_p_v        =  7.333683e-02
decision_n_v        =  2.957463e-01
decision_diff_v     =  2.22409e-01
supply_charge_c     =   -1.90534e-15 from=  2.00000e-13 to=  2.00000e-08
active_supply_charge_c=   -1.04005e-12 from=  2.00000e-13 to=  2.00000e-08
p0_0                =  1.785775e+00
p0_1                =  1.788011e+00
p0_2                =  1.647236e+00
p0_3                =  1.138376e+00
p0_4                =  9.505898e-01
p0_5                =  1.896422e-01
p0_6                =  1.893274e-01
p1_0                =  1.746743e+00
p1_1                =  1.757170e+00
p1_2                =  1.585356e+00
p1_3                =  1.103374e+00
p1_4                =  5.349171e-01
p1_5                =  1.872709e-01
p1_6                =  1.889698e-01
p2_0                =  7.333683e-02
p2_1                =  2.957463e-01
p2_2                =  1.666438e+00
p2_3                =  1.128882e+00
p2_4                =  2.323386e-02
p2_5                =  1.893177e-01
p2_6                =  1.892820e-01
p3_0                =  7.456364e-02
p3_1                =  2.895257e-01
p3_2                =  1.668939e+00
p3_3                =  1.131023e+00
p3_4                =  2.333934e-02
p3_5                =  1.892923e-01
p3_6                =  1.892920e-01
p4_0                =  7.456342e-02
p4_1                =  2.895215e-01
p4_2                =  1.668966e+00
p4_3                =  1.131024e+00
p4_4                =  2.333940e-02
p4_5                =  1.892920e-01
p4_6                =  1.892920e-01
p5_0                =  7.456342e-02
p5_1                =  2.895215e-01
p5_2                =  1.668966e+00
p5_3                =  1.131024e+00
p5_4                =  2.333940e-02
p5_5                =  1.892920e-01
p5_6                =  1.892920e-01

Doing analysis at TEMP = 27.000000 and TNOM = 27.000000

Using transient initial conditions

No. of Data Rows : 5031

  Measurements for Transient Analysis

decision_p_v        =  7.333683e-02
decision_n_v        =  2.957463e-01
decision_diff_v     =  2.22409e-01
supply_charge_c     =   -1.90534e-15 from=  2.00000e-13 to=  2.00000e-08
active_supply_charge_c=   -1.04005e-12 from=  2.00000e-13 to=  2.00000e-08
p0_0                =  1.785775e+00
p0_1                =  1.788011e+00
p0_2                =  1.647236e+00
p0_3                =  1.138376e+00
p0_4                =  9.505898e-01
p0_5                =  1.896422e-01
p0_6                =  1.893274e-01
p1_0                =  1.746743e+00
p1_1                =  1.757170e+00
p1_2                =  1.585356e+00
p1_3                =  1.103374e+00
p1_4                =  5.349171e-01
p1_5                =  1.872709e-01
p1_6                =  1.889698e-01
p2_0                =  7.333683e-02
p2_1                =  2.957463e-01
p2_2                =  1.666438e+00
p2_3                =  1.128882e+00
p2_4                =  2.323386e-02
p2_5                =  1.893177e-01
p2_6                =  1.892820e-01
p3_0                =  7.456364e-02
p3_1                =  2.895257e-01
p3_2                =  1.668939e+00
p3_3                =  1.131023e+00
p3_4                =  2.333934e-02
p3_5                =  1.892923e-01
p3_6                =  1.892920e-01
p4_0                =  7.456342e-02
p4_1                =  2.895215e-01
p4_2                =  1.668966e+00
p4_3                =  1.131024e+00
p4_4                =  2.333940e-02
p4_5                =  1.892920e-01
p4_6                =  1.892920e-01
p5_0                =  7.456342e-02
p5_1                =  2.895215e-01
p5_2                =  1.668966e+00
p5_3                =  1.131024e+00
p5_4                =  2.333940e-02
p5_5                =  1.892920e-01
p5_6                =  1.892920e-01


Total analysis time (seconds) = 3.137

Total elapsed time (seconds) = 13.150 

Total DRAM available = 7943.238 MB.
DRAM currently available =  192.469 MB.
Maximum ngspice program size =  120.949 MB.
Current ngspice program size =  105.000 MB.

Shared ngspice pages =   10.375 MB.
Text (code) pages =    5.316 MB.
Stack = 0 bytes.
Library pages =  103.000 MB.

