
Compatibility modes selected: hs a


Circuit: * signed small-signal extracted latch diagnostic, no structural mos substitution.

option SCALE: Scale is set to 1e-06 for instance and model parameters
option SCALE: Scale is set to 1e-06 for instance and model parameters
Doing analysis at TEMP = 27.000000 and TNOM = 27.000000

Warning: veval: no DC value, transient time 0 value used
Warning: vreset: no DC value, transient time 0 value used
Warning: vn: no DC value, transient time 0 value used
Warning: vp: no DC value, transient time 0 value used

Initial Transient Solution
--------------------------

Node                                   Voltage
----                                   -------
vdd                                       1.75
vdd_active                                 1.8
vss                                          0
sense_p                                0.89975
sense_n                                0.90025
iso_tail                              0.176131
latch_sense_p                           1.1026
latch_sense_n                           1.0974
reset                                        0
eval                                         0
out_p                                     1.75
out_n                                     1.75
tail                                   1.33263
rx_p                               8.69281e-08
rx_n                               8.69281e-08
veval#branch                                 0
vreset#branch                                0
vn#branch                                    0
vp#branch                                    0
vss#branch                         1.07267e-10
vactive#branch                    -4.00009e-06
vdd#branch                        -1.41497e-11


No. of Data Rows : 10238

  Measurements for Transient Analysis

op_final            =  1.697404e-02
on_final            =  9.232179e-01
lp_before           =  1.102604e+00
ln_before           =  1.097396e+00

binary raw file "waveform.raw"
Doing analysis at TEMP = 27.000000 and TNOM = 27.000000

Warning: veval: no DC value, transient time 0 value used
Warning: vreset: no DC value, transient time 0 value used
Warning: vn: no DC value, transient time 0 value used
Warning: vp: no DC value, transient time 0 value used

Initial Transient Solution
--------------------------

Node                                   Voltage
----                                   -------
vdd                                       1.75
vdd_active                                 1.8
vss                                          0
sense_p                                0.89975
sense_n                                0.90025
iso_tail                              0.176035
latch_sense_p                        0.0124843
latch_sense_n                        0.0126317
reset                                        0
eval                                         0
out_p                                   0.6587
out_n                                 0.658702
tail                                 0.0336833
rx_p                                  0.971928
rx_n                                  0.971927
veval#branch                      -0.000879093
vreset#branch                       0.00158727
vn#branch                         -0.000558355
vp#branch                         -0.000558076
vss#branch                          0.00435677
vactive#branch                     -0.00182448
vdd#branch                         -0.00212804


No. of Data Rows : 10239

  Measurements for Transient Analysis

op_final            =  1.429863e-02
on_final            =  1.270565e+00
lp_before           =  8.725049e-01
ln_before           =  8.683971e-01


Total analysis time (seconds) = 16.349

Total elapsed time (seconds) = 17.679 

Total DRAM available = 7943.238 MB.
DRAM currently available =  111.301 MB.
Maximum ngspice program size =   62.543 MB.
Current ngspice program size =   44.133 MB.

Shared ngspice pages =    7.875 MB.
Text (code) pages =    5.316 MB.
Stack = 0 bytes.
Library pages =   44.594 MB.

