
Compatibility modes selected: hs a


Circuit: * signed small-signal extracted latch diagnostic, no structural mos substitution.

option SCALE: Scale is set to 1e-06 for instance and model parameters
option SCALE: Scale is set to 1e-06 for instance and model parameters
Doing analysis at TEMP = 27.000000 and TNOM = 27.000000

Warning: veval: no DC value, transient time 0 value used
Warning: vreset: no DC value, transient time 0 value used

Initial Transient Solution
--------------------------

Node                                   Voltage
----                                   -------
vdd                                        1.8
vdd_active                                 1.8
vss                                          0
sense_p                                 0.8975
sense_n                                 0.9025
iso_tail                              0.178834
latch_sense_p                          1.60788
latch_sense_n                           1.5921
reset                                        0
eval                                         0
out_p                                      1.8
out_n                                      1.8
tail                                   1.38966
veval#branch                                 0
vreset#branch                                0
vn#branch                                    0
vp#branch                                    0
vss#branch                         1.49618e-10
vactive#branch                    -4.00013e-06
vdd#branch                        -1.47981e-11


No. of Data Rows : 1052

  Measurements for Transient Analysis

op_final            =  1.296805e-01
on_final            =  1.313144e-01
lp_before           =  1.607885e+00
ln_before           =  1.592102e+00

binary raw file "waveform.raw"
Doing analysis at TEMP = 27.000000 and TNOM = 27.000000

Warning: veval: no DC value, transient time 0 value used
Warning: vreset: no DC value, transient time 0 value used

Initial Transient Solution
--------------------------

Node                                   Voltage
----                                   -------
vdd                                        1.8
vdd_active                                 1.8
vss                                          0
sense_p                                 0.8975
sense_n                                 0.9025
iso_tail                              0.155108
latch_sense_p                        -0.072049
latch_sense_n                       -0.0707381
reset                                        0
eval                                         0
out_p                                 0.563381
out_n                                   0.5634
tail                                 0.0300236
veval#branch                      -0.000546748
vreset#branch                       0.00101233
vn#branch                         -0.000372279
vp#branch                         -0.000370528
vss#branch                          0.00375001
vactive#branch                     -0.00203976
vdd#branch                         -0.00143703


No. of Data Rows : 1051

  Measurements for Transient Analysis

op_final            =  1.296591e-01
on_final            =  1.312930e-01
lp_before           =  1.603565e+00
ln_before           =  1.587769e+00


Total analysis time (seconds) = 0.183

Total elapsed time (seconds) = 0.608 

Total DRAM available = 7943.230 MB.
DRAM currently available =  388.574 MB.
Maximum ngspice program size =   56.660 MB.
Current ngspice program size =   40.875 MB.

Shared ngspice pages =   10.375 MB.
Text (code) pages =    5.316 MB.
Stack = 0 bytes.
Library pages =   38.711 MB.

