Warning: vregen: no DC value, transient time 0 value used
Warning: vsample: no DC value, transient time 0 value used
Warning: veval: no DC value, transient time 0 value used
Warning: vreset: no DC value, transient time 0 value used
 Reference value :  2.00000e-13
 Reference value :  7.20454e-09
 Reference value :  1.18713e-08
 Reference value :  1.78113e-08
Warning: vregen: no DC value, transient time 0 value used
Warning: vsample: no DC value, transient time 0 value used
Warning: veval: no DC value, transient time 0 value used
Warning: vreset: no DC value, transient time 0 value used
 Reference value :  3.52454e-09
 Reference value :  4.94454e-09
 Reference value :  5.34454e-09
 Reference value :  5.66454e-09
 Reference value :  5.98454e-09
 Reference value :  1.05113e-08
 Reference value :  1.59313e-08
Original line no.: 63, new internal line no.: 870:
insertnumber: fails.
  s = ".measure tran decision_diff_v param=   -1.275661168535213e+00   " u=" -1.275661168535213e+00  " id=0
