
No compatibility mode selected!


Circuit: * extracted active converter macro decision-boundary transient.

Option cshunt: 26 capacitors added with 1e-15 F each
Doing analysis at TEMP = 27.000000 and TNOM = 27.000000

Using transient initial conditions

No. of Data Rows : 1049

  Measurements for Transient Analysis

decision_p_v        =  1.365931e+00
decision_n_v        =  9.026956e-02
decision_diff_v     =  -1.27566e+00
supply_charge_c     =   -1.90479e-15 from=  2.00000e-13 to=  2.00000e-08
active_supply_charge_c=   -7.39353e-13 from=  2.00000e-13 to=  2.00000e-08
acquired_p          =  1.801303e+00
acquired_n          =  1.649069e+00

Doing analysis at TEMP = 27.000000 and TNOM = 27.000000

Using transient initial conditions

No. of Data Rows : 1049

  Measurements for Transient Analysis

decision_p_v        =  1.365931e+00
decision_n_v        =  9.026956e-02
decision_diff_v     =  -1.27566e+00
supply_charge_c     =   -1.90479e-15 from=  2.00000e-13 to=  2.00000e-08
active_supply_charge_c=   -7.39353e-13 from=  2.00000e-13 to=  2.00000e-08
acquired_p          =  1.801303e+00
acquired_n          =  1.649069e+00


Total analysis time (seconds) = 3.171

Total elapsed time (seconds) = 5.245 

Total DRAM available = 7943.238 MB.
DRAM currently available =  140.168 MB.
Maximum ngspice program size =  128.105 MB.
Current ngspice program size =  112.375 MB.

Shared ngspice pages =   10.375 MB.
Text (code) pages =    5.316 MB.
Stack = 0 bytes.
Library pages =  110.156 MB.

