
Compatibility modes selected: hs a


Circuit: * signed small-signal extracted latch diagnostic, no structural mos substitution.

option SCALE: Scale is set to 1e-06 for instance and model parameters
option SCALE: Scale is set to 1e-06 for instance and model parameters
Doing analysis at TEMP = 27.000000 and TNOM = 27.000000

Warning: veqreset: no DC value, transient time 0 value used
Warning: veval: no DC value, transient time 0 value used
Warning: vreset: no DC value, transient time 0 value used
Warning: vn: no DC value, transient time 0 value used
Warning: vp: no DC value, transient time 0 value used

Initial Transient Solution
--------------------------

Node                                   Voltage
----                                   -------
vdd                                       1.75
vdd_active                                 1.8
vss                                          0
sense_p                                0.89975
sense_n                                0.90025
iso_tail                              0.176131
latch_sense_p                          1.10056
latch_sense_n                          1.09944
reset                                        0
eval                                         0
eq_reset                                     0
rx_p                               8.69099e-08
out_p                                     1.75
out_n                                     1.75
rx_n                               8.69099e-08
tail                                   1.33263
veqreset#branch                              0
veval#branch                                 0
vreset#branch                                0
vn#branch                                    0
vp#branch                                    0
vss#branch                         1.07248e-10
vactive#branch                    -4.00009e-06
vdd#branch                        -1.41487e-11


No. of Data Rows : 10286

  Measurements for Transient Analysis

op_final            =  1.641749e-02
on_final            =  1.554230e+00
lp_before           =  1.114868e+00
ln_before           =  1.111146e+00

binary raw file "waveform.raw"
Doing analysis at TEMP = 27.000000 and TNOM = 27.000000

Warning: veqreset: no DC value, transient time 0 value used
Warning: veval: no DC value, transient time 0 value used
Warning: vreset: no DC value, transient time 0 value used
Warning: vn: no DC value, transient time 0 value used
Warning: vp: no DC value, transient time 0 value used

Initial Transient Solution
--------------------------

Node                                   Voltage
----                                   -------
vdd                                       1.75
vdd_active                                 1.8
vss                                          0
sense_p                                0.89975
sense_n                                0.90025
iso_tail                              0.161314
latch_sense_p                         0.444131
latch_sense_n                         0.444198
reset                                        0
eval                                         0
eq_reset                                     0
rx_p                                  0.780169
out_p                                 0.881089
out_n                                 0.881091
rx_n                                  0.780167
tail                                 0.0650332
veqreset#branch                    0.000385823
veval#branch                      -0.000871679
vreset#branch                       0.00159332
vn#branch                           -0.0004613
vp#branch                         -0.000461021
vss#branch                          0.00573006
vactive#branch                     -0.00394049
vdd#branch                          -0.0019787


No. of Data Rows : 10288

  Measurements for Transient Analysis

op_final            =  1.423255e-02
on_final            =  1.594079e+00
lp_before           =  9.266849e-01
ln_before           =  9.246000e-01


Total analysis time (seconds) = 4.748

Total elapsed time (seconds) = 5.493 

Total DRAM available = 7943.238 MB.
DRAM currently available = 1044.980 MB.
Maximum ngspice program size =   63.055 MB.
Current ngspice program size =   46.945 MB.

Shared ngspice pages =   10.125 MB.
Text (code) pages =    5.316 MB.
Stack = 0 bytes.
Library pages =   45.105 MB.

