
Compatibility modes selected: hs a


Circuit: * signed small-signal extracted latch diagnostic, no structural mos substitution.

option SCALE: Scale is set to 1e-06 for instance and model parameters
option SCALE: Scale is set to 1e-06 for instance and model parameters
Doing analysis at TEMP = 27.000000 and TNOM = 27.000000

Warning: veval: no DC value, transient time 0 value used
Warning: vreset: no DC value, transient time 0 value used

Initial Transient Solution
--------------------------

Node                                   Voltage
----                                   -------
vdd                                       1.75
vdd_active                                 1.8
vss                                          0
sense_p                                 0.9005
sense_n                                 0.8995
iso_tail                              0.176132
latch_sense_p                          1.09479
latch_sense_n                          1.10521
reset                                        0
eval                                         0
out_p                                     1.75
out_n                                     1.75
tail                                   1.33263
veval#branch                                 0
vreset#branch                                0
vn#branch                                    0
vp#branch                                    0
vss#branch                          1.6998e-11
vactive#branch                          -4e-06
vdd#branch                        -1.41497e-11


No. of Data Rows : 1052

  Measurements for Transient Analysis

op_final            =  1.089957e+00
on_final            =  1.589353e-02
lp_before           =  1.094792e+00
ln_before           =  1.105207e+00

binary raw file "waveform.raw"
Doing analysis at TEMP = 27.000000 and TNOM = 27.000000

Warning: veval: no DC value, transient time 0 value used
Warning: vreset: no DC value, transient time 0 value used

Initial Transient Solution
--------------------------

Node                                   Voltage
----                                   -------
vdd                                       1.75
vdd_active                                 1.8
vss                                          0
sense_p                                 0.9005
sense_n                                 0.8995
iso_tail                              0.183335
latch_sense_p                       0.00981087
latch_sense_n                       0.00952263
reset                                        0
eval                                         0
out_p                                 0.637539
out_n                                 0.637535
tail                                 0.0348369
veval#branch                       -0.00119724
vreset#branch                       0.00218017
vn#branch                         -0.000766503
vp#branch                         -0.000767265
vss#branch                          0.00571718
vactive#branch                     -0.00226464
vdd#branch                          -0.0029057


No. of Data Rows : 1052

  Measurements for Transient Analysis

op_final            =  1.295377e+00
on_final            =  1.394061e-02
lp_before           =  8.673514e-01
ln_before           =  8.756080e-01


Total analysis time (seconds) = 0.14

Total elapsed time (seconds) = 0.494 

Total DRAM available = 7943.238 MB.
DRAM currently available = 1000.164 MB.
Maximum ngspice program size =   56.660 MB.
Current ngspice program size =   40.750 MB.

Shared ngspice pages =   10.250 MB.
Text (code) pages =    5.316 MB.
Stack = 0 bytes.
Library pages =   38.711 MB.

