
No compatibility mode selected!


Circuit: * extracted active converter macro decision-boundary transient.

Option cshunt: 26 capacitors added with 1e-15 F each
Doing analysis at TEMP = 27.000000 and TNOM = 27.000000

Using transient initial conditions

No. of Data Rows : 1049

  Measurements for Transient Analysis

decision_p_v        =  9.088711e-01
decision_n_v        =  3.128129e-01
decision_diff_v     =  -5.96058e-01
supply_charge_c     =   -1.90506e-15 from=  2.00000e-13 to=  2.00000e-08
active_supply_charge_c=   -6.82823e-13 from=  2.00000e-13 to=  2.00000e-08
acquired_p          =  1.744899e+00
acquired_n          =  1.746131e+00

Doing analysis at TEMP = 27.000000 and TNOM = 27.000000

Using transient initial conditions

No. of Data Rows : 1049

  Measurements for Transient Analysis

decision_p_v        =  9.088711e-01
decision_n_v        =  3.128129e-01
decision_diff_v     =  -5.96058e-01
supply_charge_c     =   -1.90506e-15 from=  2.00000e-13 to=  2.00000e-08
active_supply_charge_c=   -6.82823e-13 from=  2.00000e-13 to=  2.00000e-08
acquired_p          =  1.744899e+00
acquired_n          =  1.746131e+00


Total analysis time (seconds) = 1.044

Total elapsed time (seconds) = 3.198 

Total DRAM available = 7943.238 MB.
DRAM currently available =   86.551 MB.
Maximum ngspice program size =  128.113 MB.
Current ngspice program size =  112.000 MB.

Shared ngspice pages =   10.125 MB.
Text (code) pages =    5.316 MB.
Stack = 0 bytes.
Library pages =  110.164 MB.

