
Circuit 1 cell sky130_fd_pr__nfet_01v8 and Circuit 2 cell sky130_fd_pr__nfet_01v8 are black boxes.
Warning: Equate pins:  cell sky130_fd_pr__nfet_01v8 is a placeholder, treated as a black box.
Warning: Equate pins:  cell sky130_fd_pr__nfet_01v8 is a placeholder, treated as a black box.

Subcircuit pins:
Circuit 1: sky130_fd_pr__nfet_01v8         |Circuit 2: sky130_fd_pr__nfet_01v8         
-------------------------------------------|-------------------------------------------
1                                          |1                                          
2                                          |2                                          
3                                          |3                                          
4                                          |4                                          
---------------------------------------------------------------------------------------
Cell pin lists are equivalent.
Device classes sky130_fd_pr__nfet_01v8 and sky130_fd_pr__nfet_01v8 are equivalent.

Circuit 1 cell sky130_fd_pr__pfet_01v8 and Circuit 2 cell sky130_fd_pr__pfet_01v8 are black boxes.
Warning: Equate pins:  cell sky130_fd_pr__pfet_01v8 is a placeholder, treated as a black box.
Warning: Equate pins:  cell sky130_fd_pr__pfet_01v8 is a placeholder, treated as a black box.

Subcircuit pins:
Circuit 1: sky130_fd_pr__pfet_01v8         |Circuit 2: sky130_fd_pr__pfet_01v8         
-------------------------------------------|-------------------------------------------
1                                          |1                                          
2                                          |2                                          
3                                          |3                                          
4                                          |4                                          
---------------------------------------------------------------------------------------
Cell pin lists are equivalent.
Device classes sky130_fd_pr__pfet_01v8 and sky130_fd_pr__pfet_01v8 are equivalent.
Flattening unmatched subcell sky130_isolated_frontend_active_load_latch_v2 in circuit aimc_converter_macro_active_candidate_flat (1)(1 instance)

Cell aimc_converter_macro_active_candidate_flat (0) disconnected node: vdd
Cell aimc_converter_macro_active_candidate_flat (0) disconnected node: decision_p
Cell aimc_converter_macro_active_candidate_flat (0) disconnected node: decision_n
Cell aimc_converter_macro_active_candidate_flat (0) disconnected node: reset
Cell aimc_converter_macro_active_candidate_flat (0) disconnected node: eval
Cell aimc_converter_macro_active_candidate_flat (0) disconnected node: latch_sense_p_ext
Cell aimc_converter_macro_active_candidate_flat (0) disconnected node: iso_tail_ext
Cell aimc_converter_macro_active_candidate_flat (0) disconnected node: tail_ext
Cell aimc_converter_macro_active_candidate_flat (0) disconnected node: vdd_active_ext
Cell aimc_converter_macro_active_candidate_flat (0) disconnected node: vdd_ext
Cell aimc_converter_macro_active_candidate_flat (0) disconnected node: latch_sense_n_ext_uq1
Cell aimc_converter_macro_active_candidate_flat (1) disconnected node: vss
Cell aimc_converter_macro_active_candidate_flat (1) disconnected node: vdd
Class aimc_converter_macro_active_candidate_flat (0):  Merged 6 parallel devices.
Cell aimc_converter_macro_active_candidate_flat (0) disconnected node: vdd
Cell aimc_converter_macro_active_candidate_flat (0) disconnected node: decision_p
Cell aimc_converter_macro_active_candidate_flat (0) disconnected node: decision_n
Cell aimc_converter_macro_active_candidate_flat (0) disconnected node: reset
Cell aimc_converter_macro_active_candidate_flat (0) disconnected node: eval
Cell aimc_converter_macro_active_candidate_flat (0) disconnected node: latch_sense_p_ext
Cell aimc_converter_macro_active_candidate_flat (0) disconnected node: iso_tail_ext
Cell aimc_converter_macro_active_candidate_flat (0) disconnected node: tail_ext
Cell aimc_converter_macro_active_candidate_flat (0) disconnected node: vdd_active_ext
Cell aimc_converter_macro_active_candidate_flat (0) disconnected node: vdd_ext
Cell aimc_converter_macro_active_candidate_flat (0) disconnected node: latch_sense_n_ext_uq1
Cell aimc_converter_macro_active_candidate_flat (1) disconnected node: vss
Cell aimc_converter_macro_active_candidate_flat (1) disconnected node: vdd
Subcircuit summary:
Circuit 1: aimc_converter_macro_active_can |Circuit 2: aimc_converter_macro_active_can 
-------------------------------------------|-------------------------------------------
sky130_fd_pr__nfet_01v8 (10->6)            |sky130_fd_pr__nfet_01v8 (9) **Mismatch**   
sky130_fd_pr__pfet_01v8 (4->2)             |sky130_fd_pr__pfet_01v8 (4) **Mismatch**   
Number of devices: 8 **Mismatch**          |Number of devices: 13 **Mismatch**         
Number of nets: 9 **Mismatch**             |Number of nets: 13 **Mismatch**            
---------------------------------------------------------------------------------------
NET mismatches: Class fragments follow (with fanout counts):
Circuit 1: aimc_converter_macro_active_can |Circuit 2: aimc_converter_macro_active_can 

---------------------------------------------------------------------------------------
Net: converter_latch_0.sense_p             |Net: reset                                 
  sky130_fd_pr__nfet_01v8/2 = 1            |  sky130_fd_pr__pfet_01v8/2 = 2            
                                           |                                           
Net: converter_latch_0.iso_tail            |Net: row_drive                             
  sky130_fd_pr__nfet_01v8/(1|3) = 1        |  sky130_fd_pr__nfet_01v8/2 = 2            
                                           |                                           
Net: converter_latch_0.reset               |Net: sar_comparator_input                  
  sky130_fd_pr__pfet_01v8/2 = 1            |  sky130_fd_pr__nfet_01v8/2 = 2            
                                           |                                           
Net: physical_preamp_p.drain               |Net: iso_tail_ext                          
  sky130_fd_pr__nfet_01v8/(1|3) = 1        |  sky130_fd_pr__nfet_01v8/(1|3) = 2        
                                           |                                           
Net: vss                                   |Net: preamp_iso_tail_ext                   
  sky130_fd_pr__nfet_01v8/4 = 6            |  sky130_fd_pr__nfet_01v8/(1|3) = 2        
  sky130_fd_pr__nfet_01v8/(1|3) = 8        |                                           
  sky130_fd_pr__nfet_01v8/2 = 1            |                                           
                                           |                                           
Net: converter_latch_0.vdd_active          |Net: decision_p                            
  sky130_fd_pr__pfet_01v8/(1|3) = 1        |  sky130_fd_pr__nfet_01v8/(1|3) = 2        
  sky130_fd_pr__pfet_01v8/4 = 1            |  sky130_fd_pr__nfet_01v8/2 = 1            
                                           |  sky130_fd_pr__pfet_01v8/(1|3) = 2        
                                           |  sky130_fd_pr__pfet_01v8/2 = 1            
                                           |                                           
Net: converter_latch_0.vdd                 |Net: decision_n                            
  sky130_fd_pr__pfet_01v8/(1|3) = 1        |  sky130_fd_pr__nfet_01v8/(1|3) = 2        
  sky130_fd_pr__pfet_01v8/4 = 1            |  sky130_fd_pr__nfet_01v8/2 = 1            
                                           |  sky130_fd_pr__pfet_01v8/2 = 1            
                                           |  sky130_fd_pr__pfet_01v8/(1|3) = 2        
                                           |                                           
(no matching net)                          |Net: latch_sense_p_ext                     
                                           |  sky130_fd_pr__nfet_01v8/(1|3) = 2        
                                           |  sky130_fd_pr__nfet_01v8/2 = 1            
                                           |                                           
(no matching net)                          |Net: latch_sense_n_ext                     
                                           |  sky130_fd_pr__nfet_01v8/(1|3) = 2        
                                           |  sky130_fd_pr__nfet_01v8/2 = 1            
                                           |                                           
(no matching net)                          |Net: tail_ext                              
                                           |  sky130_fd_pr__nfet_01v8/(1|3) = 5        
                                           |                                           
(no matching net)                          |Net: vss_escape                            
                                           |  sky130_fd_pr__nfet_01v8/4 = 9            
                                           |  sky130_fd_pr__nfet_01v8/(1|3) = 1        
---------------------------------------------------------------------------------------

---------------------------------------------------------------------------------------
Net: row_drive                             |Net: vdd_ext                               
  sky130_fd_pr__pfet_01v8/(1|3) = 2        |  sky130_fd_pr__pfet_01v8/(1|3) = 4        
  sky130_fd_pr__nfet_01v8/2 = 3            |  sky130_fd_pr__pfet_01v8/4 = 4            
  sky130_fd_pr__nfet_01v8/(1|3) = 2        |                                           
  sky130_fd_pr__pfet_01v8/2 = 1            |                                           
---------------------------------------------------------------------------------------
DEVICE mismatches: Class fragments follow (with node fanout counts):
Circuit 1: aimc_converter_macro_active_can |Circuit 2: aimc_converter_macro_active_can 

---------------------------------------------------------------------------------------
Instance: sky130_fd_pr__nfet_01v8:0        |Instance: sky130_isolated_frontend_active_ 
  (1,3) = (8,1)                            |  (1,3) = (3,2)                            
  2 = 1                                    |  2 = 2                                    
  4 = 15                                   |  4 = 10                                   
                                           |                                           
Instance: sky130_fd_pr__nfet_01v8:1        |Instance: sky130_isolated_frontend_active_ 
  (1,3) = (15,15)                          |  (1,3) = (3,2)                            
  2 = 15                                   |  2 = 2                                    
  4 = 15                                   |  4 = 10                                   
                                           |                                           
Instance: sky130_fd_pr__nfet_01v8:2        |Instance: sky130_isolated_frontend_active_ 
  (1,3) = (15,8)                           |  (1,3) = (6,5)                            
  2 = 8                                    |  2 = 3                                    
  4 = 15                                   |  4 = 10                                   
                                           |                                           
Instance: sky130_fd_pr__nfet_01v8:6        |Instance: sky130_isolated_frontend_active_ 
  (1,3) = (15,15)                          |  (1,3) = (6,5)                            
  2 = 8                                    |  2 = 3                                    
  4 = 15                                   |  4 = 10                                   
                                           |                                           
Instance: sky130_fd_pr__nfet_01v8:11       |Instance: sky130_isolated_frontend_active_ 
  (1,3) = (15,1)                           |  (1,3) = (6,5)                            
  2 = 8                                    |  2 = 6                                    
  4 = 15                                   |  4 = 10                                   
                                           |                                           
Instance: sky130_fd_pr__pfet_01v8:4        |Instance: sky130_isolated_frontend_active_ 
  (1,3) = (8,2)                            |  (1,3) = (6,5)                            
  2 = 8                                    |  2 = 6                                    
  4 = 2                                    |  4 = 10                                   
                                           |                                           
Instance: sky130_fd_pr__pfet_01v8:7        |Instance: sky130_fd_pr__nfet_01v8:preamp_p 
  (1,3) = (8,2)                            |  (1,3) = (3,2)                            
  2 = 1                                    |  2 = 2                                    
  4 = 2                                    |  4 = 10                                   
                                           |                                           
(no matching instance)                     |Instance: sky130_fd_pr__nfet_01v8:preamp_n 
                                           |  (1,3) = (3,2)                            
                                           |  2 = 2                                    
                                           |  4 = 10                                   
                                           |                                           
                                           |                                           
(no matching instance)                     |Instance: sky130_isolated_frontend_active_ 
                                           |  (1,3) = (8,6)                            
                                           |  2 = 6                                    
                                           |  4 = 8                                    
                                           |                                           
                                           |                                           
(no matching instance)                     |Instance: sky130_isolated_frontend_active_ 
                                           |  (1,3) = (8,6)                            
                                           |  2 = 6                                    
                                           |  4 = 8                                    
                                           |                                           
                                           |                                           
(no matching instance)                     |Instance: sky130_isolated_frontend_active_ 
                                           |  (1,3) = (8,6)                            
                                           |  2 = 2                                    
                                           |  4 = 8                                    
                                           |                                           
                                           |                                           
(no matching instance)                     |Instance: sky130_isolated_frontend_active_ 
                                           |  (1,3) = (8,6)                            
                                           |  2 = 2                                    
                                           |  4 = 8                                    
                                           |                                           
---------------------------------------------------------------------------------------
Netlists do not match.
Port matching may fail to disambiguate symmetries.

Subcircuit pins:
Circuit 1: aimc_converter_macro_active_can |Circuit 2: aimc_converter_macro_active_can 
-------------------------------------------|-------------------------------------------
vss                                        |preamp_iso_tail_ext **Mismatch**           
row_drive                                  |vdd_ext **Mismatch**                       
vdd                                        |vdd                                        
(no matching pin)                          |vss                                        
(no pin, node is converter_latch_0.vdd)    |row_drive                                  
(no pin, node is converter_latch_0.vdd)    |sar_comparator_input                       
(no pin, node is converter_latch_0.vdd)    |decision_p                                 
(no pin, node is converter_latch_0.vdd)    |decision_n                                 
(no pin, node is converter_latch_0.vdd)    |reset                                      
(no pin, node is converter_latch_0.eval)   |eval                                       
(no pin, node is converter_latch_0.vdd)    |vss_escape                                 
(no pin, node is converter_latch_0.vdd)    |latch_sense_p_ext                          
(no pin, node is converter_latch_0.vdd)    |latch_sense_n_ext                          
(no pin, node is converter_latch_0.vdd)    |iso_tail_ext                               
(no pin, node is converter_latch_0.vdd)    |tail_ext                                   
decision_p                                 |(no matching pin)                          
decision_n                                 |(no matching pin)                          
reset                                      |(no matching pin)                          
eval                                       |(no matching pin)                          
latch_sense_p_ext                          |(no matching pin)                          
iso_tail_ext                               |(no matching pin)                          
tail_ext                                   |(no matching pin)                          
vdd_active_ext                             |(no matching pin)                          
vdd_ext                                    |(no matching pin)                          
latch_sense_n_ext_uq1                      |(no matching pin)                          
---------------------------------------------------------------------------------------
Cell pin lists for aimc_converter_macro_active_candidate_flat and aimc_converter_macro_active_candidate_flat altered to match.
Device classes aimc_converter_macro_active_candidate_flat and aimc_converter_macro_active_candidate_flat are equivalent.

Final result: Top level cell failed pin matching.
