
No compatibility mode selected!


Circuit: * candidate 8-bit reference dac: ideal resistors, sky130 transmission gates.

Doing analysis at TEMP = 27.000000 and TNOM = 27.000000


No. of Data Rows : 1
REF_CODE_0
v(n0) = 1.012550576693949e-09
i(vref) = -2.07316463323986e-11
i(vdd) = -5.49722073417414e-11
Doing analysis at TEMP = 27.000000 and TNOM = 27.000000


No. of Data Rows : 1
REF_CODE_1
v(n0) = 4.680296919871736e-03
i(vref) = -3.98559989304233e-06
i(vdd) = -5.25782056781665e-11
Doing analysis at TEMP = 27.000000 and TNOM = 27.000000


No. of Data Rows : 1
REF_CODE_2
v(n0) = 9.358750579983418e-03
i(vref) = -3.98528698551340e-06
i(vdd) = -5.25769636161577e-11
Doing analysis at TEMP = 27.000000 and TNOM = 27.000000


No. of Data Rows : 1
REF_CODE_3
v(n0) = 1.404972211704209e-02
i(vref) = -5.98313409788036e-06
i(vdd) = -5.01812688624703e-11
Doing analysis at TEMP = 27.000000 and TNOM = 27.000000


No. of Data Rows : 1
REF_CODE_4
v(n0) = 1.871290036367078e-02
i(vref) = -3.98452520271345e-06
i(vdd) = -5.25760129876929e-11
Doing analysis at TEMP = 27.000000 and TNOM = 27.000000


No. of Data Rows : 1
REF_CODE_5
v(n0) = 2.340210207782936e-02
i(vref) = -6.97599166442115e-06
i(vdd) = -5.01817892795131e-11
Doing analysis at TEMP = 27.000000 and TNOM = 27.000000


No. of Data Rows : 1
REF_CODE_6
v(n0) = 2.809300560438499e-02
i(vref) = -5.98119654135452e-06
i(vdd) = -5.01792773999199e-11
Doing analysis at TEMP = 27.000000 and TNOM = 27.000000


No. of Data Rows : 1
REF_CODE_7
v(n0) = 3.279284605142302e-02
i(vref) = -6.98189129206715e-06
i(vdd) = -4.77832148848556e-11
Doing analysis at TEMP = 27.000000 and TNOM = 27.000000


No. of Data Rows : 1
REF_CODE_8
v(n0) = 3.741620316661290e-02
i(vref) = -3.98160202600709e-06
i(vdd) = -5.25762350322978e-11
Doing analysis at TEMP = 27.000000 and TNOM = 27.000000


No. of Data Rows : 1
REF_CODE_9
v(n0) = 4.210452867757710e-02
i(vref) = -7.46935876781143e-06
i(vdd) = -5.01812758013642e-11
Doing analysis at TEMP = 27.000000 and TNOM = 27.000000


No. of Data Rows : 1
REF_CODE_10
v(n0) = 4.679278722289779e-02
i(vref) = -6.97122835592500e-06
i(vdd) = -5.01801378227640e-11
Doing analysis at TEMP = 27.000000 and TNOM = 27.000000


No. of Data Rows : 1
REF_CODE_11
v(n0) = 5.149177693835066e-02
i(vref) = -8.46991967288504e-06
i(vdd) = -4.77841516355326e-11
Doing analysis at TEMP = 27.000000 and TNOM = 27.000000


No. of Data Rows : 1
REF_CODE_12
v(n0) = 5.617186615649079e-02
i(vref) = -5.97455298231313e-06
i(vdd) = -5.01788680051796e-11
Doing analysis at TEMP = 27.000000 and TNOM = 27.000000


No. of Data Rows : 1
REF_CODE_13
v(n0) = 6.086905960276598e-02
i(vref) = -8.46686292442478e-06
i(vdd) = -4.77839365298216e-11
Doing analysis at TEMP = 27.000000 and TNOM = 27.000000


No. of Data Rows : 1
REF_CODE_14
v(n0) = 6.556973191853885e-02
i(vref) = -6.97253803682738e-06
i(vdd) = -4.77811817889418e-11
Doing analysis at TEMP = 27.000000 and TNOM = 27.000000


No. of Data Rows : 1
REF_CODE_15
v(n0) = 7.027755277700806e-02
i(vref) = -7.47274963371915e-06
i(vdd) = -4.53832874058868e-11
Doing analysis at TEMP = 27.000000 and TNOM = 27.000000


No. of Data Rows : 1
REF_CODE_16
v(n0) = 7.481348739992935e-02
i(vref) = -3.96994594224201e-06
i(vdd) = -5.25756244096343e-11
Doing analysis at TEMP = 27.000000 and TNOM = 27.000000


No. of Data Rows : 1
REF_CODE_17
v(n0) = 7.950141217737704e-02
i(vref) = -7.70511169612131e-06
i(vdd) = -5.01815880515899e-11
Doing analysis at TEMP = 27.000000 and TNOM = 27.000000


No. of Data Rows : 1
REF_CODE_18
v(n0) = 8.418838676524194e-02
i(vref) = -7.45443558019572e-06
i(vdd) = -5.01800059837798e-11
Doing analysis at TEMP = 27.000000 and TNOM = 27.000000


No. of Data Rows : 1
REF_CODE_19
v(n0) = 8.888698930279043e-02
i(vref) = -9.20124606239845e-06
i(vdd) = -4.77849426694377e-11
Doing analysis at TEMP = 27.000000 and TNOM = 27.000000


No. of Data Rows : 1
REF_CODE_20
v(n0) = 9.356225504156983e-02
i(vref) = -6.95295004217901e-06
i(vdd) = -5.01785349382722e-11
Doing analysis at TEMP = 27.000000 and TNOM = 27.000000


No. of Data Rows : 1
REF_CODE_21
v(n0) = 9.825907242726444e-02
i(vref) = -9.69342685066860e-06
i(vdd) = -4.77838810186704e-11
Doing analysis at TEMP = 27.000000 and TNOM = 27.000000


No. of Data Rows : 1
REF_CODE_22
v(n0) = 1.029584869492900e-01
i(vref) = -8.44750190414023e-06
i(vdd) = -4.77822989508603e-11
Doing analysis at TEMP = 27.000000 and TNOM = 27.000000


No. of Data Rows : 1
REF_CODE_23
v(n0) = 1.076659452025140e-01
i(vref) = -9.19658716878467e-06
i(vdd) = -4.53846266124103e-11
Doing analysis at TEMP = 27.000000 and TNOM = 27.000000


No. of Data Rows : 1
REF_CODE_24
v(n0) = 1.123156935045196e-01
i(vref) = -5.94826812284127e-06
i(vdd) = -5.01781324824258e-11
Doing analysis at TEMP = 27.000000 and TNOM = 27.000000


No. of Data Rows : 1
REF_CODE_25
v(n0) = 1.170116078608518e-01
i(vref) = -9.18498633979041e-06
i(vdd) = -4.77837214241106e-11
Doing analysis at TEMP = 27.000000 and TNOM = 27.000000


No. of Data Rows : 1
REF_CODE_26
v(n0) = 1.217083508634017e-01
i(vref) = -8.43577219736531e-06
i(vdd) = -4.77816536337272e-11
Doing analysis at TEMP = 27.000000 and TNOM = 27.000000


No. of Data Rows : 1
REF_CODE_27
v(n0) = 1.264149315454415e-01
i(vref) = -9.68280289462384e-06
i(vdd) = -4.53852649906494e-11
Doing analysis at TEMP = 27.000000 and TNOM = 27.000000


No. of Data Rows : 1
REF_CODE_28
v(n0) = 1.311070753885873e-01
i(vref) = -6.93664664549231e-06
i(vdd) = -4.77795233932987e-11
Doing analysis at TEMP = 27.000000 and TNOM = 27.000000


No. of Data Rows : 1
REF_CODE_29
v(n0) = 1.358118446210325e-01
i(vref) = -9.17734521887342e-06
i(vdd) = -4.53838008840357e-11
Doing analysis at TEMP = 27.000000 and TNOM = 27.000000


No. of Data Rows : 1
REF_CODE_30
v(n0) = 1.405209915341085e-01
i(vref) = -7.43117338522297e-06
i(vdd) = -4.53811085932010e-11
Doing analysis at TEMP = 27.000000 and TNOM = 27.000000


No. of Data Rows : 1
REF_CODE_31
v(n0) = 1.452363903041976e-01
i(vref) = -7.67915489415525e-06
i(vdd) = -4.29839011606425e-11
Doing analysis at TEMP = 27.000000 and TNOM = 27.000000


No. of Data Rows : 1
REF_CODE_32
v(n0) = 1.495930378024692e-01
i(vref) = -3.92335167011751e-06
i(vdd) = -5.25760754377380e-11
Doing analysis at TEMP = 27.000000 and TNOM = 27.000000


No. of Data Rows : 1
REF_CODE_33
v(n0) = 1.542809100613365e-01
i(vref) = -7.78077682826663e-06
i(vdd) = -5.01815533571204e-11
Doing analysis at TEMP = 27.000000 and TNOM = 27.000000


No. of Data Rows : 1
REF_CODE_34
v(n0) = 1.589673952531237e-01
i(vref) = -7.65234769021432e-06
i(vdd) = -5.01804570118836e-11
Doing analysis at TEMP = 27.000000 and TNOM = 27.000000


No. of Data Rows : 1
REF_CODE_35
v(n0) = 1.636659524560023e-01
i(vref) = -9.52173388257338e-06
i(vdd) = -4.77846096025303e-11
Doing analysis at TEMP = 27.000000 and TNOM = 27.000000


No. of Data Rows : 1
REF_CODE_36
v(n0) = 1.683389764544145e-01
i(vref) = -7.39539098980719e-06
i(vdd) = -5.01796104668273e-11
Doing analysis at TEMP = 27.000000 and TNOM = 27.000000


No. of Data Rows : 1
REF_CODE_37
v(n0) = 1.730357543578206e-01
i(vref) = -1.02584325846256e-05
i(vdd) = -4.77845055191217e-11
Doing analysis at TEMP = 27.000000 and TNOM = 27.000000


No. of Data Rows : 1
REF_CODE_38
v(n0) = 1.777346936178957e-01
i(vref) = -9.13515292430338e-06
i(vdd) = -4.77820977229371e-11
Doing analysis at TEMP = 27.000000 and TNOM = 27.000000


No. of Data Rows : 1
REF_CODE_39
v(n0) = 1.824421195356183e-01
i(vref) = -1.00071176789538e-05
i(vdd) = -4.53853135629068e-11
Doing analysis at TEMP = 27.000000 and TNOM = 27.000000


No. of Data Rows : 1
REF_CODE_40
v(n0) = 1.870826190301786e-01
i(vref) = -6.88006310784422e-06
i(vdd) = -5.01784308548636e-11
Doing analysis at TEMP = 27.000000 and TNOM = 27.000000


No. of Data Rows : 1
REF_CODE_41
v(n0) = 1.917785055564375e-01
i(vref) = -1.02393939155809e-05
i(vdd) = -4.77842140855778e-11
Doing analysis at TEMP = 27.000000 and TNOM = 27.000000


No. of Data Rows : 1
REF_CODE_42
v(n0) = 1.964747833351270e-01
i(vref) = -9.61282649186789e-06
i(vdd) = -4.77822573174969e-11
Doing analysis at TEMP = 27.000000 and TNOM = 27.000000


No. of Data Rows : 1
REF_CODE_43
v(n0) = 2.011813433545190e-01
i(vref) = -1.09827855816142e-05
i(vdd) = -4.53864307248253e-11
Doing analysis at TEMP = 27.000000 and TNOM = 27.000000


No. of Data Rows : 1
REF_CODE_44
v(n0) = 2.058712727596705e-01
i(vref) = -8.35916846320623e-06
i(vdd) = -4.77809528054429e-11
Doing analysis at TEMP = 27.000000 and TNOM = 27.000000


No. of Data Rows : 1
REF_CODE_45
v(n0) = 2.105760270797721e-01
i(vref) = -1.07227833230311e-05
i(vdd) = -4.53849041681664e-11
Doing analysis at TEMP = 27.000000 and TNOM = 27.000000


No. of Data Rows : 1
REF_CODE_46
v(n0) = 2.152847228184697e-01
i(vref) = -9.09965487610494e-06
i(vdd) = -4.53825102497696e-11
Doing analysis at TEMP = 27.000000 and TNOM = 27.000000


No. of Data Rows : 1
REF_CODE_47
v(n0) = 2.200001138065746e-01
i(vref) = -9.47086687637464e-06
i(vdd) = -4.29857052730576e-11
Doing analysis at TEMP = 27.000000 and TNOM = 27.000000


No. of Data Rows : 1
REF_CODE_48
v(n0) = 2.245824703446794e-01
i(vref) = -5.84324704385773e-06
i(vdd) = -5.01776745154281e-11
Doing analysis at TEMP = 27.000000 and TNOM = 27.000000


No. of Data Rows : 1
REF_CODE_49
v(n0) = 2.292779285818047e-01
i(vref) = -9.44994764814650e-06
i(vdd) = -4.77836867296411e-11
Doing analysis at TEMP = 27.000000 and TNOM = 27.000000


No. of Data Rows : 1
REF_CODE_50
v(n0) = 2.339728943390965e-01
i(vref) = -9.07081962127316e-06
i(vdd) = -4.77821948674517e-11
Doing analysis at TEMP = 27.000000 and TNOM = 27.000000


No. of Data Rows : 1
REF_CODE_51
v(n0) = 2.386790395919096e-01
i(vref) = -1.06888579978510e-05
i(vdd) = -4.53865625638095e-11
Doing analysis at TEMP = 27.000000 and TNOM = 27.000000


No. of Data Rows : 1
REF_CODE_52
v(n0) = 2.433641181254534e-01
i(vref) = -8.31239420944199e-06
i(vdd) = -4.77809666832307e-11
Doing analysis at TEMP = 27.000000 and TNOM = 27.000000


No. of Data Rows : 1
REF_CODE_53
v(n0) = 2.480684688233845e-01
i(vref) = -1.09241356385768e-05
i(vdd) = -4.53861115357057e-11
Doing analysis at TEMP = 27.000000 and TNOM = 27.000000


No. of Data Rows : 1
REF_CODE_54
v(n0) = 2.527758786847849e-01
i(vref) = -9.54939100783853e-06
i(vdd) = -4.53834053670832e-11
Doing analysis at TEMP = 27.000000 and TNOM = 27.000000


No. of Data Rows : 1
REF_CODE_55
v(n0) = 2.574908794736607e-01
i(vref) = -1.01694357242078e-05
i(vdd) = -4.29852264893782e-11
Doing analysis at TEMP = 27.000000 and TNOM = 27.000000


No. of Data Rows : 1
REF_CODE_56
v(n0) = 2.621577446934044e-01
i(vref) = -6.79352392832771e-06
i(vdd) = -4.77785450092583e-11
Doing analysis at TEMP = 27.000000 and TNOM = 27.000000


No. of Data Rows : 1
REF_CODE_57
v(n0) = 2.668611773352839e-01
i(vref) = -9.90150688259177e-06
i(vdd) = -4.53836551672637e-11
Doing analysis at TEMP = 27.000000 and TNOM = 27.000000


No. of Data Rows : 1
REF_CODE_58
v(n0) = 2.715658993391304e-01
i(vref) = -9.02352175393433e-06
i(vdd) = -4.53819273826817e-11
Doing analysis at TEMP = 27.000000 and TNOM = 27.000000


No. of Data Rows : 1
REF_CODE_59
v(n0) = 2.762800075367793e-01
i(vref) = -1.01415108555824e-05
i(vdd) = -4.29858301731478e-11
Doing analysis at TEMP = 27.000000 and TNOM = 27.000000


No. of Data Rows : 1
REF_CODE_60
v(n0) = 2.809819586006850e-01
i(vref) = -7.26667210826331e-06
i(vdd) = -4.53801371480544e-11
Doing analysis at TEMP = 27.000000 and TNOM = 27.000000


No. of Data Rows : 1
REF_CODE_61
v(n0) = 2.856942459918647e-01
i(vref) = -9.37836689575856e-06
i(vdd) = -4.29843799443219e-11
Doing analysis at TEMP = 27.000000 and TNOM = 27.000000


No. of Data Rows : 1
REF_CODE_62
v(n0) = 2.904113760639924e-01
i(vref) = -7.50305805611906e-06
i(vdd) = -4.29817639813201e-11
Doing analysis at TEMP = 27.000000 and TNOM = 27.000000


No. of Data Rows : 1
REF_CODE_63
v(n0) = 2.951343021907020e-01
i(vref) = -7.62173122455831e-06
i(vdd) = -4.05835365313578e-11
Doing analysis at TEMP = 27.000000 and TNOM = 27.000000


No. of Data Rows : 1
REF_CODE_64
v(n0) = 2.991501662152364e-01
i(vref) = -3.73704095118718e-06
i(vdd) = -5.25756313485282e-11
Doing analysis at TEMP = 27.000000 and TNOM = 27.000000


No. of Data Rows : 1
REF_CODE_65
v(n0) = 3.038385978246029e-01
i(vref) = -7.65268773242561e-06
i(vdd) = -5.01810398789715e-11
Doing analysis at TEMP = 27.000000 and TNOM = 27.000000


No. of Data Rows : 1
REF_CODE_66
v(n0) = 3.085254339757149e-01
i(vref) = -7.58246619945695e-06
i(vdd) = -5.01802766006421e-11
Doing analysis at TEMP = 27.000000 and TNOM = 27.000000


No. of Data Rows : 1
REF_CODE_67
v(n0) = 3.132245552246953e-01
i(vref) = -9.51021658117087e-06
i(vdd) = -4.77843875579254e-11
Doing analysis at TEMP = 27.000000 and TNOM = 27.000000


No. of Data Rows : 1
REF_CODE_68
v(n0) = 3.178970931163499e-01
i(vref) = -7.44191706742182e-06
i(vdd) = -5.01790831108906e-11
Doing analysis at TEMP = 27.000000 and TNOM = 27.000000


No. of Data Rows : 1
REF_CODE_69
v(n0) = 3.225944376348940e-01
i(vref) = -1.03633096010601e-05
i(vdd) = -4.77844222523949e-11
Doing analysis at TEMP = 27.000000 and TNOM = 27.000000


No. of Data Rows : 1
REF_CODE_70
v(n0) = 3.272937361426746e-01
i(vref) = -9.29841112879804e-06
i(vdd) = -4.77823058897542e-11
Doing analysis at TEMP = 27.000000 and TNOM = 27.000000


No. of Data Rows : 1
REF_CODE_71
v(n0) = 3.320017333516035e-01
i(vref) = -1.02288685969504e-05
i(vdd) = -4.53857368354349e-11
Doing analysis at TEMP = 27.000000 and TNOM = 27.000000


No. of Data Rows : 1
REF_CODE_72
v(n0) = 3.366383999458354e-01
i(vref) = -7.15944868241754e-06
i(vdd) = -5.01786875939381e-11
Doing analysis at TEMP = 27.000000 and TNOM = 27.000000


No. of Data Rows : 1
REF_CODE_73
v(n0) = 3.413348587143217e-01
i(vref) = -1.05771371579687e-05
i(vdd) = -4.77847067470449e-11
Doing analysis at TEMP = 27.000000 and TNOM = 27.000000


No. of Data Rows : 1
REF_CODE_74
v(n0) = 3.460315004360501e-01
i(vref) = -1.00089355757578e-05
i(vdd) = -4.77830414125080e-11
Doing analysis at TEMP = 27.000000 and TNOM = 27.000000


No. of Data Rows : 1
REF_CODE_75
v(n0) = 3.507386373900578e-01
i(vref) = -1.14373946418899e-05
i(vdd) = -4.53873050254572e-11
Doing analysis at TEMP = 27.000000 and TNOM = 27.000000


No. of Data Rows : 1
REF_CODE_76
v(n0) = 3.554280965088868e-01
i(vref) = -8.87206797904095e-06
i(vdd) = -4.77813760779711e-11
Doing analysis at TEMP = 27.000000 and TNOM = 27.000000


No. of Data Rows : 1
REF_CODE_77
v(n0) = 3.601334302861758e-01
i(vref) = -1.12941690633913e-05
i(vdd) = -4.53854939741483e-11
Doing analysis at TEMP = 27.000000 and TNOM = 27.000000


No. of Data Rows : 1
REF_CODE_78
v(n0) = 3.648424982224499e-01
i(vref) = -9.72957927375587e-06
i(vdd) = -4.53832110780539e-11
Doing analysis at TEMP = 27.000000 and TNOM = 27.000000


No. of Data Rows : 1
REF_CODE_79
v(n0) = 3.695584733406633e-01
i(vref) = -1.01594190191447e-05
i(vdd) = -4.29862881401455e-11
Doing analysis at TEMP = 27.000000 and TNOM = 27.000000


No. of Data Rows : 1
REF_CODE_80
v(n0) = 3.741236374189466e-01
i(vref) = -6.58866095762044e-06
i(vdd) = -5.01778826822452e-11
Doing analysis at TEMP = 27.000000 and TNOM = 27.000000


No. of Data Rows : 1
REF_CODE_81
v(n0) = 3.788196787582697e-01
i(vref) = -1.02537494962270e-05
i(vdd) = -4.77841863300021e-11
Doing analysis at TEMP = 27.000000 and TNOM = 27.000000


No. of Data Rows : 1
REF_CODE_82
v(n0) = 3.835150187499423e-01
i(vref) = -9.93300652277525e-06
i(vdd) = -4.77827222233884e-11
Doing analysis at TEMP = 27.000000 and TNOM = 27.000000


No. of Data Rows : 1
REF_CODE_83
v(n0) = 3.882217518190586e-01
i(vref) = -1.16095754563383e-05
i(vdd) = -4.53876311534707e-11
Doing analysis at TEMP = 27.000000 and TNOM = 27.000000


No. of Data Rows : 1
REF_CODE_84
v(n0) = 3.929063668547252e-01
i(vref) = -9.29137698848475e-06
i(vdd) = -4.77815981225760e-11
Doing analysis at TEMP = 27.000000 and TNOM = 27.000000


No. of Data Rows : 1
REF_CODE_85
v(n0) = 3.976113078873008e-01
i(vref) = -1.19616353914031e-05
i(vdd) = -4.53867846084144e-11
Doing analysis at TEMP = 27.000000 and TNOM = 27.000000


No. of Data Rows : 1
REF_CODE_86
v(n0) = 4.023191002618411e-01
i(vref) = -1.06454491864290e-05
i(vdd) = -4.53844115066993e-11
Doing analysis at TEMP = 27.000000 and TNOM = 27.000000


No. of Data Rows : 1
REF_CODE_87
v(n0) = 4.070346960796130e-01
i(vref) = -1.13241527073338e-05
i(vdd) = -4.29869959073237e-11
Doing analysis at TEMP = 27.000000 and TNOM = 27.000000


No. of Data Rows : 1
REF_CODE_88
v(n0) = 4.116977584211309e-01
i(vref) = -8.00627614272067e-06
i(vdd) = -4.77798078879488e-11
Doing analysis at TEMP = 27.000000 and TNOM = 27.000000


No. of Data Rows : 1
REF_CODE_89
v(n0) = 4.164017869258090e-01
i(vref) = -1.11727822262686e-05
i(vdd) = -4.53856952020715e-11
Doing analysis at TEMP = 27.000000 and TNOM = 27.000000


No. of Data Rows : 1
REF_CODE_90
v(n0) = 4.211068960332439e-01
i(vref) = -1.03533396002237e-05
i(vdd) = -4.53836274116881e-11
Doing analysis at TEMP = 27.000000 and TNOM = 27.000000


No. of Data Rows : 1
REF_CODE_91
v(n0) = 4.258216048044933e-01
i(vref) = -1.15299941959386e-05
i(vdd) = -4.29868571294456e-11
Doing analysis at TEMP = 27.000000 and TNOM = 27.000000


No. of Data Rows : 1
REF_CODE_92
v(n0) = 4.305231081404443e-01
i(vref) = -8.71366710839295e-06
i(vdd) = -4.53814832934718e-11
Doing analysis at TEMP = 27.000000 and TNOM = 27.000000


No. of Data Rows : 1
REF_CODE_93
v(n0) = 4.352359985773813e-01
i(vref) = -1.08840133089042e-05
i(vdd) = -4.29858856842991e-11
Doing analysis at TEMP = 27.000000 and TNOM = 27.000000


No. of Data Rows : 1
REF_CODE_94
v(n0) = 4.399535239979941e-01
i(vref) = -9.06741957879210e-06
i(vdd) = -4.29829505321777e-11
Doing analysis at TEMP = 27.000000 and TNOM = 27.000000


No. of Data Rows : 1
REF_CODE_95
v(n0) = 4.446770578614792e-01
i(vref) = -9.24488573672056e-06
i(vdd) = -4.05858957552852e-11
Doing analysis at TEMP = 27.000000 and TNOM = 27.000000


No. of Data Rows : 1
REF_CODE_96
v(n0) = 4.491268161793531e-01
i(vref) = -5.42330689793179e-06
i(vdd) = -5.01774108374597e-11
Doing analysis at TEMP = 27.000000 and TNOM = 27.000000


No. of Data Rows : 1
REF_CODE_97
v(n0) = 4.538227735407577e-01
i(vref) = -9.21062576304203e-06
i(vdd) = -4.77836659129593e-11
Doing analysis at TEMP = 27.000000 and TNOM = 27.000000


No. of Data Rows : 1
REF_CODE_98
v(n0) = 4.585175922520060e-01
i(vref) = -9.01210726522792e-06
i(vdd) = -4.77820213951041e-11
Doing analysis at TEMP = 27.000000 and TNOM = 27.000000


No. of Data Rows : 1
REF_CODE_99
v(n0) = 4.632242484749323e-01
i(vref) = -1.08112226091840e-05
i(vdd) = -4.53865695027034e-11
Doing analysis at TEMP = 27.000000 and TNOM = 27.000000


No. of Data Rows : 1
REF_CODE_100
v(n0) = 4.679065889492953e-01
i(vref) = -8.61498121668569e-06
i(vdd) = -4.77812234223052e-11
Doing analysis at TEMP = 27.000000 and TNOM = 27.000000


No. of Data Rows : 1
REF_CODE_101
v(n0) = 4.726114590149224e-01
i(vref) = -1.14077749947450e-05
i(vdd) = -4.53858686744191e-11
Doing analysis at TEMP = 27.000000 and TNOM = 27.000000


No. of Data Rows : 1
REF_CODE_102
v(n0) = 4.773187441969195e-01
i(vref) = -1.02142111828872e-05
i(vdd) = -4.53832943447807e-11
Doing analysis at TEMP = 27.000000 and TNOM = 27.000000


No. of Data Rows : 1
REF_CODE_103
v(n0) = 4.820342761427623e-01
i(vref) = -1.10157645627402e-05
i(vdd) = -4.29858093564661e-11
Doing analysis at TEMP = 27.000000 and TNOM = 27.000000


No. of Data Rows : 1
REF_CODE_104
v(n0) = 4.866880587318984e-01
i(vref) = -7.81926195971849e-06
i(vdd) = -4.77790723651950e-11
Doing analysis at TEMP = 27.000000 and TNOM = 27.000000


No. of Data Rows : 1
REF_CODE_105
v(n0) = 4.913920279499986e-01
i(vref) = -1.11083509818613e-05
i(vdd) = -4.53849596793177e-11
Doing analysis at TEMP = 27.000000 and TNOM = 27.000000


No. of Data Rows : 1
REF_CODE_106
v(n0) = 4.960966399436844e-01
i(vref) = -1.04115319865600e-05
i(vdd) = -4.53832180169478e-11
Doing analysis at TEMP = 27.000000 and TNOM = 27.000000


No. of Data Rows : 1
REF_CODE_107
v(n0) = 5.008112965439881e-01
i(vref) = -1.17110851019751e-05
i(vdd) = -4.29870583573688e-11
Doing analysis at TEMP = 27.000000 and TNOM = 27.000000


No. of Data Rows : 1
REF_CODE_108
v(n0) = 5.055105525824691e-01
i(vref) = -9.01730034403329e-06
i(vdd) = -4.53813028822303e-11
Doing analysis at TEMP = 27.000000 and TNOM = 27.000000


No. of Data Rows : 1
REF_CODE_109
v(n0) = 5.102233966259752e-01
i(vref) = -1.13105328503039e-05
i(vdd) = -4.29857330286332e-11
Doing analysis at TEMP = 27.000000 and TNOM = 27.000000


No. of Data Rows : 1
REF_CODE_110
v(n0) = 5.149404389368277e-01
i(vref) = -9.61695903234161e-06
i(vdd) = -4.29830962489497e-11
Doing analysis at TEMP = 27.000000 and TNOM = 27.000000


No. of Data Rows : 1
REF_CODE_111
v(n0) = 5.196639334858590e-01
i(vref) = -9.91762548243941e-06
i(vdd) = -4.05861177998901e-11
Doing analysis at TEMP = 27.000000 and TNOM = 27.000000


No. of Data Rows : 1
REF_CODE_112
v(n0) = 5.242755105714030e-01
i(vref) = -6.22129407678840e-06
i(vdd) = -4.77777331586715e-11
Doing analysis at TEMP = 27.000000 and TNOM = 27.000000


No. of Data Rows : 1
REF_CODE_113
v(n0) = 5.289790349735332e-01
i(vref) = -9.75774461860050e-06
i(vdd) = -4.53835719005369e-11
Doing analysis at TEMP = 27.000000 and TNOM = 27.000000


No. of Data Rows : 1
REF_CODE_114
v(n0) = 5.336823173494513e-01
i(vref) = -9.30837001739207e-06
i(vdd) = -4.53818441159548e-11
Doing analysis at TEMP = 27.000000 and TNOM = 27.000000


No. of Data Rows : 1
REF_CODE_115
v(n0) = 5.383965426448639e-01
i(vref) = -1.08559937945373e-05
i(vdd) = -4.29862812012516e-11
Doing analysis at TEMP = 27.000000 and TNOM = 27.000000


No. of Data Rows : 1
REF_CODE_116
v(n0) = 5.430909274182729e-01
i(vref) = -8.40942056390459e-06
i(vdd) = -4.53808032818692e-11
Doing analysis at TEMP = 27.000000 and TNOM = 27.000000


No. of Data Rows : 1
REF_CODE_117
v(n0) = 5.478033513235820e-01
i(vref) = -1.09507707635877e-05
i(vdd) = -4.29856150674368e-11
Doing analysis at TEMP = 27.000000 and TNOM = 27.000000


No. of Data Rows : 1
REF_CODE_118
v(n0) = 5.525190901647931e-01
i(vref) = -9.50558508994405e-06
i(vdd) = -4.29831240045253e-11
Doing analysis at TEMP = 27.000000 and TNOM = 27.000000


No. of Data Rows : 1
REF_CODE_119
v(n0) = 5.572421779873701e-01
i(vref) = -1.00550750363603e-05
i(vdd) = -4.05859998386937e-11
Doing analysis at TEMP = 27.000000 and TNOM = 27.000000


No. of Data Rows : 1
REF_CODE_120
v(n0) = 5.619223306513125e-01
i(vref) = -6.60928920331234e-06
i(vdd) = -4.53789228416213e-11
Doing analysis at TEMP = 27.000000 and TNOM = 27.000000


No. of Data Rows : 1
REF_CODE_121
v(n0) = 5.666338270782191e-01
i(vref) = -9.64688756512934e-06
i(vdd) = -4.29843591276402e-11
Doing analysis at TEMP = 27.000000 and TNOM = 27.000000


No. of Data Rows : 1
REF_CODE_122
v(n0) = 5.713468664117252e-01
i(vref) = -8.69849456455562e-06
i(vdd) = -4.29823884817715e-11
Doing analysis at TEMP = 27.000000 and TNOM = 27.000000


No. of Data Rows : 1
REF_CODE_123
v(n0) = 5.760690522435691e-01
i(vref) = -9.74593490268784e-06
i(vdd) = -4.05856945273619e-11
Doing analysis at TEMP = 27.000000 and TNOM = 27.000000


No. of Data Rows : 1
REF_CODE_124
v(n0) = 5.807803196455041e-01
i(vref) = -6.80071853536279e-06
i(vdd) = -4.29801957912979e-11
Doing analysis at TEMP = 27.000000 and TNOM = 27.000000


No. of Data Rows : 1
REF_CODE_125
v(n0) = 5.855006778359464e-01
i(vref) = -8.84188851358876e-06
i(vdd) = -4.05846745099581e-11
Doing analysis at TEMP = 27.000000 and TNOM = 27.000000


No. of Data Rows : 1
REF_CODE_126
v(n0) = 5.902261375536845e-01
i(vref) = -6.89597832183398e-06
i(vdd) = -4.05810593462341e-11
Doing analysis at TEMP = 27.000000 and TNOM = 27.000000


No. of Data Rows : 1
REF_CODE_127
v(n0) = 5.949571482776130e-01
i(vref) = -6.94396350127868e-06
i(vdd) = -3.81833453744207e-11
Doing analysis at TEMP = 27.000000 and TNOM = 27.000000


No. of Data Rows : 1
REF_CODE_128
v(n0) = 5.984839571550035e-01
i(vref) = -2.99165562688129e-06
i(vdd) = -5.25749097035622e-11
Doing analysis at TEMP = 27.000000 and TNOM = 27.000000


No. of Data Rows : 1
REF_CODE_129
v(n0) = 6.031749914224901e-01
i(vref) = -6.93057462225672e-06
i(vdd) = -5.01804570118836e-11
Doing analysis at TEMP = 27.000000 and TNOM = 27.000000


No. of Data Rows : 1
REF_CODE_130
v(n0) = 6.078643458770738e-01
i(vref) = -6.88361823954311e-06
i(vdd) = -5.01796521001907e-11
Doing analysis at TEMP = 27.000000 and TNOM = 27.000000


No. of Data Rows : 1
REF_CODE_131
v(n0) = 6.125660767468233e-01
i(vref) = -8.83469636948930e-06
i(vdd) = -4.77842557189412e-11
Doing analysis at TEMP = 27.000000 and TNOM = 27.000000


No. of Data Rows : 1
REF_CODE_132
v(n0) = 6.172407903970470e-01
i(vref) = -6.78959197807619e-06
i(vdd) = -5.01791247442540e-11
Doing analysis at TEMP = 27.000000 and TNOM = 27.000000


No. of Data Rows : 1
REF_CODE_133
v(n0) = 6.219407443347481e-01
i(vref) = -9.73430551262362e-06
i(vdd) = -4.77843598023497e-11
Doing analysis at TEMP = 27.000000 and TNOM = 27.000000


No. of Data Rows : 1
REF_CODE_134
v(n0) = 6.266425701271440e-01
i(vref) = -8.69273867309265e-06
i(vdd) = -4.77821462951944e-11
Doing analysis at TEMP = 27.000000 and TNOM = 27.000000


No. of Data Rows : 1
REF_CODE_135
v(n0) = 6.313531836891761e-01
i(vref) = -9.64657235114335e-06
i(vdd) = -4.53855286686178e-11
Doing analysis at TEMP = 27.000000 and TNOM = 27.000000


No. of Data Rows : 1
REF_CODE_136
v(n0) = 6.359906675163600e-01
i(vref) = -6.60016959264663e-06
i(vdd) = -5.01783892215002e-11
Doing analysis at TEMP = 27.000000 and TNOM = 27.000000


No. of Data Rows : 1
REF_CODE_137
v(n0) = 6.406897368834468e-01
i(vref) = -1.00411788641992e-05
i(vdd) = -4.77839851020789e-11
Doing analysis at TEMP = 27.000000 and TNOM = 27.000000


No. of Data Rows : 1
REF_CODE_138
v(n0) = 6.453889058088517e-01
i(vref) = -9.49629988585759e-06
i(vdd) = -4.77827361011762e-11
Doing analysis at TEMP = 27.000000 and TNOM = 27.000000


No. of Data Rows : 1
REF_CODE_139
v(n0) = 6.500986603144173e-01
i(vref) = -1.09481351688498e-05
i(vdd) = -4.53866250138546e-11
Doing analysis at TEMP = 27.000000 and TNOM = 27.000000


No. of Data Rows : 1
REF_CODE_140
v(n0) = 6.547903089207995e-01
i(vref) = -8.40609661470970e-06
i(vdd) = -4.77811956667296e-11
Doing analysis at TEMP = 27.000000 and TNOM = 27.000000


No. of Data Rows : 1
REF_CODE_141
v(n0) = 6.594982600166071e-01
i(vref) = -1.08515669723155e-05
i(vdd) = -4.53857021409654e-11
Doing analysis at TEMP = 27.000000 and TNOM = 27.000000


No. of Data Rows : 1
REF_CODE_142
v(n0) = 6.642098641025083e-01
i(vref) = -9.31036595081054e-06
i(vdd) = -4.53828016833135e-11
Doing analysis at TEMP = 27.000000 and TNOM = 27.000000


No. of Data Rows : 1
REF_CODE_143
v(n0) = 6.689284634636031e-01
i(vref) = -9.76363006684167e-06
i(vdd) = -4.29855318007100e-11
Doing analysis at TEMP = 27.000000 and TNOM = 27.000000


No. of Data Rows : 1
REF_CODE_144
v(n0) = 6.734890560471652e-01
i(vref) = -6.21552781117538e-06
i(vdd) = -5.01787222884076e-11
Doing analysis at TEMP = 27.000000 and TNOM = 27.000000


No. of Data Rows : 1
REF_CODE_145
v(n0) = 6.781877110051258e-01
i(vref) = -9.90394347576292e-06
i(vdd) = -4.77837977519435e-11
Doing analysis at TEMP = 27.000000 and TNOM = 27.000000


No. of Data Rows : 1
REF_CODE_146
v(n0) = 6.828855805660141e-01
i(vref) = -9.60652502147436e-06
i(vdd) = -4.77824863009957e-11
Doing analysis at TEMP = 27.000000 and TNOM = 27.000000


No. of Data Rows : 1
REF_CODE_147
v(n0) = 6.875949342212333e-01
i(vref) = -1.13064766230778e-05
i(vdd) = -4.53871176753218e-11
Doing analysis at TEMP = 27.000000 and TNOM = 27.000000


No. of Data Rows : 1
REF_CODE_148
v(n0) = 6.922817379979942e-01
i(vref) = -9.01155046527271e-06
i(vdd) = -4.77812373000930e-11
Doing analysis at TEMP = 27.000000 and TNOM = 27.000000


No. of Data Rows : 1
REF_CODE_149
v(n0) = 6.969892993896682e-01
i(vref) = -1.17051846716498e-05
i(vdd) = -4.53865972582790e-11
Doing analysis at TEMP = 27.000000 and TNOM = 27.000000


No. of Data Rows : 1
REF_CODE_150
v(n0) = 7.016996303025549e-01
i(vref) = -1.04123893759907e-05
i(vdd) = -4.53837870062479e-11
Doing analysis at TEMP = 27.000000 and TNOM = 27.000000


No. of Data Rows : 1
REF_CODE_151
v(n0) = 7.064178534180998e-01
i(vref) = -1.11145239174452e-05
i(vdd) = -4.29871416240957e-11
Doing analysis at TEMP = 27.000000 and TNOM = 27.000000


No. of Data Rows : 1
REF_CODE_152
v(n0) = 7.110817568694954e-01
i(vref) = -7.81981319998750e-06
i(vdd) = -4.77798703379939e-11
Doing analysis at TEMP = 27.000000 and TNOM = 27.000000


No. of Data Rows : 1
REF_CODE_153
v(n0) = 7.157884068627067e-01
i(vref) = -1.10096946759166e-05
i(vdd) = -4.53849041681664e-11
Doing analysis at TEMP = 27.000000 and TNOM = 27.000000


No. of Data Rows : 1
REF_CODE_154
v(n0) = 7.204960543761857e-01
i(vref) = -1.02136337267175e-05
i(vdd) = -4.53823784107854e-11
Doing analysis at TEMP = 27.000000 and TNOM = 27.000000


No. of Data Rows : 1
REF_CODE_155
v(n0) = 7.252133915937281e-01
i(vref) = -1.14137191437711e-05
i(vdd) = -4.29863575290845e-11
Doing analysis at TEMP = 27.000000 and TNOM = 27.000000


No. of Data Rows : 1
REF_CODE_156
v(n0) = 7.299170973582260e-01
i(vref) = -8.62075705474958e-06
i(vdd) = -4.53805118483253e-11
Doing analysis at TEMP = 27.000000 and TNOM = 27.000000


No. of Data Rows : 1
REF_CODE_157
v(n0) = 7.346326159832322e-01
i(vref) = -1.08145270172574e-05
i(vdd) = -4.29855040451343e-11
Doing analysis at TEMP = 27.000000 and TNOM = 27.000000


No. of Data Rows : 1
REF_CODE_158
v(n0) = 7.393526887439061e-01
i(vref) = -9.02138103702981e-06
i(vdd) = -4.29825411374374e-11
Doing analysis at TEMP = 27.000000 and TNOM = 27.000000


No. of Data Rows : 1
REF_CODE_159
v(n0) = 7.440788577245383e-01
i(vref) = -9.22232606256597e-06
i(vdd) = -4.05854308493936e-11
Doing analysis at TEMP = 27.000000 and TNOM = 27.000000


No. of Data Rows : 1
REF_CODE_160
v(n0) = 7.485026361150067e-01
i(vref) = -5.42279133666299e-06
i(vdd) = -5.01771957317487e-11
Doing analysis at TEMP = 27.000000 and TNOM = 27.000000


No. of Data Rows : 1
REF_CODE_161
v(n0) = 7.532012130469838e-01
i(vref) = -9.23345368495808e-06
i(vdd) = -4.77831177403409e-11
Doing analysis at TEMP = 27.000000 and TNOM = 27.000000


No. of Data Rows : 1
REF_CODE_162
v(n0) = 7.578985669032925e-01
i(vref) = -9.05827387141518e-06
i(vdd) = -4.77818618005443e-11
Doing analysis at TEMP = 27.000000 and TNOM = 27.000000


No. of Data Rows : 1
REF_CODE_163
v(n0) = 7.626078496797490e-01
i(vref) = -1.08807883251202e-05
i(vdd) = -4.53861045968118e-11
Doing analysis at TEMP = 27.000000 and TNOM = 27.000000


No. of Data Rows : 1
REF_CODE_164
v(n0) = 7.672923827154161e-01
i(vref) = -8.70782458482476e-06
i(vdd) = -4.77807793330953e-11
Doing analysis at TEMP = 27.000000 and TNOM = 27.000000


No. of Data Rows : 1
REF_CODE_165
v(n0) = 7.719998791071381e-01
i(vref) = -1.15240106377337e-05
i(vdd) = -4.53857645910105e-11
Doing analysis at TEMP = 27.000000 and TNOM = 27.000000


No. of Data Rows : 1
REF_CODE_166
v(n0) = 7.767097084234034e-01
i(vref) = -1.03538520385079e-05
i(vdd) = -4.53837592506723e-11
Doing analysis at TEMP = 27.000000 and TNOM = 27.000000


No. of Data Rows : 1
REF_CODE_167
v(n0) = 7.814278736493590e-01
i(vref) = -1.11788529939768e-05
i(vdd) = -4.29864130402358e-11
Doing analysis at TEMP = 27.000000 and TNOM = 27.000000


No. of Data Rows : 1
REF_CODE_168
v(n0) = 7.860824922647562e-01
i(vref) = -8.00548642681680e-06
i(vdd) = -4.77799189102512e-11
Doing analysis at TEMP = 27.000000 and TNOM = 27.000000


No. of Data Rows : 1
REF_CODE_169
v(n0) = 7.907890889437399e-01
i(vref) = -1.13179673814699e-05
i(vdd) = -4.53854939741483e-11
Doing analysis at TEMP = 27.000000 and TNOM = 27.000000


No. of Data Rows : 1
REF_CODE_170
v(n0) = 7.954962449404666e-01
i(vref) = -1.06445444170570e-05
i(vdd) = -4.53837731284601e-11
Doing analysis at TEMP = 27.000000 and TNOM = 27.000000


No. of Data Rows : 1
REF_CODE_171
v(n0) = 8.002135359747677e-01
i(vref) = -1.19675449779190e-05
i(vdd) = -4.29876759189263e-11
Doing analysis at TEMP = 27.000000 and TNOM = 27.000000


No. of Data Rows : 1
REF_CODE_172
v(n0) = 8.049149982920716e-01
i(vref) = -9.29713081289300e-06
i(vdd) = -4.53819551382573e-11
Doing analysis at TEMP = 27.000000 and TNOM = 27.000000


No. of Data Rows : 1
REF_CODE_173
v(n0) = 8.096304765107079e-01
i(vref) = -1.16138037337496e-05
i(vdd) = -4.29859481343442e-11
Doing analysis at TEMP = 27.000000 and TNOM = 27.000000


No. of Data Rows : 1
REF_CODE_174
v(n0) = 8.143500717783818e-01
i(vref) = -9.94369215640165e-06
i(vdd) = -4.29828742043448e-11
Doing analysis at TEMP = 27.000000 and TNOM = 27.000000


No. of Data Rows : 1
REF_CODE_175
v(n0) = 8.190762074468292e-01
i(vref) = -1.02678542098639e-05
i(vdd) = -4.05861871888291e-11
Doing analysis at TEMP = 27.000000 and TNOM = 27.000000


No. of Data Rows : 1
REF_CODE_176
v(n0) = 8.236832562651790e-01
i(vref) = -6.59444362743602e-06
i(vdd) = -4.77785588870461e-11
Doing analysis at TEMP = 27.000000 and TNOM = 27.000000


No. of Data Rows : 1
REF_CODE_177
v(n0) = 8.283894110540423e-01
i(vref) = -1.01542921850200e-05
i(vdd) = -4.53835510838552e-11
Doing analysis at TEMP = 27.000000 and TNOM = 27.000000


No. of Data Rows : 1
REF_CODE_178
v(n0) = 8.330952397026683e-01
i(vref) = -9.72831527697418e-06
i(vdd) = -4.53823298385281e-11
Doing analysis at TEMP = 27.000000 and TNOM = 27.000000


No. of Data Rows : 1
REF_CODE_179
v(n0) = 8.378121023724194e-01
i(vref) = -1.12993927038464e-05
i(vdd) = -4.29864061013419e-11
Doing analysis at TEMP = 27.000000 and TNOM = 27.000000


No. of Data Rows : 1
REF_CODE_180
v(n0) = 8.425086925769425e-01
i(vref) = -8.87617400960733e-06
i(vdd) = -4.53808240985509e-11
Doing analysis at TEMP = 27.000000 and TNOM = 27.000000


No. of Data Rows : 1
REF_CODE_181
v(n0) = 8.472237536039799e-01
i(vref) = -1.14409709075106e-05
i(vdd) = -4.29862465067821e-11
Doing analysis at TEMP = 27.000000 and TNOM = 27.000000


No. of Data Rows : 1
REF_CODE_182
v(n0) = 8.519420476950026e-01
i(vref) = -1.00192493626877e-05
i(vdd) = -4.29834431936449e-11
Doing analysis at TEMP = 27.000000 and TNOM = 27.000000


No. of Data Rows : 1
REF_CODE_183
v(n0) = 8.566677795978892e-01
i(vref) = -1.05922413156359e-05
i(vdd) = -4.05861663721474e-11
Doing analysis at TEMP = 27.000000 and TNOM = 27.000000


No. of Data Rows : 1
REF_CODE_184
v(n0) = 8.613487921399259e-01
i(vref) = -7.16973996466795e-06
i(vdd) = -4.53795612198604e-11
Doing analysis at TEMP = 27.000000 and TNOM = 27.000000


No. of Data Rows : 1
REF_CODE_185
v(n0) = 8.660629267736949e-01
i(vref) = -1.02307844775252e-05
i(vdd) = -4.29843036164890e-11
Doing analysis at TEMP = 27.000000 and TNOM = 27.000000


No. of Data Rows : 1
REF_CODE_186
v(n0) = 8.707785211748316e-01
i(vref) = -9.30584622191698e-06
i(vdd) = -4.29825480763313e-11
Doing analysis at TEMP = 27.000000 and TNOM = 27.000000


No. of Data Rows : 1
REF_CODE_187
v(n0) = 8.755033521912852e-01
i(vref) = -1.03767882315678e-05
i(vdd) = -4.05861247387840e-11
Doing analysis at TEMP = 27.000000 and TNOM = 27.000000


No. of Data Rows : 1
REF_CODE_188
v(n0) = 8.802168387002207e-01
i(vref) = -7.45501904322971e-06
i(vdd) = -4.29803692636455e-11
Doing analysis at TEMP = 27.000000 and TNOM = 27.000000


No. of Data Rows : 1
REF_CODE_189
v(n0) = 8.849398417914403e-01
i(vref) = -9.51968354702209e-06
i(vdd) = -4.05852643159399e-11
Doing analysis at TEMP = 27.000000 and TNOM = 27.000000


No. of Data Rows : 1
REF_CODE_190
v(n0) = 8.896678655185684e-01
i(vref) = -7.59729421835489e-06
i(vdd) = -4.05817185411550e-11
Doing analysis at TEMP = 27.000000 and TNOM = 27.000000


No. of Data Rows : 1
REF_CODE_191
v(n0) = 8.944015280921105e-01
i(vref) = -7.66882911980901e-06
i(vdd) = -3.81838172192062e-11
Doing analysis at TEMP = 27.000000 and TNOM = 27.000000


No. of Data Rows : 1
REF_CODE_192
v(n0) = 8.986548075244054e-01
i(vref) = -3.74293608662905e-06
i(vdd) = -5.01758010140740e-11
Doing analysis at TEMP = 27.000000 and TNOM = 27.000000


No. of Data Rows : 1
REF_CODE_193
v(n0) = 9.033538933511954e-01
i(vref) = -7.61178805040361e-06
i(vdd) = -4.77814801613796e-11
Doing analysis at TEMP = 27.000000 and TNOM = 27.000000


No. of Data Rows : 1
REF_CODE_194
v(n0) = 9.080515474620964e-01
i(vref) = -7.49478593537623e-06
i(vdd) = -4.77803560605672e-11
Doing analysis at TEMP = 27.000000 and TNOM = 27.000000


No. of Data Rows : 1
REF_CODE_195
v(n0) = 9.127613437334344e-01
i(vref) = -9.37563245197994e-06
i(vdd) = -4.53847029402432e-11
Doing analysis at TEMP = 27.000000 and TNOM = 27.000000


No. of Data Rows : 1
REF_CODE_196
v(n0) = 9.174453392600490e-01
i(vref) = -7.26069067574323e-06
i(vdd) = -4.77794331876780e-11
Doing analysis at TEMP = 27.000000 and TNOM = 27.000000


No. of Data Rows : 1
REF_CODE_197
v(n0) = 9.221533517524312e-01
i(vref) = -1.01351955174918e-05
i(vdd) = -4.53843837511236e-11
Doing analysis at TEMP = 27.000000 and TNOM = 27.000000


No. of Data Rows : 1
REF_CODE_198
v(n0) = 9.268634895160601e-01
i(vref) = -9.02338802115754e-06
i(vdd) = -4.53825171886635e-11
Doing analysis at TEMP = 27.000000 and TNOM = 27.000000


No. of Data Rows : 1
REF_CODE_199
v(n0) = 9.315821754237396e-01
i(vref) = -9.90684942228193e-06
i(vdd) = -4.29854415950892e-11
Doing analysis at TEMP = 27.000000 and TNOM = 27.000000


No. of Data Rows : 1
REF_CODE_200
v(n0) = 9.362329085342339e-01
i(vref) = -6.79112991524819e-06
i(vdd) = -4.77785935815156e-11
Doing analysis at TEMP = 27.000000 and TNOM = 27.000000


No. of Data Rows : 1
REF_CODE_201
v(n0) = 9.409400269832932e-01
i(vref) = -1.01619363197189e-05
i(vdd) = -4.53840853786858e-11
Doing analysis at TEMP = 27.000000 and TNOM = 27.000000


No. of Data Rows : 1
REF_CODE_202
v(n0) = 9.456474961838983e-01
i(vref) = -9.54684906624163e-06
i(vdd) = -4.53821633050744e-11
Doing analysis at TEMP = 27.000000 and TNOM = 27.000000


No. of Data Rows : 1
REF_CODE_203
v(n0) = 9.503653135854759e-01
i(vref) = -1.09283172671348e-05
i(vdd) = -4.29863991624480e-11
Doing analysis at TEMP = 27.000000 and TNOM = 27.000000


No. of Data Rows : 1
REF_CODE_204
v(n0) = 9.550662541093902e-01
i(vref) = -8.31617182676094e-06
i(vdd) = -4.53811710432461e-11
Doing analysis at TEMP = 27.000000 and TNOM = 27.000000


No. of Data Rows : 1
REF_CODE_205
v(n0) = 9.597822612549479e-01
i(vref) = -1.06912986134659e-05
i(vdd) = -4.29849836280916e-11
Doing analysis at TEMP = 27.000000 and TNOM = 27.000000


No. of Data Rows : 1
REF_CODE_206
v(n0) = 9.645021778861447e-01
i(vref) = -9.07969538576120e-06
i(vdd) = -4.29824856262861e-11
Doing analysis at TEMP = 27.000000 and TNOM = 27.000000


No. of Data Rows : 1
REF_CODE_207
v(n0) = 9.692288470597731e-01
i(vref) = -9.46245270827713e-06
i(vdd) = -4.05858679997095e-11
Doing analysis at TEMP = 27.000000 and TNOM = 27.000000


No. of Data Rows : 1
REF_CODE_208
v(n0) = 9.738186598811680e-01
i(vref) = -5.84605067474373e-06
i(vdd) = -4.77779205088069e-11
Doing analysis at TEMP = 27.000000 and TNOM = 27.000000


No. of Data Rows : 1
REF_CODE_209
v(n0) = 9.785253473597271e-01
i(vref) = -9.46425481022331e-06
i(vdd) = -4.53840021119589e-11
Doing analysis at TEMP = 27.000000 and TNOM = 27.000000


No. of Data Rows : 1
REF_CODE_210
v(n0) = 9.832314995734041e-01
i(vref) = -9.09663269921249e-06
i(vdd) = -4.53823298385281e-11
Doing analysis at TEMP = 27.000000 and TNOM = 27.000000


No. of Data Rows : 1
REF_CODE_211
v(n0) = 9.879488995517843e-01
i(vref) = -1.07262082079003e-05
i(vdd) = -4.29862950790394e-11
Doing analysis at TEMP = 27.000000 and TNOM = 27.000000


No. of Data Rows : 1
REF_CODE_212
v(n0) = 9.926449748617574e-01
i(vref) = -8.36123304636322e-06
i(vdd) = -4.53808171596570e-11
Doing analysis at TEMP = 27.000000 and TNOM = 27.000000


No. of Data Rows : 1
REF_CODE_213
v(n0) = 9.973605757527217e-01
i(vref) = -1.09845144204738e-05
i(vdd) = -4.29859620121320e-11
Doing analysis at TEMP = 27.000000 and TNOM = 27.000000


No. of Data Rows : 1
REF_CODE_214
v(n0) = 1.002079201592577e+00
i(vref) = -9.62132086733489e-06
i(vdd) = -4.29834362547510e-11
Doing analysis at TEMP = 27.000000 and TNOM = 27.000000


No. of Data Rows : 1
REF_CODE_215
v(n0) = 1.006805477958997e+00
i(vref) = -1.02529390094642e-05
i(vdd) = -4.05861594332535e-11
Doing analysis at TEMP = 27.000000 and TNOM = 27.000000


No. of Data Rows : 1
REF_CODE_216
v(n0) = 1.011482634904079e+00
i(vref) = -6.88848467609564e-06
i(vdd) = -4.53792003973774e-11
Doing analysis at TEMP = 27.000000 and TNOM = 27.000000


No. of Data Rows : 1
REF_CODE_217
v(n0) = 1.016197314972736e+00
i(vref) = -1.00080197549723e-05
i(vdd) = -4.29844285165792e-11
Doing analysis at TEMP = 27.000000 and TNOM = 27.000000


No. of Data Rows : 1
REF_CODE_218
v(n0) = 1.020913245774776e+00
i(vref) = -9.14159352487401e-06
i(vdd) = -4.29822635816812e-11
Doing analysis at TEMP = 27.000000 and TNOM = 27.000000


No. of Data Rows : 1
REF_CODE_219
v(n0) = 1.025638626842094e+00
i(vref) = -1.02711683470540e-05
i(vdd) = -4.05863259667072e-11
Doing analysis at TEMP = 27.000000 and TNOM = 27.000000


No. of Data Rows : 1
REF_CODE_220
v(n0) = 1.030351614122829e+00
i(vref) = -7.40788871718812e-06
i(vdd) = -4.29805635526748e-11
Doing analysis at TEMP = 27.000000 and TNOM = 27.000000


No. of Data Rows : 1
REF_CODE_221
v(n0) = 1.035075169774353e+00
i(vref) = -9.53117193124367e-06
i(vdd) = -4.05851949270009e-11
Doing analysis at TEMP = 27.000000 and TNOM = 27.000000


No. of Data Rows : 1
REF_CODE_222
v(n0) = 1.039803538053016e+00
i(vref) = -7.66746705881993e-06
i(vdd) = -4.05820724247441e-11
Doing analysis at TEMP = 27.000000 and TNOM = 27.000000


No. of Data Rows : 1
REF_CODE_223
v(n0) = 1.044537757783577e+00
i(vref) = -7.79776212971126e-06
i(vdd) = -3.81843931474002e-11
Doing analysis at TEMP = 27.000000 and TNOM = 27.000000


No. of Data Rows : 1
REF_CODE_224
v(n0) = 1.049054696346388e+00
i(vref) = -3.93146642864514e-06
i(vdd) = -4.77759984351955e-11
Doing analysis at TEMP = 27.000000 and TNOM = 27.000000


No. of Data Rows : 1
REF_CODE_225
v(n0) = 1.053761274635902e+00
i(vref) = -7.67188870955744e-06
i(vdd) = -4.53816914602889e-11
Doing analysis at TEMP = 27.000000 and TNOM = 27.000000


No. of Data Rows : 1
REF_CODE_226
v(n0) = 1.058466879562150e+00
i(vref) = -7.42648328405900e-06
i(vdd) = -4.53798457145105e-11
Doing analysis at TEMP = 27.000000 and TNOM = 27.000000


No. of Data Rows : 1
REF_CODE_227
v(n0) = 1.063184177446758e+00
i(vref) = -9.17859288534963e-06
i(vdd) = -4.29846297445025e-11
Doing analysis at TEMP = 27.000000 and TNOM = 27.000000


No. of Data Rows : 1
REF_CODE_228
v(n0) = 1.067877949519574e+00
i(vref) = -6.93558465473939e-06
i(vdd) = -4.53793738697250e-11
Doing analysis at TEMP = 27.000000 and TNOM = 27.000000


No. of Data Rows : 1
REF_CODE_229
v(n0) = 1.072593454221890e+00
i(vref) = -9.68138900390948e-06
i(vdd) = -4.29841093274597e-11
Doing analysis at TEMP = 27.000000 and TNOM = 27.000000


No. of Data Rows : 1
REF_CODE_230
v(n0) = 1.077311546835929e+00
i(vref) = -8.44080980168184e-06
i(vdd) = -4.29824023595593e-11
Doing analysis at TEMP = 27.000000 and TNOM = 27.000000


No. of Data Rows : 1
REF_CODE_231
v(n0) = 1.082037734072527e+00
i(vref) = -9.19526526726240e-06
i(vdd) = -4.05849520657142e-11
Doing analysis at TEMP = 27.000000 and TNOM = 27.000000


No. of Data Rows : 1
REF_CODE_232
v(n0) = 1.086705575669539e+00
i(vref) = -5.95226512598297e-06
i(vdd) = -4.53781248688223e-11
Doing analysis at TEMP = 27.000000 and TNOM = 27.000000


No. of Data Rows : 1
REF_CODE_233
v(n0) = 1.091420171262496e+00
i(vref) = -9.19437057047114e-06
i(vdd) = -4.29835195214778e-11
Doing analysis at TEMP = 27.000000 and TNOM = 27.000000


No. of Data Rows : 1
REF_CODE_234
v(n0) = 1.096135578958271e+00
i(vref) = -8.45055978391706e-06
i(vdd) = -4.29814517310945e-11
Doing analysis at TEMP = 27.000000 and TNOM = 27.000000


No. of Data Rows : 1
REF_CODE_235
v(n0) = 1.100860882629314e+00
i(vref) = -9.70302041696501e-06
i(vdd) = -4.05852296214704e-11
Doing analysis at TEMP = 27.000000 and TNOM = 27.000000


No. of Data Rows : 1
REF_CODE_236
v(n0) = 1.105571593927538e+00
i(vref) = -6.96229247573339e-06
i(vdd) = -4.29795157796953e-11
Doing analysis at TEMP = 27.000000 and TNOM = 27.000000


No. of Data Rows : 1
REF_CODE_237
v(n0) = 1.110295077986323e+00
i(vref) = -9.20844920674160e-06
i(vdd) = -4.05840430706128e-11
Doing analysis at TEMP = 27.000000 and TNOM = 27.000000


No. of Data Rows : 1
REF_CODE_238
v(n0) = 1.115022937136877e+00
i(vref) = -7.46775580990265e-06
i(vdd) = -4.05816699688977e-11
Doing analysis at TEMP = 27.000000 and TNOM = 27.000000


No. of Data Rows : 1
REF_CODE_239
v(n0) = 1.119757092317733e+00
i(vref) = -7.72123824959977e-06
i(vdd) = -3.81840184471294e-11
Doing analysis at TEMP = 27.000000 and TNOM = 27.000000


No. of Data Rows : 1
REF_CODE_240
v(n0) = 1.124393351478862e+00
i(vref) = -3.97877112605669e-06
i(vdd) = -4.53759668728182e-11
Doing analysis at TEMP = 27.000000 and TNOM = 27.000000


No. of Data Rows : 1
REF_CODE_241
v(n0) = 1.129107488788576e+00
i(vref) = -7.46823618018593e-06
i(vdd) = -4.29811464197627e-11
Doing analysis at TEMP = 27.000000 and TNOM = 27.000000


No. of Data Rows : 1
REF_CODE_242
v(n0) = 1.133821551689429e+00
i(vref) = -6.97187674933409e-06
i(vdd) = -4.29801055856771e-11
Doing analysis at TEMP = 27.000000 and TNOM = 27.000000


No. of Data Rows : 1
REF_CODE_243
v(n0) = 1.138546410591189e+00
i(vref) = -8.47240590688301e-06
i(vdd) = -4.05842442985360e-11
Doing analysis at TEMP = 27.000000 and TNOM = 27.000000


No. of Data Rows : 1
REF_CODE_244
v(n0) = 1.143252229601596e+00
i(vref) = -5.97893198743237e-06
i(vdd) = -4.29788912792439e-11
Doing analysis at TEMP = 27.000000 and TNOM = 27.000000


No. of Data Rows : 1
REF_CODE_245
v(n0) = 1.147975280085876e+00
i(vref) = -8.47320410265378e-06
i(vdd) = -4.05831548921931e-11
Doing analysis at TEMP = 27.000000 and TNOM = 27.000000


No. of Data Rows : 1
REF_CODE_246
v(n0) = 1.152701820616458e+00
i(vref) = -6.98090536808114e-06
i(vdd) = -4.05806638292816e-11
Doing analysis at TEMP = 27.000000 and TNOM = 27.000000


No. of Data Rows : 1
REF_CODE_247
v(n0) = 1.157435555637514e+00
i(vref) = -7.48320877053642e-06
i(vdd) = -3.81834494578293e-11
Doing analysis at TEMP = 27.000000 and TNOM = 27.000000


No. of Data Rows : 1
REF_CODE_248
v(n0) = 1.162129795163110e+00
i(vref) = -3.99064784628505e-06
i(vdd) = -4.29759144937591e-11
Doing analysis at TEMP = 27.000000 and TNOM = 27.000000


No. of Data Rows : 1
REF_CODE_249
v(n0) = 1.166851909906057e+00
i(vref) = -6.98117437503143e-06
i(vdd) = -4.05817740523062e-11
Doing analysis at TEMP = 27.000000 and TNOM = 27.000000


No. of Data Rows : 1
REF_CODE_250
v(n0) = 1.171575739205234e+00
i(vref) = -5.98569230053954e-06
i(vdd) = -4.05790540058959e-11
Doing analysis at TEMP = 27.000000 and TNOM = 27.000000


No. of Data Rows : 1
REF_CODE_251
v(n0) = 1.176308564014187e+00
i(vref) = -6.98595192691158e-06
i(vdd) = -3.81829082241048e-11
Doing analysis at TEMP = 27.000000 and TNOM = 27.000000


No. of Data Rows : 1
REF_CODE_252
v(n0) = 1.181031289215181e+00
i(vref) = -3.99365919079494e-06
i(vdd) = -4.05770278488760e-11
Doing analysis at TEMP = 27.000000 and TNOM = 27.000000


No. of Data Rows : 1
REF_CODE_253
v(n0) = 1.185762279325060e+00
i(vref) = -5.98766538238097e-06
i(vdd) = -3.81810277838568e-11
Doing analysis at TEMP = 27.000000 and TNOM = 27.000000


No. of Data Rows : 1
REF_CODE_254
v(n0) = 1.190498550093621e+00
i(vref) = -3.99453855761403e-06
i(vdd) = -3.81783979430672e-11
Doing analysis at TEMP = 27.000000 and TNOM = 27.000000


No. of Data Rows : 1
REF_CODE_255
v(n0) = 1.195240213320731e+00
i(vref) = -3.99525174057209e-06
i(vdd) = -3.57804688655428e-11
ngspice-36 done
