
Compatibility modes selected: hs a


Circuit: * signed small-signal extracted latch diagnostic, no structural mos substitution.

option SCALE: Scale is set to 1e-06 for instance and model parameters
option SCALE: Scale is set to 1e-06 for instance and model parameters
Doing analysis at TEMP = 27.000000 and TNOM = 27.000000

Warning: veval: no DC value, transient time 0 value used
Warning: vreset: no DC value, transient time 0 value used

Initial Transient Solution
--------------------------

Node                                   Voltage
----                                   -------
vdd                                        1.8
vdd_active                                 1.8
vss                                          0
sense_p                                   0.95
sense_n                                   0.85
iso_tail                              0.190843
latch_sense_p                          1.46365
latch_sense_n                          1.73634
reset                                        0
eval                                         0
out_p                                      1.8
out_n                                      1.8
tail                                   1.41458
veval#branch                                 0
vreset#branch                                0
vn#branch                                    0
vp#branch                                    0
vss#branch                         1.08242e-10
vactive#branch                    -4.00009e-06
vdd#branch                         -1.5031e-11


No. of Data Rows : 1049

  Measurements for Transient Analysis

op_final            =  1.050758e-01
on_final            =  9.198023e-02
lp_before           =  1.463647e+00
ln_before           =  1.736344e+00

binary raw file "waveform.raw"
Doing analysis at TEMP = 27.000000 and TNOM = 27.000000

Warning: veval: no DC value, transient time 0 value used
Warning: vreset: no DC value, transient time 0 value used

Initial Transient Solution
--------------------------

Node                                   Voltage
----                                   -------
vdd                                        1.8
vdd_active                                 1.8
vss                                          0
sense_p                                   0.95
sense_n                                   0.85
iso_tail                              0.131671
latch_sense_p                        -0.164413
latch_sense_n                        -0.185501
reset                                        0
eval                                         0
out_p                                 0.308131
out_n                                 0.307699
tail                                 0.0141504
veval#branch                      -0.000511248
vreset#branch                      0.000938035
vn#branch                         -0.000361684
vp#branch                         -0.000395414
vss#branch                          0.00410708
vactive#branch                      -0.0023458
vdd#branch                         -0.00143497


No. of Data Rows : 1050

  Measurements for Transient Analysis

op_final            =  1.050039e-01
on_final            =  9.190873e-02
lp_before           =  1.455750e+00
ln_before           =  1.725132e+00


Total analysis time (seconds) = 0.223

Total elapsed time (seconds) = 0.845 

Total DRAM available = 7943.230 MB.
DRAM currently available = 1141.734 MB.
Maximum ngspice program size =   56.656 MB.
Current ngspice program size =   40.750 MB.

Shared ngspice pages =   10.375 MB.
Text (code) pages =    5.316 MB.
Stack = 0 bytes.
Library pages =   38.707 MB.

