
No compatibility mode selected!


Circuit: * extracted active converter macro decision-boundary transient.

Option cshunt: 26 capacitors added with 1e-15 F each
Doing analysis at TEMP = 27.000000 and TNOM = 27.000000

Using transient initial conditions

No. of Data Rows : 1049

  Measurements for Transient Analysis

decision_p_v        =  9.086413e-01
decision_n_v        =  3.129620e-01
decision_diff_v     =  -5.95679e-01
supply_charge_c     =   -1.90506e-15 from=  2.00000e-13 to=  2.00000e-08
active_supply_charge_c=   -6.66973e-13 from=  2.00000e-13 to=  2.00000e-08
acquired_p          =  1.318600e+00
acquired_n          =  1.149281e+00

Doing analysis at TEMP = 27.000000 and TNOM = 27.000000

Using transient initial conditions

No. of Data Rows : 1049

  Measurements for Transient Analysis

decision_p_v        =  9.086413e-01
decision_n_v        =  3.129620e-01
decision_diff_v     =  -5.95679e-01
supply_charge_c     =   -1.90506e-15 from=  2.00000e-13 to=  2.00000e-08
active_supply_charge_c=   -6.66973e-13 from=  2.00000e-13 to=  2.00000e-08
acquired_p          =  1.318600e+00
acquired_n          =  1.149281e+00


Total analysis time (seconds) = 1.102

Total elapsed time (seconds) = 3.234 

Total DRAM available = 7943.238 MB.
DRAM currently available =  104.016 MB.
Maximum ngspice program size =  128.062 MB.
Current ngspice program size =  111.875 MB.

Shared ngspice pages =   10.000 MB.
Text (code) pages =    5.316 MB.
Stack = 0 bytes.
Library pages =  110.113 MB.

